W/ContextImpl(12675): Calling a method in the system process without a qualified user: android.app.ContextImpl.startService:1479 android.content.ContextWrapper.startService:494 android.content.ContextWrapper.startService:494 com.android.keychain.KeyChainBroadcastReceiver.onReceive:12 android.app.ActivityThread.handleReceiver:2400 
W/ActivityManager(  744): Unable to start service Intent { act=com.sogou.pushservice.action.METHOD cmp=/com.sogou.udp.push.PushService (has extras) } U=0: not found
I/ActivityManager(  744): START u0 {act=android.intent.action.MAIN cat=[android.intent.category.LAUNCHER] flg=0x10000000 cmp=com.pzhao.opensltest/.MainActivity} from pid 13301
I/ActivityManager(  744): Start proc com.pzhao.opensltest for activity com.pzhao.opensltest/.MainActivity: pid=13318 uid=10102 gids={50102, 1028, 1015, 3003}
I/BootReceiver(  744): Copying /data/tombstones/tombstone_00 to DropBox (SYSTEM_TOMBSTONE)
W/ActivityManager(  744):   Force finishing activity com.pzhao.opensltest/.MainActivity
I/WindowState(  744): WIN DEATH: Window{42af6d98 u0 com.pzhao.opensltest/com.pzhao.opensltest.MainActivity}
W/ActivityManager(  744): Exception thrown during pause
W/ActivityManager(  744): android.os.DeadObjectException
W/ActivityManager(  744): 	at android.os.BinderProxy.transact(Native Method)
W/ActivityManager(  744): 	at android.app.ApplicationThreadProxy.schedulePauseActivity(ApplicationThreadNative.java:660)
W/ActivityManager(  744): 	at com.android.server.am.ActivityStack.startPausingLocked(ActivityStack.java:755)
W/ActivityManager(  744): 	at com.android.server.am.ActivityStack.finishActivityLocked(ActivityStack.java:2408)
W/ActivityManager(  744): 	at com.android.server.am.ActivityStack.finishTopRunningActivityLocked(ActivityStack.java:2279)
W/ActivityManager(  744): 	at com.android.server.am.ActivityStackSupervisor.finishTopRunningActivityLocked(ActivityStackSupervisor.java:2018)
W/ActivityManager(  744): 	at com.android.server.am.ActivityManagerService.handleAppCrashLocked(ActivityManagerService.java:9389)
W/ActivityManager(  744): 	at com.android.server.am.ActivityManagerService.makeAppCrashingLocked(ActivityManagerService.java:9284)
W/ActivityManager(  744): 	at com.android.server.am.ActivityManagerService.crashApplication(ActivityManagerService.java:9926)
W/ActivityManager(  744): 	at com.android.server.am.ActivityManagerService.handleApplicationCrashInner(ActivityManagerService.java:9478)
W/ActivityManager(  744): 	at com.android.server.am.NativeCrashListener$NativeCrashReporter.run(NativeCrashListener.java:86)
I/ActivityManager(  744): Process com.pzhao.opensltest (pid 13318) has died.
W/InputMethodManagerService(  744): Got RemoteException sending setActive(false) notification to pid 13318 uid 10102
W/ActivityManager(  744): No content provider found for permission revoke: file:///data/local/tmp/OpenSLTest.apk
W/ActivityManager(  744): No content provider found for permission revoke: file:///data/local/tmp/OpenSLTest.apk
I/PackageManager(  744): Copying native libraries to /data/app-lib/vmdl-736904628
W/PackageManager(  744): Invalid verification token 126 received
I/ActivityManager(  744): Force stopping com.pzhao.opensltest appid=10102 user=-1: uninstall pkg
I/PackageManager(  744): Package com.pzhao.opensltest codePath changed from /data/app/com.pzhao.opensltest-1.apk to /data/app/com.pzhao.opensltest-2.apk; Retaining data and using new
I/ActivityManager(  744): Force stopping com.pzhao.opensltest appid=10102 user=-1: update pkg
W/PackageManager(  744): Code path for pkg : com.pzhao.opensltest changing from /data/app/com.pzhao.opensltest-1.apk to /data/app/com.pzhao.opensltest-2.apk
W/PackageManager(  744): Resource path for pkg : com.pzhao.opensltest changing from /data/app/com.pzhao.opensltest-1.apk to /data/app/com.pzhao.opensltest-2.apk
I/ActivityManager(  744): Force stopping com.pzhao.opensltest appid=10102 user=0: pkg removed
D/BackupManagerService(  744): Received broadcast Intent { act=android.intent.action.PACKAGE_REMOVED dat=package:com.pzhao.opensltest flg=0x4000010 (has extras) }
D/BackupManagerService(  744): Received broadcast Intent { act=android.intent.action.PACKAGE_ADDED dat=package:com.pzhao.opensltest flg=0x4000010 (has extras) }
V/BackupManagerService(  744): removePackageParticipantsLocked: uid=10102 #1
V/BackupManagerService(  744): addPackageParticipantsLocked: #1
W/ContextImpl(12675): Calling a method in the system process without a qualified user: android.app.ContextImpl.startService:1479 android.content.ContextWrapper.startService:494 android.content.ContextWrapper.startService:494 com.android.keychain.KeyChainBroadcastReceiver.onReceive:12 android.app.ActivityThread.handleReceiver:2400 
W/ActivityManager(  744): Unable to start service Intent { act=com.sogou.pushservice.action.METHOD cmp=/com.sogou.udp.push.PushService (has extras) } U=0: not found
W/ProcessCpuTracker(  744): Skipping unknown process pid 13410
W/ProcessCpuTracker(  744): Skipping unknown process pid 13412
I/ActivityManager(  744): START u0 {act=android.intent.action.MAIN cat=[android.intent.category.LAUNCHER] flg=0x10000000 cmp=com.pzhao.opensltest/.MainActivity} from pid 13471
I/ActivityManager(  744): Start proc com.pzhao.opensltest for activity com.pzhao.opensltest/.MainActivity: pid=13488 uid=10102 gids={50102, 1028, 1015, 3003}
D/ConnectivityService(  744): Sampling interval elapsed, updating statistics ..
D/ConnectivityService(  744): Done.
D/ConnectivityService(  744): Setting timer for 720seconds
I/ActivityManager(  744): Killing 12453:com.google.android.inputmethod.latin/u0a52 (adj 15): empty #17
I/ActivityManager(  744): START u0 {act=android.intent.action.MAIN cat=[android.intent.category.LAUNCHER] flg=0x10200000 cmp=com.pzhao.opensltest/.MainActivity} from pid 1005
I/BootReceiver(  744): Copying /data/tombstones/tombstone_01 to DropBox (SYSTEM_TOMBSTONE)
I/WindowState(  744): WIN DEATH: Window{42b4e078 u0 com.pzhao.opensltest/com.pzhao.opensltest.MainActivity}
W/ActivityManager(  744):   Force finishing activity com.pzhao.opensltest/.MainActivity
W/ActivityManager(  744): Exception thrown during pause
W/ActivityManager(  744): android.os.DeadObjectException
W/ActivityManager(  744): 	at android.os.BinderProxy.transact(Native Method)
W/ActivityManager(  744): 	at android.app.ApplicationThreadProxy.schedulePauseActivity(ApplicationThreadNative.java:660)
W/ActivityManager(  744): 	at com.android.server.am.ActivityStack.startPausingLocked(ActivityStack.java:755)
W/ActivityManager(  744): 	at com.android.server.am.ActivityStack.finishActivityLocked(ActivityStack.java:2408)
W/ActivityManager(  744): 	at com.android.server.am.ActivityStack.finishTopRunningActivityLocked(ActivityStack.java:2279)
W/ActivityManager(  744): 	at com.android.server.am.ActivityStackSupervisor.finishTopRunningActivityLocked(ActivityStackSupervisor.java:2018)
W/ActivityManager(  744): 	at com.android.server.am.ActivityManagerService.handleAppCrashLocked(ActivityManagerService.java:9389)
W/ActivityManager(  744): 	at com.android.server.am.ActivityManagerService.makeAppCrashingLocked(ActivityManagerService.java:9284)
W/ActivityManager(  744): 	at com.android.server.am.ActivityManagerService.crashApplication(ActivityManagerService.java:9926)
W/ActivityManager(  744): 	at com.android.server.am.ActivityManagerService.handleApplicationCrashInner(ActivityManagerService.java:9478)
W/ActivityManager(  744): 	at com.android.server.am.NativeCrashListener$NativeCrashReporter.run(NativeCrashListener.java:86)
I/ActivityManager(  744): Process com.pzhao.opensltest (pid 13488) has died.
W/InputMethodManagerService(  744): Got RemoteException sending setActive(false) notification to pid 13488 uid 10102
I/ActivityManager(  744): START u0 {act=android.intent.action.MAIN cat=[android.intent.category.LAUNCHER] flg=0x10200000 cmp=com.pzhao.opensltest/.MainActivity} from pid 1005
I/ActivityManager(  744): Start proc com.pzhao.opensltest for activity com.pzhao.opensltest/.MainActivity: pid=13622 uid=10102 gids={50102, 1028, 1015, 3003}
E/AndroidRuntime(13622): FATAL EXCEPTION: main
E/AndroidRuntime(13622): Process: com.pzhao.opensltest, PID: 13622
E/AndroidRuntime(13622): java.lang.IllegalThreadStateException: Thread already started
E/AndroidRuntime(13622): 	at java.lang.Thread.checkNotStarted(Thread.java:871)
E/AndroidRuntime(13622): 	at java.lang.Thread.start(Thread.java:1025)
E/AndroidRuntime(13622): 	at com.pzhao.opensltest.MainActivity.onClick(MainActivity.java:52)
E/AndroidRuntime(13622): 	at android.view.View.performClick(View.java:4424)
E/AndroidRuntime(13622): 	at android.view.View$PerformClick.run(View.java:18383)
E/AndroidRuntime(13622): 	at android.os.Handler.handleCallback(Handler.java:733)
E/AndroidRuntime(13622): 	at android.os.Handler.dispatchMessage(Handler.java:95)
E/AndroidRuntime(13622): 	at android.os.Looper.loop(Looper.java:137)
E/AndroidRuntime(13622): 	at android.app.ActivityThread.main(ActivityThread.java:4998)
E/AndroidRuntime(13622): 	at java.lang.reflect.Method.invokeNative(Native Method)
E/AndroidRuntime(13622): 	at java.lang.reflect.Method.invoke(Method.java:515)
E/AndroidRuntime(13622): 	at com.android.internal.os.ZygoteInit$MethodAndArgsCaller.run(ZygoteInit.java:777)
E/AndroidRuntime(13622): 	at com.android.internal.os.ZygoteInit.main(ZygoteInit.java:593)
E/AndroidRuntime(13622): 	at dalvik.system.NativeStart.main(Native Method)
W/ActivityManager(  744):   Force finishing activity com.pzhao.opensltest/.MainActivity
W/ActivityManager(  744): Activity pause timeout for ActivityRecord{42908ab0 u0 com.pzhao.opensltest/.MainActivity t342 f}
I/ActivityManager(  744): Process com.pzhao.opensltest (pid 13622) has died.
I/WindowState(  744): WIN DEATH: Window{42bc1ff0 u0 com.pzhao.opensltest/com.pzhao.opensltest.MainActivity}
I/ActivityManager(  744): START u0 {act=android.intent.action.MAIN cat=[android.intent.category.LAUNCHER] flg=0x10200000 cmp=com.pzhao.opensltest/.MainActivity} from pid 1005
I/ActivityManager(  744): Start proc com.pzhao.opensltest for activity com.pzhao.opensltest/.MainActivity: pid=13676 uid=10102 gids={50102, 1028, 1015, 3003}
E/AndroidRuntime(13676): FATAL EXCEPTION: main
E/AndroidRuntime(13676): Process: com.pzhao.opensltest, PID: 13676
E/AndroidRuntime(13676): java.lang.IllegalThreadStateException: Thread already started
E/AndroidRuntime(13676): 	at java.lang.Thread.checkNotStarted(Thread.java:871)
E/AndroidRuntime(13676): 	at java.lang.Thread.start(Thread.java:1025)
E/AndroidRuntime(13676): 	at com.pzhao.opensltest.MainActivity.onClick(MainActivity.java:52)
E/AndroidRuntime(13676): 	at android.view.View.performClick(View.java:4424)
E/AndroidRuntime(13676): 	at android.view.View$PerformClick.run(View.java:18383)
E/AndroidRuntime(13676): 	at android.os.Handler.handleCallback(Handler.java:733)
E/AndroidRuntime(13676): 	at android.os.Handler.dispatchMessage(Handler.java:95)
E/AndroidRuntime(13676): 	at android.os.Looper.loop(Looper.java:137)
E/AndroidRuntime(13676): 	at android.app.ActivityThread.main(ActivityThread.java:4998)
E/AndroidRuntime(13676): 	at java.lang.reflect.Method.invokeNative(Native Method)
E/AndroidRuntime(13676): 	at java.lang.reflect.Method.invoke(Method.java:515)
E/AndroidRuntime(13676): 	at com.android.internal.os.ZygoteInit$MethodAndArgsCaller.run(ZygoteInit.java:777)
E/AndroidRuntime(13676): 	at com.android.internal.os.ZygoteInit.main(ZygoteInit.java:593)
E/AndroidRuntime(13676): 	at dalvik.system.NativeStart.main(Native Method)
W/ActivityManager(  744):   Force finishing activity com.pzhao.opensltest/.MainActivity
W/ActivityManager(  744): Activity pause timeout for ActivityRecord{4294a288 u0 com.pzhao.opensltest/.MainActivity t343 f}
I/ActivityManager(  744): Process com.pzhao.opensltest (pid 13676) has died.
I/WindowState(  744): WIN DEATH: Window{42c41040 u0 com.pzhao.opensltest/com.pzhao.opensltest.MainActivity}
I/ActivityManager(  744): Start proc com.android.deskclock for broadcast com.android.deskclock/com.android.alarmclock.DigitalAppWidgetProvider: pid=13756 uid=10035 gids={50035, 1028}
I/ActivityManager(  744): Start proc com.android.chrome for service com.android.chrome/com.google.android.apps.chrome.omaha.OmahaClient: pid=13772 uid=10034 gids={50034, 3003, 1028, 1015}
I/ActivityManager(  744): Killing 12492:com.qualcomm.timeservice/u0a75 (adj 15): empty #17
D/ConnectivityService(  744): Sampling interval elapsed, updating statistics ..
D/ConnectivityService(  744): Done.
D/ConnectivityService(  744): Setting timer for 720seconds
I/ProcessStatsService(  744): Prepared write state in 15ms
I/ProcessStatsService(  744): Prepared write state in 24ms
W/SocketClient(  176): write error (Broken pipe)
W/SocketClient(  176): write error (Broken pipe)
I/ActivityManager(  744): Killing 12477:com.android.providers.calendar/u0a1 (adj 15): empty for 1800s
I/ActivityManager(  744): Killing 12433:com.google.android.calendar/u0a31 (adj 15): empty for 1830s
I/ActivityManager(  744): Killing 12518:com.google.android.apps.genie.geniewidget/u0a42 (adj 15): empty for 1814s
D/ConnectivityService(  744): Sampling interval elapsed, updating statistics ..
D/ConnectivityService(  744): Done.
D/ConnectivityService(  744): Setting timer for 720seconds
I/ActivityManager(  744): Killing 10132:com.android.voicedialer/u0a21 (adj 15): empty for 1855s
I/ActivityManager(  744): Killing 10187:com.google.android.partnersetup/u0a10 (adj 15): empty for 1855s
I/ActivityManager(  744): Killing 12675:com.android.keychain/1000 (adj 15): empty for 1855s
I/ActivityManager(  744): Killing 12647:com.android.defcontainer/u0a4 (adj 15): empty for 1856s
I/PowerManagerService(  744): Going to sleep due to screen timeout...
W/PackageParser( 4275): Unable to read AndroidManifest.xml of /storage/emulated/0/Download/wandoujia-wandoujia_wap.apk
W/PackageParser( 4275): java.io.FileNotFoundException: AndroidManifest.xml
W/PackageParser( 4275): 	at android.content.res.AssetManager.openXmlAssetNative(Native Method)
W/PackageParser( 4275): 	at android.content.res.AssetManager.openXmlBlockAsset(AssetManager.java:488)
W/PackageParser( 4275): 	at android.content.res.AssetManager.openXmlResourceParser(AssetManager.java:456)
W/PackageParser( 4275): 	at android.content.pm.PackageParser.parsePackage(PackageParser.java:524)
W/PackageParser( 4275): 	at android.content.pm.PackageManager.getPackageArchiveInfo(PackageManager.java:2620)
W/PackageParser( 4275): 	at o.vu.･(:221)
W/PackageParser( 4275): 	at o.vu.･(:213)
W/PackageParser( 4275): 	at o.vu.･(:213)
W/PackageParser( 4275): 	at o.vu.･(:173)
W/PackageParser( 4275): 	at o.wd.･(:354)
W/PackageParser( 4275): 	at o.wd.･(:51)
W/PackageParser( 4275): 	at o.we.run(:183)
W/PackageParser( 4275): 	at com.wandoujia.base.concurrent.CachedThreadPoolExecutorWithCapacity$if.run(:316)
I/ActivityManager(  744): Start proc com.android.defcontainer for service com.android.defcontainer/.DefaultContainerService: pid=14313 uid=10004 gids={50004, 1028, 1015, 1023, 2001, 1035}
W/FileUtils( 4275): Failed to chmod(/storage/emulated/0/wandoujia/.multimedia.db): libcore.io.ErrnoException: chmod failed: EPERM (Operation not permitted)
W/FileUtils( 4275): Failed to chmod(/storage/emulated/0/wandoujia/.multimedia.db): libcore.io.ErrnoException: chmod failed: EPERM (Operation not permitted)
I/ActivityManager(  744): Start proc com.wandoujia.framework.webdownload for content provider com.wandoujia.phoenix2/com.wandoujia.p4.webdownload.cache.WebDownloadProvider: pid=14340 uid=10082 gids={50082, 3003, 1028, 1015, 3002}
W/BackupManagerService(  744): dataChanged but no participant pkg='com.android.providers.settings' uid=10082
W/BackupManagerService(  744): dataChanged but no participant pkg='com.android.providers.settings' uid=10082
W/FileUtils(14340): Failed to chmod(/storage/emulated/0/wandoujia/webdownload/webdownload.db): libcore.io.ErrnoException: chmod failed: EPERM (Operation not permitted)
I/ActivityManager(  744): Killing 4252:com.google.android.apps.plus/u0a68 (adj 15): empty for 1956s
I/ActivityManager(  744): Killing 10100:com.android.musicfx/u0a13 (adj 15): empty for 1965s
W/ProcessCpuTracker(  744): Skipping unknown process pid 14390
W/ProcessCpuTracker(  744): Skipping unknown process pid 14393
I/PowerManagerService(  744): Waking up from sleep...
I/WindowManager(  744): Lock screen displayed!
W/ActivityManager(  744): Unable to start service Intent { act=com.sogou.pushservice.action.METHOD cmp=/com.sogou.udp.push.PushService (has extras) } U=0: not found
W/InputMethodManagerService(  744): Window already focused, ignoring focus gain of: com.android.internal.view.IInputMethodClient$Stub$Proxy@429cddc8 attribute=android.view.inputmethod.EditorInfo@429722a8, token = android.os.BinderProxy@428f28a0
I/ActivityManager(  744): START u0 {act=android.intent.action.MAIN cat=[android.intent.category.LAUNCHER] flg=0x10200000 cmp=com.pzhao.opensltest/.MainActivity} from pid 1005
I/ActivityManager(  744): Start proc com.pzhao.opensltest for activity com.pzhao.opensltest/.MainActivity: pid=14484 uid=10102 gids={50102, 1028, 1015, 3003}
I/ActivityManager(  744): Killing 12708:com.google.android.apps.walletnfcrel/u0a23 (adj 15): empty for 2136s
D/ConnectivityService(  744): Sampling interval elapsed, updating statistics ..
I/ActivityManager(  744): Start proc com.google.android.inputmethod.latin for broadcast com.google.android.inputmethod.latin/com.android.inputmethod.dictionarypack.EventHandler: pid=14587 uid=10052 gids={50052, 3003, 1028, 1015}
D/ConnectivityService(  744): Done.
D/ConnectivityService(  744): Setting timer for 720seconds
I/ActivityManager(  744): Killing 2528:com.wandoujia.phoenix2.usbproxy/u0a86 (adj 15): empty for 2387s
I/ActivityManager(  744): START u0 {act=android.intent.action.MAIN cat=[android.intent.category.LAUNCHER] flg=0x10200000 cmp=com.pzhao.opensltest/.MainActivity} from pid 1005
I/BootReceiver(  744): Copying /data/tombstones/tombstone_02 to DropBox (SYSTEM_TOMBSTONE)
W/ActivityManager(  744):   Force finishing activity com.pzhao.opensltest/.MainActivity
I/WindowState(  744): WIN DEATH: Window{429283d8 u0 com.pzhao.opensltest/com.pzhao.opensltest.MainActivity}
W/ActivityManager(  744): Exception thrown during pause
W/ActivityManager(  744): android.os.DeadObjectException
W/ActivityManager(  744): 	at android.os.BinderProxy.transact(Native Method)
W/ActivityManager(  744): 	at android.app.ApplicationThreadProxy.schedulePauseActivity(ApplicationThreadNative.java:660)
W/ActivityManager(  744): 	at com.android.server.am.ActivityStack.startPausingLocked(ActivityStack.java:755)
W/ActivityManager(  744): 	at com.android.server.am.ActivityStack.finishActivityLocked(ActivityStack.java:2408)
W/ActivityManager(  744): 	at com.android.server.am.ActivityStack.finishTopRunningActivityLocked(ActivityStack.java:2279)
W/ActivityManager(  744): 	at com.android.server.am.ActivityStackSupervisor.finishTopRunningActivityLocked(ActivityStackSupervisor.java:2018)
W/ActivityManager(  744): 	at com.android.server.am.ActivityManagerService.handleAppCrashLocked(ActivityManagerService.java:9389)
W/ActivityManager(  744): 	at com.android.server.am.ActivityManagerService.makeAppCrashingLocked(ActivityManagerService.java:9284)
W/ActivityManager(  744): 	at com.android.server.am.ActivityManagerService.crashApplication(ActivityManagerService.java:9926)
W/ActivityManager(  744): 	at com.android.server.am.ActivityManagerService.handleApplicationCrashInner(ActivityManagerService.java:9478)
W/ActivityManager(  744): 	at com.android.server.am.NativeCrashListener$NativeCrashReporter.run(NativeCrashListener.java:86)
I/ActivityManager(  744): Process com.pzhao.opensltest (pid 14484) has died.
W/InputMethodManagerService(  744): Window already focused, ignoring focus gain of: com.android.internal.view.IInputMethodClient$Stub$Proxy@42b3e8f8 attribute=null, token = android.os.BinderProxy@428f28a0
W/InputMethodManagerService(  744): Window already focused, ignoring focus gain of: com.android.internal.view.IInputMethodClient$Stub$Proxy@42a9d450 attribute=null, token = android.os.BinderProxy@428f28a0
I/ProcessStatsService(  744): Prepared write state in 46ms
I/ActivityManager(  744): START u0 {act=android.intent.action.MAIN cat=[android.intent.category.LAUNCHER] flg=0x10200000 cmp=com.pzhao.opensltest/.MainActivity} from pid 1005
I/ActivityManager(  744): Start proc com.pzhao.opensltest for activity com.pzhao.opensltest/.MainActivity: pid=14722 uid=10102 gids={50102, 1028, 1015, 3003}
D/ConnectivityService(  744): Sampling interval elapsed, updating statistics ..
D/ConnectivityService(  744): Done.
D/ConnectivityService(  744): Setting timer for 720seconds
W/ActivityManager(  744): No content provider found for permission revoke: file:///data/local/tmp/OpenSLTest.apk
W/ActivityManager(  744): No content provider found for permission revoke: file:///data/local/tmp/OpenSLTest.apk
I/PackageManager(  744): Copying native libraries to /data/app-lib/vmdl1696695351
W/PackageManager(  744): Invalid verification token 127 received
I/ActivityManager(  744): Force stopping com.pzhao.opensltest appid=10102 user=-1: uninstall pkg
I/ActivityManager(  744): Killing 14722:com.pzhao.opensltest/u0a102 (adj 13): stop com.pzhao.opensltest
I/PackageManager(  744): Package com.pzhao.opensltest codePath changed from /data/app/com.pzhao.opensltest-2.apk to /data/app/com.pzhao.opensltest-1.apk; Retaining data and using new
W/PackageManager(  744): Code path for pkg : com.pzhao.opensltest changing from /data/app/com.pzhao.opensltest-2.apk to /data/app/com.pzhao.opensltest-1.apk
W/PackageManager(  744): Resource path for pkg : com.pzhao.opensltest changing from /data/app/com.pzhao.opensltest-2.apk to /data/app/com.pzhao.opensltest-1.apk
I/ActivityManager(  744): Force stopping com.pzhao.opensltest appid=10102 user=-1: update pkg
I/ActivityManager(  744): Force stopping com.pzhao.opensltest appid=10102 user=0: pkg removed
I/ActivityManager(  744): Start proc com.android.musicfx for broadcast com.android.musicfx/.Compatibility$Receiver: pid=15016 uid=10013 gids={50013, 3003, 3002}
D/BackupManagerService(  744): Received broadcast Intent { act=android.intent.action.PACKAGE_REMOVED dat=package:com.pzhao.opensltest flg=0x4000010 (has extras) }
D/BackupManagerService(  744): Received broadcast Intent { act=android.intent.action.PACKAGE_ADDED dat=package:com.pzhao.opensltest flg=0x4000010 (has extras) }
V/BackupManagerService(  744): removePackageParticipantsLocked: uid=10102 #1
V/BackupManagerService(  744): addPackageParticipantsLocked: #1
I/ActivityManager(  744): Start proc com.android.voicedialer for broadcast com.android.voicedialer/.VoiceDialerReceiver: pid=15043 uid=10021 gids={50021, 3002}
I/ActivityManager(  744): Start proc com.android.keychain for broadcast com.android.keychain/.KeyChainBroadcastReceiver: pid=15057 uid=1000 gids={41000, 1028, 1015, 3002, 3001, 3003}
W/ContextImpl(15057): Calling a method in the system process without a qualified user: android.app.ContextImpl.startService:1479 android.content.ContextWrapper.startService:494 android.content.ContextWrapper.startService:494 com.android.keychain.KeyChainBroadcastReceiver.onReceive:12 android.app.ActivityThread.handleReceiver:2400 
I/ActivityManager(  744): Start proc com.google.android.apps.plus for broadcast com.google.android.apps.plus/.service.PackagesMediaMonitor: pid=15071 uid=10068 gids={50068, 3003, 3002, 1028, 1015}
W/ActivityManager(  744): Unable to start service Intent { act=com.sogou.pushservice.action.METHOD cmp=/com.sogou.udp.push.PushService (has extras) } U=0: not found
I/ActivityManager(  744): Start proc com.wandoujia.phoenix2.usbproxy for broadcast com.wandoujia.phoenix2.usbproxy/com.wandoujia.pmp.receivers.AppChangedReceiver: pid=15092 uid=10086 gids={50086, 3003, 1028, 1015}
I/ActivityManager(  744): Killing 13772:com.android.chrome/u0a34 (adj 15): empty for 3127s
I/ActivityManager(  744): Start proc com.google.android.partnersetup for broadcast com.google.android.partnersetup/.RlzPingBroadcastReceiver: pid=15106 uid=10010 gids={50010, 3003}
I/ActivityManager(  744): Start proc com.google.android.apps.walletnfcrel for broadcast com.google.android.apps.walletnfcrel/com.google.android.apps.wallet.services.maintenance.OnBootOrUpgradeReceiver: pid=15138 uid=10023 gids={50023, 3003, 1028}
I/ActivityManager(  744): START u0 {act=android.intent.action.MAIN cat=[android.intent.category.LAUNCHER] flg=0x10000000 cmp=com.pzhao.opensltest/.MainActivity} from pid 15130
I/ActivityManager(  744): Start proc com.pzhao.opensltest for activity com.pzhao.opensltest/.MainActivity: pid=15164 uid=10102 gids={50102, 1028, 1015, 3003}
I/BootReceiver(  744): Copying /data/tombstones/tombstone_03 to DropBox (SYSTEM_TOMBSTONE)
I/ActivityManager(  744): Process com.pzhao.opensltest (pid 15164) has died.
I/WindowState(  744): WIN DEATH: Window{42aeed80 u0 com.pzhao.opensltest/com.pzhao.opensltest.MainActivity}
W/ActivityManager(  744): Force removing ActivityRecord{428830d8 u0 com.pzhao.opensltest/.MainActivity t347}: app died, no saved state
I/ActivityManager(  744): Killing 14340:com.wandoujia.framework.webdownload/u0a82 (adj 15): empty for 1819s
W/InputMethodManagerService(  744): Got RemoteException sending setActive(false) notification to pid 15164 uid 10102
I/ActivityManager(  744): Killing 14587:com.google.android.inputmethod.latin/u0a52 (adj 15): empty for 1807s
D/ConnectivityService(  744): Sampling interval elapsed, updating statistics ..
D/ConnectivityService(  744): Done.
D/ConnectivityService(  744): Setting timer for 720seconds
I/ProcessStatsService(  744): Prepared write state in 35ms
I/ProcessStatsService(  744): Prepared write state in 19ms
W/SocketClient(  176): write error (Broken pipe)
W/ActivityManager(  744): No content provider found for permission revoke: file:///data/local/tmp/OpenSLTest.apk
W/ActivityManager(  744): No content provider found for permission revoke: file:///data/local/tmp/OpenSLTest.apk
I/PackageManager(  744): Copying native libraries to /data/app-lib/vmdl1037747232
W/PackageManager(  744): Invalid verification token 128 received
I/ActivityManager(  744): Force stopping com.pzhao.opensltest appid=10102 user=-1: uninstall pkg
I/PackageManager(  744): Package com.pzhao.opensltest codePath changed from /data/app/com.pzhao.opensltest-1.apk to /data/app/com.pzhao.opensltest-2.apk; Retaining data and using new
I/ActivityManager(  744): Force stopping com.pzhao.opensltest appid=10102 user=-1: update pkg
W/PackageManager(  744): Code path for pkg : com.pzhao.opensltest changing from /data/app/com.pzhao.opensltest-1.apk to /data/app/com.pzhao.opensltest-2.apk
W/PackageManager(  744): Resource path for pkg : com.pzhao.opensltest changing from /data/app/com.pzhao.opensltest-1.apk to /data/app/com.pzhao.opensltest-2.apk
I/ActivityManager(  744): Force stopping com.pzhao.opensltest appid=10102 user=0: pkg removed
D/BackupManagerService(  744): Received broadcast Intent { act=android.intent.action.PACKAGE_REMOVED dat=package:com.pzhao.opensltest flg=0x4000010 (has extras) }
D/BackupManagerService(  744): Received broadcast Intent { act=android.intent.action.PACKAGE_ADDED dat=package:com.pzhao.opensltest flg=0x4000010 (has extras) }
V/BackupManagerService(  744): removePackageParticipantsLocked: uid=10102 #1
V/BackupManagerService(  744): addPackageParticipantsLocked: #1
W/ContextImpl(15057): Calling a method in the system process without a qualified user: android.app.ContextImpl.startService:1479 android.content.ContextWrapper.startService:494 android.content.ContextWrapper.startService:494 com.android.keychain.KeyChainBroadcastReceiver.onReceive:12 android.app.ActivityThread.handleReceiver:2400 
W/ActivityManager(  744): Unable to start service Intent { act=com.sogou.pushservice.action.METHOD cmp=/com.sogou.udp.push.PushService (has extras) } U=0: not found
I/ActivityManager(  744): START u0 {act=android.intent.action.MAIN cat=[android.intent.category.LAUNCHER] flg=0x10000000 cmp=com.pzhao.opensltest/.MainActivity} from pid 15703
I/ActivityManager(  744): Start proc com.pzhao.opensltest for activity com.pzhao.opensltest/.MainActivity: pid=15721 uid=10102 gids={50102, 1028, 1015, 3003}
--------- beginning of /dev/log/main
D/OpenSLActivity(15721): pzhao-->enqueueBuffer last
D/OpenSLActivity(15721): pzhao-->enqueueBuffer begin
D/OpenSLActivity(15721): pzhao-->read RingBuffer
D/OpenSLActivity(15721): pzhao-->enqueueBuffer last
D/OpenSLActivity(15721): pzhao-->enqueueBuffer begin
D/OpenSLActivity(15721): pzhao-->read RingBuffer
D/OpenSLActivity(15721): pzhao-->enqueueBuffer last
D/OpenSLActivity(15721): pzhao-->enqueueBuffer begin
D/OpenSLActivity(15721): pzhao-->read RingBuffer
D/OpenSLActivity(15721): pzhao-->enqueueBuffer last
D/OpenSLActivity(15721): pzhao-->enqueueBuffer begin
D/OpenSLActivity(15721): pzhao-->read RingBuffer
D/OpenSLActivity(15721): pzhao-->enqueueBuffer last
D/OpenSLActivity(15721): pzhao-->enqueueBuffer begin
D/OpenSLActivity(15721): pzhao-->read RingBuffer
D/OpenSLActivity(15721): pzhao-->enqueueBuffer last
D/OpenSLActivity(15721): pzhao-->enqueueBuffer begin
D/OpenSLActivity(15721): pzhao-->read RingBuffer
D/OpenSLActivity(15721): pzhao-->enqueueBuffer last
D/OpenSLActivity(15721): pzhao-->enqueueBuffer begin
D/OpenSLActivity(15721): pzhao-->read RingBuffer
D/OpenSLActivity(15721): pzhao-->enqueueBuffer last
D/OpenSLActivity(15721): pzhao-->enqueueBuffer begin
D/OpenSLActivity(15721): pzhao-->read RingBuffer
D/OpenSLActivity(15721): pzhao-->enqueueBuffer last
D/OpenSLActivity(15721): pzhao-->enqueueBuffer begin
D/OpenSLActivity(15721): pzhao-->read RingBuffer
D/OpenSLActivity(15721): pzhao-->enqueueBuffer last
D/OpenSLActivity(15721): pzhao-->enqueueBuffer begin
D/OpenSLActivity(15721): pzhao-->read RingBuffer
D/OpenSLActivity(15721): pzhao-->enqueueBuffer last
D/OpenSLActivity(15721): pzhao-->enqueueBuffer begin
D/OpenSLActivity(15721): pzhao-->read RingBuffer
D/OpenSLActivity(15721): pzhao-->enqueueBuffer last
D/OpenSLActivity(15721): pzhao-->enqueueBuffer begin
D/OpenSLActivity(15721): pzhao-->read RingBuffer
D/OpenSLActivity(15721): pzhao-->enqueueBuffer last
D/OpenSLActivity(15721): pzhao-->enqueueBuffer begin
D/OpenSLActivity(15721): pzhao-->read RingBuffer
D/OpenSLActivity(15721): pzhao-->enqueueBuffer last
D/OpenSLActivity(15721): pzhao-->enqueueBuffer begin
D/OpenSLActivity(15721): pzhao-->read RingBuffer
D/OpenSLActivity(15721): pzhao-->enqueueBuffer last
D/OpenSLActivity(15721): pzhao-->enqueueBuffer begin
D/OpenSLActivity(15721): pzhao-->read RingBuffer
D/OpenSLActivity(15721): pzhao-->enqueueBuffer last
D/OpenSLActivity(15721): pzhao-->enqueueBuffer begin
D/OpenSLActivity(15721): pzhao-->read RingBuffer
D/OpenSLActivity(15721): pzhao-->enqueueBuffer last
D/OpenSLActivity(15721): pzhao-->enqueueBuffer begin
D/OpenSLActivity(15721): pzhao-->read RingBuffer
D/OpenSLActivity(15721): pzhao-->enqueueBuffer last
D/OpenSLActivity(15721): pzhao-->enqueueBuffer begin
D/OpenSLActivity(15721): pzhao-->read RingBuffer
D/OpenSLActivity(15721): pzhao-->enqueueBuffer last
D/OpenSLActivity(15721): pzhao-->enqueueBuffer begin
D/OpenSLActivity(15721): pzhao-->read RingBuffer
D/OpenSLActivity(15721): pzhao-->enqueueBuffer last
D/OpenSLActivity(15721): pzhao-->enqueueBuffer begin
D/OpenSLActivity(15721): pzhao-->read RingBuffer
D/OpenSLActivity(15721): pzhao-->enqueueBuffer last
D/OpenSLActivity(15721): pzhao-->enqueueBuffer begin
D/OpenSLActivity(15721): pzhao-->read RingBuffer
D/OpenSLActivity(15721): pzhao-->enqueueBuffer last
D/OpenSLActivity(15721): pzhao-->enqueueBuffer begin
D/OpenSLActivity(15721): pzhao-->read RingBuffer
D/OpenSLActivity(15721): pzhao-->enqueueBuffer last
D/OpenSLActivity(15721): pzhao-->enqueueBuffer begin
D/OpenSLActivity(15721): pzhao-->read RingBuffer
D/OpenSLActivity(15721): pzhao-->enqueueBuffer last
D/OpenSLActivity(15721): pzhao-->enqueueBuffer begin
D/OpenSLActivity(15721): pzhao-->read RingBuffer
D/OpenSLActivity(15721): pzhao-->enqueueBuffer last
D/OpenSLActivity(15721): pzhao-->enqueueBuffer begin
D/OpenSLActivity(15721): pzhao-->read RingBuffer
D/OpenSLActivity(15721): pzhao-->enqueueBuffer last
D/OpenSLActivity(15721): pzhao-->enqueueBuffer begin
D/OpenSLActivity(15721): pzhao-->read RingBuffer
D/OpenSLActivity(15721): pzhao-->enqueueBuffer last
D/OpenSLActivity(15721): pzhao-->enqueueBuffer begin
D/OpenSLActivity(15721): pzhao-->read RingBuffer
D/OpenSLActivity(15721): pzhao-->enqueueBuffer last
D/OpenSLActivity(15721): pzhao-->enqueueBuffer begin
D/OpenSLActivity(15721): pzhao-->read RingBuffer
D/OpenSLActivity(15721): pzhao-->enqueueBuffer last
D/OpenSLActivity(15721): pzhao-->enqueueBuffer begin
D/OpenSLActivity(15721): pzhao-->read RingBuffer
D/OpenSLActivity(15721): pzhao-->enqueueBuffer last
D/OpenSLActivity(15721): pzhao-->enqueueBuffer begin
D/OpenSLActivity(15721): pzhao-->read RingBuffer
D/OpenSLActivity(15721): pzhao-->enqueueBuffer last
D/OpenSLActivity(15721): pzhao-->enqueueBuffer begin
D/OpenSLActivity(15721): pzhao-->read RingBuffer
D/OpenSLActivity(15721): pzhao-->enqueueBuffer last
D/OpenSLActivity(15721): pzhao-->enqueueBuffer begin
D/OpenSLActivity(15721): pzhao-->read RingBuffer
D/OpenSLActivity(15721): pzhao-->enqueueBuffer last
D/OpenSLActivity(15721): pzhao-->enqueueBuffer begin
D/OpenSLActivity(15721): pzhao-->read RingBuffer
D/OpenSLActivity(15721): pzhao-->enqueueBuffer last
V/SearchControllerCache(26975): creating SearchController
I/SearchController(26975): #onHotwordDetectorNotStarted
I/SearchController(26975): #onHotwordDetectorNotStarted
D/OpenSLActivity(15721): pzhao-->enqueueBuffer begin
D/OpenSLActivity(15721): pzhao-->read RingBuffer
D/OpenSLActivity(15721): pzhao-->enqueueBuffer last
V/SearchControllerCache(26975): disposing SearchController
D/OpenSLActivity(15721): pzhao-->enqueueBuffer begin
D/OpenSLActivity(15721): pzhao-->read RingBuffer
D/OpenSLActivity(15721): pzhao-->enqueueBuffer last
D/OpenSLActivity(15721): pzhao-->enqueueBuffer begin
D/OpenSLActivity(15721): pzhao-->read RingBuffer
D/OpenSLActivity(15721): pzhao-->enqueueBuffer last
D/OpenSLActivity(15721): pzhao-->enqueueBuffer begin
D/OpenSLActivity(15721): pzhao-->read RingBuffer
D/OpenSLActivity(15721): pzhao-->enqueueBuffer last
D/OpenSLActivity(15721): pzhao-->enqueueBuffer begin
D/OpenSLActivity(15721): pzhao-->read RingBuffer
D/OpenSLActivity(15721): pzhao-->enqueueBuffer last
D/OpenSLActivity(15721): pzhao-->enqueueBuffer begin
D/OpenSLActivity(15721): pzhao-->read RingBuffer
D/OpenSLActivity(15721): pzhao-->enqueueBuffer last
D/OpenSLActivity(15721): pzhao-->enqueueBuffer begin
D/OpenSLActivity(15721): pzhao-->read RingBuffer
D/OpenSLActivity(15721): pzhao-->enqueueBuffer last
D/OpenSLActivity(15721): pzhao-->enqueueBuffer begin
D/OpenSLActivity(15721): pzhao-->read RingBuffer
D/OpenSLActivity(15721): pzhao-->enqueueBuffer last
D/OpenSLActivity(15721): pzhao-->enqueueBuffer begin
D/OpenSLActivity(15721): pzhao-->read RingBuffer
D/OpenSLActivity(15721): pzhao-->enqueueBuffer last
E/libOpenSLES(15721): Object::Destroy(0x74f49220) for engine ignored; 2 total active objects
E/libOpenSLES(15721): Object::Destroy(0x74f49220) for engine ignored; active object ID 2 at 0x74f49440
E/libOpenSLES(15721): Object::Destroy(0x74f49220) for engine ignored; active object ID 3 at 0x76a6dbb0
D/OpenSLActivity(15721): pzhao-->delete NativeSlave
D/OpenSLActivity(15721): pzhao-->enqueueBuffer begin
F/libc    (15721): Fatal signal 11 (SIGSEGV) at 0x00000040 (code=1), thread 15764 (AudioTrack)
E/AudioFlinger(  182): track 4097 s=00048000 [NOT READY] on thread 0xb5ec9008
E/AudioMixer(  182): disable(1)
E/AudioMixer(  182): enable(1)
E/AudioMixer(  182): mixer configuration change: 1 activeTracks (00000002) all16BitsStereoNoResample=0, resampling=1, volumeRamp=0
E/AudioFlinger(  182): track 4097 s=00048372 [NOT READY] on thread 0xb5ec9008
E/AudioMixer(  182): disable(1)
E/AudioMixer(  182): enable(1)
E/AudioMixer(  182): mixer configuration change: 1 activeTracks (00000002) all16BitsStereoNoResample=0, resampling=1, volumeRamp=0
E/AudioFlinger(  182): track 4097 s=000485a0 [NOT READY] on thread 0xb5ec9008
E/AudioMixer(  182): disable(1)
E/AudioFlinger(  182): track 4097 s=000485a0 [NOT READY] on thread 0xb5ec9008
E/AudioFlinger(  182): track 4097 s=000485a0 [NOT READY] on thread 0xb5ec9008
E/AudioFlinger(  182): track 4097 s=000485a0 [NOT READY] on thread 0xb5ec9008
I/DEBUG   (27138): *** *** *** *** *** *** *** *** *** *** *** *** *** *** *** ***
I/DEBUG   (27138): Build fingerprint: 'Android/aosp_hammerhead/hammerhead:4.4/KRT16M/eng.vaylb.20140708.131800:userdebug/test-keys'
I/DEBUG   (27138): Revision: '11'
I/DEBUG   (27138): pid: 15721, tid: 15764, name: AudioTrack  >>> com.pzhao.opensltest <<<
I/DEBUG   (27138): signal 11 (SIGSEGV), code 1 (SEGV_MAPERR), fault addr 00000040
E/AudioFlinger(  182): track 4097 s=000485a0 [NOT READY] on thread 0xb5ec9008
E/AudioFlinger(  182): track 4097 s=000485a0 [NOT READY] on thread 0xb5ec9008
E/AudioFlinger(  182): track 4097 s=000485a0 [NOT READY] on thread 0xb5ec9008
E/AudioFlinger(  182): track 4097 s=000485a0 [NOT READY] on thread 0xb5ec9008
E/AudioFlinger(  182): track 4097 s=000485a0 [NOT READY] on thread 0xb5ec9008
E/AudioFlinger(  182): track 4097 s=000485a0 [NOT READY] on thread 0xb5ec9008
I/DEBUG   (27138):     r0 00000040  r1 4d43107d  r2 4d43107d  r3 4d43107d
I/DEBUG   (27138):     r4 74f44af8  r5 00000000  r6 00000000  r7 74f2b8c1
I/DEBUG   (27138):     r8 00000000  r9 74f44af8  sl 73210fa2  fp 00000001
I/DEBUG   (27138):     ip 00000003  sp 77ffcc98  lr 74f2b87d  pc 74f2bae2  cpsr 600f0030
I/DEBUG   (27138):     d0  75716e653e2d2d72  d1  6566667542657520
I/DEBUG   (27138):     d2  1b32e4151f26e462  d3  1240e50316e5e465
I/DEBUG   (27138):     d4  083ee7e60d53e634  d5  fda9ecb102faea13
I/DEBUG   (27138):     d6  f342f2f3f867efa7  d7  e9befa27ee5bf67e
I/DEBUG   (27138):     d8  0000000000000000  d9  0000000000000000
I/DEBUG   (27138):     d10 0000000000000000  d11 0000000000000000
I/DEBUG   (27138):     d12 0000000000000000  d13 0000000000000000
I/DEBUG   (27138):     d14 0000000000000000  d15 0000000000000000
I/DEBUG   (27138):     d16 00007dbe503e2d31  d17 ffffffffffb3b4c0
I/DEBUG   (27138):     d18 0001000200020001  d19 0006000500040003
I/DEBUG   (27138):     d20 404ac71c80000000  d21 4058000000000000
I/DEBUG   (27138):     d22 3fe1da1300000000  d23 c042000000000000
I/DEBUG   (27138):     d24 000e000d000c000b  d25 0010000f000d000e
I/DEBUG   (27138):     d26 0000000000000000  d27 0000000000000000
I/DEBUG   (27138):     d28 3ff0000000000000  d29 0000000000000000
I/DEBUG   (27138):     d30 0010001000100010  d31 0000000000000000
I/DEBUG   (27138):     scr 60000012
I/DEBUG   (27138): 
I/DEBUG   (27138): backtrace:
I/DEBUG   (27138):     #00  pc 00001ae2  /data/app-lib/com.pzhao.opensltest-2/libOpenSLTest.so (RingBuffer::length()+3)
I/DEBUG   (27138):     #01  pc 00001879  /data/app-lib/com.pzhao.opensltest-2/libOpenSLTest.so (NativeSlave::enqueueBuffer()+20)
I/DEBUG   (27138):     #02  pc 000018c5  /data/app-lib/com.pzhao.opensltest-2/libOpenSLTest.so (NativeSlave::playCallBack(SLAndroidSimpleBufferQueueItf_ const* const*, void*)+4)
I/DEBUG   (27138):     #03  pc 0000869d  /system/lib/libwilhelm.so
I/DEBUG   (27138):     #04  pc 0004932f  /system/lib/libmedia.so (android::AudioTrack::processAudioBuffer(android::sp<android::AudioTrack::AudioTrackThread> const&)+934)
I/DEBUG   (27138):     #05  pc 0004951f  /system/lib/libmedia.so (android::AudioTrack::AudioTrackThread::threadLoop()+182)
I/DEBUG   (27138):     #06  pc 0000ce99  /system/lib/libutils.so (android::Thread::_threadLoop(void*)+104)
I/DEBUG   (27138):     #07  pc 0000ca3b  /system/lib/libutils.so
I/DEBUG   (27138):     #08  pc 0000d170  /system/lib/libc.so (__thread_entry+72)
I/DEBUG   (27138):     #09  pc 0000d308  /system/lib/libc.so (pthread_create+240)
I/DEBUG   (27138): 
I/DEBUG   (27138): stack:
I/DEBUG   (27138):          77ffcc58  77ffcc7c  [stack:15764]
I/DEBUG   (27138):          77ffcc5c  76b717b0  [anon:libc_malloc]
I/DEBUG   (27138):          77ffcc60  77ffcd14  [stack:15764]
E/AudioFlinger(  182): track 4097 s=000485a0 [NOT READY] on thread 0xb5ec9008
I/DEBUG   (27138):          77ffcc64  77ffcc98  [stack:15764]
I/DEBUG   (27138):          77ffcc68  74f49f18  [anon:libc_malloc]
I/DEBUG   (27138):          77ffcc6c  77ffcc90  [stack:15764]
I/DEBUG   (27138):          77ffcc70  77ffcd14  [stack:15764]
I/DEBUG   (27138):          77ffcc74  40a6a167  /system/lib/libmedia.so (android::sp<android::AMessage>::~sp()+14)
I/DEBUG   (27138):          77ffcc78  76a54880  [anon:libc_malloc]
I/DEBUG   (27138):          77ffcc7c  4d43107d  /dev/ashmem/dalvik-heap (deleted)
I/DEBUG   (27138):          77ffcc80  74f44af8  [anon:libc_malloc]
I/DEBUG   (27138):          77ffcc84  00000000  
I/DEBUG   (27138):          77ffcc88  00000000  
I/DEBUG   (27138):          77ffcc8c  74f2b877  /data/app-lib/com.pzhao.opensltest-2/libOpenSLTest.so (NativeSlave::enqueueBuffer()+18)
I/DEBUG   (27138):          77ffcc90  74f2d4ac  /data/app-lib/com.pzhao.opensltest-2/libOpenSLTest.so
I/DEBUG   (27138):          77ffcc94  00000000  
I/DEBUG   (27138):     #00  77ffcc98  76a6dbb0  [anon:libc_malloc]
I/DEBUG   (27138):          ........  ........
I/DEBUG   (27138):     #01  77ffcc98  76a6dbb0  [anon:libc_malloc]
I/DEBUG   (27138):          77ffcc9c  74f2b8c9  /data/app-lib/com.pzhao.opensltest-2/libOpenSLTest.so (NativeSlave::playCallBack(SLAndroidSimpleBufferQueueItf_ const* const*, void*)+8)
I/DEBUG   (27138):     #02  77ffcca0  00000000  
I/DEBUG   (27138):          77ffcca4  731fd69f  /system/lib/libwilhelm.so
I/DEBUG   (27138): 
I/DEBUG   (27138): memory near r1:
I/DEBUG   (27138):     4d43105c 00000000 00000000 00000000 00000000  
I/DEBUG   (27138):     4d43106c 00000000 00000000 00000000 00000000  
I/DEBUG   (27138):     4d43107c 00000000 00000000 00000000 00000000  
I/DEBUG   (27138):     4d43108c 00000000 00000000 00000000 00000000  
I/DEBUG   (27138):     4d43109c 00000000 00000000 00000000 00000000  
I/DEBUG   (27138):     4d4310ac 00000000 00000000 00000000 00000000  
I/DEBUG   (27138):     4d4310bc 00000000 00000000 00000000 00000000  
I/DEBUG   (27138):     4d4310cc 00000000 00000000 00000000 00000000  
E/AudioFlinger(  182): track 4097 s=000485a0 [NOT READY] on thread 0xb5ec9008
I/DEBUG   (27138):     4d4310dc 00000000 00000000 00000000 00000000  
I/DEBUG   (27138):     4d4310ec 00000000 00000000 00000000 00000000  
I/DEBUG   (27138):     4d4310fc 00000000 00000000 00000000 00000000  
I/DEBUG   (27138):     4d43110c 00000000 00000000 00000000 00000000  
I/DEBUG   (27138):     4d43111c 00000000 00000000 00000000 00000000  
I/DEBUG   (27138):     4d43112c 00000000 00000000 00000000 00000000  
I/DEBUG   (27138):     4d43113c 00000000 00000000 00000000 00000000  
I/DEBUG   (27138):     4d43114c 00000000 00000000 00000000 00000000  
I/DEBUG   (27138): 
I/DEBUG   (27138): memory near r2:
I/DEBUG   (27138):     4d43105c 00000000 00000000 00000000 00000000  
I/DEBUG   (27138):     4d43106c 00000000 00000000 00000000 00000000  
I/DEBUG   (27138):     4d43107c 00000000 00000000 00000000 00000000  
I/DEBUG   (27138):     4d43108c 00000000 00000000 00000000 00000000  
I/DEBUG   (27138):     4d43109c 00000000 00000000 00000000 00000000  
I/DEBUG   (27138):     4d4310ac 00000000 00000000 00000000 00000000  
I/DEBUG   (27138):     4d4310bc 00000000 00000000 00000000 00000000  
I/DEBUG   (27138):     4d4310cc 00000000 00000000 00000000 00000000  
I/DEBUG   (27138):     4d4310dc 00000000 00000000 00000000 00000000  
I/DEBUG   (27138):     4d4310ec 00000000 00000000 00000000 00000000  
I/DEBUG   (27138):     4d4310fc 00000000 00000000 00000000 00000000  
I/DEBUG   (27138):     4d43110c 00000000 00000000 00000000 00000000  
I/DEBUG   (27138):     4d43111c 00000000 00000000 00000000 00000000  
I/DEBUG   (27138):     4d43112c 00000000 00000000 00000000 00000000  
I/DEBUG   (27138):     4d43113c 00000000 00000000 00000000 00000000  
I/DEBUG   (27138):     4d43114c 00000000 00000000 00000000 00000000  
I/DEBUG   (27138): 
I/DEBUG   (27138): memory near r3:
I/DEBUG   (27138):     4d43105c 00000000 00000000 00000000 00000000  
I/DEBUG   (27138):     4d43106c 00000000 00000000 00000000 00000000  
I/DEBUG   (27138):     4d43107c 00000000 00000000 00000000 00000000  
I/DEBUG   (27138):     4d43108c 00000000 00000000 00000000 00000000  
I/DEBUG   (27138):     4d43109c 00000000 00000000 00000000 00000000  
I/DEBUG   (27138):     4d4310ac 00000000 00000000 00000000 00000000  
I/DEBUG   (27138):     4d4310bc 00000000 00000000 00000000 00000000  
I/DEBUG   (27138):     4d4310cc 00000000 00000000 00000000 00000000  
I/DEBUG   (27138):     4d4310dc 00000000 00000000 00000000 00000000  
I/DEBUG   (27138):     4d4310ec 00000000 00000000 00000000 00000000  
I/DEBUG   (27138):     4d4310fc 00000000 00000000 00000000 00000000  
I/DEBUG   (27138):     4d43110c 00000000 00000000 00000000 00000000  
I/DEBUG   (27138):     4d43111c 00000000 00000000 00000000 00000000  
I/DEBUG   (27138):     4d43112c 00000000 00000000 00000000 00000000  
I/DEBUG   (27138):     4d43113c 00000000 00000000 00000000 00000000  
I/DEBUG   (27138):     4d43114c 00000000 00000000 00000000 00000000  
I/DEBUG   (27138): 
I/DEBUG   (27138): memory near r4:
I/DEBUG   (27138):     74f44ad8 00000000 40800000 0b000504 74f45080  
I/DEBUG   (27138):     74f44ae8 00000001 00000001 00000005 00000041  
I/DEBUG   (27138):     74f44af8 74f4d260 4007d1e8 74f49440 76a6dbb0  
I/DEBUG   (27138):     74f44b08 00000000 76a6dc20 614d5f74 76a6dd10  
I/DEBUG   (27138):     74f44b18 76a6dd64 76a6de0c 74616572 676e4565  
I/DEBUG   (27138):     74f44b28 00656e69 74f47218 00000040 0000001a  
I/DEBUG   (27138):     74f44b38 0000000a 00000001 482d687a 2d736e61  
I/DEBUG   (27138):     74f44b48 00004e43 0000001b 0000000a 00000001  
I/DEBUG   (27138):     74f44b58 482d687a 2d736e61 00004e43 00000083  
I/DEBUG   (27138):     74f44b68 00000006 00000007 40000000 00000000  
I/DEBUG   (27138):     74f44b78 01010034 02000008 01010045 00000000  
I/DEBUG   (27138):     74f44b88 01010098 01000008 01060003 00000000  
I/DEBUG   (27138):     74f44b98 010100af 11000008 00000011 00000000  
I/DEBUG   (27138):     74f44ba8 010100d4 01000008 01080004 00000000  
I/DEBUG   (27138):     74f44bb8 010100da 12000008 ffffffff 00000000  
I/DEBUG   (27138):     74f44bc8 010100e5 12000008 ffffffff 00000000  
I/DEBUG   (27138): 
I/DEBUG   (27138): memory near r7:
I/DEBUG   (27138):     74f2b8a0 44792003 f001447a bd10fc6b 00001be2  
I/DEBUG   (27138):     74f2b8b0 00001c3a 00003fff 00001baa 00001c20  
I/DEBUG   (27138):     74f2b8c0 1c08b508 ffcef7ff 0000bd08 4b3fb5f0  
I/DEBUG   (27138):     74f2b8d0 aa19b0a1 2303930b 930c4694 91084b3c  
I/DEBUG   (27138):     74f2b8e0 447b1c04 c2c2cbc2 c2c2cbc2 a80b681b  
I/DEBUG   (27138):     74f2b8f0 6013a90f aa0d4663 23046053 2000900d  
I/DEBUG   (27138):     74f2b900 68a3930f 91114d33 93104933 447dab11  
I/DEBUG   (27138):     74f2b910 58696058 af13ae16 91056809 492f9113  
I/DEBUG   (27138):     74f2b920 68095869 91149106 5869492d 68096860  
I/DEBUG   (27138):     74f2b930 91079115 91162101 91189117 97016801  
I/DEBUG   (27138):     74f2b940 468c9602 310c1c21 21039109 46619100  
I/DEBUG   (27138):     74f2b950 9909688e 68e047b0 68032100 4798681b  
I/DEBUG   (27138):     74f2b960 68e04a20 680358aa 1c226811 321468db  
I/DEBUG   (27138):     74f2b970 1c224798 990568e0 6803321c 479868db  
I/DEBUG   (27138):     74f2b980 4a1969e0 58aa6803 920568db 9a081c11  
I/DEBUG   (27138):     74f2b990 1c224798 990668e0 68033220 479868db  
I/DEBUG   (27138): 
I/DEBUG   (27138): memory near r9:
I/DEBUG   (27138):     74f44ad8 00000000 40800000 0b000504 74f45080  
I/DEBUG   (27138):     74f44ae8 00000001 00000001 00000005 00000041  
I/DEBUG   (27138):     74f44af8 74f4d260 4007d1e8 74f49440 76a6dbb0  
I/DEBUG   (27138):     74f44b08 00000000 76a6dc20 614d5f74 76a6dd10  
I/DEBUG   (27138):     74f44b18 76a6dd64 76a6de0c 74616572 676e4565  
I/DEBUG   (27138):     74f44b28 00656e69 74f47218 00000040 0000001a  
I/DEBUG   (27138):     74f44b38 0000000a 00000001 482d687a 2d736e61  
I/DEBUG   (27138):     74f44b48 00004e43 0000001b 0000000a 00000001  
I/DEBUG   (27138):     74f44b58 482d687a 2d736e61 00004e43 00000083  
I/DEBUG   (27138):     74f44b68 00000006 00000007 40000000 00000000  
I/DEBUG   (27138):     74f44b78 01010034 02000008 01010045 00000000  
I/DEBUG   (27138):     74f44b88 01010098 01000008 01060003 00000000  
I/DEBUG   (27138):     74f44b98 010100af 11000008 00000011 00000000  
I/DEBUG   (27138):     74f44ba8 010100d4 01000008 01080004 00000000  
I/DEBUG   (27138):     74f44bb8 010100da 12000008 ffffffff 00000000  
I/DEBUG   (27138):     74f44bc8 010100e5 12000008 ffffffff 00000000  
I/DEBUG   (27138): 
I/DEBUG   (27138): memory near sl:
I/DEBUG   (27138):     73210f80 6f72466c 6675426d 65755166 69286575  
I/DEBUG   (27138):     73210f90 202c746e 64696f76 76202c2a 2a64696f  
I/DEBUG   (27138):     73210fa0 72660029 77656d61 736b726f 6c69772f  
I/DEBUG   (27138):     73210fb0 6d6c6568 6372732f 646e612f 64696f72  
I/DEBUG   (27138):     73210fc0 6475412f 6c506f69 72657961 5f6f745f  
I/DEBUG   (27138):     73210fd0 72646e61 2e64696f 00707063 3e2d7061  
I/DEBUG   (27138):     73210fe0 6675426d 51726566 65756575 72466d2e  
I/DEBUG   (27138):     73210ff0 20746e6f 61203d21 6d3e2d70 66667542  
I/DEBUG   (27138):     73211000 75517265 2e657565 6165526d 61430072  
I/DEBUG   (27138):     73211010 746f6e6e 74657320 64754120 6c506f69  
I/DEBUG   (27138):     73211020 72657961 616c7020 61747379 74206574  
I/DEBUG   (27138):     73211030 6425206f 6e41203a 696f7264 626f2064  
I/DEBUG   (27138):     73211040 7463656a 206e6920 61766e69 2064696c  
I/DEBUG   (27138):     73211050 74617473 65520065 65686361 6e612064  
I/DEBUG   (27138):     73211060 766e6920 64696c61 646f6320 61702065  
I/DEBUG   (27138):     73211070 69206874 7325206e 6c706100 72657961  
I/DEBUG   (27138): 
I/DEBUG   (27138): memory near sp:
