D/Uploader( 9092): Network request failed class java.net.UnknownHostException(Unable to resolve host "play.googleapis.com": No address associated with hostname)
D/ConnectivityService(  744): Sampling interval elapsed, updating statistics ..
D/ConnectivityService(  744): Done.
D/ConnectivityService(  744): Setting timer for 720seconds
W/Uploader( 9092): No account for auth token provided
D/Uploader( 9092): Network request failed class java.net.UnknownHostException(Unable to resolve host "play.googleapis.com": No address associated with hostname)
D/ConnectivityService(  744): Sampling interval elapsed, updating statistics ..
W/Uploader( 9092): No account for auth token provided
I/EventLogService( 9111): Aggregate from 1429547763140 (log), 1429547763140 (data)
D/Uploader( 9092): Network request failed class java.net.UnknownHostException(Unable to resolve host "play.googleapis.com": No address associated with hostname)
D/ConnectivityService(  744): Done.
D/ConnectivityService(  744): Setting timer for 720seconds
W/Uploader( 9092): No account for auth token provided
D/Uploader( 9092): Network request failed class java.net.UnknownHostException(Unable to resolve host "play.googleapis.com": No address associated with hostname)
D/AlarmService( 4275): on Create
D/AlarmService( 4275): on Start
D/AlarmService( 4275): start alarm service from action ALARM_ACTION
D/AlarmService( 4275): alarm service destroy
E/OmahaClient(17621): Failed to contact server: 
V/ExponentialBackoffScheduler(17621): now(Tue Apr 21 01:20:51 GMT+08:00 2015) refiringAt(Tue Apr 21 06:20:51 GMT+08:00 2015)
W/Uploader( 9092): No account for auth token provided
D/Uploader( 9092): Network request failed class java.net.UnknownHostException(Unable to resolve host "play.googleapis.com": No address associated with hostname)
D/dalvikvm( 9092): GC_FOR_ALLOC freed 366K, 4% free 16839K/17396K, paused 8ms, total 8ms
D/ConnectivityService(  744): Sampling interval elapsed, updating statistics ..
D/ConnectivityService(  744): Done.
D/ConnectivityService(  744): Setting timer for 720seconds
W/Uploader( 9092): No account for auth token provided
D/Uploader( 9092): Network request failed class java.net.UnknownHostException(Unable to resolve host "play.googleapis.com": No address associated with hostname)
D/dalvikvm( 2148): GC_CONCURRENT freed 429K, 6% free 16862K/17896K, paused 1ms+2ms, total 16ms
D/ConnectivityService(  744): Sampling interval elapsed, updating statistics ..
W/Uploader( 9092): No account for auth token provided
D/Uploader( 9092): Network request failed class java.net.UnknownHostException(Unable to resolve host "play.googleapis.com": No address associated with hostname)
D/ConnectivityService(  744): Done.
D/ConnectivityService(  744): Setting timer for 720seconds
D/dalvikvm(  847): GC_CONCURRENT freed 3046K, 47% free 25413K/47288K, paused 4ms+6ms, total 193ms
I/EventLogService( 9111): Aggregate from 1429550102006 (log), 1429550102006 (data)
W/Uploader( 9092): No account for auth token provided
D/Uploader( 9092): Network request failed class java.net.UnknownHostException(Unable to resolve host "play.googleapis.com": No address associated with hostname)
D/ConnectivityService(  744): Sampling interval elapsed, updating statistics ..
D/ConnectivityService(  744): Done.
D/ConnectivityService(  744): Setting timer for 720seconds
W/Uploader( 9092): No account for auth token provided
D/Uploader( 9092): Network request failed class java.net.UnknownHostException(Unable to resolve host "play.googleapis.com": No address associated with hostname)
W/Uploader( 9092): No account for auth token provided
D/Uploader( 9092): Network request failed class java.net.UnknownHostException(Unable to resolve host "play.googleapis.com": No address associated with hostname)
D/dalvikvm( 9092): GC_FOR_ALLOC freed 367K, 4% free 16839K/17396K, paused 9ms, total 9ms
D/ConnectivityService(  744): Sampling interval elapsed, updating statistics ..
D/ConnectivityService(  744): Done.
D/ConnectivityService(  744): Setting timer for 720seconds
D/AlarmService( 4275): on Create
D/AlarmService( 4275): on Start
D/AlarmService( 4275): start alarm service from action ALARM_ACTION
I/EventLogService( 9111): Aggregate from 1429552201010 (log), 1429552201010 (data)
D/AlarmService( 4275): alarm service destroy
W/Uploader( 9092): No account for auth token provided
D/Uploader( 9092): Network request failed class java.net.UnknownHostException(Unable to resolve host "play.googleapis.com": No address associated with hostname)
D/AlarmService( 4275): scheduleCheck completed
W/Uploader( 9092): No account for auth token provided
D/Uploader( 9092): Network request failed class java.net.UnknownHostException(Unable to resolve host "play.googleapis.com": No address associated with hostname)
D/ConnectivityService(  744): Sampling interval elapsed, updating statistics ..
D/ConnectivityService(  744): Done.
D/ConnectivityService(  744): Setting timer for 720seconds
W/Uploader( 9092): No account for auth token provided
D/Uploader( 9092): Network request failed class java.net.UnknownHostException(Unable to resolve host "play.googleapis.com": No address associated with hostname)
D/dalvikvm( 2148): GC_CONCURRENT freed 401K, 6% free 16882K/17896K, paused 2ms+3ms, total 17ms
W/Uploader( 9092): No account for auth token provided
D/Uploader( 9092): Network request failed class java.net.UnknownHostException(Unable to resolve host "play.googleapis.com": No address associated with hostname)
D/ConnectivityService(  744): Sampling interval elapsed, updating statistics ..
D/ConnectivityService(  744): Done.
D/ConnectivityService(  744): Setting timer for 720seconds
W/Uploader( 9092): No account for auth token provided
D/Uploader( 9092): Network request failed class java.net.UnknownHostException(Unable to resolve host "play.googleapis.com": No address associated with hostname)
D/dalvikvm( 9092): GC_FOR_ALLOC freed 366K, 4% free 16839K/17396K, paused 9ms, total 10ms
I/EventLogService( 9111): Aggregate from 1429554051046 (log), 1429554051046 (data)
D/AlarmService( 4275): scheduleCheck completed
D/ConnectivityService(  744): Sampling interval elapsed, updating statistics ..
D/ConnectivityService(  744): Done.
D/ConnectivityService(  744): Setting timer for 720seconds
W/Uploader( 9092): No account for auth token provided
D/Uploader( 9092): Network request failed class java.net.UnknownHostException(Unable to resolve host "play.googleapis.com": No address associated with hostname)
D/dalvikvm( 9092): GC_CONCURRENT freed 377K, 3% free 16891K/17396K, paused 2ms+3ms, total 18ms
W/Uploader( 9092): No account for auth token provided
D/Uploader( 9092): Network request failed class java.net.UnknownHostException(Unable to resolve host "play.googleapis.com": No address associated with hostname)
W/Uploader( 9092): No account for auth token provided
D/Uploader( 9092): Network request failed class java.net.UnknownHostException(Unable to resolve host "play.googleapis.com": No address associated with hostname)
D/ConnectivityService(  744): Sampling interval elapsed, updating statistics ..
D/ConnectivityService(  744): Done.
D/ConnectivityService(  744): Setting timer for 720seconds
D/AlarmService( 4275): on Create
D/AlarmService( 4275): on Start
D/AlarmService( 4275): start alarm service from action ALARM_ACTION
D/AlarmService( 4275): alarm service destroy
W/Uploader( 9092): No account for auth token provided
D/Uploader( 9092): Network request failed class java.net.UnknownHostException(Unable to resolve host "play.googleapis.com": No address associated with hostname)
I/EventLogService( 9111): Aggregate from 1429555878683 (log), 1429555878683 (data)
D/dalvikvm( 9111): GC_CONCURRENT freed 389K, 4% free 16660K/17276K, paused 2ms+1ms, total 13ms
W/Uploader( 9092): No account for auth token provided
D/Uploader( 9092): Network request failed class java.net.UnknownHostException(Unable to resolve host "play.googleapis.com": No address associated with hostname)
D/ConnectivityService(  744): Sampling interval elapsed, updating statistics ..
D/ConnectivityService(  744): Done.
D/ConnectivityService(  744): Setting timer for 720seconds
W/Uploader( 9092): No account for auth token provided
D/Uploader( 9092): Network request failed class java.net.UnknownHostException(Unable to resolve host "play.googleapis.com": No address associated with hostname)
D/dalvikvm( 9092): GC_FOR_ALLOC freed 362K, 4% free 16842K/17428K, paused 10ms, total 10ms
D/dalvikvm( 2148): GC_CONCURRENT freed 430K, 6% free 16877K/17896K, paused 2ms+2ms, total 217ms
W/Uploader( 9092): No account for auth token provided
D/Uploader( 9092): Network request failed class java.net.UnknownHostException(Unable to resolve host "play.googleapis.com": No address associated with hostname)
D/ConnectivityService(  744): Sampling interval elapsed, updating statistics ..
D/ConnectivityService(  744): Done.
D/ConnectivityService(  744): Setting timer for 720seconds
D/AlarmService( 4275): scheduleCheck completed
I/EventLogService( 9111): Aggregate from 1429557679001 (log), 1429557679001 (data)
W/Uploader( 9092): No account for auth token provided
D/Uploader( 9092): Network request failed class java.net.UnknownHostException(Unable to resolve host "play.googleapis.com": No address associated with hostname)
W/Uploader( 9092): No account for auth token provided
D/Uploader( 9092): Network request failed class java.net.UnknownHostException(Unable to resolve host "play.googleapis.com": No address associated with hostname)
D/ConnectivityService(  744): Sampling interval elapsed, updating statistics ..
D/ConnectivityService(  744): Done.
D/ConnectivityService(  744): Setting timer for 720seconds
W/Uploader( 9092): No account for auth token provided
D/Uploader( 9092): Network request failed class java.net.UnknownHostException(Unable to resolve host "play.googleapis.com": No address associated with hostname)
W/Uploader( 9092): No account for auth token provided
D/Uploader( 9092): Network request failed class java.net.UnknownHostException(Unable to resolve host "play.googleapis.com": No address associated with hostname)
D/dalvikvm( 9092): GC_FOR_ALLOC freed 367K, 4% free 16842K/17416K, paused 13ms, total 13ms
D/ConnectivityService(  744): Sampling interval elapsed, updating statistics ..
D/ConnectivityService(  744): Done.
D/ConnectivityService(  744): Setting timer for 720seconds
D/AlarmService( 4275): on Create
D/AlarmService( 4275): on Start
D/AlarmService( 4275): start alarm service from action ALARM_ACTION
D/AlarmService( 4275): alarm service destroy
W/Uploader( 9092): No account for auth token provided
D/Uploader( 9092): Network request failed class java.net.UnknownHostException(Unable to resolve host "play.googleapis.com": No address associated with hostname)
I/EventLogService( 9111): Aggregate from 1429559480023 (log), 1429559480023 (data)
W/Uploader( 9092): No account for auth token provided
D/Uploader( 9092): Network request failed class java.net.UnknownHostException(Unable to resolve host "play.googleapis.com": No address associated with hostname)
D/ConnectivityService(  744): Sampling interval elapsed, updating statistics ..
D/ConnectivityService(  744): Done.
D/ConnectivityService(  744): Setting timer for 720seconds
W/Uploader( 9092): No account for auth token provided
D/Uploader( 9092): Network request failed class java.net.UnknownHostException(Unable to resolve host "play.googleapis.com": No address associated with hostname)
D/dalvikvm( 2148): GC_CONCURRENT freed 396K, 6% free 16891K/17896K, paused 2ms+1ms, total 12ms
W/Uploader( 9092): No account for auth token provided
D/Uploader( 9092): Network request failed class java.net.UnknownHostException(Unable to resolve host "play.googleapis.com": No address associated with hostname)
D/ConnectivityService(  744): Sampling interval elapsed, updating statistics ..
D/ConnectivityService(  744): Done.
D/ConnectivityService(  744): Setting timer for 720seconds
D/AlarmService( 4275): scheduleCheck completed
W/Uploader( 9092): No account for auth token provided
D/Uploader( 9092): Network request failed class java.net.UnknownHostException(Unable to resolve host "play.googleapis.com": No address associated with hostname)
D/dalvikvm( 9092): GC_FOR_ALLOC freed 366K, 4% free 16842K/17416K, paused 10ms, total 10ms
I/ActivityManager(  744): Start proc com.google.android.talk for broadcast com.google.android.talk/com.google.android.apps.babel.realtimechat.RealTimeChatService$AlarmReceiver: pid=22511 uid=10049 gids={50049, 3003, 1028, 1015, 3002}
D/dalvikvm(  744): GC_EXPLICIT freed 4466K, 28% free 39507K/54868K, paused 2ms+8ms, total 63ms
W/ContextImpl(22511): Implicit intents with startService are not safe: Intent { act=com.google.android.c2dm.intent.REGISTER (has extras) } android.content.ContextWrapper.startService:494 com.google.android.apps.babel.realtimechat.GcmIntentService.lh:351 com.google.android.apps.babel.realtimechat.dv.bn:152 
D/dalvikvm(22511): GC_CONCURRENT freed 283K, 2% free 16547K/16872K, paused 3ms+1ms, total 13ms
W/GCM     ( 9111): DIR: /data/data/com.google.android.gms/app_APP /data/data/com.google.android.gsf
I/MmsConfig(22511): MmsConfig.init: mnc/mcc: 0/0
I/Babel   (22511): ### loadDeviceMmsSettings from API: mUserAgent=Nexus5, mUaProfUrl=http://gsm.lge.com/html/gsm/Nexus5-M3.xml
W/Settings(22511): Setting airplane_mode_on has moved from android.provider.Settings.System to android.provider.Settings.Global, returning read-only value.
V/MmsConfig(22511): tag: bool value: enabledMMS - true
V/MmsConfig(22511): tag: int value: maxMessageSize - 307200
V/MmsConfig(22511): tag: int value: maxImageHeight - 480
V/MmsConfig(22511): tag: int value: maxImageWidth - 640
V/MmsConfig(22511): tag: int value: recipientLimit - -1
V/MmsConfig(22511): tag: bool value: enableMultipartSMS - true
V/MmsConfig(22511): tag: int value: smsToMmsTextThreshold - -1
V/MmsConfig(22511): tag: int value: maxMessageTextSize - -1
I/Babel   (22511): ### loadMmsSettings: mUserAgent=Nexus5, mUaProfUrl=http://gsm.lge.com/html/gsm/Nexus5-M3.xml
D/dalvikvm( 9111): GC_CONCURRENT freed 448K, 4% free 16719K/17272K, paused 1ms+10ms, total 22ms
W/GCM     ( 9111): DIR: /data/data/com.google.android.gms/app_APP /data/data/com.google.android.gsf
I/EventLogService( 9111): Aggregate from 1429561280158 (log), 1429561280158 (data)
I/ActivityManager(  744): Delay finish: com.google.android.gsf/.checkin.EventLogService$Receiver
I/ActivityManager(  744): Resuming delayed broadcast
D/dalvikvm(22511): GC_CONCURRENT freed 410K, 3% free 16651K/17096K, paused 3ms+1ms, total 12ms
D/dalvikvm(22511): WAIT_FOR_CONCURRENT_GC blocked 2ms
D/dalvikvm(22511): WAIT_FOR_CONCURRENT_GC blocked 3ms
I/Babel   (22511): [GcmIntentService] gcm error: AUTHENTICATION_FAILED
W/ContextImpl(22511): Implicit intents with startService are not safe: Intent { act=com.google.android.c2dm.intent.REGISTER (has extras) } android.content.ContextWrapper.startService:494 com.google.android.apps.babel.realtimechat.GcmIntentService.lh:351 com.google.android.apps.babel.realtimechat.dv.AN:269 
W/GCM     ( 9111): DIR: /data/data/com.google.android.gms/app_APP /data/data/com.google.android.gsf
D/dalvikvm( 9111): GC_CONCURRENT freed 474K, 4% free 16682K/17332K, paused 1ms+1ms, total 10ms
D/dalvikvm( 9111): WAIT_FOR_CONCURRENT_GC blocked 8ms
W/GCM     ( 9111): DIR: /data/data/com.google.android.gms/app_APP /data/data/com.google.android.gsf
D/dalvikvm( 9111): GC_CONCURRENT freed 513K, 4% free 16679K/17332K, paused 1ms+1ms, total 10ms
D/dalvikvm( 9111): WAIT_FOR_CONCURRENT_GC blocked 3ms
I/Babel   (22511): [GcmIntentService] gcm error: AUTHENTICATION_FAILED
E/Babel   (22511): Gcm registration failed
I/Babel   (22511): Account setup failed with error state:104 account:Redacted-2
W/Uploader( 9092): No account for auth token provided
D/Uploader( 9092): Network request failed class java.net.UnknownHostException(Unable to resolve host "play.googleapis.com": No address associated with hostname)
D/ConnectivityService(  744): Sampling interval elapsed, updating statistics ..
D/ConnectivityService(  744): Done.
D/ConnectivityService(  744): Setting timer for 720seconds
W/CallerInfoCache(  974): Previous cache task is remaining.
W/Uploader( 9092): No account for auth token provided
D/Uploader( 9092): Network request failed class java.net.UnknownHostException(Unable to resolve host "play.googleapis.com": No address associated with hostname)
D/dalvikvm(22511): GC_CONCURRENT freed 348K, 3% free 16709K/17096K, paused 1ms+2ms, total 19ms
W/Uploader( 9092): No account for auth token provided
D/Uploader( 9092): Network request failed class java.net.UnknownHostException(Unable to resolve host "play.googleapis.com": No address associated with hostname)
D/dalvikvm( 9111): GC_EXPLICIT freed 199K, 4% free 16681K/17332K, paused 2ms+2ms, total 210ms
D/ConnectivityService(  744): Sampling interval elapsed, updating statistics ..
D/ConnectivityService(  744): Done.
D/ConnectivityService(  744): Setting timer for 720seconds
D/AlarmService( 4275): on Create
D/AlarmService( 4275): on Start
D/AlarmService( 4275): start alarm service from action ALARM_ACTION
W/Uploader( 9092): No account for auth token provided
D/Uploader( 9092): Network request failed class java.net.UnknownHostException(Unable to resolve host "play.googleapis.com": No address associated with hostname)
W/System.err( 4275): java.net.UnknownHostException: Unable to resolve host "l.wandoujia.com": No address associated with hostname
W/System.err( 4275): 	at java.net.InetAddress.lookupHostByName(InetAddress.java:424)
W/System.err( 4275): 	at java.net.InetAddress.getAllByNameImpl(InetAddress.java:236)
W/System.err( 4275): 	at java.net.InetAddress.getAllByName(InetAddress.java:214)
W/System.err( 4275): 	at org.apache.http.impl.conn.DefaultClientConnectionOperator.openConnection(DefaultClientConnectionOperator.java:137)
W/System.err( 4275): 	at org.apache.http.impl.conn.AbstractPoolEntry.open(AbstractPoolEntry.java:164)
W/System.err( 4275): 	at org.apache.http.impl.conn.AbstractPooledConnAdapter.open(AbstractPooledConnAdapter.java:119)
W/System.err( 4275): 	at org.apache.http.impl.client.DefaultRequestDirector.execute(DefaultRequestDirector.java:360)
W/System.err( 4275): 	at org.apache.http.impl.client.AbstractHttpClient.execute(AbstractHttpClient.java:555)
W/System.err( 4275): 	at com.wandoujia.base.http.HttpClientWrapper.execute(:127)
W/System.err( 4275): 	at com.wandoujia.base.http.HttpClientWrapper.execute(:96)
W/System.err( 4275): 	at com.wandoujia.base.http.HttpClientWrapper.execute(:87)
W/System.err( 4275): 	at com.wandoujia.log.LogSender$.run(:183)
W/System.err( 4275): 	at com.wandoujia.base.concurrent.CachedThreadPoolExecutorWithCapacity$if.run(:316)
W/System.err( 4275): Caused by: libcore.io.GaiException: getaddrinfo failed: EAI_NODATA (No address associated with hostname)
W/System.err( 4275): 	at libcore.io.Posix.getaddrinfo(Native Method)
W/System.err( 4275): 	at libcore.io.ForwardingOs.getaddrinfo(ForwardingOs.java:61)
W/System.err( 4275): 	at java.net.InetAddress.lookupHostByName(InetAddress.java:405)
W/System.err( 4275): 	... 12 more
I/EventLogService( 9111): Aggregate from 1429563080416 (log), 1429563080416 (data)
D/dalvikvm( 4275): GC_CONCURRENT freed 740K, 6% free 18847K/20048K, paused 2ms+3ms, total 238ms
W/Uploader( 9092): No account for auth token provided
D/Uploader( 9092): Network request failed class java.net.UnknownHostException(Unable to resolve host "play.googleapis.com": No address associated with hostname)
D/dalvikvm( 9092): GC_FOR_ALLOC freed 377K, 4% free 16842K/17416K, paused 10ms, total 10ms
D/ConnectivityService(  744): Sampling interval elapsed, updating statistics ..
D/ConnectivityService(  744): Done.
D/ConnectivityService(  744): Setting timer for 720seconds
W/Uploader( 9092): No account for auth token provided
D/Uploader( 9092): Network request failed class java.net.UnknownHostException(Unable to resolve host "play.googleapis.com": No address associated with hostname)
D/ConnectivityService(  744): Sampling interval elapsed, updating statistics ..
W/Uploader( 9092): No account for auth token provided
D/Uploader( 9092): Network request failed class java.net.UnknownHostException(Unable to resolve host "play.googleapis.com": No address associated with hostname)
D/ConnectivityService(  744): Done.
D/ConnectivityService(  744): Setting timer for 720seconds
D/dalvikvm( 2148): GC_CONCURRENT freed 471K, 6% free 16851K/17896K, paused 2ms+1ms, total 244ms
D/AlarmService( 4275): scheduleCheck completed
W/Uploader( 9092): No account for auth token provided
D/Uploader( 9092): Network request failed class java.net.UnknownHostException(Unable to resolve host "play.googleapis.com": No address associated with hostname)
I/EventLogService( 9111): Aggregate from 1429564881005 (log), 1429564881005 (data)
W/Uploader( 9092): No account for auth token provided
D/Uploader( 9092): Network request failed class java.net.UnknownHostException(Unable to resolve host "play.googleapis.com": No address associated with hostname)
D/ConnectivityService(  744): Sampling interval elapsed, updating statistics ..
I/Genie   (19483): waking up to refresh News & Weather
V/Genie   (19483): starting service from thread id 0
D/ConnectivityService(  744): Done.
D/ConnectivityService(  744): Setting timer for 720seconds
V/Genie   (19483): refresh service starting
V/Genie   (19483): refresh service retry #0, ignoreMASFCache = false
V/Genie   (19483): refresh thread starting.  prefetchOnly = false
W/System.err( 4275): java.net.UnknownHostException: Unable to resolve host "l.wandoujia.com": No address associated with hostname
W/System.err( 4275): 	at java.net.InetAddress.lookupHostByName(InetAddress.java:424)
W/System.err( 4275): 	at java.net.InetAddress.getAllByNameImpl(InetAddress.java:236)
W/System.err( 4275): 	at java.net.InetAddress.getAllByName(InetAddress.java:214)
W/System.err( 4275): 	at org.apache.http.impl.conn.DefaultClientConnectionOperator.openConnection(DefaultClientConnectionOperator.java:137)
W/System.err( 4275): 	at org.apache.http.impl.conn.AbstractPoolEntry.open(AbstractPoolEntry.java:164)
W/System.err( 4275): 	at org.apache.http.impl.conn.AbstractPooledConnAdapter.open(AbstractPooledConnAdapter.java:119)
W/System.err( 4275): 	at org.apache.http.impl.client.DefaultRequestDirector.execute(DefaultRequestDirector.java:360)
W/System.err( 4275): 	at org.apache.http.impl.client.AbstractHttpClient.execute(AbstractHttpClient.java:555)
W/System.err( 4275): 	at com.wandoujia.base.http.HttpClientWrapper.execute(:127)
W/System.err( 4275): 	at com.wandoujia.base.http.HttpClientWrapper.execute(:96)
W/System.err( 4275): 	at com.wandoujia.base.http.HttpClientWrapper.execute(:87)
W/System.err( 4275): 	at com.wandoujia.logv3.LogSender.(:209)
W/System.err( 4275): 	at com.wandoujia.logv3.LogSender.(:36)
W/System.err( 4275): 	at com.wandoujia.logv3.LogSender$.handleMessage(:90)
W/System.err( 4275): 	at android.os.Handler.dispatchMessage(Handler.java:102)
W/System.err( 4275): 	at android.os.Looper.loop(Looper.java:137)
W/System.err( 4275): 	at android.os.HandlerThread.run(HandlerThread.java:61)
W/System.err( 4275): Caused by: libcore.io.GaiException: getaddrinfo failed: EAI_NODATA (No address associated with hostname)
W/System.err( 4275): 	at libcore.io.Posix.getaddrinfo(Native Method)
W/System.err( 4275): 	at libcore.io.ForwardingOs.getaddrinfo(ForwardingOs.java:61)
W/System.err( 4275): 	at java.net.InetAddress.lookupHostByName(InetAddress.java:405)
W/System.err( 4275): 	... 16 more
D/AlarmService( 4275): scheduleCheck completed
D/AlarmService( 4275): alarm service destroy
I/ActivityManager(  744): Waited long enough for: ServiceRecord{4390b950 u0 com.google.android.apps.genie.geniewidget/.GenieRefreshService}
V/Genie   (19483): refresh thread making data request, retry=0
V/Genie   (19483): requestData() ignore cache == false
V/Genie   (19483): Not requesting weather due to user preference
V/Genie   (19483): MiniWidgetController notifying observers that loading is in progress
V/Genie   (19483): onReceive: intent action=com.google.android.apps.genie.MINIWIDGET_UPDATE
V/Genie   (19483): MiniWidgetProvider.onUpdate()
V/Genie   (19483): ensureScheduledUpdate()
V/Genie   (19483): getRawFeed: GenieRequest [no location]
V/Genie   (19483): [no fake location]
V/Genie   (19483): [no category restrict]
V/Genie   (19483): [no session cookie]
V/Genie   (19483):  type: [15]
V/Genie   (19483): [no news topics]
V/Genie   (19483): custom topics: []
V/Genie   (19483): makeRequest() hardMaxAge = 21600000
V/Genie   (19483): hl=zh-CN country_code=CN
V/Genie   (19483): requestProto=requestTimeoutMs: 30000, hl: "zh-CN", countryCode: "CN", config <enableNews: true >
V/Genie   (19483): requestBytes=2xCNzh-CN
V/Genie   (19483): hl=zh-CN country_code=CN
V/Genie   (19483): refresh thread awaiting request result
V/Genie   (19483): makeRequest() failure, no cache
D/Genie   (19483): Request failed at, 421 06:00 next auto-refresh time =21600000
V/Genie   (19483): MiniWidgetController notifying observers that a failure has occurred
V/Genie   (19483): refresh thread request wait over.  loading news images
V/Genie   (19483): maybeRetry(), retryNumber=0
V/Genie   (19483): Commited FileCache, deleted 0 obselete files and kept 28 files.
V/Genie   (19483): MiniWidgetController notifying observers that news image is updated
V/Genie   (19483): refresh thread stopping
V/Genie   (19483): No active network.  attempt use of cached MASF data
V/Genie   (19483): scheduling retry #1
V/Genie   (19483): onReceive: intent action=com.google.android.apps.genie.MINIWIDGET_UPDATE
V/Genie   (19483): MiniWidgetProvider.onUpdate()
V/Genie   (19483): ensureScheduledUpdate()
V/Genie   (19483): refresh service stopping
D/dalvikvm(19483): GC_CONCURRENT freed 384K, 3% free 16772K/17192K, paused 28ms+1ms, total 39ms
W/Uploader( 9092): No account for auth token provided
D/Uploader( 9092): Network request failed class java.net.UnknownHostException(Unable to resolve host "play.googleapis.com": No address associated with hostname)
D/dalvikvm( 9092): GC_FOR_ALLOC freed 367K, 4% free 16842K/17416K, paused 9ms, total 10ms
W/Uploader( 9092): No account for auth token provided
D/Uploader( 9092): Network request failed class java.net.UnknownHostException(Unable to resolve host "play.googleapis.com": No address associated with hostname)
D/ConnectivityService(  744): Sampling interval elapsed, updating statistics ..
D/ConnectivityService(  744): Done.
D/ConnectivityService(  744): Setting timer for 720seconds
W/Uploader( 9092): No account for auth token provided
D/Uploader( 9092): Network request failed class java.net.UnknownHostException(Unable to resolve host "play.googleapis.com": No address associated with hostname)
E/OmahaClient(17621): Failed to contact server: 
V/ExponentialBackoffScheduler(17621): now(Tue Apr 21 06:20:51 GMT+08:00 2015) refiringAt(Tue Apr 21 11:20:51 GMT+08:00 2015)
D/AlarmService( 4275): on Create
D/AlarmService( 4275): on Start
D/AlarmService( 4275): start alarm service from action ALARM_ACTION
D/AlarmService( 4275): alarm service destroy
I/EventLogService( 9111): Aggregate from 1429566681059 (log), 1429566681059 (data)
W/Uploader( 9092): No account for auth token provided
D/Uploader( 9092): Network request failed class java.net.UnknownHostException(Unable to resolve host "play.googleapis.com": No address associated with hostname)
D/ConnectivityService(  744): Sampling interval elapsed, updating statistics ..
D/ConnectivityService(  744): Done.
D/ConnectivityService(  744): Setting timer for 720seconds
W/Uploader( 9092): No account for auth token provided
D/Uploader( 9092): Network request failed class java.net.UnknownHostException(Unable to resolve host "play.googleapis.com": No address associated with hostname)
W/Uploader( 9092): No account for auth token provided
D/Uploader( 9092): Network request failed class java.net.UnknownHostException(Unable to resolve host "play.googleapis.com": No address associated with hostname)
D/ConnectivityService(  744): Sampling interval elapsed, updating statistics ..
D/ConnectivityService(  744): Done.
D/ConnectivityService(  744): Setting timer for 720seconds
D/dalvikvm( 2148): GC_CONCURRENT freed 391K, 6% free 16879K/17896K, paused 2ms+165ms, total 199ms
D/dalvikvm( 9092): GC_FOR_ALLOC freed 366K, 4% free 16842K/17416K, paused 22ms, total 22ms
W/Uploader( 9092): No account for auth token provided
D/Uploader( 9092): Network request failed class java.net.UnknownHostException(Unable to resolve host "play.googleapis.com": No address associated with hostname)
W/Uploader( 9092): No account for auth token provided
D/ConnectivityService(  744): Sampling interval elapsed, updating statistics ..
D/Uploader( 9092): Network request failed class java.net.UnknownHostException(Unable to resolve host "play.googleapis.com": No address associated with hostname)
I/EventLogService( 9111): Aggregate from 1429568751062 (log), 1429568751062 (data)
D/ConnectivityService(  744): Done.
D/ConnectivityService(  744): Setting timer for 720seconds
W/Uploader( 9092): No account for auth token provided
D/Uploader( 9092): Network request failed class java.net.UnknownHostException(Unable to resolve host "play.googleapis.com": No address associated with hostname)
W/Uploader( 9092): No account for auth token provided
D/Uploader( 9092): Network request failed class java.net.UnknownHostException(Unable to resolve host "play.googleapis.com": No address associated with hostname)
D/ConnectivityService(  744): Sampling interval elapsed, updating statistics ..
D/ConnectivityService(  744): Done.
D/ConnectivityService(  744): Setting timer for 720seconds
W/Uploader( 9092): No account for auth token provided
D/Uploader( 9092): Network request failed class java.net.UnknownHostException(Unable to resolve host "play.googleapis.com": No address associated with hostname)
D/dalvikvm( 9092): GC_FOR_ALLOC freed 365K, 4% free 16842K/17416K, paused 10ms, total 10ms
D/AlarmService( 4275): on Create
D/AlarmService( 4275): on Start
D/AlarmService( 4275): start alarm service from action ALARM_ACTION
D/AlarmService( 4275): alarm service destroy
W/Uploader( 9092): No account for auth token provided
D/ConnectivityService(  744): Sampling interval elapsed, updating statistics ..
D/Uploader( 9092): Network request failed class java.net.UnknownHostException(Unable to resolve host "play.googleapis.com": No address associated with hostname)
D/ConnectivityService(  744): Done.
D/ConnectivityService(  744): Setting timer for 720seconds
I/EventLogService( 9111): Aggregate from 1429570802010 (log), 1429570802010 (data)
D/dalvikvm( 9111): GC_CONCURRENT freed 398K, 4% free 16670K/17296K, paused 2ms+1ms, total 11ms
W/Uploader( 9092): No account for auth token provided
D/Uploader( 9092): Network request failed class java.net.UnknownHostException(Unable to resolve host "play.googleapis.com": No address associated with hostname)
D/dalvikvm( 2148): GC_CONCURRENT freed 423K, 6% free 16866K/17896K, paused 2ms+2ms, total 16ms
W/Uploader( 9092): No account for auth token provided
D/Uploader( 9092): Network request failed class java.net.UnknownHostException(Unable to resolve host "play.googleapis.com": No address associated with hostname)
D/ConnectivityService(  744): Sampling interval elapsed, updating statistics ..
D/ConnectivityService(  744): Done.
D/ConnectivityService(  744): Setting timer for 720seconds
W/Uploader( 9092): No account for auth token provided
D/Uploader( 9092): Network request failed class java.net.UnknownHostException(Unable to resolve host "play.googleapis.com": No address associated with hostname)
W/Uploader( 9092): No account for auth token provided
D/Uploader( 9092): Network request failed class java.net.UnknownHostException(Unable to resolve host "play.googleapis.com": No address associated with hostname)
D/ConnectivityService(  744): Sampling interval elapsed, updating statistics ..
D/ConnectivityService(  744): Done.
D/ConnectivityService(  744): Setting timer for 720seconds
D/dalvikvm( 9092): GC_FOR_ALLOC freed 366K, 4% free 16842K/17416K, paused 11ms, total 12ms
W/Uploader( 9092): No account for auth token provided
D/Uploader( 9092): Network request failed class java.net.UnknownHostException(Unable to resolve host "play.googleapis.com": No address associated with hostname)
I/EventLogService( 9111): Aggregate from 1429572701017 (log), 1429572701017 (data)
W/Uploader( 9092): No account for auth token provided
D/Uploader( 9092): Network request failed class java.net.UnknownHostException(Unable to resolve host "play.googleapis.com": No address associated with hostname)
D/ConnectivityService(  744): Sampling interval elapsed, updating statistics ..
D/ConnectivityService(  744): Done.
D/ConnectivityService(  744): Setting timer for 720seconds
W/Uploader( 9092): No account for auth token provided
D/Uploader( 9092): Network request failed class java.net.UnknownHostException(Unable to resolve host "play.googleapis.com": No address associated with hostname)
D/AlarmService( 4275): on Create
D/AlarmService( 4275): on Start
D/AlarmService( 4275): start alarm service from action ALARM_ACTION
D/AlarmService( 4275): alarm service destroy
D/ConnectivityService(  744): Sampling interval elapsed, updating statistics ..
D/ConnectivityService(  744): Done.
D/ConnectivityService(  744): Setting timer for 720seconds
W/Uploader( 9092): No account for auth token provided
D/Uploader( 9092): Network request failed class java.net.UnknownHostException(Unable to resolve host "play.googleapis.com": No address associated with hostname)
D/AlarmService( 4275): scheduleCheck completed
W/Uploader( 9092): No account for auth token provided
D/Uploader( 9092): Network request failed class java.net.UnknownHostException(Unable to resolve host "play.googleapis.com": No address associated with hostname)
D/dalvikvm( 9092): GC_FOR_ALLOC freed 367K, 4% free 16842K/17416K, paused 242ms, total 242ms
D/ConnectivityService(  744): Sampling interval elapsed, updating statistics ..
D/ConnectivityService(  744): Done.
D/ConnectivityService(  744): Setting timer for 720seconds
W/Uploader( 9092): No account for auth token provided
D/Uploader( 9092): Network request failed class java.net.UnknownHostException(Unable to resolve host "play.googleapis.com": No address associated with hostname)
D/dalvikvm( 2148): GC_CONCURRENT freed 413K, 6% free 16880K/17896K, paused 2ms+0ms, total 29ms
I/EventLogService( 9111): Aggregate from 1429575063014 (log), 1429575063014 (data)
W/Uploader( 9092): No account for auth token provided
D/Uploader( 9092): Network request failed class java.net.UnknownHostException(Unable to resolve host "play.googleapis.com": No address associated with hostname)
D/AlarmService( 4275): scheduleCheck completed
W/Uploader( 9092): No account for auth token provided
D/Uploader( 9092): Network request failed class java.net.UnknownHostException(Unable to resolve host "play.googleapis.com": No address associated with hostname)
D/ConnectivityService(  744): Sampling interval elapsed, updating statistics ..
D/ConnectivityService(  744): Done.
D/ConnectivityService(  744): Setting timer for 720seconds
W/Uploader( 9092): No account for auth token provided
D/ConnectivityService(  744): Sampling interval elapsed, updating statistics ..
D/ConnectivityService(  744): Done.
D/ConnectivityService(  744): Setting timer for 720seconds
D/Uploader( 9092): Network request failed class java.net.UnknownHostException(Unable to resolve host "play.googleapis.com": No address associated with hostname)
D/AlarmService( 4275): on Create
D/AlarmService( 4275): on Start
D/AlarmService( 4275): start alarm service from action ALARM_ACTION
D/AlarmService( 4275): alarm service destroy
I/EventLogService( 9111): Aggregate from 1429576903138 (log), 1429576903138 (data)
D/dalvikvm(  744): GC_EXPLICIT freed 3234K, 29% free 39341K/54868K, paused 2ms+7ms, total 77ms
W/Uploader( 9092): No account for auth token provided
D/Uploader( 9092): Network request failed class java.net.UnknownHostException(Unable to resolve host "play.googleapis.com": No address associated with hostname)
D/dalvikvm( 9092): GC_FOR_ALLOC freed 366K, 4% free 16842K/17416K, paused 10ms, total 10ms
D/ConnectivityService(  744): Sampling interval elapsed, updating statistics ..
D/ConnectivityService(  744): Done.
D/ConnectivityService(  744): Setting timer for 720seconds
W/Uploader( 9092): No account for auth token provided
D/Uploader( 9092): Network request failed class java.net.UnknownHostException(Unable to resolve host "play.googleapis.com": No address associated with hostname)
D/dalvikvm( 2148): GC_CONCURRENT freed 452K, 6% free 16843K/17896K, paused 4ms+2ms, total 229ms
W/Uploader( 9092): No account for auth token provided
D/Uploader( 9092): Network request failed class java.net.UnknownHostException(Unable to resolve host "play.googleapis.com": No address associated with hostname)
D/ConnectivityService(  744): Sampling interval elapsed, updating statistics ..
D/ConnectivityService(  744): Done.
D/ConnectivityService(  744): Setting timer for 720seconds
W/Uploader( 9092): No account for auth token provided
D/Uploader( 9092): Network request failed class java.net.UnknownHostException(Unable to resolve host "play.googleapis.com": No address associated with hostname)
W/Uploader( 9092): No account for auth token provided
D/Uploader( 9092): Network request failed class java.net.UnknownHostException(Unable to resolve host "play.googleapis.com": No address associated with hostname)
D/ConnectivityService(  744): Sampling interval elapsed, updating statistics ..
D/ConnectivityService(  744): Done.
D/ConnectivityService(  744): Setting timer for 720seconds
I/EventLogService( 9111): Aggregate from 1429579252069 (log), 1429579252069 (data)
D/AlarmService( 4275): scheduleCheck completed
W/Uploader( 9092): No account for auth token provided
D/Uploader( 9092): Network request failed class java.net.UnknownHostException(Unable to resolve host "play.googleapis.com": No address associated with hostname)
D/dalvikvm( 9092): GC_FOR_ALLOC freed 367K, 4% free 16842K/17416K, paused 9ms, total 10ms
D/ConnectivityService(  744): Sampling interval elapsed, updating statistics ..
D/ConnectivityService(  744): Done.
D/ConnectivityService(  744): Setting timer for 720seconds
W/Uploader( 9092): No account for auth token provided
D/Uploader( 9092): Network request failed class java.net.UnknownHostException(Unable to resolve host "play.googleapis.com": No address associated with hostname)
W/Uploader( 9092): No account for auth token provided
D/Uploader( 9092): Network request failed class java.net.UnknownHostException(Unable to resolve host "play.googleapis.com": No address associated with hostname)
D/AlarmService( 4275): on Create
D/AlarmService( 4275): on Start
D/AlarmService( 4275): start alarm service from action ALARM_ACTION
D/AlarmService( 4275): alarm service destroy
W/Uploader( 9092): No account for auth token provided
D/Uploader( 9092): Network request failed class java.net.UnknownHostException(Unable to resolve host "play.googleapis.com": No address associated with hostname)
D/ConnectivityService(  744): Sampling interval elapsed, updating statistics ..
D/ConnectivityService(  744): Done.
D/ConnectivityService(  744): Setting timer for 720seconds
I/EventLogService( 9111): Aggregate from 1429581701010 (log), 1429581701010 (data)
D/dalvikvm( 9111): GC_FOR_ALLOC freed 375K, 4% free 16635K/17292K, paused 16ms, total 16ms
W/Uploader( 9092): No account for auth token provided
D/Uploader( 9092): Network request failed class java.net.UnknownHostException(Unable to resolve host "play.googleapis.com": No address associated with hostname)
D/ConnectivityService(  744): Sampling interval elapsed, updating statistics ..
D/dalvikvm( 2148): GC_CONCURRENT freed 418K, 6% free 16873K/17896K, paused 3ms+2ms, total 230ms
D/ConnectivityService(  744): Done.
D/ConnectivityService(  744): Setting timer for 720seconds
W/Uploader( 9092): No account for auth token provided
D/Uploader( 9092): Network request failed class java.net.UnknownHostException(Unable to resolve host "play.googleapis.com": No address associated with hostname)
D/dalvikvm( 9092): GC_FOR_ALLOC freed 367K, 4% free 16842K/17416K, paused 18ms, total 18ms
W/Uploader( 9092): No account for auth token provided
D/Uploader( 9092): Network request failed class java.net.UnknownHostException(Unable to resolve host "play.googleapis.com": No address associated with hostname)
W/Uploader( 9092): No account for auth token provided
D/Uploader( 9092): Network request failed class java.net.UnknownHostException(Unable to resolve host "play.googleapis.com": No address associated with hostname)
D/ConnectivityService(  744): Sampling interval elapsed, updating statistics ..
D/ConnectivityService(  744): Done.
D/ConnectivityService(  744): Setting timer for 720seconds
W/Uploader( 9092): No account for auth token provided
D/Uploader( 9092): Network request failed class java.net.UnknownHostException(Unable to resolve host "play.googleapis.com": No address associated with hostname)
I/EventLogService( 9111): Aggregate from 1429583574036 (log), 1429583574036 (data)
W/Uploader( 9092): No account for auth token provided
D/Uploader( 9092): Network request failed class java.net.UnknownHostException(Unable to resolve host "play.googleapis.com": No address associated with hostname)
D/ConnectivityService(  744): Sampling interval elapsed, updating statistics ..
D/ConnectivityService(  744): Done.
D/ConnectivityService(  744): Setting timer for 720seconds
W/Uploader( 9092): No account for auth token provided
D/Uploader( 9092): Network request failed class java.net.UnknownHostException(Unable to resolve host "play.googleapis.com": No address associated with hostname)
D/dalvikvm( 9092): GC_FOR_ALLOC freed 366K, 4% free 16842K/17416K, paused 17ms, total 18ms
W/Uploader( 9092): No account for auth token provided
E/OmahaClient(17621): Failed to contact server: 
V/ExponentialBackoffScheduler(17621): now(Tue Apr 21 11:20:52 GMT+08:00 2015) refiringAt(Tue Apr 21 16:20:52 GMT+08:00 2015)
D/Uploader( 9092): Network request failed class java.net.UnknownHostException(Unable to resolve host "play.googleapis.com": No address associated with hostname)
D/AlarmService( 4275): on Create
D/AlarmService( 4275): on Start
D/AlarmService( 4275): start alarm service from action ALARM_ACTION
D/AlarmService( 4275): alarm service destroy
D/ConnectivityService(  744): Sampling interval elapsed, updating statistics ..
D/ConnectivityService(  744): Done.
D/ConnectivityService(  744): Setting timer for 720seconds
W/Uploader( 9092): No account for auth token provided
D/Uploader( 9092): Network request failed class java.net.UnknownHostException(Unable to resolve host "play.googleapis.com": No address associated with hostname)
W/Uploader( 9092): No account for auth token provided
D/Uploader( 9092): Network request failed class java.net.UnknownHostException(Unable to resolve host "play.googleapis.com": No address associated with hostname)
D/ConnectivityService(  744): Sampling interval elapsed, updating statistics ..
I/EventLogService( 9111): Aggregate from 1429585374113 (log), 1429585374113 (data)
D/ConnectivityService(  744): Done.
D/ConnectivityService(  744): Setting timer for 720seconds
W/Uploader( 9092): No account for auth token provided
D/Uploader( 9092): Network request failed class java.net.UnknownHostException(Unable to resolve host "play.googleapis.com": No address associated with hostname)
D/dalvikvm( 2148): GC_CONCURRENT freed 481K, 6% free 16878K/17896K, paused 2ms+1ms, total 22ms
D/AlarmService( 4275): scheduleCheck completed
W/Uploader( 9092): No account for auth token provided
D/ConnectivityService(  744): Sampling interval elapsed, updating statistics ..
D/Uploader( 9092): Network request failed class java.net.UnknownHostException(Unable to resolve host "play.googleapis.com": No address associated with hostname)
D/ConnectivityService(  744): Done.
D/ConnectivityService(  744): Setting timer for 720seconds
D/dalvikvm( 9092): GC_FOR_ALLOC freed 366K, 4% free 16842K/17416K, paused 9ms, total 9ms
W/Uploader( 9092): No account for auth token provided
D/Uploader( 9092): Network request failed class java.net.UnknownHostException(Unable to resolve host "play.googleapis.com": No address associated with hostname)
W/Uploader( 9092): No account for auth token provided
D/Uploader( 9092): Network request failed class java.net.UnknownHostException(Unable to resolve host "play.googleapis.com": No address associated with hostname)
D/ConnectivityService(  744): Sampling interval elapsed, updating statistics ..
I/Genie   (19483): waking up to refresh News & Weather
V/Genie   (19483): starting service from thread id 0
V/Genie   (19483): refresh service starting
V/Genie   (19483): refresh service retry #0, ignoreMASFCache = false
V/Genie   (19483): refresh thread starting.  prefetchOnly = false
D/ConnectivityService(  744): Done.
D/ConnectivityService(  744): Setting timer for 720seconds
D/AlarmService( 4275): scheduleCheck completed
D/AlarmService( 4275): scheduleCheck completed
I/ActivityManager(  744): Waited long enough for: ServiceRecord{439f2e78 u0 com.google.android.apps.genie.geniewidget/.GenieRefreshService}
V/Genie   (19483): refresh thread making data request, retry=0
V/Genie   (19483): requestData() ignore cache == false
V/Genie   (19483): Not requesting weather due to user preference
V/Genie   (19483): MiniWidgetController notifying observers that loading is in progress
V/Genie   (19483): onReceive: intent action=com.google.android.apps.genie.MINIWIDGET_UPDATE
V/Genie   (19483): MiniWidgetProvider.onUpdate()
V/Genie   (19483): ensureScheduledUpdate()
V/Genie   (19483): getRawFeed: GenieRequest [no location]
V/Genie   (19483): [no fake location]
V/Genie   (19483): [no category restrict]
V/Genie   (19483): [no session cookie]
V/Genie   (19483):  type: [15]
V/Genie   (19483): [no news topics]
V/Genie   (19483): custom topics: []
V/Genie   (19483): makeRequest() hardMaxAge = 21600000
V/Genie   (19483): hl=zh-CN country_code=CN
V/Genie   (19483): requestProto=requestTimeoutMs: 30000, hl: "zh-CN", countryCode: "CN", config <enableNews: true >
V/Genie   (19483): requestBytes=2xCNzh-CN
V/Genie   (19483): hl=zh-CN country_code=CN
V/Genie   (19483): refresh thread awaiting request result
V/Genie   (19483): makeRequest() failure, no cache
D/Genie   (19483): Request failed at, 421 11:58 next auto-refresh time =21600000
V/Genie   (19483): MiniWidgetController notifying observers that a failure has occurred
V/Genie   (19483): refresh thread request wait over.  loading news images
V/Genie   (19483): Commited FileCache, deleted 0 obselete files and kept 28 files.
V/Genie   (19483): MiniWidgetController notifying observers that news image is updated
V/Genie   (19483): refresh thread stopping
V/Genie   (19483): maybeRetry(), retryNumber=0
V/Genie   (19483): No active network.  attempt use of cached MASF data
V/Genie   (19483): scheduling retry #1
V/Genie   (19483): onReceive: intent action=com.google.android.apps.genie.MINIWIDGET_UPDATE
V/Genie   (19483): MiniWidgetProvider.onUpdate()
V/Genie   (19483): ensureScheduledUpdate()
V/Genie   (19483): refresh service stopping
D/AlarmManagerService(  744): Kernel timezone updated to -480 minutes west of GMT
I/ActivityManager(  744): Start proc com.google.android.inputmethod.latin for broadcast com.google.android.inputmethod.latin/com.android.inputmethod.dictionarypack.EventHandler: pid=24054 uid=10052 gids={50052, 3003, 1028, 1015}
I/ActivityManager(  744): Start proc com.qualcomm.timeservice for broadcast com.qualcomm.timeservice/.TimeServiceBroadcastReceiver: pid=24084 uid=10075 gids={50075}
D/dalvikvm(24084): No JNI_OnLoad found in /vendor/lib/libTimeService.so 0x425280b0, skipping init
D/TimeService(24084): Receivedandroid.intent.action.DATE_CHANGED intent. Current Time is 1429589023107
D/        (24084): TimeServiceNative: User Time to be set is 1429589023107
D/QC-time-services(24084): Lib:time_genoff_operation: pargs->base = 2
D/QC-time-services(24084): Lib:time_genoff_operation: pargs->operation = 0
D/QC-time-services(24084): Lib:time_genoff_operation: pargs->ts_val = 1429589023107
D/QC-time-services(24084): Lib:time_genoff_operation: Send to server  passed!!
D/QC-time-services(  200): Daemon: Connection accepted:time_genoff
D/QC-time-services(  200): Daemon:Received base = 2, unit = 1, operation = 0,value = 1429589023107
D/QC-time-services(  200): Daemon:genoff_opr: Base = 2, val = 1429589023107, operation = 0
D/QC-time-services(  200): Daemon:rtc_get: Time read from RTC -- MM/DD/YY HH:MM:SS6/3/70 2:12:7
D/QC-time-services(  200): Daemon:Value read from RTC seconds = 15819127000
D/QC-time-services(  200): Daemon:new time 1429589023107 
D/QC-time-services(  200): Daemon: delta 1413769896107 genoff 1413769896107 
D/QC-time-services(  200): Daemon:genoff_persistent_update: Writing genoff = 1413769896107 to memory
D/QC-time-services(  200): Daemon:Opening File: /data/system/time/ats_2
D/QC-time-services(  200): Daemon:time_persistent_memory_opr:Genoff write operation 
D/QC-time-services(  200): Updating the TOD offset
D/QC-time-services(  200): Daemon:genoff_persistent_update: Writing genoff = 1413769896107 to memory
D/QC-time-services(  200): Daemon:Opening File: /data/system/time/ats_1
D/QC-time-services(  200): Daemon:time_persistent_memory_opr:Genoff write operation 
D/QC-time-services(  200): Daemon:Update to modem bit set
D/QC-time-services(  200): Daemon:genoff_send_modem: Sending data to MODEM !
D/QC-time-services(  200): Daemon: Base = 2, Value being sent to MODEM = 1113624223107
E/QC-time-services(24084): Receive Passed == base = 2, unit = 1, operation = 0, result = 0
D/QC-time-services(  200): Daemon: Time-services: Waiting to acceptconnection
D/QC-time-services(  200): Daemon:tod_update_ind_cb: Got Update from modem msg_id 40
W/Uploader( 9092): No account for auth token provided
