W/System.err(20433): 	at java.net.InetAddress.getAllByNameImpl(InetAddress.java:236)
W/System.err(20433): 	at java.net.InetAddress.getAllByName(InetAddress.java:214)
W/SocketClient(  176): write error (Broken pipe)
W/System.err(20433): 	at org.apache.http.impl.conn.DefaultClientConnectionOperator.openConnection(DefaultClientConnectionOperator.java:137)
W/System.err(20433): 	at org.apache.http.impl.conn.AbstractPoolEntry.open(AbstractPoolEntry.java:164)
W/System.err(20433): 	at org.apache.http.impl.conn.AbstractPooledConnAdapter.open(AbstractPooledConnAdapter.java:119)
W/System.err(20433): 	at org.apache.http.impl.client.DefaultRequestDirector.execute(DefaultRequestDirector.java:360)
W/System.err(20433): 	at org.apache.http.impl.client.AbstractHttpClient.execute(AbstractHttpClient.java:555)
W/System.err(20433): 	at org.apache.http.impl.client.AbstractHttpClient.execute(AbstractHttpClient.java:487)
W/System.err(20433): 	at org.apache.http.impl.client.AbstractHttpClient.execute(AbstractHttpClient.java:465)
W/System.err(20433): 	at com.speedsoftware.rootexplorer.fi.run(Unknown Source)
W/System.err(20433): Caused by: libcore.io.GaiException: getaddrinfo failed: EAI_NODATA (No address associated with hostname)
I/Ads     (20433): Starting ad request.
I/Ads     (20433): Use AdRequest.Builder.addTestDevice("54E6AB5625F95F5F757A0FD4BE9007D2") to get test ads on this device.
W/System.err(20433): 	at libcore.io.Posix.getaddrinfo(Native Method)
I/Ads     (20433): Please set theme of AdActivity to @android:style/Theme.Translucent to enable transparent background interstitial ad.
V/WebViewChromium(20433): Binding Chromium to the background looper Looper{425209c0}
W/System.err(20433): 	at libcore.io.ForwardingOs.getaddrinfo(ForwardingOs.java:61)
W/System.err(20433): 	at java.net.InetAddress.lookupHostByName(InetAddress.java:405)
W/System.err(20433): 	... 10 more
I/chromium(20433): [INFO:library_loader_hooks.cc(112)] Chromium logging enabled: level = 0, default verbosity = 0
I/BrowserProcessMain(20433): Initializing chromium process, renderers=0
D/dalvikvm(20433): GC_FOR_ALLOC freed 766K, 5% free 18940K/19748K, paused 11ms, total 11ms
W/chromium(20433): [WARNING:proxy_service.cc(888)] PAC support disabled because there is no system implementation
D/dalvikvm(20433): DexOpt: --- BEGIN 'ads-1306112219.jar' (bootstrap=0) ---
D/dalvikvm(20499): DexOpt: load 2ms, verify+opt 3ms, 158252 bytes
D/dalvikvm(20433): DexOpt: --- END 'ads-1306112219.jar' (success) ---
D/dalvikvm(20433): DEX prep '/data/data/com.speedsoftware.rootexplorer/cache/ads-1306112219.jar': unzip in 0ms, rewrite 72ms
W/GooglePlayServicesUtil(20433): Google Play services out of date.  Requires 5077000 but found 4033538
E/GooglePlayServicesUtil(20433): GooglePlayServices not available due to error 2
W/IntentResolver(  744): resolveIntent: multiple matches, only some with CATEGORY_DEFAULT
W/Ads     (20433): There was a problem getting an ad response. ErrorCode: 2
I/Ads     (20433): Scheduling ad refresh 60000 milliseconds from now.
W/Ads     (20433): Failed to load ad: 2
D/dalvikvm(26737): GC_FOR_ALLOC freed 523K, 8% free 17968K/19396K, paused 25ms, total 27ms
W/EventLoggerService(26737): Unable to send logs Unable to resolve host "www.google.com": No address associated with hostname
D/dalvikvm(26737): GC_FOR_ALLOC freed 130K, 6% free 18387K/19396K, paused 14ms, total 14ms
V/GAV4    (20433): Thread[GAThread,5,main]: connecting to Analytics service
V/GAV4    (20433): Thread[GAThread,5,main]: connect: bindService returned false for Intent { act=com.google.android.gms.analytics.service.START cmp=com.google.android.gms/.analytics.service.AnalyticsService (has extras) }
W/GAV4    (20433): Thread[GAThread,5,main]: Service unavailable (code=1), will retry.
I/GAV4    (20433): Thread[GAThread,5,main]: No campaign data found.
V/GAV4    (20433): Thread[GAThread,5,main]: Initialized GA Thread
W/GooglePlayServicesUtil(20433): Google Play services out of date.  Requires 5077000 but found 4033538
E/GooglePlayServicesUtil(20433): GooglePlayServices not available due to error 2
W/GAV4    (20433): Thread[GAThread,5,main]: GooglePlayServicesRepairableException getting Ad Id Info
V/GAV4    (20433): Thread[GAThread,5,main]: Loaded clientId
W/ActivityManager(  744): Unable to start service Intent { act=com.google.android.gms.analytics.service.START cmp=com.google.android.gms/.analytics.service.AnalyticsService (has extras) } U=0: not found
V/GAV4    (20433): Thread[GAThread,5,main]: putHit called
V/GAV4    (20433): Thread[GAThread,5,main]: Loaded clientId
V/GAV4    (20433): Thread[GAThread,5,main]: putHit called
D/dalvikvm(20433): GC_FOR_ALLOC freed 709K, 4% free 19084K/19828K, paused 12ms, total 13ms
V/GAV4    (20433): Thread[Service Reconnect,5,main]: connecting to Analytics service
V/GAV4    (20433): Thread[Service Reconnect,5,main]: connect: bindService returned false for Intent { act=com.google.android.gms.analytics.service.START cmp=com.google.android.gms/.analytics.service.AnalyticsService (has extras) }
W/GAV4    (20433): Thread[Service Reconnect,5,main]: Service unavailable (code=1), using local store.
V/GAV4    (20433): Thread[Service Reconnect,5,main]: falling back to local store
V/GAV4    (20433): Thread[GAThread,5,main]: Dispatch running...
V/GAV4    (20433): Thread[main,5,main]: PowerSaveMode initiated.
V/GAV4    (20433): Thread[GAThread,5,main]: ...no network connectivity
V/GAV4    (20433): Thread[GAThread,5,main]: Sending hit to store  PATH: https:  PARAMS: ul=zh-cn,  ht=1429687572819,  sr=1080x1776,  a=293719460,  aid=com.speedsoftware.rootexplorer,  ea=DA,  cid=9aa8609e-371b-4e46-8c16-a9115561b04d,  ec=L,  av=3.3.3,  v=1,  t=event,  an=Root Explorer,  tid=UA-42692075-2,  _u=.nKyAAAL,  cd=Main,  
W/ActivityManager(  744): Unable to start service Intent { act=com.google.android.gms.analytics.service.START cmp=com.google.android.gms/.analytics.service.AnalyticsService (has extras) } U=0: not found
V/GAV4    (20433): Thread[GAThread,5,main]: PowerSaveMode initiated.
V/GAV4    (20433): Thread[GAThread,5,main]: PowerSaveMode initiated.
V/GAV4    (20433): Thread[GAThread,5,main]: Sending hit to store  PATH: https:  PARAMS: ul=zh-cn,  ht=1429687572820,  sr=1080x1776,  a=293719460,  aid=com.speedsoftware.rootexplorer,  ea=setupBA,  cid=9aa8609e-371b-4e46-8c16-a9115561b04d,  ec=General,  av=3.3.3,  v=1,  t=event,  an=Root Explorer,  tid=UA-42692075-2,  _u=.KyAAAL,  cd=Main,  
D/dalvikvm(20433): GC_FOR_ALLOC freed 865K, 5% free 19120K/20020K, paused 21ms, total 23ms
D/dalvikvm(20433): GC_FOR_ALLOC freed 953K, 5% free 19077K/20068K, paused 18ms, total 18ms
D/dalvikvm(20433): GC_FOR_ALLOC freed 188K, 5% free 19111K/20068K, paused 12ms, total 13ms
I/dalvikvm-heap(20433): Grow heap (frag case) to 18.775MB for 82960-byte allocation
D/dalvikvm(20433): GC_FOR_ALLOC freed 2K, 5% free 19190K/20152K, paused 12ms, total 12ms
D/dalvikvm(20433): GC_FOR_ALLOC freed 1030K, 6% free 19095K/20160K, paused 13ms, total 16ms
D/dalvikvm(20433): GC_FOR_ALLOC freed 194K, 5% free 19154K/20160K, paused 19ms, total 19ms
I/dalvikvm-heap(20433): Grow heap (frag case) to 18.772MB for 36880-byte allocation
D/dalvikvm(20433): GC_FOR_ALLOC freed 8K, 6% free 19182K/20200K, paused 11ms, total 11ms
D/dalvikvm(20433): GC_FOR_ALLOC freed 6K, 6% free 19181K/20200K, paused 11ms, total 11ms
I/dalvikvm-heap(20433): Grow heap (frag case) to 18.798MB for 36880-byte allocation
D/dalvikvm(20433): GC_FOR_ALLOC freed <1K, 6% free 19216K/20240K, paused 12ms, total 12ms
D/dalvikvm(20433): GC_FOR_ALLOC freed 3K, 6% free 19221K/20240K, paused 11ms, total 11ms
I/dalvikvm-heap(20433): Grow heap (frag case) to 18.838MB for 36880-byte allocation
D/dalvikvm(20433): GC_FOR_ALLOC freed 0K, 6% free 19257K/20280K, paused 10ms, total 10ms
I/Ads     (20433): Scheduling ad refresh 60000 milliseconds from now.
W/InputMethodManagerService(  744): Window already focused, ignoring focus gain of: com.android.internal.view.IInputMethodClient$Stub$Proxy@42a6ef70 attribute=null, token = android.os.BinderProxy@429d75a8
D/dalvikvm(20433): GC_FOR_ALLOC freed 487K, 5% free 19460K/20280K, paused 13ms, total 14ms
I/ActivityManager(  744): START u0 {cmp=com.speedsoftware.rootexplorer/.OpStatusActivity (has extras)} from pid 20433
W/ActivityManager(  744): Activity is launching as a new task, so cancelling activity result.
D/dalvikvm(  744): GC_FOR_ALLOC freed 1421K, 19% free 47667K/58228K, paused 59ms, total 59ms
D/dalvikvm(  744): GC_FOR_ALLOC freed 1060K, 19% free 47443K/58228K, paused 42ms, total 42ms
D/dalvikvm(20433): GC_FOR_ALLOC freed 1113K, 6% free 19368K/20520K, paused 14ms, total 14ms
D/MediaProvider(25500): object removed 754
I/ActivityManager(  744): Displayed com.speedsoftware.rootexplorer/.OpStatusActivity: +101ms
D/dalvikvm(  744): GC_FOR_ALLOC freed 66K, 18% free 48311K/58228K, paused 41ms, total 41ms
I/dalvikvm-heap(  744): Grow heap (frag case) to 48.041MB for 856096-byte allocation
D/dalvikvm(  744): GC_FOR_ALLOC freed 5K, 17% free 49141K/59068K, paused 40ms, total 40ms
D/dalvikvm(  744): GC_FOR_ALLOC freed 6K, 17% free 49136K/59068K, paused 47ms, total 47ms
I/dalvikvm-heap(  744): Grow heap (frag case) to 48.846MB for 856096-byte allocation
D/dalvikvm(  744): GC_FOR_ALLOC freed <1K, 17% free 49972K/59908K, paused 46ms, total 46ms
D/dalvikvm(  744): GC_FOR_ALLOC freed 1672K, 20% free 48300K/59908K, paused 47ms, total 47ms
I/Ads     (20433): Scheduling ad refresh 60000 milliseconds from now.
D/dalvikvm(25500): GC_EXPLICIT freed 547K, 4% free 16759K/17428K, paused 1ms+2ms, total 15ms
D/dalvikvm( 8858): GC_EXPLICIT freed 2018K, 6% free 37635K/39692K, paused 2ms+2ms, total 22ms
D/dalvikvm(20433): GC_FOR_ALLOC freed 918K, 6% free 19443K/20520K, paused 15ms, total 15ms
D/dalvikvm(  744): GC_FOR_ALLOC freed 898K, 18% free 49138K/59908K, paused 42ms, total 42ms
D/dalvikvm(  744): GC_FOR_ALLOC freed 1739K, 20% free 48235K/59908K, paused 44ms, total 44ms
V/SearchControllerCache(26737): creating SearchController
E/AudioFlinger(  182): openInput() openInputStream returned input 0xb8af6198, SamplingRate 8000, Format 1, Channels 10, status 0
E/AudioFlinger(  182): openInput() created record thread: ID 912 thread 0xb8ae4108
E/AudioFlinger(  182): pzhao-->I'm creating a new client in AudioFlinger,add to mClients
E/AudioFlinger(  182): acquireWakeLock_l() AudioIn_390 status 0
E/AudioFlinger(  182): releaseWakeLock_l() AudioIn_390
E/AudioFlinger(  182): RecordThread: loop stopping
E/AudioFlinger(  182): RecordTrack constructor
E/AudioFlinger(  182): acquiring 911 from 26737
E/AudioFlinger(  182):  added new entry for 911
E/AudioFlinger(  182): RecordHandle::start()
E/AudioFlinger(  182): RecordThread::start event 0, triggerSession 0
E/AudioPolicyService(  182): inserting command: 3 at index 0, num commands 0
E/AudioPolicyService(  182): AudioCommandThread() adding set parameter string input_source=6;routing=-2147483644, io 912 ,delay 0
E/AudioPolicyService(  182): AudioCommandThread() waking up
E/AudioPolicyService(  182): AudioCommandThread() processing set parameters string input_source=6;routing=-2147483644, io 912
E/AudioFlinger(  182): setParameters(): io 912, keyvalue input_source=6;routing=-2147483644, calling pid 182
E/AudioFlinger(  182): RecordThread: loop starting
E/AudioFlinger(  182): acquireWakeLock_l() AudioIn_390 status 0
E/AudioFlinger(  182): Signal record thread
E/AudioPolicyService(  182): AudioCommandThread() going to sleep
D/audio_hw_primary(  182): select_devices: out_snd_device(0: ) in_snd_device(35: voice-rec-mic)
D/        (  182): Failed to fetch the lookup information of the device 0000003E 
E/ACDB-LOADER(  182): Error: ACDB AudProc vol returned = -19
E/AudioFlinger(  182): Record started OK
I/SearchController(26737): #onHotwordDetectorStarted
I/SearchController(26737): #onHotwordDetectorStopped
I/MicrophoneInputStream(26737): mic_close
E/AudioFlinger(  182): RecordHandle::stop()
E/AudioFlinger(  182): RecordThread::stop
V/SearchControllerCache(26737): disposing SearchController
E/AudioFlinger(  182): releaseWakeLock_l() AudioIn_390
E/AudioFlinger(  182): RecordThread: loop stopping
E/AudioFlinger(  182): Record stopped OK
E/AudioPolicyService(  182): inserting command: 3 at index 0, num commands 0
E/AudioPolicyService(  182): AudioCommandThread() adding set parameter string routing=0, io 912 ,delay 0
E/AudioPolicyService(  182): AudioCommandThread() waking up
E/AudioPolicyService(  182): AudioCommandThread() processing set parameters string routing=0, io 912
E/AudioFlinger(  182): setParameters(): io 912, keyvalue routing=0, calling pid 182
E/AudioFlinger(  182): RecordThread: loop starting
E/AudioFlinger(  182): acquireWakeLock_l() AudioIn_390 status 0
E/AudioFlinger(  182): releaseWakeLock_l() AudioIn_390
E/AudioFlinger(  182): RecordThread: loop stopping
E/AudioPolicyService(  182): AudioCommandThread() going to sleep
E/AudioFlinger(  182): RecordHandle::stop()
E/AudioFlinger(  182): RecordThread::stop
E/AudioFlinger(  182): closeInput() 912
E/AudioFlinger(  182): RecordThread: loop starting
E/AudioFlinger(  182): releasing 911 from 26737
E/AudioFlinger(  182):  decremented refcount to 0
E/AudioFlinger(  182): purging stale effects
E/AudioFlinger(  182): acquireWakeLock_l() AudioIn_390 status 0
E/AudioFlinger(  182): releaseWakeLock_l() AudioIn_390
E/AudioFlinger(  182): RecordThread 0xb8ae4108 exiting
E/AudioFlinger(  182): virtual android::AudioFlinger::RecordThread::RecordTrack::~RecordTrack()
E/AudioFlinger(  182): removeClient_l() pid 26737, calling pid 182
D/dalvikvm(26737): threadid=32: thread exiting, not yet detached (count=0)
D/dalvikvm(26737): threadid=25: thread exiting, not yet detached (count=0)
D/dalvikvm(26737): threadid=29: thread exiting, not yet detached (count=0)
I/ActivityManager(  744): START u0 {act=android.intent.action.MAIN cat=[android.intent.category.LAUNCHER] flg=0x10200000 cmp=com.pzhao.opensltest/.MainActivity} from pid 1005
D/dalvikvm(20697): Late-enabling CheckJNI
I/ActivityManager(  744): Start proc com.pzhao.opensltest for activity com.pzhao.opensltest/.MainActivity: pid=20697 uid=10104 gids={50104, 1028, 1015, 3003}
D/dalvikvm(20697): Trying to load lib /data/app-lib/com.pzhao.opensltest-1/libOpenSLTest.so 0x42525da8
D/dalvikvm(20697): Added shared lib /data/app-lib/com.pzhao.opensltest-1/libOpenSLTest.so 0x42525da8
D/dalvikvm(20697): No JNI_OnLoad found in /data/app-lib/com.pzhao.opensltest-1/libOpenSLTest.so 0x42525da8, skipping init
D/OpenSLActivity(20697): pzhao-->create RingBuffer
D/OpenSLActivity(20697): pzhao-->NativeSlave created
D/OpenSLActivity(20697): pzhao-->create engine
E/AudioFlinger(  182): registerClient() client 0xb8aafcd8, pid 20697
E/AudioFlinger(  182): sendIoConfigEvent() num events 1 event 0, param 0
E/AudioFlinger(  182): sendIoConfigEvent() num events 1 event 0, param 0
E/AudioFlinger(  182): thread 0xb5ec9008 type 0 TID 808 waking up
E/AudioFlinger(  182): acquireWakeLock_l() AudioOut_2 status 0
E/AudioFlinger(  182): processConfigEvents() remaining events 1
E/AudioFlinger(  182): thread 0xb5c5b008 type 0 TID 809 waking up
E/AudioFlinger(  182): PlaybackThread::audioConfigChanged_l, thread 0xb5ec9008, event 0, param 0
E/AudioFlinger(  182): acquireWakeLock_l() AudioOut_3 status 0
E/AudioFlinger(  182): processConfigEvents() remaining events 1
E/AudioFlinger(  182): PlaybackThread::audioConfigChanged_l, thread 0xb5c5b008, event 0, param 0
E/AudioPolicyService(  182): pzhao-->I'm getting output in AudioPolicyService.cpp
E/AudioPolicyManagerBase(  182): pzhao-->now i'm getting output in AudioPolicyMangerBase through Binder from AudioPolicyService
E/AudioPolicyManagerBase(  182): pzhao-->output come from selectOutput in AudioPolicyMangerBase
E/AudioPolicyManagerBase(  182): pzhao-->now i return output 2 from AudioPolicyMangerBase at last when profile = NULL
E/AudioPolicyService(  182): vaylb-->AudioPolicyService::getOutput():output = 2 , stream = 3, samplingRate = 44100, format = 0x000001, channelMask = 3, flags = 0
E/AudioFlinger(  182): pzhao-->Must appear!!in createTrack of AudioFlinfer.cpp 
E/AudioFlinger(  182): pzhao-->I'm creating a new client in AudioFlinger,add to mClients
E/AudioFlinger(  182): createTrack() sessionId: 913
E/AudioFlinger(  182): createTrack() lSessionId: 913
E/AudioFlinger(  182): pzhao-->Now i'm creating a new Track in Threads.cpp
E/AudioMixer(  182): add track (1)
E/AudioMixer(  182): AudioMixer::unprepareTrackForDownmix(1)
E/AudioMixer(  182):  nothing to do, no downmixer to delete
E/AudioFlinger(  182): Track constructor name 4097, calling pid 20697
E/AudioFlinger(  182): acquiring 913 from 20697
E/AudioFlinger(  182):  added new entry for 913
E/AudioFlinger(  182): start(4097), calling pid 20697 session 913
E/AudioFlinger(  182): ? => ACTIVE (4097) on thread 0xb8af1d08
E/AudioPolicyService(  182): startOutput()
E/AudioFlinger(  182): pzhao-->signal playback thread
D/OpenSLActivity(20697): pzhao-->createAudioPlayer finish
E/AudioFlinger(  182): stop(4097), calling pid 20697
E/AudioFlinger(  182): not stopping/stopped => stopping/stopped (4097) on thread 0xb5ec9008
E/AudioFlinger(  182): track 4097 s=00000000 [NOT READY] on thread 0xb5ec9008
E/AudioFlinger(  182): removeTracks_l removing track on session 913
E/AudioPolicyService(  182): stopOutput()
E/AudioPolicyService(  182): inserting command: 5 at index 0, num commands 0
E/AudioPolicyService(  182): AudioCommandThread() adding stop output 2
E/AudioPolicyService(  182): AudioCommandThread() waking up
E/AudioPolicyService(  182): AudioCommandThread() processing stop output 2
E/AudioPolicyService(  182): doStopOutput from tid 782
E/AudioPolicyService(  182): AudioCommandThread() going to sleep
I/Adreno-EGL(20697): <qeglDrvAPI_eglInitialize:320>: EGL 1.4 QUALCOMM build:  (CL3776187)
I/Adreno-EGL(20697): OpenGL ES Shader Compiler Version: 
I/Adreno-EGL(20697): Build Date: 10/15/13 Tue
I/Adreno-EGL(20697): Local Branch: 
I/Adreno-EGL(20697): Remote Branch: partner/upstream
I/Adreno-EGL(20697): Local Patches: 
I/Adreno-EGL(20697): Reconstruct Branch: 
D/OpenGLRenderer(20697): Enabling debug mode 0
I/ActivityManager(  744): Displayed com.pzhao.opensltest/.MainActivity: +238ms
D/OpenSLActivity(20697): pzhao-->startPlay
E/AudioFlinger(  182): start(4097), calling pid 20697 session 913
E/AudioFlinger(  182): ? => ACTIVE (4097) on thread 0xb8af1d08
E/AudioPolicyService(  182): startOutput()
E/AudioFlinger(  182): pzhao-->signal playback thread
D/OpenSLTest(20697): pzhao-->sleep begin
E/AudioMixer(  182): enable(1)
E/AudioMixer(  182): setParameter(VOLUME, VOLUME0/1: 00c1)
E/AudioMixer(  182): setParameter(VOLUME, VOLUME0/1: 00c1)
E/AudioMixer(  182): creating resampler from track 44100 Hz to device 48000 Hz
E/AudioMixer(  182): setParameter(RESAMPLE, SAMPLE_RATE, 44100)
E/AudioMixer(  182): setParameter(TRACK, MAIN_BUFFER, 0xb8a81b20)
E/AudioMixer(  182): mixer configuration change: 1 activeTracks (00000002) all16BitsStereoNoResample=0, resampling=1, volumeRamp=0
D/audio_hw_primary(  182): select_devices: out_snd_device(2: speaker) in_snd_device(0: )
D/OpenSLTest(20697): pzhao-->sleep end
D/OpenSLTest(20697): from Jni 4
E/AudioFlinger(  182): releaseWakeLock_l() AudioOut_3
E/AudioFlinger(  182): thread 0xb5c5b008 type 0 TID 809 going to sleep
W/Uploader( 9092): No account for auth token provided
D/Uploader( 9092): Network request failed class java.net.UnknownHostException(Unable to resolve host "play.googleapis.com": No address associated with hostname)
D/dalvikvm(26737): GC_FOR_ALLOC freed 1286K, 9% free 17788K/19396K, paused 12ms, total 13ms
D/dalvikvm(26737): GC_FOR_ALLOC freed 11K, 6% free 18288K/19396K, paused 13ms, total 13ms
W/EventLoggerService(26737): Unable to send logs Unable to resolve host "www.google.com": No address associated with hostname
E/AudioPolicyService(  182): inserting command: 2 at index 0, num commands 0
E/AudioPolicyService(  182): AudioCommandThread() adding set volume stream 3, volume 0.074990, output 2
E/AudioPolicyService(  182): AudioCommandThread() waking up
E/AudioPolicyService(  182): AudioCommandThread() processing set volume stream 3,                             volume 0.074990, output 2
E/AudioPolicyService(  182): AudioCommandThread() going to sleep
E/AudioPolicyService(  182): inserting command: 2 at index 0, num commands 0
E/AudioPolicyService(  182): AudioCommandThread() adding set volume stream 3, volume 0.074990, output 3
E/AudioPolicyService(  182): AudioCommandThread() waking up
E/AudioPolicyService(  182): AudioCommandThread() processing set volume stream 3,                             volume 0.074990, output 3
E/AudioFlinger(  182): thread 0xb5c5b008 type 0 TID 809 waking up
E/AudioFlinger(  182): acquireWakeLock_l() AudioOut_3 status 0
E/AudioPolicyService(  182): AudioCommandThread() going to sleep
E/AudioPolicyService(  182): inserting command: 2 at index 0, num commands 0
E/AudioPolicyService(  182): AudioCommandThread() adding set volume stream 9, volume 0.074990, output 2
E/AudioPolicyService(  182): AudioCommandThread() waking up
E/AudioPolicyService(  182): AudioCommandThread() processing set volume stream 9,                             volume 0.074990, output 2
E/AudioPolicyService(  182): inserting command: 2 at index 0, num commands 0
E/AudioPolicyService(  182): AudioCommandThread() adding set volume stream 9, volume 0.074990, output 3
E/AudioPolicyService(  182): AudioCommandThread() processing set volume stream 9,                             volume 0.074990, output 3
E/AudioPolicyService(  182): AudioCommandThread() going to sleep
E/AudioMixer(  182): setParameter(VOLUME, VOLUME0/1: 0133)
E/AudioMixer(  182): setParameter(VOLUME, VOLUME0/1: 0133)
E/AudioMixer(  182): mixer configuration change: 1 activeTracks (00000002) all16BitsStereoNoResample=0, resampling=1, volumeRamp=1
E/AudioFlinger(  182): releaseWakeLock_l() AudioOut_3
E/AudioFlinger(  182): thread 0xb5c5b008 type 0 TID 809 going to sleep
E/AudioPolicyService(  182): inserting command: 2 at index 0, num commands 0
E/AudioPolicyService(  182): AudioCommandThread() adding set volume stream 3, volume 0.047179, output 2
E/AudioPolicyService(  182): AudioCommandThread() waking up
E/AudioPolicyService(  182): AudioCommandThread() processing set volume stream 3,                             volume 0.047179, output 2
E/AudioPolicyService(  182): AudioCommandThread() going to sleep
E/AudioPolicyService(  182): inserting command: 2 at index 0, num commands 0
E/AudioPolicyService(  182): AudioCommandThread() adding set volume stream 3, volume 0.047179, output 3
E/AudioPolicyService(  182): AudioCommandThread() waking up
E/AudioPolicyService(  182): AudioCommandThread() processing set volume stream 3,                             volume 0.047179, output 3
E/AudioFlinger(  182): thread 0xb5c5b008 type 0 TID 809 waking up
E/AudioFlinger(  182): acquireWakeLock_l() AudioOut_3 status 0
E/AudioPolicyService(  182): AudioCommandThread() going to sleep
E/AudioPolicyService(  182): inserting command: 2 at index 0, num commands 0
E/AudioPolicyService(  182): AudioCommandThread() adding set volume stream 9, volume 0.047179, output 2
E/AudioPolicyService(  182): AudioCommandThread() waking up
E/AudioPolicyService(  182): AudioCommandThread() processing set volume stream 9,                             volume 0.047179, output 2
E/AudioMixer(  182): setParameter(VOLUME, VOLUME0/1: 00c1)
E/AudioMixer(  182): setParameter(VOLUME, VOLUME0/1: 00c1)
E/AudioMixer(  182): mixer configuration change: 1 activeTracks (00000002) all16BitsStereoNoResample=0, resampling=1, volumeRamp=1
E/AudioPolicyService(  182): AudioCommandThread() going to sleep
E/AudioPolicyService(  182): inserting command: 2 at index 0, num commands 0
E/AudioPolicyService(  182): AudioCommandThread() adding set volume stream 9, volume 0.047179, output 3
E/AudioPolicyService(  182): AudioCommandThread() waking up
E/AudioPolicyService(  182): AudioCommandThread() processing set volume stream 9,                             volume 0.047179, output 3
E/AudioPolicyService(  182): AudioCommandThread() going to sleep
E/AudioFlinger(  182): releaseWakeLock_l() AudioOut_3
E/AudioFlinger(  182): thread 0xb5c5b008 type 0 TID 809 going to sleep
E/AudioPolicyService(  182): inserting command: 2 at index 0, num commands 0
E/AudioPolicyService(  182): AudioCommandThread() adding set volume stream 3, volume 0.074990, output 2
E/AudioPolicyService(  182): AudioCommandThread() waking up
E/AudioPolicyService(  182): AudioCommandThread() processing set volume stream 3,                             volume 0.074990, output 2
E/AudioPolicyService(  182): AudioCommandThread() going to sleep
E/AudioPolicyService(  182): inserting command: 2 at index 0, num commands 0
E/AudioPolicyService(  182): AudioCommandThread() adding set volume stream 3, volume 0.074990, output 3
E/AudioPolicyService(  182): AudioCommandThread() waking up
E/AudioPolicyService(  182): AudioCommandThread() processing set volume stream 3,                             volume 0.074990, output 3
E/AudioFlinger(  182): thread 0xb5c5b008 type 0 TID 809 waking up
E/AudioPolicyService(  182): AudioCommandThread() going to sleep
E/AudioFlinger(  182): acquireWakeLock_l() AudioOut_3 status 0
E/AudioMixer(  182): setParameter(VOLUME, VOLUME0/1: 0133)
E/AudioMixer(  182): setParameter(VOLUME, VOLUME0/1: 0133)
E/AudioMixer(  182): mixer configuration change: 1 activeTracks (00000002) all16BitsStereoNoResample=0, resampling=1, volumeRamp=1
E/AudioPolicyService(  182): inserting command: 2 at index 0, num commands 0
E/AudioPolicyService(  182): AudioCommandThread() adding set volume stream 9, volume 0.074990, output 2
E/AudioPolicyService(  182): AudioCommandThread() waking up
E/AudioPolicyService(  182): AudioCommandThread() processing set volume stream 9,                             volume 0.074990, output 2
E/AudioPolicyService(  182): AudioCommandThread() going to sleep
E/AudioPolicyService(  182): inserting command: 2 at index 0, num commands 0
E/AudioPolicyService(  182): AudioCommandThread() adding set volume stream 9, volume 0.074990, output 3
E/AudioPolicyService(  182): AudioCommandThread() waking up
E/AudioPolicyService(  182): AudioCommandThread() processing set volume stream 9,                             volume 0.074990, output 3
E/AudioPolicyService(  182): AudioCommandThread() going to sleep
E/AudioFlinger(  182): pause(4097), calling pid 20697
E/AudioFlinger(  182): ACTIVE/RESUMING => PAUSING (4097) on thread 0xb5ec9008
E/AudioFlinger(  182): flush(4097)
D/OpenSLActivity(20697): pzhao-->reset RingBuffer
E/AudioFlinger(  182): track 4097 s=000c2372 [NOT READY] on thread 0xb5ec9008
E/AudioFlinger(  182): presentationComplete() mPresentationCompleteFrames 0 framesWritten 865920
E/AudioFlinger(  182): presentationComplete() reset: mPresentationCompleteFrames 868320 audioHalFrames 2400
E/AudioMixer(  182): disable(1)
E/AudioFlinger(  182): track 4097 s=000c2372 [NOT READY] on thread 0xb5ec9008
E/AudioFlinger(  182): presentationComplete() mPresentationCompleteFrames 868320 framesWritten 865920
E/AudioFlinger(  182): track 4097 s=000c2372 [NOT READY] on thread 0xb5ec9008
E/AudioFlinger(  182): presentationComplete() mPresentationCompleteFrames 868320 framesWritten 866880
E/AudioFlinger(  182): track 4097 s=000c2372 [NOT READY] on thread 0xb5ec9008
E/AudioFlinger(  182): presentationComplete() mPresentationCompleteFrames 868320 framesWritten 866880
E/AudioFlinger(  182): track 4097 s=000c2372 [NOT READY] on thread 0xb5ec9008
E/AudioFlinger(  182): presentationComplete() mPresentationCompleteFrames 868320 framesWritten 867840
E/AudioFlinger(  182): track 4097 s=000c2372 [NOT READY] on thread 0xb5ec9008
E/AudioFlinger(  182): presentationComplete() mPresentationCompleteFrames 868320 framesWritten 867840
E/AudioFlinger(  182): track 4097 s=000c2372 [NOT READY] on thread 0xb5ec9008
E/AudioFlinger(  182): presentationComplete() mPresentationCompleteFrames 868320 framesWritten 868800
E/AudioFlinger(  182): presentationComplete() session 913 complete: framesWritten 868800
E/AudioFlinger(  182): removeTracks_l removing track on session 913
E/AudioPolicyService(  182): stopOutput()
E/AudioPolicyService(  182): inserting command: 5 at index 0, num commands 0
E/AudioPolicyService(  182): AudioCommandThread() adding stop output 2
E/AudioPolicyService(  182): AudioCommandThread() waking up
E/AudioPolicyService(  182): AudioCommandThread() processing stop output 2
E/AudioPolicyService(  182): doStopOutput from tid 782
E/AudioPolicyService(  182): AudioCommandThread() going to sleep
E/AudioFlinger(  182): start(4097), calling pid 20697 session 913
E/AudioFlinger(  182): ? => ACTIVE (4097) on thread 0xb8af1d08
E/AudioPolicyService(  182): startOutput()
E/AudioFlinger(  182): pzhao-->signal playback thread
E/AudioFlinger(  182): stop(4097), calling pid 20697
E/AudioFlinger(  182): not stopping/stopped => stopping/stopped (4097) on thread 0xb5ec9008
D/OpenSLActivity(20697): pzhao-->startPlay
E/AudioFlinger(  182): start(4097), calling pid 20697 session 913
E/AudioFlinger(  182): ? => ACTIVE (4097) on thread 0xb8af1d08
E/AudioFlinger(  182): pzhao-->signal playback thread
E/AudioFlinger(  182): track 4097 s=000c2372 [NOT READY] on thread 0xb5ec9008
D/OpenSLTest(20697): pzhao-->sleep begin
E/AudioMixer(  182): enable(1)
E/AudioMixer(  182): mixer configuration change: 1 activeTracks (00000002) all16BitsStereoNoResample=0, resampling=1, volumeRamp=0
E/AudioFlinger(  182): releaseWakeLock_l() AudioOut_3
E/AudioFlinger(  182): thread 0xb5c5b008 type 0 TID 809 going to sleep
D/OpenSLTest(20697): pzhao-->sleep end
D/OpenSLTest(20697): from Jni 4
E/AudioFlinger(  182): pause(4097), calling pid 20697
E/AudioFlinger(  182): ACTIVE/RESUMING => PAUSING (4097) on thread 0xb5ec9008
E/AudioFlinger(  182): flush(4097)
D/OpenSLActivity(20697): pzhao-->reset RingBuffer
E/AudioFlinger(  182): track 4097 s=000dd000 [NOT READY] on thread 0xb5ec9008
E/AudioFlinger(  182): presentationComplete() mPresentationCompleteFrames 0 framesWritten 1034880
E/AudioFlinger(  182): presentationComplete() reset: mPresentationCompleteFrames 1037280 audioHalFrames 2400
E/AudioMixer(  182): disable(1)
E/AudioFlinger(  182): track 4097 s=000dd000 [NOT READY] on thread 0xb5ec9008
E/AudioFlinger(  182): presentationComplete() mPresentationCompleteFrames 1037280 framesWritten 1034880
E/AudioFlinger(  182): track 4097 s=000dd000 [NOT READY] on thread 0xb5ec9008
E/AudioFlinger(  182): presentationComplete() mPresentationCompleteFrames 1037280 framesWritten 1035840
E/AudioFlinger(  182): track 4097 s=000dd000 [NOT READY] on thread 0xb5ec9008
E/AudioFlinger(  182): presentationComplete() mPresentationCompleteFrames 1037280 framesWritten 1035840
E/AudioFlinger(  182): track 4097 s=000dd000 [NOT READY] on thread 0xb5ec9008
E/AudioFlinger(  182): presentationComplete() mPresentationCompleteFrames 1037280 framesWritten 1036800
E/AudioFlinger(  182): track 4097 s=000dd000 [NOT READY] on thread 0xb5ec9008
E/AudioFlinger(  182): presentationComplete() mPresentationCompleteFrames 1037280 framesWritten 1036800
E/AudioFlinger(  182): track 4097 s=000dd000 [NOT READY] on thread 0xb5ec9008
E/AudioFlinger(  182): presentationComplete() mPresentationCompleteFrames 1037280 framesWritten 1037760
E/AudioFlinger(  182): presentationComplete() session 913 complete: framesWritten 1037760
E/AudioFlinger(  182): removeTracks_l removing track on session 913
E/AudioPolicyService(  182): stopOutput()
E/AudioPolicyService(  182): inserting command: 5 at index 0, num commands 0
E/AudioPolicyService(  182): AudioCommandThread() adding stop output 2
E/AudioPolicyService(  182): AudioCommandThread() waking up
E/AudioPolicyService(  182): AudioCommandThread() processing stop output 2
E/AudioPolicyService(  182): doStopOutput from tid 782
E/AudioPolicyService(  182): AudioCommandThread() going to sleep
E/AudioFlinger(  182): start(4097), calling pid 20697 session 913
E/AudioFlinger(  182): ? => ACTIVE (4097) on thread 0xb8af1d08
E/AudioPolicyService(  182): startOutput()
E/AudioFlinger(  182): pzhao-->signal playback thread
E/AudioFlinger(  182): stop(4097), calling pid 20697
E/AudioFlinger(  182): not stopping/stopped => stopping/stopped (4097) on thread 0xb5ec9008
D/OpenSLActivity(20697): pzhao-->startPlay
E/AudioFlinger(  182): start(4097), calling pid 20697 session 913
E/AudioFlinger(  182): ? => ACTIVE (4097) on thread 0xb8af1d08
E/AudioFlinger(  182): pzhao-->signal playback thread
D/OpenSLTest(20697): pzhao-->sleep begin
E/AudioMixer(  182): enable(1)
E/AudioMixer(  182): mixer configuration change: 1 activeTracks (00000002) all16BitsStereoNoResample=0, resampling=1, volumeRamp=0
D/OpenSLTest(20697): pzhao-->sleep end
D/OpenSLTest(20697): from Jni 4
E/AudioFlinger(  182): pause(4097), calling pid 20697
E/AudioFlinger(  182): ACTIVE/RESUMING => PAUSING (4097) on thread 0xb5ec9008
E/AudioFlinger(  182): flush(4097)
D/OpenSLActivity(20697): pzhao-->reset RingBuffer
E/AudioFlinger(  182): track 4097 s=000f1238 [NOT READY] on thread 0xb5ec9008
E/AudioFlinger(  182): presentationComplete() mPresentationCompleteFrames 0 framesWritten 1156800
E/AudioFlinger(  182): presentationComplete() reset: mPresentationCompleteFrames 1159200 audioHalFrames 2400
E/AudioMixer(  182): disable(1)
E/AudioFlinger(  182): track 4097 s=000f1238 [NOT READY] on thread 0xb5ec9008
E/AudioFlinger(  182): presentationComplete() mPresentationCompleteFrames 1159200 framesWritten 1156800
E/AudioFlinger(  182): track 4097 s=000f1238 [NOT READY] on thread 0xb5ec9008
E/AudioFlinger(  182): presentationComplete() mPresentationCompleteFrames 1159200 framesWritten 1157760
E/AudioFlinger(  182): track 4097 s=000f1238 [NOT READY] on thread 0xb5ec9008
E/AudioFlinger(  182): presentationComplete() mPresentationCompleteFrames 1159200 framesWritten 1157760
E/AudioFlinger(  182): track 4097 s=000f1238 [NOT READY] on thread 0xb5ec9008
E/AudioFlinger(  182): presentationComplete() mPresentationCompleteFrames 1159200 framesWritten 1158720
E/AudioFlinger(  182): track 4097 s=000f1238 [NOT READY] on thread 0xb5ec9008
E/AudioFlinger(  182): presentationComplete() mPresentationCompleteFrames 1159200 framesWritten 1158720
E/AudioFlinger(  182): track 4097 s=000f1238 [NOT READY] on thread 0xb5ec9008
E/AudioFlinger(  182): presentationComplete() mPresentationCompleteFrames 1159200 framesWritten 1159680
E/AudioFlinger(  182): presentationComplete() session 913 complete: framesWritten 1159680
E/AudioFlinger(  182): removeTracks_l removing track on session 913
E/AudioPolicyService(  182): stopOutput()
E/AudioPolicyService(  182): inserting command: 5 at index 0, num commands 0
E/AudioPolicyService(  182): AudioCommandThread() adding stop output 2
E/AudioPolicyService(  182): AudioCommandThread() waking up
E/AudioPolicyService(  182): AudioCommandThread() processing stop output 2
E/AudioPolicyService(  182): doStopOutput from tid 782
E/AudioPolicyService(  182): AudioCommandThread() going to sleep
E/AudioFlinger(  182): start(4097), calling pid 20697 session 913
D/OpenSLActivity(20697): pzhao-->startPlay
D/OpenSLTest(20697): pzhao-->sleep begin
E/AudioFlinger(  182): ? => ACTIVE (4097) on thread 0xb8af1d08
E/AudioPolicyService(  182): startOutput()
E/AudioFlinger(  182): pzhao-->signal playback thread
E/AudioFlinger(  182): track 4097 s=000f1238 [NOT READY] on thread 0xb5ec9008
E/AudioMixer(  182): enable(1)
E/AudioMixer(  182): mixer configuration change: 1 activeTracks (00000002) all16BitsStereoNoResample=0, resampling=1, volumeRamp=0
D/OpenSLTest(20697): pzhao-->sleep end
D/OpenSLTest(20697): from Jni 4
E/AudioPolicyService(  182): inserting command: 2 at index 0, num commands 0
E/AudioPolicyService(  182): AudioCommandThread() adding set volume stream 3, volume 0.111558, output 2
E/AudioPolicyService(  182): AudioCommandThread() waking up
E/AudioPolicyService(  182): AudioCommandThread() processing set volume stream 3,                             volume 0.111558, output 2
E/AudioPolicyService(  182): AudioCommandThread() going to sleep
E/AudioPolicyService(  182): inserting command: 2 at index 0, num commands 0
E/AudioPolicyService(  182): AudioCommandThread() adding set volume stream 3, volume 0.111558, output 3
E/AudioPolicyService(  182): AudioCommandThread() waking up
E/AudioPolicyService(  182): AudioCommandThread() processing set volume stream 3,                             volume 0.111558, output 3
E/AudioFlinger(  182): thread 0xb5c5b008 type 0 TID 809 waking up
E/AudioPolicyService(  182): AudioCommandThread() going to sleep
E/AudioFlinger(  182): acquireWakeLock_l() AudioOut_3 status 0
E/AudioPolicyService(  182): inserting command: 2 at index 0, num commands 0
E/AudioPolicyService(  182): AudioCommandThread() adding set volume stream 9, volume 0.111558, output 2
E/AudioPolicyService(  182): AudioCommandThread() waking up
E/AudioPolicyService(  182): AudioCommandThread() processing set volume stream 9,                             volume 0.111558, output 2
E/AudioPolicyService(  182): AudioCommandThread() going to sleep
E/AudioPolicyService(  182): inserting command: 2 at index 0, num commands 0
E/AudioPolicyService(  182): AudioCommandThread() adding set volume stream 9, volume 0.111558, output 3
E/AudioPolicyService(  182): AudioCommandThread() waking up
E/AudioPolicyService(  182): AudioCommandThread() processing set volume stream 9,                             volume 0.111558, output 3
E/AudioPolicyService(  182): AudioCommandThread() going to sleep
E/AudioMixer(  182): setParameter(VOLUME, VOLUME0/1: 01c8)
E/AudioMixer(  182): setParameter(VOLUME, VOLUME0/1: 01c8)
E/AudioMixer(  182): mixer configuration change: 1 activeTracks (00000002) all16BitsStereoNoResample=0, resampling=1, volumeRamp=1
D/OpenSLActivity(20697): pzhao-->max=0,min=-32768
E/AudioMixer(  182): setParameter(VOLUME, VOLUME0/1: 0000)
E/AudioMixer(  182): setParameter(VOLUME, VOLUME0/1: 0000)
E/AudioMixer(  182): mixer configuration change: 1 activeTracks (00000002) all16BitsStereoNoResample=0, resampling=1, volumeRamp=1
D/OpenSLActivity(20697): pzhao-->max=0,min=-32768
E/AudioMixer(  182): setParameter(VOLUME, VOLUME0/1: 01c8)
E/AudioMixer(  182): setParameter(VOLUME, VOLUME0/1: 01c8)
E/AudioMixer(  182): mixer configuration change: 1 activeTracks (00000002) all16BitsStereoNoResample=0, resampling=1, volumeRamp=1
E/AudioFlinger(  182): releaseWakeLock_l() AudioOut_3
E/AudioFlinger(  182): thread 0xb5c5b008 type 0 TID 809 going to sleep
E/AudioFlinger(  182): stop(4097), calling pid 20697
E/AudioFlinger(  182): not stopping/stopped => stopping/stopped (4097) on thread 0xb5ec9008
E/AudioFlinger(  182): releasing 913 from 20697
E/AudioFlinger(  182):  decremented refcount to 0
E/AudioFlinger(  182): purging stale effects
D/OpenSLActivity(20697): pzhao-->delete RingBuffer
D/OpenSLActivity(20697): pzhao-->delete NativeSlave
E/AudioFlinger(  182): track 4097 s=0013ed8c [NOT READY] on thread 0xb5ec9008
E/AudioFlinger(  182): presentationComplete() mPresentationCompleteFrames 0 framesWritten 1560000
E/AudioFlinger(  182): presentationComplete() reset: mPresentationCompleteFrames 1562400 audioHalFrames 2400
E/AudioMixer(  182): disable(1)
E/AudioFlinger(  182): track 4097 s=0013ed8c [NOT READY] on thread 0xb5ec9008
E/AudioFlinger(  182): presentationComplete() mPresentationCompleteFrames 1562400 framesWritten 1560000
E/AudioFlinger(  182): track 4097 s=0013ed8c [NOT READY] on thread 0xb5ec9008
E/AudioFlinger(  182): presentationComplete() mPresentationCompleteFrames 1562400 framesWritten 1560960
E/AudioFlinger(  182): track 4097 s=0013ed8c [NOT READY] on thread 0xb5ec9008
E/AudioFlinger(  182): presentationComplete() mPresentationCompleteFrames 1562400 framesWritten 1560960
E/AudioFlinger(  182): track 4097 s=0013ed8c [NOT READY] on thread 0xb5ec9008
E/AudioFlinger(  182): presentationComplete() mPresentationCompleteFrames 1562400 framesWritten 1561920
E/AudioFlinger(  182): track 4097 s=0013ed8c [NOT READY] on thread 0xb5ec9008
E/AudioFlinger(  182): presentationComplete() mPresentationCompleteFrames 1562400 framesWritten 1561920
E/AudioFlinger(  182): track 4097 s=0013ed8c [NOT READY] on thread 0xb5ec9008
E/AudioFlinger(  182): presentationComplete() mPresentationCompleteFrames 1562400 framesWritten 1562880
E/AudioFlinger(  182): presentationComplete() session 913 complete: framesWritten 1562880
E/AudioFlinger(  182): removeTracks_l removing track on session 913
E/AudioFlinger(  182): remove track (4097) and delete from mixer
E/AudioMixer(  182): AudioMixer::deleteTrackName(4097)
E/AudioMixer(  182): deleteTrackName(1)
E/AudioMixer(  182): AudioMixer::unprepareTrackForDownmix(1)
E/AudioMixer(  182):  nothing to do, no downmixer to delete
E/AudioPolicyService(  182): stopOutput()
E/AudioPolicyService(  182): inserting command: 5 at index 0, num commands 0
E/AudioPolicyService(  182): AudioCommandThread() adding stop output 2
E/AudioPolicyService(  182): vaylb_test-->AudioPolicyService:releaseOutput(2)
E/AudioPolicyService(  182): AudioCommandThread() waking up
E/AudioPolicyService(  182): AudioCommandThread() processing stop output 2
E/AudioPolicyService(  182): doStopOutput from tid 782
E/AudioPolicyService(  182): AudioCommandThread() going to sleep
E/AudioPolicyService(  182): inserting command: 6 at index 0, num commands 0
E/AudioPolicyService(  182): AudioCommandThread() adding release output 2
E/AudioFlinger(  182): PlaybackThread::Track destructor
E/AudioPolicyService(  182): AudioCommandThread() waking up
E/AudioPolicyService(  182): AudioCommandThread() processing release output 2
E/AudioPolicyService(  182): doReleaseOutput from tid 782
E/AudioPolicyService(  182): AudioCommandThread() going to sleep
E/AudioFlinger(  182): removeClient_l() pid 20697, calling pid 182
D/dalvikvm(  744): GC_FOR_ALLOC freed 3545K, 22% free 46806K/59908K, paused 48ms, total 48ms
V/SearchControllerCache(26737): creating SearchController
E/AudioFlinger(  182): openInput() openInputStream returned input 0xb8af6198, SamplingRate 8000, Format 1, Channels 10, status 0
E/AudioFlinger(  182): openInput() created record thread: ID 915 thread 0xb8ae4108
E/AudioFlinger(  182): acquireWakeLock_l() AudioIn_393 status 0
E/AudioFlinger(  182): releaseWakeLock_l() AudioIn_393
E/AudioFlinger(  182): RecordThread: loop stopping
E/AudioFlinger(  182): pzhao-->I'm creating a new client in AudioFlinger,add to mClients
E/AudioFlinger(  182): RecordTrack constructor
E/AudioFlinger(  182): acquiring 914 from 26737
E/AudioFlinger(  182):  added new entry for 914
E/AudioFlinger(  182): RecordHandle::start()
E/AudioFlinger(  182): RecordThread::start event 0, triggerSession 0
E/AudioPolicyService(  182): inserting command: 3 at index 0, num commands 0
E/AudioPolicyService(  182): AudioCommandThread() adding set parameter string input_source=6;routing=-2147483644, io 915 ,delay 0
E/AudioPolicyService(  182): AudioCommandThread() waking up
E/AudioPolicyService(  182): AudioCommandThread() processing set parameters string input_source=6;routing=-2147483644, io 915
E/AudioFlinger(  182): setParameters(): io 915, keyvalue input_source=6;routing=-2147483644, calling pid 182
E/AudioFlinger(  182): RecordThread: loop starting
E/AudioFlinger(  182): acquireWakeLock_l() AudioIn_393 status 0
E/AudioFlinger(  182): Signal record thread
E/AudioPolicyService(  182): AudioCommandThread() going to sleep
D/audio_hw_primary(  182): select_devices: out_snd_device(0: ) in_snd_device(35: voice-rec-mic)
D/        (  182): Failed to fetch the lookup information of the device 0000003E 
E/ACDB-LOADER(  182): Error: ACDB AudProc vol returned = -19
E/AudioFlinger(  182): Record started OK
I/SearchController(26737): #onHotwordDetectorStarted
E/AudioFlinger(  182): Audio hardware entering standby, mixer 0xb5ec9008, suspend count 0
E/audio_hw_primary(  182): vaylb_test-->HAL:out_standby_new run.
E/audio_hw_primary(  182): vaylb_test-->HAL:out_standby run.
E/AudioFlinger(  182): releaseWakeLock_l() AudioOut_2
E/AudioFlinger(  182): thread 0xb5ec9008 type 0 TID 808 going to sleep
D/dalvikvm(26737): GC_FOR_ALLOC freed 979K, 8% free 17964K/19396K, paused 59ms, total 60ms
D/dalvikvm( 9176): GC_FOR_ALLOC freed 1559K, 8% free 21040K/22700K, paused 96ms, total 97ms
I/ActivityManager(  744): Start proc com.android.deskclock for broadcast com.android.deskclock/com.android.alarmclock.DigitalAppWidgetProvider: pid=20839 uid=10035 gids={50035, 1028}
D/dalvikvm(20839): Debugger has detached; object registry had 1 entries
D/AlarmService( 4275): scheduleCheck completed
D/Daemon  ( 2241): [startService]...component:com.sds.android.ttpod/com.igexin.sdk.PushService
D/Daemon  ( 2241): [startService]Parent process is running,ChildPid is 20877, ParentPid is 2241
D/Daemon  ( 2241): startService called...
D/Daemon  ( 2241): waiting...
D/Daemon  (20877): [startService]Child process is running,CurPid is 0, ChildPid is 20877
D/AndroidRuntime(20877): 
D/AndroidRuntime(20877): >>>>>> AndroidRuntime START com.android.internal.os.RuntimeInit <<<<<<
D/AndroidRuntime(20877): CheckJNI is OFF
D/dalvikvm(20877): Trying to load lib libjavacore.so 0x0
D/dalvikvm(20877): Added shared lib libjavacore.so 0x0
D/dalvikvm(20877): Trying to load lib libnativehelper.so 0x0
D/dalvikvm(20877): Added shared lib libnativehelper.so 0x0
D/dalvikvm(20877): No JNI_OnLoad found in libnativehelper.so 0x0, skipping init
D/dalvikvm(20877): Note: class Landroid/app/ActivityManagerNative; has 179 unimplemented (abstract) methods
D/AndroidRuntime(20877): Calling main entry com.android.commands.am.Am
D/AndroidRuntime(20877): Shutting down VM
D/dalvikvm(20877): Debugger has detached; object registry had 1 entries
W/Uploader( 9092): No account for auth token provided
D/Uploader( 9092): Network request failed class java.net.UnknownHostException(Unable to resolve host "play.googleapis.com": No address associated with hostname)
W/SocketClient(  176): write error (Broken pipe)
I/Icing.InternalIcingCorporaProvider(26737): Updating corpora: A: SCORES, C: NONE
D/dalvikvm(26737): GC_FOR_ALLOC freed 540K, 8% free 17971K/19396K, paused 16ms, total 16ms
W/System.err( 4275): java.util.concurrent.ExecutionException: java.util.concurrent.ExecutionException: java.net.UnknownHostException: Unable to resolve host "m.cfg.wandoujia.com": No address associated with hostname
W/System.err( 4275): 	at com.wandoujia.rpc.http.client.DataClient.executeHttpRequest(:147)
W/System.err( 4275): 	at com.wandoujia.rpc.http.client.DataClient.execute(:61)
W/System.err( 4275): 	at com.wandoujia.rpc.http.client.DataClientCache.execute(:105)
W/System.err( 4275): 	at o.bpc.execute(:36)
W/System.err( 4275): 	at o.csq.(:111)
W/System.err( 4275): 	at o.csq$if.run(:136)
W/System.err( 4275): 	at java.lang.Thread.run(Thread.java:841)
W/System.err( 4275): Caused by: java.util.concurrent.ExecutionException: java.net.UnknownHostException: Unable to resolve host "m.cfg.wandoujia.com": No address associated with hostname
W/System.err( 4275): 	at com.wandoujia.rpc.http.client.DataClient.executeHttpRequest(:145)
W/System.err( 4275): 	... 6 more
W/System.err( 4275): Caused by: java.net.UnknownHostException: Unable to resolve host "m.cfg.wandoujia.com": No address associated with hostname
W/System.err( 4275): 	at java.net.InetAddress.lookupHostByName(InetAddress.java:424)
W/System.err( 4275): 	at java.net.InetAddress.getAllByNameImpl(InetAddress.java:236)
W/System.err( 4275): 	at java.net.InetAddress.getAllByName(InetAddress.java:214)
W/System.err( 4275): 	at org.apache.http.impl.conn.DefaultClientConnectionOperator.openConnection(DefaultClientConnectionOperator.java:137)
W/System.err( 4275): 	at org.apache.http.impl.conn.AbstractPoolEntry.open(AbstractPoolEntry.java:164)
W/System.err( 4275): 	at org.apache.http.impl.conn.AbstractPooledConnAdapter.open(AbstractPooledConnAdapter.java:119)
W/System.err( 4275): 	at org.apache.http.impl.client.DefaultRequestDirector.execute(DefaultRequestDirector.java:360)
W/System.err( 4275): 	at org.apache.http.impl.client.AbstractHttpClient.execute(AbstractHttpClient.java:555)
W/System.err( 4275): 	at com.wandoujia.base.http.HttpClientWrapper.execute(:127)
W/System.err( 4275): 	at com.wandoujia.base.http.HttpClientWrapper.execute(:96)
W/System.err( 4275): 	at com.wandoujia.base.http.HttpClientWrapper.execute(:87)
W/System.err( 4275): 	at com.wandoujia.rpc.http.client.DataClient.executeHttpRequest(:139)
W/System.err( 4275): 	... 6 more
W/System.err( 4275): Caused by: libcore.io.GaiException: getaddrinfo failed: EAI_NODATA (No address associated with hostname)
W/System.err( 4275): 	at libcore.io.Posix.getaddrinfo(Native Method)
W/System.err( 4275): 	at libcore.io.ForwardingOs.getaddrinfo(ForwardingOs.java:61)
W/System.err( 4275): 	at java.net.InetAddress.lookupHostByName(InetAddress.java:405)
W/System.err( 4275): 	... 17 more
W/System.err( 4275): java.util.concurrent.ExecutionException: java.util.concurrent.ExecutionException: java.net.UnknownHostException: Unable to resolve host "xibaibai.wandoujia.com": No address associated with hostname
W/System.err( 4275): 	at com.wandoujia.rpc.http.client.DataClient.executeHttpRequest(:147)
W/System.err( 4275): 	at com.wandoujia.rpc.http.client.DataClient.execute(:61)
W/System.err( 4275): 	at com.wandoujia.rpc.http.client.DataClientCache.execute(:105)
W/System.err( 4275): 	at o.bpc.execute(:36)
W/System.err( 4275): 	at com.wandoujia.p4.clean.onlineconfig.CleanOnlineConfigController.(:89)
W/System.err( 4275): 	at o.yq.run(:109)
W/System.err( 4275): 	at java.lang.Thread.run(Thread.java:841)
W/System.err( 4275): Caused by: java.util.concurrent.ExecutionException: java.net.UnknownHostException: Unable to resolve host "xibaibai.wandoujia.com": No address associated with hostname
W/System.err( 4275): 	at com.wandoujia.rpc.http.client.DataClient.executeHttpRequest(:145)
W/System.err( 4275): 	... 6 more
W/System.err( 4275): Caused by: java.net.UnknownHostException: Unable to resolve host "xibaibai.wandoujia.com": No address associated with hostname
