W/System.err( 4275): 	at java.net.InetAddress.lookupHostByName(InetAddress.java:424)
W/System.err( 4275): 	at java.net.InetAddress.getAllByNameImpl(InetAddress.java:236)
W/System.err( 4275): 	at java.net.InetAddress.getAllByName(InetAddress.java:214)
W/System.err( 4275): 	at org.apache.http.impl.conn.DefaultClientConnectionOperator.openConnection(DefaultClientConnectionOperator.java:137)
W/System.err( 4275): 	at org.apache.http.impl.conn.AbstractPoolEntry.open(AbstractPoolEntry.java:164)
W/System.err( 4275): 	at org.apache.http.impl.conn.AbstractPooledConnAdapter.open(AbstractPooledConnAdapter.java:119)
W/System.err( 4275): 	at org.apache.http.impl.client.DefaultRequestDirector.execute(DefaultRequestDirector.java:360)
W/System.err( 4275): 	at org.apache.http.impl.client.AbstractHttpClient.execute(AbstractHttpClient.java:555)
W/System.err( 4275): 	at com.wandoujia.base.http.HttpClientWrapper.execute(:127)
W/System.err( 4275): 	at com.wandoujia.base.http.HttpClientWrapper.execute(:96)
W/System.err( 4275): 	at com.wandoujia.base.http.HttpClientWrapper.execute(:87)
W/System.err( 4275): 	at com.wandoujia.rpc.http.client.DataClient.executeHttpRequest(:139)
W/System.err( 4275): 	... 6 more
W/System.err( 4275): Caused by: libcore.io.GaiException: getaddrinfo failed: EAI_NODATA (No address associated with hostname)
W/System.err( 4275): 	at libcore.io.Posix.getaddrinfo(Native Method)
W/System.err( 4275): 	at libcore.io.ForwardingOs.getaddrinfo(ForwardingOs.java:61)
W/System.err( 4275): 	at java.net.InetAddress.lookupHostByName(InetAddress.java:405)
W/System.err( 4275): 	... 17 more
I/rmt_storage(  175): rmt_storage_connect_cb: clnt_h=0x46 conn_h=0xb7c08160
I/rmt_storage(  175): rmt_storage_rw_iovec_cb: /boot/modem_fs2: clnt_h=0x2: req_h=0x4a msg_id=3: R/W request received
I/rmt_storage(  175): wakelock acquired: 1, error no: 2
I/rmt_storage(  175): rmt_storage_client_thread: /boot/modem_fs2: clnt_h=0x2 Unblock worker thread (th_id: -1212120544)
I/rmt_storage(  175): rmt_storage_client_thread: /boot/modem_fs2: clnt_h=0x2: req_h=0x4a msg_id=3: Bytes written = 1572864
I/rmt_storage(  175): rmt_storage_client_thread: /boot/modem_fs2: clnt_h=0x2: req_h=0x4a msg_id=3: Send response: res=0 err=0
I/rmt_storage(  175): rmt_storage_client_thread: /boot/modem_fs2: clnt_h=0x2 About to block rmt_storage client thread (th_id: -1212120544) wakelock released: 1, error no: 0
I/rmt_storage(  175): 
I/rmt_storage(  175): rmt_storage_disconnect_cb: clnt_h=0x0x46 conn_h=0x0xb7c08160
D/dalvikvm(26737): GC_FOR_ALLOC freed 546K, 8% free 17973K/19396K, paused 61ms, total 61ms
D/Daemon  ( 2241): [startService]...component:com.sds.android.ttpod/com.igexin.sdk.PushService
D/Daemon  ( 2241): [startService]Parent process is running,ChildPid is 21082, ParentPid is 2241
D/Daemon  ( 2241): startService called...
D/Daemon  ( 2241): waiting...
D/Daemon  (21082): [startService]Child process is running,CurPid is 0, ChildPid is 21082
D/AndroidRuntime(21082): 
D/AndroidRuntime(21082): >>>>>> AndroidRuntime START com.android.internal.os.RuntimeInit <<<<<<
D/AndroidRuntime(21082): CheckJNI is OFF
D/dalvikvm(21082): Trying to load lib libjavacore.so 0x0
D/dalvikvm(21082): Added shared lib libjavacore.so 0x0
D/dalvikvm(21082): Trying to load lib libnativehelper.so 0x0
D/dalvikvm(21082): Added shared lib libnativehelper.so 0x0
D/dalvikvm(21082): No JNI_OnLoad found in libnativehelper.so 0x0, skipping init
D/dalvikvm(21082): Note: class Landroid/app/ActivityManagerNative; has 179 unimplemented (abstract) methods
D/AndroidRuntime(21082): Calling main entry com.android.commands.am.Am
D/AndroidRuntime(21082): Shutting down VM
D/dalvikvm(21082): Debugger has detached; object registry had 1 entries
D/ConnectivityService(  744): Sampling interval elapsed, updating statistics ..
W/Uploader( 9092): No account for auth token provided
D/ConnectivityService(  744): Done.
D/ConnectivityService(  744): Setting timer for 720seconds
D/Uploader( 9092): Network request failed class java.net.UnknownHostException(Unable to resolve host "play.googleapis.com": No address associated with hostname)
D/dalvikvm(26737): GC_FOR_ALLOC freed 561K, 8% free 17962K/19396K, paused 63ms, total 63ms
D/Daemon  ( 2241): [startService]...component:com.sds.android.ttpod/com.igexin.sdk.PushService
D/Daemon  ( 2241): [startService]Parent process is running,ChildPid is 21263, ParentPid is 2241
D/Daemon  ( 2241): startService called...
D/Daemon  ( 2241): waiting...
D/Daemon  (21263): [startService]Child process is running,CurPid is 0, ChildPid is 21263
D/AndroidRuntime(21263): 
D/AndroidRuntime(21263): >>>>>> AndroidRuntime START com.android.internal.os.RuntimeInit <<<<<<
D/AndroidRuntime(21263): CheckJNI is OFF
D/dalvikvm(21263): Trying to load lib libjavacore.so 0x0
D/dalvikvm(21263): Added shared lib libjavacore.so 0x0
D/dalvikvm(21263): Trying to load lib libnativehelper.so 0x0
D/dalvikvm(21263): Added shared lib libnativehelper.so 0x0
D/dalvikvm(21263): No JNI_OnLoad found in libnativehelper.so 0x0, skipping init
D/dalvikvm(21263): Note: class Landroid/app/ActivityManagerNative; has 179 unimplemented (abstract) methods
D/AndroidRuntime(21263): Calling main entry com.android.commands.am.Am
D/AndroidRuntime(21263): Shutting down VM
D/dalvikvm(21263): Debugger has detached; object registry had 1 entries
W/Uploader( 9092): No account for auth token provided
D/Uploader( 9092): Network request failed class java.net.UnknownHostException(Unable to resolve host "play.googleapis.com": No address associated with hostname)
W/SocketClient(  176): write error (Broken pipe)
D/dalvikvm( 9092): GC_FOR_ALLOC freed 446K, 4% free 16893K/17508K, paused 39ms, total 39ms
D/dalvikvm(26737): GC_FOR_ALLOC freed 546K, 8% free 17962K/19396K, paused 45ms, total 45ms
D/Daemon  ( 2241): [startService]...component:com.sds.android.ttpod/com.igexin.sdk.PushService
D/Daemon  ( 2241): [startService]Parent process is running,ChildPid is 21451, ParentPid is 2241
D/Daemon  ( 2241): startService called...
D/Daemon  ( 2241): waiting...
D/Daemon  (21451): [startService]Child process is running,CurPid is 0, ChildPid is 21451
D/AndroidRuntime(21451): 
D/AndroidRuntime(21451): >>>>>> AndroidRuntime START com.android.internal.os.RuntimeInit <<<<<<
D/AndroidRuntime(21451): CheckJNI is OFF
D/dalvikvm(21451): Trying to load lib libjavacore.so 0x0
D/dalvikvm(21451): Added shared lib libjavacore.so 0x0
D/dalvikvm(21451): Trying to load lib libnativehelper.so 0x0
D/dalvikvm(21451): Added shared lib libnativehelper.so 0x0
D/dalvikvm(21451): No JNI_OnLoad found in libnativehelper.so 0x0, skipping init
D/dalvikvm(21451): Note: class Landroid/app/ActivityManagerNative; has 179 unimplemented (abstract) methods
D/AndroidRuntime(21451): Calling main entry com.android.commands.am.Am
D/AndroidRuntime(21451): Shutting down VM
D/dalvikvm(21451): Debugger has detached; object registry had 1 entries
D/dalvikvm( 9176): GC_FOR_ALLOC freed 1592K, 8% free 21017K/22712K, paused 69ms, total 69ms
I/ProcessStatsService(  744): Prepared write state in 7ms
W/Uploader( 9092): No account for auth token provided
I/ProcessStatsService(  744): Prepared write state in 0ms
I/ProcessStatsService(  744): Prepared write state in 0ms
I/ProcessStatsService(  744): Prepared write state in 0ms
D/Uploader( 9092): Network request failed class java.net.UnknownHostException(Unable to resolve host "play.googleapis.com": No address associated with hostname)
I/ProcessStatsService(  744): Pruning old procstats: /data/system/procstats/state-2015-04-15-22-26-15.bin
W/System.err(26760): java.net.UnknownHostException: Unable to resolve host "get.sogou.com": No address associated with hostname
W/System.err(26760): 	at java.net.InetAddress.lookupHostByName(InetAddress.java:424)
W/System.err(26760): 	at java.net.InetAddress.getAllByNameImpl(InetAddress.java:236)
W/System.err(26760): 	at java.net.InetAddress.getAllByName(InetAddress.java:214)
W/System.err(26760): 	at com.android.okhttp.internal.Dns$1.getAllByName(Dns.java:28)
W/System.err(26760): 	at com.android.okhttp.internal.http.RouteSelector.resetNextInetSocketAddress(RouteSelector.java:216)
W/System.err(26760): 	at com.android.okhttp.internal.http.RouteSelector.next(RouteSelector.java:122)
W/System.err(26760): 	at com.android.okhttp.internal.http.HttpEngine.connect(HttpEngine.java:292)
W/System.err(26760): 	at com.android.okhttp.internal.http.HttpEngine.sendSocketRequest(HttpEngine.java:255)
W/System.err(26760): 	at com.android.okhttp.internal.http.HttpEngine.sendRequest(HttpEngine.java:206)
W/System.err(26760): 	at com.android.okhttp.internal.http.HttpURLConnectionImpl.execute(HttpURLConnectionImpl.java:345)
W/System.err(26760): 	at com.android.okhttp.internal.http.HttpURLConnectionImpl.connect(HttpURLConnectionImpl.java:89)
W/System.err(26760): 	at com.android.okhttp.internal.http.HttpURLConnectionImpl.getOutputStream(HttpURLConnectionImpl.java:197)
W/System.err(26760): 	at sogou.mobile.explorer.hotwords.ConfigManager.loadConfigFromNet(SogouSource:221)
W/System.err(26760): 	at sogou.mobile.explorer.hotwords.ConfigManager.loadConfigSync(SogouSource:112)
W/System.err(26760): 	at sogou.mobile.explorer.hotwords.ConfigManager$1.run(SogouSource:87)
W/System.err(26760): 	at java.util.Timer$TimerImpl.run(Timer.java:284)
W/System.err(26760): Caused by: libcore.io.GaiException: getaddrinfo failed: EAI_NODATA (No address associated with hostname)
W/System.err(26760): 	at libcore.io.Posix.getaddrinfo(Native Method)
W/System.err(26760): 	at libcore.io.ForwardingOs.getaddrinfo(ForwardingOs.java:61)
W/System.err(26760): 	at java.net.InetAddress.lookupHostByName(InetAddress.java:405)
W/System.err(26760): 	... 15 more
W/SocketClient(  176): write error (Broken pipe)
D/dalvikvm(26737): GC_FOR_ALLOC freed 547K, 8% free 17961K/19396K, paused 37ms, total 37ms
D/Daemon  ( 2241): [startService]...component:com.sds.android.ttpod/com.igexin.sdk.PushService
D/Daemon  ( 2241): [startService]Parent process is running,ChildPid is 21658, ParentPid is 2241
D/Daemon  ( 2241): startService called...
D/Daemon  ( 2241): waiting...
D/Daemon  (21658): [startService]Child process is running,CurPid is 0, ChildPid is 21658
D/AndroidRuntime(21658): 
D/AndroidRuntime(21658): >>>>>> AndroidRuntime START com.android.internal.os.RuntimeInit <<<<<<
D/AndroidRuntime(21658): CheckJNI is OFF
D/dalvikvm(21658): Trying to load lib libjavacore.so 0x0
D/dalvikvm(21658): Added shared lib libjavacore.so 0x0
D/dalvikvm(21658): Trying to load lib libnativehelper.so 0x0
D/dalvikvm(21658): Added shared lib libnativehelper.so 0x0
D/dalvikvm(21658): No JNI_OnLoad found in libnativehelper.so 0x0, skipping init
D/dalvikvm(21658): Note: class Landroid/app/ActivityManagerNative; has 179 unimplemented (abstract) methods
D/AndroidRuntime(21658): Calling main entry com.android.commands.am.Am
D/AndroidRuntime(21658): Shutting down VM
D/dalvikvm(21658): Debugger has detached; object registry had 1 entries
D/ConnectivityService(  744): Sampling interval elapsed, updating statistics ..
W/Uploader( 9092): No account for auth token provided
D/ConnectivityService(  744): Done.
D/ConnectivityService(  744): Setting timer for 720seconds
D/Uploader( 9092): Network request failed class java.net.UnknownHostException(Unable to resolve host "play.googleapis.com": No address associated with hostname)
I/EntropyMixer(  744): Writing entropy...
I/ActivityManager(  744): Killing 19854:com.google.android.youtube/u0a81 (adj 15): empty for 1807s
I/ActivityManager(  744): Killing 18772:com.google.android.apps.uploader/u0a58 (adj 15): empty for 1808s
I/ActivityManager(  744): Killing 18752:com.google.android.gallery3d/u0a41 (adj 15): empty for 1808s
I/ActivityManager(  744): Killing 19824:com.android.chrome/u0a34 (adj 15): empty for 1808s
I/ActivityManager(  744): Killing 19779:com.google.android.music:main/u0a59 (adj 15): empty for 1809s
D/dalvikvm(26737): GC_FOR_ALLOC freed 546K, 8% free 17961K/19396K, paused 62ms, total 63ms
I/ActivityManager(  744): Killing 19392:com.android.keychain/1000 (adj 15): empty for 1815s
I/ActivityManager(  744): Killing 18914:com.android.defcontainer/u0a4 (adj 15): empty for 1815s
W/ActivityManager(  744): Unable to start service Intent { act=com.sogouchat.im.IMsgService cmp=com.sogouchat/.os.MsgService } U=0: not found
D/Daemon  ( 2241): [startService]...component:com.sds.android.ttpod/com.igexin.sdk.PushService
D/Daemon  ( 2241): [startService]Parent process is running,ChildPid is 21857, ParentPid is 2241
D/Daemon  ( 2241): startService called...
D/Daemon  ( 2241): waiting...
D/Daemon  (21857): [startService]Child process is running,CurPid is 0, ChildPid is 21857
D/AndroidRuntime(21857): 
D/AndroidRuntime(21857): >>>>>> AndroidRuntime START com.android.internal.os.RuntimeInit <<<<<<
D/AndroidRuntime(21857): CheckJNI is OFF
D/dalvikvm(21857): Trying to load lib libjavacore.so 0x0
D/dalvikvm(21857): Added shared lib libjavacore.so 0x0
D/dalvikvm(21857): Trying to load lib libnativehelper.so 0x0
D/dalvikvm(21857): Added shared lib libnativehelper.so 0x0
D/dalvikvm(21857): No JNI_OnLoad found in libnativehelper.so 0x0, skipping init
D/dalvikvm(21857): Note: class Landroid/app/ActivityManagerNative; has 179 unimplemented (abstract) methods
D/AndroidRuntime(21857): Calling main entry com.android.commands.am.Am
D/AndroidRuntime(21857): Shutting down VM
D/jdwp    (21857): Got wake-up signal, bailing out of select
D/dalvikvm(21857): Debugger has detached; object registry had 1 entries
W/Uploader( 9092): No account for auth token provided
D/Uploader( 9092): Network request failed class java.net.UnknownHostException(Unable to resolve host "play.googleapis.com": No address associated with hostname)
D/dalvikvm( 9092): GC_FOR_ALLOC freed 241K, 4% free 16873K/17508K, paused 10ms, total 10ms
I/PowerManagerService(  744): Going to sleep due to screen timeout...
E/AudioFlinger(  182): setParameters(): io 0, keyvalue screen_state=off, calling pid 744
D/NfcService(  987): NFC-C OFF
D/LightsService(  744): Excessive delay setting light: 71ms
I/SearchController(26737): #onHotwordDetectorStopped
D/SurfaceFlinger(  179): Screen released, type=0 flinger=0xb7769450
D/qdhwcomposer(  179): hwc_blank: Blanking display: 0
I/MicrophoneInputStream(26737): mic_close
E/AudioFlinger(  182): RecordHandle::stop()
E/AudioFlinger(  182): RecordThread::stop
V/SearchControllerCache(26737): disposing SearchController
I/ActivityManager(  744): Killing 20046:com.android.voicedialer/u0a21 (adj 15): empty for 1947s
I/ActivityManager(  744): Killing 20132:com.google.android.partnersetup/u0a10 (adj 15): empty for 1947s
E/AudioFlinger(  182): releaseWakeLock_l() AudioIn_393
E/AudioFlinger(  182): RecordThread: loop stopping
E/AudioFlinger(  182): Record stopped OK
E/AudioPolicyService(  182): inserting command: 3 at index 0, num commands 0
E/AudioPolicyService(  182): AudioCommandThread() adding set parameter string routing=0, io 915 ,delay 0
E/AudioPolicyService(  182): AudioCommandThread() waking up
E/AudioPolicyService(  182): AudioCommandThread() processing set parameters string routing=0, io 915
E/AudioFlinger(  182): setParameters(): io 915, keyvalue routing=0, calling pid 182
E/AudioFlinger(  182): RecordThread: loop starting
E/AudioFlinger(  182): acquireWakeLock_l() AudioIn_393 status 0
E/AudioFlinger(  182): releaseWakeLock_l() AudioIn_393
E/AudioPolicyService(  182): AudioCommandThread() going to sleep
E/AudioFlinger(  182): RecordThread: loop stopping
E/AudioFlinger(  182): releasing 914 from 26737
E/AudioFlinger(  182):  decremented refcount to 0
E/AudioFlinger(  182): purging stale effects
E/AudioFlinger(  182): RecordHandle::stop()
E/AudioFlinger(  182): RecordThread::stop
E/AudioFlinger(  182): closeInput() 915
E/AudioFlinger(  182): RecordThread: loop starting
E/AudioFlinger(  182): acquireWakeLock_l() AudioIn_393 status 0
E/AudioFlinger(  182): releaseWakeLock_l() AudioIn_393
E/AudioFlinger(  182): RecordThread 0xb8ae4108 exiting
E/AudioFlinger(  182): virtual android::AudioFlinger::RecordThread::RecordTrack::~RecordTrack()
E/AudioFlinger(  182): removeClient_l() pid 26737, calling pid 182
D/dalvikvm(26737): threadid=33: thread exiting, not yet detached (count=0)
D/dalvikvm(26737): threadid=32: thread exiting, not yet detached (count=0)
D/dalvikvm(26737): threadid=29: thread exiting, not yet detached (count=0)
D/qdhwcomposer(  179): hwc_blank: Done blanking display: 0
D/SurfaceControl(  744): Excessive delay in blankDisplay() while turning screen off: 280ms
D/dalvikvm(  847): GC_FOR_ALLOC freed 1801K, 54% free 21821K/47288K, paused 16ms, total 20ms
D/dalvikvm(  847): GC_FOR_ALLOC freed 351K, 51% free 23174K/47288K, paused 13ms, total 13ms
D/dalvikvm(  847): GC_FOR_ALLOC freed 424K, 48% free 24871K/47288K, paused 13ms, total 13ms
V/KeyguardHostView(  847): hide transport, gen:13
V/KeyguardHostView(  847): music state changed: 0
D/PhoneStatusBar(  847): disable: < expand icons alerts ticker system_info BACK* HOME* RECENT* CLOCK* search >
D/dalvikvm(26737): GC_FOR_ALLOC freed 594K, 8% free 17913K/19396K, paused 12ms, total 13ms
W/EventLoggerService(26737): Unable to send logs Unable to resolve host "www.google.com": No address associated with hostname
D/dalvikvm(26737): GC_FOR_ALLOC freed 87K, 6% free 18355K/19396K, paused 12ms, total 13ms
D/dalvikvm( 4275): GC_FOR_ALLOC freed 701K, 7% free 18841K/20184K, paused 85ms, total 85ms
I/dalvikvm-heap( 4275): Grow heap (frag case) to 18.557MB for 131088-byte allocation
D/dalvikvm( 9176): GC_FOR_ALLOC freed 1001K, 8% free 21021K/22712K, paused 60ms, total 61ms
D/dalvikvm( 4275): GC_FOR_ALLOC freed <1K, 7% free 18969K/20316K, paused 16ms, total 16ms
I/dalvikvm-heap( 9176): Grow heap (frag case) to 20.749MB for 131088-byte allocation
D/dalvikvm( 9176): GC_FOR_ALLOC freed <1K, 8% free 21149K/22844K, paused 30ms, total 30ms
D/Daemon  ( 2241): [startService]...component:com.sds.android.ttpod/com.igexin.sdk.PushService
D/Daemon  ( 2241): [startService]Parent process is running,ChildPid is 22099, ParentPid is 2241
D/Daemon  ( 2241): startService called...
D/Daemon  ( 2241): waiting...
D/Daemon  (22099): [startService]Child process is running,CurPid is 0, ChildPid is 22099
D/AndroidRuntime(22099): 
D/AndroidRuntime(22099): >>>>>> AndroidRuntime START com.android.internal.os.RuntimeInit <<<<<<
D/AndroidRuntime(22099): CheckJNI is OFF
D/dalvikvm(22099): Trying to load lib libjavacore.so 0x0
D/dalvikvm(22099): Added shared lib libjavacore.so 0x0
D/dalvikvm(22099): Trying to load lib libnativehelper.so 0x0
D/dalvikvm(22099): Added shared lib libnativehelper.so 0x0
D/dalvikvm(22099): No JNI_OnLoad found in libnativehelper.so 0x0, skipping init
D/dalvikvm(22099): Note: class Landroid/app/ActivityManagerNative; has 179 unimplemented (abstract) methods
D/AndroidRuntime(22099): Calling main entry com.android.commands.am.Am
D/AndroidRuntime(22099): Shutting down VM
D/dalvikvm(22099): Debugger has detached; object registry had 1 entries
V/KeyguardServiceDelegate(  744): onScreenTurnedOn(showListener = com.android.internal.policy.impl.PhoneWindowManager$17@42ad4fb0)
I/PowerManagerService(  744): Waking up from sleep...
D/SurfaceFlinger(  179): Screen acquired, type=0 flinger=0xb7769450
D/qdhwcomposer(  179): hwc_blank: Unblanking display: 0
E/AudioFlinger(  182): setParameters(): io 0, keyvalue screen_state=on, calling pid 744
V/KeyguardServiceDelegate(  744): **** SHOWN CALLED ****
I/WindowManager(  744): Lock screen displayed!
D/qdhwcomposer(  179): hwc_blank: Done unblanking display: 0
D/SurfaceControl(  744): Excessive delay in unblankDisplay() while turning screen on: 237ms
D/dalvikvm(  847): GC_FOR_ALLOC freed 1875K, 46% free 25536K/47288K, paused 17ms, total 17ms
W/System.err( 9176): java.lang.InterruptedException
W/System.err( 9176): 	at java.lang.Object.wait(Native Method)
W/System.err( 9176): 	at java.lang.Object.wait(Object.java:364)
W/System.err( 9176): 	at com.wandoujia.p4.app.controller.AppMd5ScanController.(:381)
W/System.err( 9176): 	at com.wandoujia.p4.app.controller.AppMd5ScanController.(:153)
W/System.err( 9176): 	at com.wandoujia.p4.app.controller.AppMd5ScanController.(:270)
W/System.err( 9176): 	at com.wandoujia.p4.app.controller.AppMd5ScanController.(:176)
W/System.err( 9176): 	at com.wandoujia.p4.app.controller.AppMd5ScanController.(:47)
W/System.err( 9176): 	at o.de.run(:337)
W/System.err( 9176): 	at java.util.Timer$TimerImpl.run(Timer.java:284)
W/ActivityManager(  744): Unable to start service Intent { act=com.sogou.pushservice.action.METHOD cmp=/com.sogou.udp.push.PushService (has extras) } U=0: not found
D/NfcService(  987): NFC-C ON
I/USERIAL_LINUX(  987): USERIAL_Open(): enter
I/USERIAL_LINUX(  987): USERIAL_Open() device: /dev/bcm2079x port=5, uart_port=0 WAKE_DELAY(20) WRITE_DELAY(20) POWER_ON_DELAY(0) PRE_POWER_OFF_DELAY(10) POST_POWER_OFF_DELAY(0)
I/USERIAL_LINUX(  987): USERIAL_Open(): exit
V/SearchControllerCache(26737): creating SearchController
W/InputMethodManagerService(  744): Window already focused, ignoring focus gain of: com.android.internal.view.IInputMethodClient$Stub$Proxy@43801448 attribute=android.view.inputmethod.EditorInfo@429b8570, token = android.os.BinderProxy@428f28a0
E/AudioFlinger(  182): openInput() openInputStream returned input 0xb8af6198, SamplingRate 8000, Format 1, Channels 10, status 0
E/AudioFlinger(  182): openInput() created record thread: ID 917 thread 0xb8ab7c90
E/AudioFlinger(  182): pzhao-->I'm creating a new client in AudioFlinger,add to mClients
D/PhoneStatusBar(  847): disable: < expand icons alerts ticker system_info back* home* recent* clock* search >
E/AudioFlinger(  182): RecordTrack constructor
E/AudioFlinger(  182): acquiring 916 from 26737
E/AudioFlinger(  182):  added new entry for 916
E/AudioFlinger(  182): RecordHandle::start()
E/AudioFlinger(  182): RecordThread::start event 0, triggerSession 0
E/AudioPolicyService(  182): inserting command: 3 at index 0, num commands 0
E/AudioPolicyService(  182): AudioCommandThread() adding set parameter string input_source=6;routing=-2147483644, io 917 ,delay 0
E/AudioPolicyService(  182): AudioCommandThread() waking up
E/AudioPolicyService(  182): AudioCommandThread() processing set parameters string input_source=6;routing=-2147483644, io 917
E/AudioFlinger(  182): setParameters(): io 917, keyvalue input_source=6;routing=-2147483644, calling pid 182
E/AudioFlinger(  182): acquireWakeLock_l() AudioIn_395 status 0
E/AudioFlinger(  182): Signal record thread
E/AudioPolicyService(  182): AudioCommandThread() going to sleep
D/audio_hw_primary(  182): select_devices: out_snd_device(0: ) in_snd_device(35: voice-rec-mic)
D/        (  182): Failed to fetch the lookup information of the device 0000003E 
E/ACDB-LOADER(  182): Error: ACDB AudProc vol returned = -19
E/AudioFlinger(  182): Record started OK
I/SearchController(26737): #onHotwordDetectorStarted
D/AndroidRuntime(22168): 
D/AndroidRuntime(22168): >>>>>> AndroidRuntime START com.android.internal.os.RuntimeInit <<<<<<
D/AndroidRuntime(22168): CheckJNI is OFF
D/dalvikvm(22168): Trying to load lib libjavacore.so 0x0
D/dalvikvm(22168): Added shared lib libjavacore.so 0x0
D/dalvikvm(22168): Trying to load lib libnativehelper.so 0x0
D/dalvikvm(22168): Added shared lib libnativehelper.so 0x0
D/dalvikvm(22168): No JNI_OnLoad found in libnativehelper.so 0x0, skipping init
D/dalvikvm(22168): Note: class Landroid/app/ActivityManagerNative; has 179 unimplemented (abstract) methods
D/AndroidRuntime(22168): Calling main entry com.android.commands.pm.Pm
I/ActivityManager(  744): Start proc com.android.defcontainer for service com.android.defcontainer/.DefaultContainerService: pid=22185 uid=10004 gids={50004, 1028, 1015, 1023, 2001, 1035}
E/jdwp    (22185): Failed sending reply to debugger: Broken pipe
D/dalvikvm(22185): Debugger has detached; object registry had 1 entries
D/Finsky  ( 1168): [1] PackageVerificationReceiver.checkPrerequisites: Skipping verification because network inactive
W/ActivityManager(  744): No content provider found for permission revoke: file:///data/local/tmp/OpenSLTest.apk
D/Finsky  ( 1168): [1] PackageVerificationReceiver.checkPrerequisites: Skipping verification because network inactive
W/ActivityManager(  744): No content provider found for permission revoke: file:///data/local/tmp/OpenSLTest.apk
I/PackageManager(  744): Copying native libraries to /data/app-lib/vmdl1786697899
W/PackageManager(  744): Invalid verification token 180 received
I/ActivityManager(  744): Force stopping com.pzhao.opensltest appid=10104 user=-1: uninstall pkg
I/ActivityManager(  744): Killing 20697:com.pzhao.opensltest/u0a104 (adj 13): stop com.pzhao.opensltest
E/AudioFlinger(  182): 20697 died, releasing its sessions
E/AudioFlinger(  182):  pid 974 @ 0
E/AudioFlinger(  182):  pid 1168 @ 1
E/AudioFlinger(  182):  pid 26737 @ 2
I/PackageManager(  744): Running dexopt on: com.pzhao.opensltest
I/PackageManager(  744): Package com.pzhao.opensltest codePath changed from /data/app/com.pzhao.opensltest-1.apk to /data/app/com.pzhao.opensltest-2.apk; Retaining data and using new
D/dalvikvm(22199): DexOpt: load 32ms, verify+opt 110ms, 1033676 bytes
I/ActivityManager(  744): Force stopping com.pzhao.opensltest appid=10104 user=-1: update pkg
W/PackageManager(  744): Code path for pkg : com.pzhao.opensltest changing from /data/app/com.pzhao.opensltest-1.apk to /data/app/com.pzhao.opensltest-2.apk
W/PackageManager(  744): Resource path for pkg : com.pzhao.opensltest changing from /data/app/com.pzhao.opensltest-1.apk to /data/app/com.pzhao.opensltest-2.apk
I/ActivityManager(  744): Force stopping com.pzhao.opensltest appid=10104 user=0: pkg removed
D/dalvikvm( 1005): GC_EXPLICIT freed 2912K, 16% free 28406K/33492K, paused 1ms+5ms, total 28ms
D/dalvikvm(26737): GC_EXPLICIT freed 872K, 8% free 17966K/19396K, paused 2ms+2ms, total 36ms
D/dalvikvm(  744): JIT code cache reset in 1 ms (1535968 bytes 13/0)
D/dalvikvm(  952): GC_EXPLICIT freed 137K, 26% free 24447K/32948K, paused 1ms+2ms, total 59ms
D/dalvikvm(  744): GC_EXPLICIT freed 6276K, 21% free 47563K/59908K, paused 7ms+8ms, total 88ms
D/dalvikvm(26760): GC_EXPLICIT freed 130K, 5% free 17407K/18284K, paused 1ms+2ms, total 63ms
D/dalvikvm( 2148): GC_EXPLICIT freed 210K, 7% free 16770K/17896K, paused 2ms+2ms, total 16ms
I/InputReader(  744): Reconfiguring input devices.  changes=0x00000010
I/InputReader(  744): Reconfiguring input devices.  changes=0x00000010
D/BackupManagerService(  744): Received broadcast Intent { act=android.intent.action.PACKAGE_REMOVED dat=package:com.pzhao.opensltest flg=0x4000010 (has extras) }
V/GelStubAppWatcher(26737): onReceive: android.intent.action.PACKAGE_REMOVED
D/SystemBroadcastService( 9092): Received broadcast action=android.intent.action.PACKAGE_REMOVED and uri=
D/BackupManagerService(  744): Received broadcast Intent { act=android.intent.action.PACKAGE_ADDED dat=package:com.pzhao.opensltest flg=0x4000010 (has extras) }
V/BackupManagerService(  744): removePackageParticipantsLocked: uid=10104 #1
V/BackupManagerService(  744): addPackageParticipantsLocked: #1
E/AppsCustomizePagedView( 1005): Widget ComponentInfo{com.sds.android.ttpod/com.sds.android.ttpod.component.appwidget.DesktopPlayer5x1} can not fit on this device (1080, 120)
E/AppsCustomizePagedView( 1005): Widget ComponentInfo{com.sds.android.ttpod/com.sds.android.ttpod.component.appwidget.DesktopPlayer5x2} can not fit on this device (1080, 330)
W/LocationProviderProxy-fused(  744): com.google.android.gms resolves service com.android.location.service.FusedLocationProvider, but has wrong signature, ignoring
W/Launcher( 1005): setApplicationContext called twice! old=com.google.android.velvet.VelvetApplication@4252d000 new=com.google.android.velvet.VelvetApplication@4252d000
D/dalvikvm(  744): GC_EXPLICIT freed 680K, 21% free 47418K/59908K, paused 4ms+7ms, total 102ms
D/AndroidRuntime(22168): Shutting down VM
D/jdwp    (22168): Got wake-up signal, bailing out of select
D/dalvikvm(22168): Debugger has detached; object registry had 1 entries
I/ActivityManager(  744): Start proc com.android.voicedialer for broadcast com.android.voicedialer/.VoiceDialerReceiver: pid=22218 uid=10021 gids={50021, 3002}
I/ActivityManager(  744): Start proc com.android.keychain for broadcast com.android.keychain/.KeyChainBroadcastReceiver: pid=22233 uid=1000 gids={41000, 1028, 1015, 3002, 3001, 3003}
W/ContextImpl(22233): Calling a method in the system process without a qualified user: android.app.ContextImpl.startService:1479 android.content.ContextWrapper.startService:494 android.content.ContextWrapper.startService:494 com.android.keychain.KeyChainBroadcastReceiver.onReceive:12 android.app.ActivityThread.handleReceiver:2400 
D/AlarmService( 4275): Alarm has been set
W/ActivityManager(  744): Unable to start service Intent { act=com.sogou.pushservice.action.METHOD cmp=/com.sogou.udp.push.PushService (has extras) } U=0: not found
I/ActivityManager(  744): Start proc com.google.android.partnersetup for broadcast com.google.android.partnersetup/.RlzPingBroadcastReceiver: pid=22250 uid=10010 gids={50010, 3003}
D/SystemBroadcastService( 9092): Received broadcast action=android.intent.action.PACKAGE_ADDED and uri=
W/ContextImpl( 9092): Implicit intents with startService are not safe: Intent { act=com.google.android.gms.games.service.INTENT } android.content.ContextWrapper.startService:494 com.google.android.gms.games.service.GamesIntentService.a:101 com.google.android.gms.games.service.GamesIntentService.b:368 
D/PackageAddedReceiver( 9111): package added com.pzhao.opensltest
I/Icing.InternalIcingCorporaProvider(26737): Updating corpora: A: com.pzhao.opensltest, C: MAYBE
V/GelStubAppWatcher(26737): onReceive: android.intent.action.PACKAGE_ADDED
D/AlarmService( 4275): Alarm has been set
I/ActivityManager(  744): Killing 20433:com.speedsoftware.rootexplorer/u0a90 (adj 15): empty for 2024s
W/System.err( 4275): java.util.concurrent.ExecutionException: java.util.concurrent.ExecutionException: java.net.UnknownHostException: Unable to resolve host "api.wandoujia.com": No address associated with hostname
W/System.err( 4275): 	at com.wandoujia.rpc.http.client.DataClient.executeHttpRequest(:147)
W/System.err( 4275): 	at com.wandoujia.rpc.http.client.DataClient.execute(:61)
W/System.err( 4275): 	at com.wandoujia.rpc.http.client.DataClientCache.execute(:105)
W/System.err( 4275): 	at o.bpc.execute(:36)
W/System.err( 4275): 	at o.fmu.(:44)
W/System.err( 4275): 	at o.fln.(:244)
W/System.err( 4275): 	at o.fln.(:33)
W/System.err( 4275): 	at o.flo.run(:227)
W/System.err( 4275): 	at java.util.concurrent.ThreadPoolExecutor.runWorker(ThreadPoolExecutor.java:1112)
W/System.err( 4275): 	at java.util.concurrent.ThreadPoolExecutor$Worker.run(ThreadPoolExecutor.java:587)
W/System.err( 4275): 	at java.lang.Thread.run(Thread.java:841)
W/System.err( 4275): Caused by: java.util.concurrent.ExecutionException: java.net.UnknownHostException: Unable to resolve host "api.wandoujia.com": No address associated with hostname
V/GelStubAppWatcher(26737): onReceive: android.intent.action.PACKAGE_REPLACED
W/System.err( 4275): 	at com.wandoujia.rpc.http.client.DataClient.executeHttpRequest(:145)
W/System.err( 4275): 	... 10 more
W/System.err( 4275): Caused by: java.net.UnknownHostException: Unable to resolve host "api.wandoujia.com": No address associated with hostname
W/System.err( 4275): 	at java.net.InetAddress.lookupHostByName(InetAddress.java:424)
W/System.err( 4275): 	at java.net.InetAddress.getAllByNameImpl(InetAddress.java:236)
W/System.err( 4275): 	at java.net.InetAddress.getAllByName(InetAddress.java:214)
W/System.err( 4275): 	at org.apache.http.impl.conn.DefaultClientConnectionOperator.openConnection(DefaultClientConnectionOperator.java:137)
W/System.err( 4275): 	at org.apache.http.impl.conn.AbstractPoolEntry.open(AbstractPoolEntry.java:164)
W/System.err( 4275): 	at org.apache.http.impl.conn.AbstractPooledConnAdapter.open(AbstractPooledConnAdapter.java:119)
W/System.err( 4275): 	at org.apache.http.impl.client.DefaultRequestDirector.execute(DefaultRequestDirector.java:360)
W/System.err( 4275): 	at org.apache.http.impl.client.AbstractHttpClient.execute(AbstractHttpClient.java:555)
W/System.err( 4275): 	at com.wandoujia.base.http.HttpClientWrapper.execute(:127)
W/System.err( 4275): 	at com.wandoujia.base.http.HttpClientWrapper.execute(:96)
D/SystemBroadcastService( 9092): Received broadcast action=android.intent.action.PACKAGE_REPLACED and uri=
W/System.err( 4275): 	at com.wandoujia.base.http.HttpClientWrapper.execute(:87)
W/System.err( 4275): 	at com.wandoujia.rpc.http.client.DataClient.executeHttpRequest(:139)
W/Launcher( 1005): setApplicationContext called twice! old=com.google.android.velvet.VelvetApplication@4252d000 new=com.google.android.velvet.VelvetApplication@4252d000
W/System.err( 4275): 	... 10 more
W/System.err( 4275): Caused by: libcore.io.GaiException: getaddrinfo failed: EAI_NODATA (No address associated with hostname)
W/System.err( 4275): 	at libcore.io.Posix.getaddrinfo(Native Method)
W/System.err( 4275): 	at libcore.io.ForwardingOs.getaddrinfo(ForwardingOs.java:61)
W/System.err( 4275): 	at java.net.InetAddress.lookupHostByName(InetAddress.java:405)
W/System.err( 4275): 	... 21 more
D/AlarmService( 4275): Alarm has been set
D/dalvikvm( 1175): GC_FOR_ALLOC freed 445K, 4% free 16777K/17336K, paused 17ms, total 18ms
I/GCoreUlr( 1175): Ensuring that reporting is stopped because of reasons: (no Google accounts)
D/GCoreFlp( 1175): Unknown pending intent to remove.
I/GCoreUlr( 1175): Unbound from all location providers
D/AndroidRuntime(22282): 
D/AndroidRuntime(22282): >>>>>> AndroidRuntime START com.android.internal.os.RuntimeInit <<<<<<
D/AndroidRuntime(22282): CheckJNI is OFF
D/dalvikvm(22282): Trying to load lib libjavacore.so 0x0
D/dalvikvm(22282): Added shared lib libjavacore.so 0x0
D/dalvikvm(22282): Trying to load lib libnativehelper.so 0x0
D/dalvikvm(22282): Added shared lib libnativehelper.so 0x0
D/dalvikvm(22282): No JNI_OnLoad found in libnativehelper.so 0x0, skipping init
D/dalvikvm(22282): Note: class Landroid/app/ActivityManagerNative; has 179 unimplemented (abstract) methods
D/AndroidRuntime(22282): Calling main entry com.android.commands.am.Am
I/ActivityManager(  744): START u0 {act=android.intent.action.MAIN cat=[android.intent.category.LAUNCHER] flg=0x10000000 cmp=com.pzhao.opensltest/.MainActivity} from pid 22282
D/AndroidRuntime(22282): Shutting down VM
D/jdwp    (22282): Got wake-up signal, bailing out of select
D/dalvikvm(22282): Debugger has detached; object registry had 1 entries
D/dalvikvm(22299): Late-enabling CheckJNI
I/SearchController(26737): #onHotwordDetectorStopped
I/ActivityManager(  744): Start proc com.pzhao.opensltest for activity com.pzhao.opensltest/.MainActivity: pid=22299 uid=10104 gids={50104, 1028, 1015, 3003}
I/MicrophoneInputStream(26737): mic_close
E/AudioFlinger(  182): RecordHandle::stop()
E/AudioFlinger(  182): RecordThread::stop
V/SearchControllerCache(26737): disposing SearchController
D/dalvikvm(22299): Trying to load lib /data/app-lib/com.pzhao.opensltest-2/libOpenSLTest.so 0x4252ba20
D/dalvikvm(22299): Added shared lib /data/app-lib/com.pzhao.opensltest-2/libOpenSLTest.so 0x4252ba20
D/dalvikvm(22299): No JNI_OnLoad found in /data/app-lib/com.pzhao.opensltest-2/libOpenSLTest.so 0x4252ba20, skipping init
E/AudioFlinger(  182): releaseWakeLock_l() AudioIn_395
E/AudioFlinger(  182): RecordThread: loop stopping
E/AudioFlinger(  182): Record stopped OK
E/AudioPolicyService(  182): inserting command: 3 at index 0, num commands 0
E/AudioPolicyService(  182): AudioCommandThread() adding set parameter string routing=0, io 917 ,delay 0
E/AudioPolicyService(  182): AudioCommandThread() waking up
E/AudioPolicyService(  182): AudioCommandThread() processing set parameters string routing=0, io 917
E/AudioFlinger(  182): setParameters(): io 917, keyvalue routing=0, calling pid 182
E/AudioFlinger(  182): RecordThread: loop starting
E/AudioFlinger(  182): acquireWakeLock_l() AudioIn_395 status 0
E/AudioFlinger(  182): releaseWakeLock_l() AudioIn_395
E/AudioPolicyService(  182): AudioCommandThread() going to sleep
E/AudioFlinger(  182): RecordThread: loop stopping
E/AudioFlinger(  182): RecordHandle::stop()
E/AudioFlinger(  182): RecordThread::stop
E/AudioFlinger(  182): closeInput() 917
E/AudioFlinger(  182): RecordThread: loop starting
E/AudioFlinger(  182): releasing 916 from 26737
E/AudioFlinger(  182): acquireWakeLock_l() AudioIn_395 status 0
E/AudioFlinger(  182): releaseWakeLock_l() AudioIn_395
E/AudioFlinger(  182):  decremented refcount to 0
E/AudioFlinger(  182): purging stale effects
E/AudioFlinger(  182): RecordThread 0xb8ab7c90 exiting
E/AudioFlinger(  182): virtual android::AudioFlinger::RecordThread::RecordTrack::~RecordTrack()
E/AudioFlinger(  182): removeClient_l() pid 26737, calling pid 182
D/dalvikvm(26737): threadid=28: thread exiting, not yet detached (count=0)
D/dalvikvm(26737): threadid=29: thread exiting, not yet detached (count=0)
D/OpenSLActivity(22299): pzhao-->create RingBuffer
D/OpenSLActivity(22299): pzhao-->NativeSlave created
D/OpenSLActivity(22299): pzhao-->create engine
E/AudioFlinger(  182): registerClient() client 0xb8af3de0, pid 22299
E/AudioFlinger(  182): sendIoConfigEvent() num events 1 event 0, param 0
E/AudioFlinger(  182): thread 0xb5ec9008 type 0 TID 808 waking up
E/AudioFlinger(  182): acquireWakeLock_l() AudioOut_2 status 0
E/AudioFlinger(  182): processConfigEvents() remaining events 1
E/AudioFlinger(  182): sendIoConfigEvent() num events 1 event 0, param 0
E/AudioFlinger(  182): thread 0xb5c5b008 type 0 TID 809 waking up
E/AudioFlinger(  182): acquireWakeLock_l() AudioOut_3 status 0
E/AudioFlinger(  182): processConfigEvents() remaining events 1
E/AudioFlinger(  182): PlaybackThread::audioConfigChanged_l, thread 0xb5ec9008, event 0, param 0
E/AudioFlinger(  182): PlaybackThread::audioConfigChanged_l, thread 0xb5c5b008, event 0, param 0
E/AudioPolicyService(  182): pzhao-->I'm getting output in AudioPolicyService.cpp
E/AudioPolicyManagerBase(  182): pzhao-->now i'm getting output in AudioPolicyMangerBase through Binder from AudioPolicyService
E/AudioPolicyManagerBase(  182): pzhao-->output come from selectOutput in AudioPolicyMangerBase
E/AudioPolicyManagerBase(  182): pzhao-->now i return output 2 from AudioPolicyMangerBase at last when profile = NULL
E/AudioPolicyService(  182): vaylb-->AudioPolicyService::getOutput():output = 2 , stream = 3, samplingRate = 44100, format = 0x000001, channelMask = 3, flags = 0
E/AudioFlinger(  182): pzhao-->Must appear!!in createTrack of AudioFlinfer.cpp 
E/AudioFlinger(  182): pzhao-->I'm creating a new client in AudioFlinger,add to mClients
E/AudioFlinger(  182): createTrack() sessionId: 918
E/AudioFlinger(  182): createTrack() lSessionId: 918
E/AudioFlinger(  182): pzhao-->Now i'm creating a new Track in Threads.cpp
E/AudioMixer(  182): add track (1)
E/AudioMixer(  182): AudioMixer::unprepareTrackForDownmix(1)
E/AudioMixer(  182):  nothing to do, no downmixer to delete
E/AudioFlinger(  182): Track constructor name 4097, calling pid 22299
E/AudioFlinger(  182): acquiring 918 from 22299
E/AudioFlinger(  182):  added new entry for 918
F/libc    (22299): Fatal signal 11 (SIGSEGV) at 0x00000000 (code=1), thread 22299 (zhao.opensltest)
I/DEBUG   (27138): *** *** *** *** *** *** *** *** *** *** *** *** *** *** *** ***
I/DEBUG   (27138): Build fingerprint: 'Android/aosp_hammerhead/hammerhead:4.4/KRT16M/eng.vaylb.20140708.131800:userdebug/test-keys'
I/DEBUG   (27138): Revision: '11'
I/DEBUG   (27138): pid: 22299, tid: 22299, name: zhao.opensltest  >>> com.pzhao.opensltest <<<
I/DEBUG   (27138): signal 11 (SIGSEGV), code 1 (SEGV_MAPERR), fault addr 00000000
I/DEBUG   (27138):     r0 00000000  r1 73216dd0  r2 74e69f88  r3 73217ff8
I/DEBUG   (27138):     r4 74e69f60  r5 74f2efb0  r6 7320b9a9  r7 bec3f484
I/DEBUG   (27138):     r8 bec3f4e0  r9 6d3c3cac  sl 41459470  fp bec3f4f4
I/DEBUG   (27138):     ip 00000001  sp bec3f430  lr 7320a2e7  pc 74f2bd70  cpsr 00070030
I/DEBUG   (27138):     d0  0000000000000000  d1  0000000000000000
I/DEBUG   (27138):     d2  00000000000003b4  d3  74b4e02800000074
I/DEBUG   (27138):     d4  006f006900640075  d5  0069006c006f0050
I/DEBUG   (27138):     d6  0065005300790063  d7  458000003f800000
I/DEBUG   (27138):     d8  0000000000000000  d9  0000000000000000
I/DEBUG   (27138):     d10 0000000000000000  d11 0000000000000000
I/DEBUG   (27138):     d12 0000000000000000  d13 0000000000000000
I/DEBUG   (27138):     d14 0000000000000000  d15 0000000000000000
I/DEBUG   (27138):     d16 000000000100ff00  d17 0000000000000000
I/DEBUG   (27138):     d18 0000000000000000  d19 0000000000000000
I/DEBUG   (27138):     d20 0000000000000000  d21 0000001b0000001b
I/DEBUG   (27138):     d22 0000000000000000  d23 0000000000000000
I/DEBUG   (27138):     d24 0000000000000000  d25 0002aaa80002aaa8
I/DEBUG   (27138):     d26 0707070703030303  d27 7f0000007f000000
I/DEBUG   (27138):     d28 8000000080000000  d29 0001000000010000
I/DEBUG   (27138):     d30 0061c000005f4000  d31 0067400000648000
I/DEBUG   (27138):     scr 60000010
I/DEBUG   (27138): 
I/DEBUG   (27138): backtrace:
I/DEBUG   (27138):     #00  pc 00001d70  /data/app-lib/com.pzhao.opensltest-2/libOpenSLTest.so (NativeSlave::createAudioPlayer(NativeSlave*)+235)
I/DEBUG   (27138):     #01  pc 00001a01  /data/app-lib/com.pzhao.opensltest-2/libOpenSLTest.so (Java_com_pzhao_opensltest_MainActivity_createAudioPlayer+12)
I/DEBUG   (27138):     #02  pc 0001dbcc  /system/lib/libdvm.so (dvmPlatformInvoke+112)
I/DEBUG   (27138):     #03  pc 0004e123  /system/lib/libdvm.so (dvmCallJNIMethod(unsigned int const*, JValue*, Method const*, Thread*)+398)
I/DEBUG   (27138):     #04  pc 0004fb11  /system/lib/libdvm.so (dvmResolveNativeMethod(unsigned int const*, JValue*, Method const*, Thread*)+184)
I/DEBUG   (27138):     #05  pc 00026fe0  /system/lib/libdvm.so
I/DEBUG   (27138):     #06  pc 0002dfa0  /system/lib/libdvm.so (dvmMterpStd(Thread*)+76)
I/DEBUG   (27138):     #07  pc 0002b638  /system/lib/libdvm.so (dvmInterpret(Thread*, Method const*, JValue*)+184)
I/DEBUG   (27138):     #08  pc 00060865  /system/lib/libdvm.so (dvmInvokeMethod(Object*, Method const*, ArrayObject*, ArrayObject*, ClassObject*, bool)+392)
I/DEBUG   (27138):     #09  pc 000687c7  /system/lib/libdvm.so
I/DEBUG   (27138):     #10  pc 00026fe0  /system/lib/libdvm.so
I/DEBUG   (27138):     #11  pc 0002dfa0  /system/lib/libdvm.so (dvmMterpStd(Thread*)+76)
I/DEBUG   (27138):     #12  pc 0002b638  /system/lib/libdvm.so (dvmInterpret(Thread*, Method const*, JValue*)+184)
I/DEBUG   (27138):     #13  pc 00060581  /system/lib/libdvm.so (dvmCallMethodV(Thread*, Method const*, Object*, bool, JValue*, std::__va_list)+336)
I/DEBUG   (27138):     #14  pc 00049d0b  /system/lib/libdvm.so
I/DEBUG   (27138):     #15  pc 0004ce37  /system/lib/libandroid_runtime.so
I/DEBUG   (27138):     #16  pc 0004db5b  /system/lib/libandroid_runtime.so (android::AndroidRuntime::start(char const*, char const*)+354)
I/DEBUG   (27138):     #17  pc 0000105b  /system/bin/app_process
I/DEBUG   (27138):     #18  pc 0000e34b  /system/lib/libc.so (__libc_init+50)
I/DEBUG   (27138):     #19  pc 00000d7c  /system/bin/app_process
I/DEBUG   (27138): 
I/DEBUG   (27138): stack:
I/DEBUG   (27138):          bec3f3f0  74f496f0  [anon:libc_malloc]
I/DEBUG   (27138):          bec3f3f4  00000000  
I/DEBUG   (27138):          bec3f3f8  73215b2e  /system/lib/libwilhelm.so
I/DEBUG   (27138):          bec3f3fc  74f49850  [anon:libc_malloc]
I/DEBUG   (27138):          bec3f400  74f496f0  [anon:libc_malloc]
I/DEBUG   (27138):          bec3f404  000000a0  
I/DEBUG   (27138):          bec3f408  732155b2  /system/lib/libwilhelm.so
I/DEBUG   (27138):          bec3f40c  74f49850  [anon:libc_malloc]
I/DEBUG   (27138):          bec3f410  00000000  
I/DEBUG   (27138):          bec3f414  74f2bc6d  /data/app-lib/com.pzhao.opensltest-2/libOpenSLTest.so (NativeSlave::playCallBack(SLAndroidSimpleBufferQueueItf_ const* const*, void*))
I/DEBUG   (27138):          bec3f418  bec3f484  [stack]
I/DEBUG   (27138):          bec3f41c  7320a2e7  /system/lib/libwilhelm.so
I/DEBUG   (27138):          bec3f420  74e69f60  [anon:libc_malloc]
I/DEBUG   (27138):          bec3f424  74f2efb0  /data/app-lib/com.pzhao.opensltest-2/libOpenSLTest.so
I/DEBUG   (27138):          bec3f428  7320b9a9  /system/lib/libwilhelm.so
I/DEBUG   (27138):          bec3f42c  74f2bd69  /data/app-lib/com.pzhao.opensltest-2/libOpenSLTest.so (NativeSlave::createAudioPlayer(NativeSlave*)+228)
I/DEBUG   (27138):     #00  bec3f430  00000004  
I/DEBUG   (27138):          bec3f434  bec3f484  [stack]
I/DEBUG   (27138):          bec3f438  bec3f494  [stack]
I/DEBUG   (27138):          bec3f43c  73205ee1  /system/lib/libwilhelm.so
I/DEBUG   (27138):          bec3f440  74f2bc6d  /data/app-lib/com.pzhao.opensltest-2/libOpenSLTest.so (NativeSlave::playCallBack(SLAndroidSimpleBufferQueueItf_ const* const*, void*))
I/DEBUG   (27138):          bec3f444  73216cb0  /system/lib/libwilhelm.so (SL_IID_array+240)
I/DEBUG   (27138):          bec3f448  73216e70  /system/lib/libwilhelm.so (SL_IID_array+688)
I/DEBUG   (27138):          bec3f44c  73216dd0  /system/lib/libwilhelm.so (SL_IID_array+528)
I/DEBUG   (27138):          bec3f450  bec3f494  [stack]
I/DEBUG   (27138):          bec3f454  bec3f46c  [stack]
I/DEBUG   (27138):          bec3f458  bec3f47c  [stack]
I/DEBUG   (27138):          bec3f45c  74e69f60  [anon:libc_malloc]
I/DEBUG   (27138):          bec3f460  6d3c3ca8  
I/DEBUG   (27138):          bec3f464  800007bd  
I/DEBUG   (27138):          bec3f468  00000003  
I/DEBUG   (27138):          bec3f46c  bec3f464  [stack]
I/DEBUG   (27138):          ........  ........
I/DEBUG   (27138):     #01  bec3f4d8  6ec1349a  /data/dalvik-cache/system@framework@framework.jar@classes.dex
I/DEBUG   (27138):          bec3f4dc  41477bd0  /system/lib/libdvm.so (dvmPlatformInvoke+116)
I/DEBUG   (27138):     #02  bec3f4e0  6d3c3cac  
I/DEBUG   (27138):          bec3f4e4  00000001  
I/DEBUG   (27138):          bec3f4e8  00000008  
I/DEBUG   (27138):          bec3f4ec  4252c9e0  /dev/ashmem/dalvik-heap (deleted)
I/DEBUG   (27138):          bec3f4f0  42525034  /dev/ashmem/dalvik-heap (deleted)
I/DEBUG   (27138):          bec3f4f4  414a8127  /system/lib/libdvm.so (dvmCallJNIMethod(unsigned int const*, JValue*, Method const*, Thread*)+402)
I/DEBUG   (27138): 
I/DEBUG   (27138): memory near r1:
I/DEBUG   (27138):     73216db0 c7e8ee00 11dbddd7 0200a42c 1bc5d5a5  
I/DEBUG   (27138):     73216dc0 ef0bd9c0 11dbddd7 0200bf49 1bc5d5a5  
I/DEBUG   (27138):     73216dd0 2e3b2a40 11dbddda 0200a349 1bc5d5a5  
I/DEBUG   (27138):     73216de0 2a41ee80 11dbddd8 0200a41f 1bc5d5a5  
I/DEBUG   (27138):     73216df0 47382d60 11dbddd8 0200bf3a 1bc5d5a5  
I/DEBUG   (27138):     73216e00 61b62e60 11dbddda 02009eb8 1bc5d5a5  
I/DEBUG   (27138):     73216e10 c5657aa0 11dbdddb 020082f7 1bc5d5a5  
I/DEBUG   (27138):     73216e20 d43135a0 11dbdddc 0200b458 1bc5d5a5  
I/DEBUG   (27138):     73216e30 f6ac6b40 11dbdddc 0200a62e 1bc5d5a5  
I/DEBUG   (27138):     73216e40 169a8d60 11dbdddd 0200923d 1bc5d5a5  
I/DEBUG   (27138):     73216e50 37cc2c00 11dbdddd 02008577 1bc5d5a5  
I/DEBUG   (27138):     73216e60 e46b26a0 11dbdddd 02008afd 1bc5d5a5  
I/DEBUG   (27138):     73216e70 09e8ede0 11dbddde 0200b4f6 1bc5d5a5  
I/DEBUG   (27138):     73216e80 fe5cce00 11df57bb 0200951c 1bc5d5a5  
I/DEBUG   (27138):     73216e90 ae12da60 11df99ac 0200b456 1bc5d5a5  
I/DEBUG   (27138):     73216ea0 6a4f6d60 11dfb5e6 0200bb3b 1bc5d5a5  
I/DEBUG   (27138): 
I/DEBUG   (27138): memory near r2:
I/DEBUG   (27138):     74e69f68 74f49278 74f496f0 00000000 74f49760  
I/DEBUG   (27138):     74e69f78 ffffffff 74f49850 000045e1 00000000  
I/DEBUG   (27138):     74e69f88 000045e1 00000000 00000000 00000000  
I/DEBUG   (27138):     74e69f98 74f47270 74e51f80 00000048 0000003b  
I/DEBUG   (27138):     74e69fa8 00000000 74f447d8 00000000 00000001  
I/DEBUG   (27138):     74e69fb8 42532350 00000000 000000a8 0000002a  
I/DEBUG   (27138):     74e69fc8 0000007e 00040006 006c6d78 00000000  
I/DEBUG   (27138):     74e69fd8 00000038 0000001b 74e68000 00002000  
I/DEBUG   (27138):     74e69fe8 74e56fe0 00000001 00000000 00000007  
I/DEBUG   (27138):     74e69ff8 00000007 00000007 ffffffff ffffffff  
I/DEBUG   (27138):     74e6a008 ffffffff ffffffff ffffffff ffffffff  
I/DEBUG   (27138):     74e6a018 ffffffff ffffffff ffffffff ffffffff  
I/DEBUG   (27138):     74e6a028 ffffffff ffffffff ffffffff ffffffff  
I/DEBUG   (27138):     74e6a038 ffffffff ffffffff ffffffff ffffffff  
I/DEBUG   (27138):     74e6a048 ffffffff ffffffff ffffffff ffffffff  
I/DEBUG   (27138):     74e6a058 ffffffff ffffffff ffffffff ffffffff  
I/DEBUG   (27138): 
I/DEBUG   (27138): memory near r3:
I/DEBUG   (27138):     73217fd8 65666675 65755172 455f6575 6575716e  
I/DEBUG   (27138):     73217fe8 49006575 66667542 75517265 5f657565  
I/DEBUG   (27138):     73217ff8 69676552 72657473 6c6c6143 6b636162  
I/DEBUG   (27138):     73218008 75424900 72656666 75657551 65475f65  
I/DEBUG   (27138):     73218018 61745374 53006574 6e69754c 20323374  
I/DEBUG   (27138):     73218028 41746567 636f7373 65746169 61745364  
I/DEBUG   (27138):     73218038 49286574 66667542 75517265 2a657565  
I/DEBUG   (27138):     73218048 4c530029 75736572 4920746c 616e7944  
I/DEBUG   (27138):     73218058 4963696d 7265746e 65636166 616e614d  
I/DEBUG   (27138):     73218068 656d6567 525f746e 6d757365 746e4965  
I/DEBUG   (27138):     73218078 61667265 53286563 6e79444c 63696d61  
I/DEBUG   (27138):     73218088 65746e49 63616672 6e614d65 6d656761  
I/DEBUG   (27138):     73218098 49746e65 202c6674 6e494c53 66726574  
I/DEBUG   (27138):     732180a8 49656361 53202c44 6f6f624c 6e61656c  
I/DEBUG   (27138):     732180b8 6f760029 48206469 6c646e61 73655265  
I/DEBUG   (27138):     732180c8 28656d75 64696f76 76202c2a 2a64696f  
I/DEBUG   (27138): 
I/DEBUG   (27138): memory near r4:
I/DEBUG   (27138):     74e69f40 3f800000 00000000 00000000 00000000  
