D/Uploader( 9092): Network request failed class java.net.UnknownHostException(Unable to resolve host "play.googleapis.com": No address associated with hostname)
I/rmt_storage(  175): rmt_storage_connect_cb: clnt_h=0x3f conn_h=0xb7c08160
I/rmt_storage(  175): rmt_storage_rw_iovec_cb: /boot/modem_fs1: clnt_h=0x1: req_h=0x43 msg_id=3: R/W request received
I/rmt_storage(  175): wakelock acquired: 1, error no: 2
I/rmt_storage(  175): rmt_storage_client_thread: /boot/modem_fs1: clnt_h=0x1 Unblock worker thread (th_id: -1212121392)
I/rmt_storage(  175): rmt_storage_client_thread: /boot/modem_fs1: clnt_h=0x1: req_h=0x43 msg_id=3: Bytes written = 1572864
I/rmt_storage(  175): rmt_storage_client_thread: /boot/modem_fs1: clnt_h=0x1: req_h=0x43 msg_id=3: Send response: res=0 err=0
I/rmt_storage(  175): rmt_storage_client_thread: /boot/modem_fs1: clnt_h=0x1 About to block rmt_storage client thread (th_id: -1212121392) wakelock released: 1, error no: 0
I/rmt_storage(  175): 
I/rmt_storage(  175): rmt_storage_disconnect_cb: clnt_h=0x0x3f conn_h=0x0xb7c08160
W/Uploader( 9092): No account for auth token provided
D/Uploader( 9092): Network request failed class java.net.UnknownHostException(Unable to resolve host "play.googleapis.com": No address associated with hostname)
D/ConnectivityService(  744): Sampling interval elapsed, updating statistics ..
D/ConnectivityService(  744): Done.
D/ConnectivityService(  744): Setting timer for 720seconds
I/EventLogService( 9111): Aggregate from 1429587181037 (log), 1429587181037 (data)
W/Uploader( 9092): No account for auth token provided
D/Uploader( 9092): Network request failed class java.net.UnknownHostException(Unable to resolve host "play.googleapis.com": No address associated with hostname)
D/dalvikvm( 9092): GC_FOR_ALLOC freed 365K, 4% free 16842K/17416K, paused 19ms, total 19ms
W/Uploader( 9092): No account for auth token provided
D/Uploader( 9092): Network request failed class java.net.UnknownHostException(Unable to resolve host "play.googleapis.com": No address associated with hostname)
D/AlarmService( 4275): on Create
D/AlarmService( 4275): on Start
D/AlarmService( 4275): start alarm service from action ALARM_ACTION
D/AlarmService( 4275): alarm service destroy
D/ConnectivityService(  744): Sampling interval elapsed, updating statistics ..
D/ConnectivityService(  744): Done.
D/ConnectivityService(  744): Setting timer for 720seconds
W/Uploader( 9092): No account for auth token provided
D/Uploader( 9092): Network request failed class java.net.UnknownHostException(Unable to resolve host "play.googleapis.com": No address associated with hostname)
W/Uploader( 9092): No account for auth token provided
D/Uploader( 9092): Network request failed class java.net.UnknownHostException(Unable to resolve host "play.googleapis.com": No address associated with hostname)
W/Uploader( 9092): No account for auth token provided
D/Uploader( 9092): Network request failed class java.net.UnknownHostException(Unable to resolve host "play.googleapis.com": No address associated with hostname)
D/ConnectivityService(  744): Sampling interval elapsed, updating statistics ..
I/EventLogService( 9111): Aggregate from 1429589386009 (log), 1429589386009 (data)
D/ConnectivityService(  744): Done.
D/ConnectivityService(  744): Setting timer for 720seconds
D/dalvikvm( 2148): GC_CONCURRENT freed 508K, 6% free 16872K/17896K, paused 2ms+2ms, total 21ms
W/Uploader( 9092): No account for auth token provided
D/Uploader( 9092): Network request failed class java.net.UnknownHostException(Unable to resolve host "play.googleapis.com": No address associated with hostname)
D/dalvikvm( 9092): GC_FOR_ALLOC freed 366K, 4% free 16842K/17416K, paused 16ms, total 17ms
W/Uploader( 9092): No account for auth token provided
D/Uploader( 9092): Network request failed class java.net.UnknownHostException(Unable to resolve host "play.googleapis.com": No address associated with hostname)
D/ConnectivityService(  744): Sampling interval elapsed, updating statistics ..
D/ConnectivityService(  744): Done.
D/ConnectivityService(  744): Setting timer for 720seconds
W/Uploader( 9092): No account for auth token provided
D/Uploader( 9092): Network request failed class java.net.UnknownHostException(Unable to resolve host "play.googleapis.com": No address associated with hostname)
W/CallerInfoCache(  974): Previous cache task is remaining.
W/Uploader( 9092): No account for auth token provided
D/Uploader( 9092): Network request failed class java.net.UnknownHostException(Unable to resolve host "play.googleapis.com": No address associated with hostname)
D/ConnectivityService(  744): Sampling interval elapsed, updating statistics ..
D/ConnectivityService(  744): Done.
D/ConnectivityService(  744): Setting timer for 720seconds
W/Uploader( 9092): No account for auth token provided
D/Uploader( 9092): Network request failed class java.net.UnknownHostException(Unable to resolve host "play.googleapis.com": No address associated with hostname)
W/System.err(18030): java.net.UnknownHostException: Unable to resolve host "get.sogou.com": No address associated with hostname
W/System.err(18030): 	at java.net.InetAddress.lookupHostByName(InetAddress.java:424)
W/System.err(18030): 	at java.net.InetAddress.getAllByNameImpl(InetAddress.java:236)
W/System.err(18030): 	at java.net.InetAddress.getAllByName(InetAddress.java:214)
W/System.err(18030): 	at com.android.okhttp.internal.Dns$1.getAllByName(Dns.java:28)
W/System.err(18030): 	at com.android.okhttp.internal.http.RouteSelector.resetNextInetSocketAddress(RouteSelector.java:216)
W/System.err(18030): 	at com.android.okhttp.internal.http.RouteSelector.next(RouteSelector.java:122)
W/System.err(18030): 	at com.android.okhttp.internal.http.HttpEngine.connect(HttpEngine.java:292)
W/System.err(18030): 	at com.android.okhttp.internal.http.HttpEngine.sendSocketRequest(HttpEngine.java:255)
W/System.err(18030): 	at com.android.okhttp.internal.http.HttpEngine.sendRequest(HttpEngine.java:206)
W/System.err(18030): 	at com.android.okhttp.internal.http.HttpURLConnectionImpl.execute(HttpURLConnectionImpl.java:345)
W/System.err(18030): 	at com.android.okhttp.internal.http.HttpURLConnectionImpl.connect(HttpURLConnectionImpl.java:89)
W/System.err(18030): 	at com.android.okhttp.internal.http.HttpURLConnectionImpl.getOutputStream(HttpURLConnectionImpl.java:197)
W/System.err(18030): 	at sogou.mobile.explorer.hotwords.ConfigManager.loadConfigFromNet(SogouSource:221)
W/System.err(18030): 	at sogou.mobile.explorer.hotwords.ConfigManager.loadConfigSync(SogouSource:112)
W/System.err(18030): 	at sogou.mobile.explorer.hotwords.ConfigManager$1.run(SogouSource:87)
W/System.err(18030): 	at java.util.Timer$TimerImpl.run(Timer.java:284)
W/System.err(18030): Caused by: libcore.io.GaiException: getaddrinfo failed: EAI_NODATA (No address associated with hostname)
W/System.err(18030): 	at libcore.io.Posix.getaddrinfo(Native Method)
W/System.err(18030): 	at libcore.io.ForwardingOs.getaddrinfo(ForwardingOs.java:61)
W/System.err(18030): 	at java.net.InetAddress.lookupHostByName(InetAddress.java:405)
W/System.err(18030): 	... 15 more
I/EventLogService( 9111): Aggregate from 1429591186051 (log), 1429591186051 (data)
D/dalvikvm( 9111): GC_FOR_ALLOC freed 378K, 4% free 16640K/17292K, paused 7ms, total 7ms
D/dalvikvm( 9111): GC_CONCURRENT freed 16K, 4% free 16649K/17292K, paused 3ms+0ms, total 14ms
W/Uploader( 9092): No account for auth token provided
D/Uploader( 9092): Network request failed class java.net.UnknownHostException(Unable to resolve host "play.googleapis.com": No address associated with hostname)
D/dalvikvm( 9092): GC_FOR_ALLOC freed 368K, 4% free 16842K/17416K, paused 15ms, total 15ms
D/ConnectivityService(  744): Sampling interval elapsed, updating statistics ..
D/ConnectivityService(  744): Done.
D/ConnectivityService(  744): Setting timer for 720seconds
W/Uploader( 9092): No account for auth token provided
D/Uploader( 9092): Network request failed class java.net.UnknownHostException(Unable to resolve host "play.googleapis.com": No address associated with hostname)
D/AlarmService( 4275): on Create
D/AlarmService( 4275): on Start
D/AlarmService( 4275): start alarm service from action ALARM_ACTION
D/AlarmService( 4275): alarm service destroy
W/Uploader( 9092): No account for auth token provided
D/Uploader( 9092): Network request failed class java.net.UnknownHostException(Unable to resolve host "play.googleapis.com": No address associated with hostname)
D/ConnectivityService(  744): Sampling interval elapsed, updating statistics ..
D/ConnectivityService(  744): Done.
D/ConnectivityService(  744): Setting timer for 720seconds
W/Uploader( 9092): No account for auth token provided
D/Uploader( 9092): Network request failed class java.net.UnknownHostException(Unable to resolve host "play.googleapis.com": No address associated with hostname)
W/Uploader( 9092): No account for auth token provided
D/Uploader( 9092): Network request failed class java.net.UnknownHostException(Unable to resolve host "play.googleapis.com": No address associated with hostname)
I/EventLogService( 9111): Aggregate from 1429592996057 (log), 1429592996057 (data)
D/dalvikvm( 2148): GC_CONCURRENT freed 499K, 6% free 16873K/17896K, paused 2ms+5ms, total 25ms
D/ConnectivityService(  744): Sampling interval elapsed, updating statistics ..
D/ConnectivityService(  744): Done.
D/ConnectivityService(  744): Setting timer for 720seconds
W/Uploader( 9092): No account for auth token provided
D/Uploader( 9092): Network request failed class java.net.UnknownHostException(Unable to resolve host "play.googleapis.com": No address associated with hostname)
D/dalvikvm( 9092): GC_FOR_ALLOC freed 366K, 4% free 16842K/17416K, paused 14ms, total 15ms
W/Uploader( 9092): No account for auth token provided
D/Uploader( 9092): Network request failed class java.net.UnknownHostException(Unable to resolve host "play.googleapis.com": No address associated with hostname)
D/ConnectivityService(  744): Sampling interval elapsed, updating statistics ..
D/ConnectivityService(  744): Done.
D/ConnectivityService(  744): Setting timer for 720seconds
W/Uploader( 9092): No account for auth token provided
D/Uploader( 9092): Network request failed class java.net.UnknownHostException(Unable to resolve host "play.googleapis.com": No address associated with hostname)
W/Uploader( 9092): No account for auth token provided
D/Uploader( 9092): Network request failed class java.net.UnknownHostException(Unable to resolve host "play.googleapis.com": No address associated with hostname)
W/SocketClient(  176): write error (Broken pipe)
D/ConnectivityService(  744): Sampling interval elapsed, updating statistics ..
D/ConnectivityService(  744): Done.
D/ConnectivityService(  744): Setting timer for 720seconds
D/dalvikvm( 4275): GC_CONCURRENT freed 758K, 7% free 18783K/20048K, paused 4ms+3ms, total 32ms
I/EventLogService( 9111): Aggregate from 1429594796161 (log), 1429594796161 (data)
W/Uploader( 9092): No account for auth token provided
D/Uploader( 9092): Network request failed class java.net.UnknownHostException(Unable to resolve host "play.googleapis.com": No address associated with hostname)
D/AlarmService( 4275): scheduleCheck completed
D/ConnectivityService(  744): Sampling interval elapsed, updating statistics ..
D/ConnectivityService(  744): Done.
D/ConnectivityService(  744): Setting timer for 720seconds
W/Uploader( 9092): No account for auth token provided
D/Uploader( 9092): Network request failed class java.net.UnknownHostException(Unable to resolve host "play.googleapis.com": No address associated with hostname)
D/dalvikvm( 9092): GC_FOR_ALLOC freed 365K, 4% free 16842K/17416K, paused 20ms, total 20ms
D/AlarmService( 4275): on Create
D/AlarmService( 4275): on Start
D/AlarmService( 4275): start alarm service from action ALARM_ACTION
D/AlarmService( 4275): alarm service destroy
W/Uploader( 9092): No account for auth token provided
D/Uploader( 9092): Network request failed class java.net.UnknownHostException(Unable to resolve host "play.googleapis.com": No address associated with hostname)
D/ConnectivityService(  744): Sampling interval elapsed, updating statistics ..
D/ConnectivityService(  744): Done.
D/ConnectivityService(  744): Setting timer for 720seconds
W/Uploader( 9092): No account for auth token provided
D/Uploader( 9092): Network request failed class java.net.UnknownHostException(Unable to resolve host "play.googleapis.com": No address associated with hostname)
W/Uploader( 9092): No account for auth token provided
D/Uploader( 9092): Network request failed class java.net.UnknownHostException(Unable to resolve host "play.googleapis.com": No address associated with hostname)
D/dalvikvm( 2148): GC_CONCURRENT freed 478K, 6% free 16878K/17896K, paused 3ms+2ms, total 20ms
D/ConnectivityService(  744): Sampling interval elapsed, updating statistics ..
D/ConnectivityService(  744): Done.
D/ConnectivityService(  744): Setting timer for 720seconds
W/Uploader( 9092): No account for auth token provided
D/Uploader( 9092): Network request failed class java.net.UnknownHostException(Unable to resolve host "play.googleapis.com": No address associated with hostname)
I/EventLogService( 9111): Aggregate from 1429596901988 (log), 1429596901988 (data)
D/dalvikvm(  974): GC_CONCURRENT freed 384K, 4% free 16788K/17360K, paused 1ms+2ms, total 17ms
W/Uploader( 9092): No account for auth token provided
D/Uploader( 9092): Network request failed class java.net.UnknownHostException(Unable to resolve host "play.googleapis.com": No address associated with hostname)
D/ConnectivityService(  744): Sampling interval elapsed, updating statistics ..
D/ConnectivityService(  744): Done.
D/ConnectivityService(  744): Setting timer for 720seconds
D/dalvikvm( 9092): GC_FOR_ALLOC freed 366K, 4% free 16842K/17416K, paused 25ms, total 25ms
W/Uploader( 9092): No account for auth token provided
D/Uploader( 9092): Network request failed class java.net.UnknownHostException(Unable to resolve host "play.googleapis.com": No address associated with hostname)
W/Uploader( 9092): No account for auth token provided
D/Uploader( 9092): Network request failed class java.net.UnknownHostException(Unable to resolve host "play.googleapis.com": No address associated with hostname)
D/ConnectivityService(  744): Sampling interval elapsed, updating statistics ..
D/ConnectivityService(  744): Done.
D/ConnectivityService(  744): Setting timer for 720seconds
D/dalvikvm(  744): GC_EXPLICIT freed 4322K, 28% free 39593K/54868K, paused 4ms+8ms, total 84ms
W/Uploader( 9092): No account for auth token provided
D/Uploader( 9092): Network request failed class java.net.UnknownHostException(Unable to resolve host "play.googleapis.com": No address associated with hostname)
D/AlarmService( 4275): on Create
D/AlarmService( 4275): on Start
D/AlarmService( 4275): start alarm service from action ALARM_ACTION
I/EventLogService( 9111): Aggregate from 1429598732041 (log), 1429598732041 (data)
D/AlarmService( 4275): alarm service destroy
D/dalvikvm( 9111): GC_FOR_ALLOC freed 357K, 4% free 16635K/17292K, paused 15ms, total 16ms
W/Uploader( 9092): No account for auth token provided
D/Uploader( 9092): Network request failed class java.net.UnknownHostException(Unable to resolve host "play.googleapis.com": No address associated with hostname)
D/ConnectivityService(  744): Sampling interval elapsed, updating statistics ..
D/ConnectivityService(  744): Done.
D/ConnectivityService(  744): Setting timer for 720seconds
D/AlarmService( 4275): scheduleCheck completed
W/Uploader( 9092): No account for auth token provided
D/Uploader( 9092): Network request failed class java.net.UnknownHostException(Unable to resolve host "play.googleapis.com": No address associated with hostname)
D/dalvikvm( 9092): GC_FOR_ALLOC freed 366K, 4% free 16842K/17416K, paused 11ms, total 11ms
D/Daemon  ( 2241): [startService]...component:com.sds.android.ttpod/com.igexin.sdk.PushService
D/Daemon  ( 2241): [startService]Parent process is running,ChildPid is 25327, ParentPid is 2241
D/Daemon  ( 2241): startService called...
D/Daemon  ( 2241): waiting...
D/Daemon  (25327): [startService]Child process is running,CurPid is 0, ChildPid is 25327
D/dalvikvm( 2148): GC_CONCURRENT freed 504K, 6% free 16860K/17896K, paused 2ms+1ms, total 12ms
W/Uploader( 9092): No account for auth token provided
D/Uploader( 9092): Network request failed class java.net.UnknownHostException(Unable to resolve host "play.googleapis.com": No address associated with hostname)
D/ConnectivityService(  744): Sampling interval elapsed, updating statistics ..
D/ConnectivityService(  744): Done.
D/ConnectivityService(  744): Setting timer for 720seconds
D/AndroidRuntime(25327): 
D/AndroidRuntime(25327): >>>>>> AndroidRuntime START com.android.internal.os.RuntimeInit <<<<<<
D/AndroidRuntime(25327): CheckJNI is OFF
D/dalvikvm(25327): Trying to load lib libjavacore.so 0x0
D/dalvikvm(25327): Added shared lib libjavacore.so 0x0
D/dalvikvm(25327): Trying to load lib libnativehelper.so 0x0
D/dalvikvm(25327): Added shared lib libnativehelper.so 0x0
D/dalvikvm(25327): No JNI_OnLoad found in libnativehelper.so 0x0, skipping init
D/dalvikvm(25327): Note: class Landroid/app/ActivityManagerNative; has 179 unimplemented (abstract) methods
W/Uploader( 9092): No account for auth token provided
D/Uploader( 9092): Network request failed class java.net.UnknownHostException(Unable to resolve host "play.googleapis.com": No address associated with hostname)
I/EventLogService( 9111): Aggregate from 1429600852080 (log), 1429600852080 (data)
W/Uploader( 9092): No account for auth token provided
D/Uploader( 9092): Network request failed class java.net.UnknownHostException(Unable to resolve host "play.googleapis.com": No address associated with hostname)
D/ConnectivityService(  744): Sampling interval elapsed, updating statistics ..
D/AndroidRuntime(25327): Calling main entry com.android.commands.am.Am
D/ConnectivityService(  744): Done.
D/ConnectivityService(  744): Setting timer for 720seconds
D/AndroidRuntime(25327): Shutting down VM
D/dalvikvm(25327): GC_CONCURRENT freed 97K, 15% free 589K/688K, paused 0ms+0ms, total 3ms
W/Uploader( 9092): No account for auth token provided
D/Uploader( 9092): Network request failed class java.net.UnknownHostException(Unable to resolve host "play.googleapis.com": No address associated with hostname)
W/Uploader( 9092): No account for auth token provided
D/Uploader( 9092): Network request failed class java.net.UnknownHostException(Unable to resolve host "play.googleapis.com": No address associated with hostname)
D/ConnectivityService(  744): Sampling interval elapsed, updating statistics ..
D/dalvikvm( 9092): GC_FOR_ALLOC freed 367K, 4% free 16842K/17416K, paused 24ms, total 25ms
D/ConnectivityService(  744): Done.
D/ConnectivityService(  744): Setting timer for 720seconds
I/ActivityManager(  744): Start proc android.process.media for content provider com.android.providers.downloads/.DownloadProvider: pid=25500 uid=10006 gids={50006, 1028, 1015, 1023, 1024, 2001, 3003, 3007}
W/Uploader( 9092): No account for auth token provided
D/Uploader( 9092): Network request failed class java.net.UnknownHostException(Unable to resolve host "play.googleapis.com": No address associated with hostname)
W/Uploader( 9092): No account for auth token provided
D/Uploader( 9092): Network request failed class java.net.UnknownHostException(Unable to resolve host "play.googleapis.com": No address associated with hostname)
I/ActivityManager(  744): Delay finish: com.google.android.gms/.playlog.uploader.UploaderAlarmReceiver
I/ActivityManager(  744): Resuming delayed broadcast
E/OmahaClient(17621): Failed to contact server: 
V/ExponentialBackoffScheduler(17621): now(Tue Apr 21 16:20:52 GMT+08:00 2015) refiringAt(Tue Apr 21 21:20:52 GMT+08:00 2015)
I/DownloadManager(25500): Download 2 starting
W/DownloadManager(25500): Aborting request for download 2: NO_CONNECTION
I/DownloadManager(25500): Download 2 finished with status WAITING_FOR_NETWORK
D/AlarmService( 4275): on Create
D/AlarmService( 4275): on Start
D/AlarmService( 4275): start alarm service from action ALARM_ACTION
D/dalvikvm(25500): GC_CONCURRENT freed 227K, 2% free 16564K/16828K, paused 3ms+3ms, total 25ms
W/System.err( 4275): java.net.UnknownHostException: Unable to resolve host "l.wandoujia.com": No address associated with hostname
W/System.err( 4275): 	at java.net.InetAddress.lookupHostByName(InetAddress.java:424)
W/System.err( 4275): 	at java.net.InetAddress.getAllByNameImpl(InetAddress.java:236)
W/System.err( 4275): 	at java.net.InetAddress.getAllByName(InetAddress.java:214)
W/System.err( 4275): 	at org.apache.http.impl.conn.DefaultClientConnectionOperator.openConnection(DefaultClientConnectionOperator.java:137)
W/System.err( 4275): 	at org.apache.http.impl.conn.AbstractPoolEntry.open(AbstractPoolEntry.java:164)
W/System.err( 4275): 	at org.apache.http.impl.conn.AbstractPooledConnAdapter.open(AbstractPooledConnAdapter.java:119)
W/System.err( 4275): 	at org.apache.http.impl.client.DefaultRequestDirector.execute(DefaultRequestDirector.java:360)
W/System.err( 4275): 	at org.apache.http.impl.client.AbstractHttpClient.execute(AbstractHttpClient.java:555)
W/System.err( 4275): 	at com.wandoujia.base.http.HttpClientWrapper.execute(:127)
W/System.err( 4275): 	at com.wandoujia.base.http.HttpClientWrapper.execute(:96)
W/System.err( 4275): 	at com.wandoujia.base.http.HttpClientWrapper.execute(:87)
W/System.err( 4275): 	at com.wandoujia.log.LogSender$.run(:183)
W/System.err( 4275): 	at com.wandoujia.base.concurrent.CachedThreadPoolExecutorWithCapacity$if.run(:316)
W/System.err( 4275): Caused by: libcore.io.GaiException: getaddrinfo failed: EAI_NODATA (No address associated with hostname)
W/System.err( 4275): 	at libcore.io.Posix.getaddrinfo(Native Method)
W/System.err( 4275): 	at libcore.io.ForwardingOs.getaddrinfo(ForwardingOs.java:61)
W/System.err( 4275): 	at java.net.InetAddress.lookupHostByName(InetAddress.java:405)
W/System.err( 4275): 	... 12 more
W/Uploader( 9092): No account for auth token provided
D/Uploader( 9092): Network request failed class java.net.UnknownHostException(Unable to resolve host "play.googleapis.com": No address associated with hostname)
D/ConnectivityService(  744): Sampling interval elapsed, updating statistics ..
D/ConnectivityService(  744): Done.
D/ConnectivityService(  744): Setting timer for 720seconds
I/EventLogService( 9111): Aggregate from 1429602962988 (log), 1429602962988 (data)
W/Uploader( 9092): No account for auth token provided
D/Uploader( 9092): Network request failed class java.net.UnknownHostException(Unable to resolve host "play.googleapis.com": No address associated with hostname)
D/AlarmService( 4275): scheduleCheck completed
D/ConnectivityService(  744): Sampling interval elapsed, updating statistics ..
D/ConnectivityService(  744): Done.
D/ConnectivityService(  744): Setting timer for 720seconds
W/Uploader( 9092): No account for auth token provided
D/Uploader( 9092): Network request failed class java.net.UnknownHostException(Unable to resolve host "play.googleapis.com": No address associated with hostname)
D/dalvikvm( 2148): GC_CONCURRENT freed 482K, 6% free 16876K/17896K, paused 2ms+218ms, total 447ms
D/dalvikvm( 9092): GC_FOR_ALLOC freed 365K, 4% free 16842K/17416K, paused 242ms, total 242ms
W/Uploader( 9092): No account for auth token provided
D/Uploader( 9092): Network request failed class java.net.UnknownHostException(Unable to resolve host "play.googleapis.com": No address associated with hostname)
W/ActivityManager(  744): Unable to start service Intent { act=com.sogou.search.action.START_APP_SERVICE cmp=com.sogou.activity.src/.SogouSearchService } U=0: not found
D/ConnectivityService(  744): Sampling interval elapsed, updating statistics ..
D/ConnectivityService(  744): Done.
D/ConnectivityService(  744): Setting timer for 720seconds
D/dalvikvm(13756): GC_CONCURRENT freed 335K, 3% free 16447K/16820K, paused 2ms+1ms, total 16ms
W/Uploader( 9092): No account for auth token provided
D/Uploader( 9092): Network request failed class java.net.UnknownHostException(Unable to resolve host "play.googleapis.com": No address associated with hostname)
W/SocketClient(  176): write error (Broken pipe)
I/EventLogService( 9111): Aggregate from 1429605302004 (log), 1429605302004 (data)
D/AlarmService( 4275): scheduleCheck completed
D/dalvikvm( 4275): GC_CONCURRENT freed 598K, 6% free 18881K/20028K, paused 1ms+4ms, total 26ms
W/System.err( 4275): java.net.UnknownHostException: Unable to resolve host "l.wandoujia.com": No address associated with hostname
W/System.err( 4275): 	at java.net.InetAddress.lookupHostByName(InetAddress.java:424)
W/System.err( 4275): 	at java.net.InetAddress.getAllByNameImpl(InetAddress.java:236)
W/System.err( 4275): 	at java.net.InetAddress.getAllByName(InetAddress.java:214)
W/System.err( 4275): 	at org.apache.http.impl.conn.DefaultClientConnectionOperator.openConnection(DefaultClientConnectionOperator.java:137)
W/System.err( 4275): 	at org.apache.http.impl.conn.AbstractPoolEntry.open(AbstractPoolEntry.java:164)
W/System.err( 4275): 	at org.apache.http.impl.conn.AbstractPooledConnAdapter.open(AbstractPooledConnAdapter.java:119)
W/System.err( 4275): 	at org.apache.http.impl.client.DefaultRequestDirector.execute(DefaultRequestDirector.java:360)
W/System.err( 4275): 	at org.apache.http.impl.client.AbstractHttpClient.execute(AbstractHttpClient.java:555)
W/System.err( 4275): 	at com.wandoujia.base.http.HttpClientWrapper.execute(:127)
W/System.err( 4275): 	at com.wandoujia.base.http.HttpClientWrapper.execute(:96)
W/System.err( 4275): 	at com.wandoujia.base.http.HttpClientWrapper.execute(:87)
W/System.err( 4275): 	at com.wandoujia.logv3.LogSender.(:209)
W/System.err( 4275): 	at com.wandoujia.logv3.LogSender.(:36)
W/System.err( 4275): 	at com.wandoujia.logv3.LogSender$.handleMessage(:90)
W/System.err( 4275): 	at android.os.Handler.dispatchMessage(Handler.java:102)
W/System.err( 4275): 	at android.os.Looper.loop(Looper.java:137)
W/System.err( 4275): 	at android.os.HandlerThread.run(HandlerThread.java:61)
W/System.err( 4275): Caused by: libcore.io.GaiException: getaddrinfo failed: EAI_NODATA (No address associated with hostname)
W/System.err( 4275): 	at libcore.io.Posix.getaddrinfo(Native Method)
W/System.err( 4275): 	at libcore.io.ForwardingOs.getaddrinfo(ForwardingOs.java:61)
W/System.err( 4275): 	at java.net.InetAddress.lookupHostByName(InetAddress.java:405)
W/System.err( 4275): 	... 16 more
D/ConnectivityService(  744): Sampling interval elapsed, updating statistics ..
D/ConnectivityService(  744): Done.
D/ConnectivityService(  744): Setting timer for 720seconds
W/Uploader( 9092): No account for auth token provided
D/Uploader( 9092): Network request failed class java.net.UnknownHostException(Unable to resolve host "play.googleapis.com": No address associated with hostname)
W/Uploader( 9092): No account for auth token provided
D/Uploader( 9092): Network request failed class java.net.UnknownHostException(Unable to resolve host "play.googleapis.com": No address associated with hostname)
D/AlarmService( 4275): on Start
D/AlarmService( 4275): start alarm service from action ALARM_ACTION
D/AlarmService( 4275): service is running now by action from ALARM_ACTION
D/ConnectivityService(  744): Sampling interval elapsed, updating statistics ..
D/ConnectivityService(  744): Done.
D/ConnectivityService(  744): Setting timer for 720seconds
W/Uploader( 9092): No account for auth token provided
D/Uploader( 9092): Network request failed class java.net.UnknownHostException(Unable to resolve host "play.googleapis.com": No address associated with hostname)
D/dalvikvm( 9092): GC_FOR_ALLOC freed 363K, 4% free 16842K/17416K, paused 225ms, total 225ms
W/Uploader( 9092): No account for auth token provided
D/Uploader( 9092): Network request failed class java.net.UnknownHostException(Unable to resolve host "play.googleapis.com": No address associated with hostname)
D/ConnectivityService(  744): Sampling interval elapsed, updating statistics ..
D/ConnectivityService(  744): Done.
D/ConnectivityService(  744): Setting timer for 720seconds
I/EventLogService( 9111): Aggregate from 1429607102057 (log), 1429607102057 (data)
D/ConnectivityService(  744): Sampling interval elapsed, updating statistics ..
D/ConnectivityService(  744): Done.
D/ConnectivityService(  744): Setting timer for 720seconds
W/Uploader( 9092): No account for auth token provided
D/Uploader( 9092): Network request failed class java.net.UnknownHostException(Unable to resolve host "play.googleapis.com": No address associated with hostname)
D/dalvikvm( 2148): GC_CONCURRENT freed 568K, 7% free 16793K/17896K, paused 21ms+2ms, total 32ms
I/Genie   (19483): waking up to refresh News & Weather
V/Genie   (19483): starting service from thread id 0
V/Genie   (19483): refresh service starting
V/Genie   (19483): refresh service retry #0, ignoreMASFCache = false
V/Genie   (19483): refresh thread starting.  prefetchOnly = false
W/System.err( 4275): java.util.concurrent.ExecutionException: java.util.concurrent.ExecutionException: java.net.UnknownHostException: Unable to resolve host "m.cfg.wandoujia.com": No address associated with hostname
W/System.err( 4275): 	at com.wandoujia.rpc.http.client.DataClient.executeHttpRequest(:147)
W/System.err( 4275): 	at com.wandoujia.rpc.http.client.DataClient.execute(:61)
W/System.err( 4275): 	at com.wandoujia.rpc.http.client.DataClientCache.execute(:105)
W/System.err( 4275): 	at o.bpc.execute(:36)
W/System.err( 4275): 	at o.csq.(:111)
W/System.err( 4275): 	at o.csq$if.run(:136)
W/System.err( 4275): 	at java.lang.Thread.run(Thread.java:841)
W/System.err( 4275): Caused by: java.util.concurrent.ExecutionException: java.net.UnknownHostException: Unable to resolve host "m.cfg.wandoujia.com": No address associated with hostname
W/System.err( 4275): 	at com.wandoujia.rpc.http.client.DataClient.executeHttpRequest(:145)
W/System.err( 4275): 	... 6 more
W/System.err( 4275): Caused by: java.net.UnknownHostException: Unable to resolve host "m.cfg.wandoujia.com": No address associated with hostname
W/System.err( 4275): 	at java.net.InetAddress.lookupHostByName(InetAddress.java:424)
W/System.err( 4275): 	at java.net.InetAddress.getAllByNameImpl(InetAddress.java:236)
W/System.err( 4275): 	at java.net.InetAddress.getAllByName(InetAddress.java:214)
W/System.err( 4275): 	at org.apache.http.impl.conn.DefaultClientConnectionOperator.openConnection(DefaultClientConnectionOperator.java:137)
W/System.err( 4275): 	at org.apache.http.impl.conn.AbstractPoolEntry.open(AbstractPoolEntry.java:164)
W/System.err( 4275): 	at org.apache.http.impl.conn.AbstractPooledConnAdapter.open(AbstractPooledConnAdapter.java:119)
W/System.err( 4275): 	at org.apache.http.impl.client.DefaultRequestDirector.execute(DefaultRequestDirector.java:360)
W/System.err( 4275): 	at org.apache.http.impl.client.AbstractHttpClient.execute(AbstractHttpClient.java:555)
W/System.err( 4275): 	at com.wandoujia.base.http.HttpClientWrapper.execute(:127)
W/System.err( 4275): 	at com.wandoujia.base.http.HttpClientWrapper.execute(:96)
W/System.err( 4275): 	at com.wandoujia.base.http.HttpClientWrapper.execute(:87)
W/System.err( 4275): 	at com.wandoujia.rpc.http.client.DataClient.executeHttpRequest(:139)
W/System.err( 4275): 	... 6 more
W/System.err( 4275): Caused by: libcore.io.GaiException: getaddrinfo failed: EAI_NODATA (No address associated with hostname)
W/System.err( 4275): 	at libcore.io.Posix.getaddrinfo(Native Method)
W/System.err( 4275): 	at libcore.io.ForwardingOs.getaddrinfo(ForwardingOs.java:61)
W/System.err( 4275): 	at java.net.InetAddress.lookupHostByName(InetAddress.java:405)
W/System.err( 4275): 	... 17 more
W/System.err( 4275): java.util.concurrent.ExecutionException: java.util.concurrent.ExecutionException: java.net.UnknownHostException: Unable to resolve host "xibaibai.wandoujia.com": No address associated with hostname
W/System.err( 4275): 	at com.wandoujia.rpc.http.client.DataClient.executeHttpRequest(:147)
W/System.err( 4275): 	at com.wandoujia.rpc.http.client.DataClient.execute(:61)
W/System.err( 4275): 	at com.wandoujia.rpc.http.client.DataClientCache.execute(:105)
W/System.err( 4275): 	at o.bpc.execute(:36)
W/System.err( 4275): 	at com.wandoujia.p4.clean.onlineconfig.CleanOnlineConfigController.(:89)
W/System.err( 4275): 	at o.yq.run(:109)
W/System.err( 4275): 	at java.lang.Thread.run(Thread.java:841)
W/System.err( 4275): Caused by: java.util.concurrent.ExecutionException: java.net.UnknownHostException: Unable to resolve host "xibaibai.wandoujia.com": No address associated with hostname
W/System.err( 4275): 	at com.wandoujia.rpc.http.client.DataClient.executeHttpRequest(:145)
W/System.err( 4275): 	... 6 more
W/System.err( 4275): Caused by: java.net.UnknownHostException: Unable to resolve host "xibaibai.wandoujia.com": No address associated with hostname
W/System.err( 4275): 	at java.net.InetAddress.lookupHostByName(InetAddress.java:424)
W/System.err( 4275): 	at java.net.InetAddress.getAllByNameImpl(InetAddress.java:236)
W/System.err( 4275): 	at java.net.InetAddress.getAllByName(InetAddress.java:214)
W/System.err( 4275): 	at org.apache.http.impl.conn.DefaultClientConnectionOperator.openConnection(DefaultClientConnectionOperator.java:137)
W/System.err( 4275): 	at org.apache.http.impl.conn.AbstractPoolEntry.open(AbstractPoolEntry.java:164)
W/System.err( 4275): 	at org.apache.http.impl.conn.AbstractPooledConnAdapter.open(AbstractPooledConnAdapter.java:119)
W/System.err( 4275): 	at org.apache.http.impl.client.DefaultRequestDirector.execute(DefaultRequestDirector.java:360)
W/System.err( 4275): 	at org.apache.http.impl.client.AbstractHttpClient.execute(AbstractHttpClient.java:555)
W/System.err( 4275): 	at com.wandoujia.base.http.HttpClientWrapper.execute(:127)
W/System.err( 4275): 	at com.wandoujia.base.http.HttpClientWrapper.execute(:96)
W/System.err( 4275): 	at com.wandoujia.base.http.HttpClientWrapper.execute(:87)
W/System.err( 4275): 	at com.wandoujia.rpc.http.client.DataClient.executeHttpRequest(:139)
W/System.err( 4275): 	... 6 more
W/System.err( 4275): Caused by: libcore.io.GaiException: getaddrinfo failed: EAI_NODATA (No address associated with hostname)
W/System.err( 4275): 	at libcore.io.Posix.getaddrinfo(Native Method)
W/System.err( 4275): 	at libcore.io.ForwardingOs.getaddrinfo(ForwardingOs.java:61)
W/System.err( 4275): 	at java.net.InetAddress.lookupHostByName(InetAddress.java:405)
W/System.err( 4275): 	... 17 more
D/AlarmService( 4275): scheduleCheck completed
D/AlarmService( 4275): alarm service destroy
W/Uploader( 9092): No account for auth token provided
D/Uploader( 9092): Network request failed class java.net.UnknownHostException(Unable to resolve host "play.googleapis.com": No address associated with hostname)
I/ActivityManager(  744): Waited long enough for: ServiceRecord{42f84c68 u0 com.google.android.apps.genie.geniewidget/.GenieRefreshService}
V/Genie   (19483): refresh thread making data request, retry=0
V/Genie   (19483): requestData() ignore cache == false
V/Genie   (19483): Not requesting weather due to user preference
V/Genie   (19483): MiniWidgetController notifying observers that loading is in progress
V/Genie   (19483): onReceive: intent action=com.google.android.apps.genie.MINIWIDGET_UPDATE
V/Genie   (19483): MiniWidgetProvider.onUpdate()
V/Genie   (19483): ensureScheduledUpdate()
V/Genie   (19483): getRawFeed: GenieRequest [no location]
V/Genie   (19483): [no fake location]
V/Genie   (19483): [no category restrict]
V/Genie   (19483): [no session cookie]
V/Genie   (19483):  type: [15]
V/Genie   (19483): [no news topics]
V/Genie   (19483): custom topics: []
V/Genie   (19483): makeRequest() hardMaxAge = 21600000
V/Genie   (19483): hl=zh-CN country_code=CN
V/Genie   (19483): requestProto=requestTimeoutMs: 30000, hl: "zh-CN", countryCode: "CN", config <enableNews: true >
V/Genie   (19483): requestBytes=2xCNzh-CN
V/Genie   (19483): hl=zh-CN country_code=CN
V/Genie   (19483): refresh thread awaiting request result
V/Genie   (19483): makeRequest() failure, no cache
D/Genie   (19483): Request failed at, 421 17:58 next auto-refresh time =21600000
V/Genie   (19483): MiniWidgetController notifying observers that a failure has occurred
V/Genie   (19483): refresh thread request wait over.  loading news images
V/Genie   (19483): Commited FileCache, deleted 0 obselete files and kept 28 files.
V/Genie   (19483): MiniWidgetController notifying observers that news image is updated
V/Genie   (19483): refresh thread stopping
V/Genie   (19483): maybeRetry(), retryNumber=0
V/Genie   (19483): No active network.  attempt use of cached MASF data
V/Genie   (19483): scheduling retry #1
V/Genie   (19483): onReceive: intent action=com.google.android.apps.genie.MINIWIDGET_UPDATE
V/Genie   (19483): MiniWidgetProvider.onUpdate()
V/Genie   (19483): ensureScheduledUpdate()
V/Genie   (19483): refresh service stopping
D/ConnectivityService(  744): Sampling interval elapsed, updating statistics ..
D/ConnectivityService(  744): Done.
D/ConnectivityService(  744): Setting timer for 720seconds
I/EventLogService( 9111): Aggregate from 1429608906061 (log), 1429608906061 (data)
W/Uploader( 9092): No account for auth token provided
D/Uploader( 9092): Network request failed class java.net.UnknownHostException(Unable to resolve host "play.googleapis.com": No address associated with hostname)
D/dalvikvm( 9111): GC_CONCURRENT freed 356K, 4% free 16668K/17292K, paused 2ms+1ms, total 9ms
W/Uploader( 9092): No account for auth token provided
D/Uploader( 9092): Network request failed class java.net.UnknownHostException(Unable to resolve host "play.googleapis.com": No address associated with hostname)
D/dalvikvm( 9092): GC_FOR_ALLOC freed 368K, 4% free 16842K/17416K, paused 11ms, total 11ms
W/Uploader( 9092): No account for auth token provided
D/Uploader( 9092): Network request failed class java.net.UnknownHostException(Unable to resolve host "play.googleapis.com": No address associated with hostname)
D/AlarmService( 4275): on Create
D/AlarmService( 4275): on Start
D/AlarmService( 4275): start alarm service from action ALARM_ACTION
D/ConnectivityService(  744): Sampling interval elapsed, updating statistics ..
D/AlarmService( 4275): alarm service destroy
D/ConnectivityService(  744): Done.
D/ConnectivityService(  744): Setting timer for 720seconds
W/Uploader( 9092): No account for auth token provided
D/Uploader( 9092): Network request failed class java.net.UnknownHostException(Unable to resolve host "play.googleapis.com": No address associated with hostname)
D/ConnectivityService(  744): Sampling interval elapsed, updating statistics ..
D/ConnectivityService(  744): Done.
D/ConnectivityService(  744): Setting timer for 720seconds
W/Uploader( 9092): No account for auth token provided
D/Uploader( 9092): Network request failed class java.net.UnknownHostException(Unable to resolve host "play.googleapis.com": No address associated with hostname)
I/EventLogService( 9111): Aggregate from 1429610710032 (log), 1429610710032 (data)
D/dalvikvm(  847): GC_CONCURRENT freed 2843K, 47% free 25453K/47288K, paused 2ms+6ms, total 38ms
W/Uploader( 9092): No account for auth token provided
D/Uploader( 9092): Network request failed class java.net.UnknownHostException(Unable to resolve host "play.googleapis.com": No address associated with hostname)
D/ConnectivityService(  744): Sampling interval elapsed, updating statistics ..
D/ConnectivityService(  744): Done.
D/ConnectivityService(  744): Setting timer for 720seconds
W/Uploader( 9092): No account for auth token provided
D/Uploader( 9092): Network request failed class java.net.UnknownHostException(Unable to resolve host "play.googleapis.com": No address associated with hostname)
D/dalvikvm( 2148): GC_CONCURRENT freed 405K, 6% free 16879K/17896K, paused 7ms+3ms, total 248ms
D/dalvikvm( 9092): GC_FOR_ALLOC freed 366K, 4% free 16842K/17416K, paused 12ms, total 12ms
W/Uploader( 9092): No account for auth token provided
D/Uploader( 9092): Network request failed class java.net.UnknownHostException(Unable to resolve host "play.googleapis.com": No address associated with hostname)
D/ConnectivityService(  744): Sampling interval elapsed, updating statistics ..
D/ConnectivityService(  744): Done.
D/ConnectivityService(  744): Setting timer for 720seconds
W/Uploader( 9092): No account for auth token provided
D/Uploader( 9092): Network request failed class java.net.UnknownHostException(Unable to resolve host "play.googleapis.com": No address associated with hostname)
I/EventLogService( 9111): Aggregate from 1429612510113 (log), 1429612510113 (data)
W/Uploader( 9092): No account for auth token provided
D/Uploader( 9092): Network request failed class java.net.UnknownHostException(Unable to resolve host "play.googleapis.com": No address associated with hostname)
D/ConnectivityService(  744): Sampling interval elapsed, updating statistics ..
D/ConnectivityService(  744): Done.
D/ConnectivityService(  744): Setting timer for 720seconds
W/Uploader( 9092): No account for auth token provided
D/Uploader( 9092): Network request failed class java.net.UnknownHostException(Unable to resolve host "play.googleapis.com": No address associated with hostname)
D/AlarmService( 4275): on Create
D/AlarmService( 4275): on Start
D/AlarmService( 4275): start alarm service from action ALARM_ACTION
D/AlarmService( 4275): alarm service destroy
W/Uploader( 9092): No account for auth token provided
D/Uploader( 9092): Network request failed class java.net.UnknownHostException(Unable to resolve host "play.googleapis.com": No address associated with hostname)
D/dalvikvm( 9092): GC_FOR_ALLOC freed 366K, 4% free 16842K/17416K, paused 26ms, total 26ms
D/ConnectivityService(  744): Sampling interval elapsed, updating statistics ..
D/ConnectivityService(  744): Done.
D/ConnectivityService(  744): Setting timer for 720seconds
W/Uploader( 9092): No account for auth token provided
D/Uploader( 9092): Network request failed class java.net.UnknownHostException(Unable to resolve host "play.googleapis.com": No address associated with hostname)
I/EventLogService( 9111): Aggregate from 1429614312133 (log), 1429614312133 (data)
W/Uploader( 9092): No account for auth token provided
D/Uploader( 9092): Network request failed class java.net.UnknownHostException(Unable to resolve host "play.googleapis.com": No address associated with hostname)
D/ConnectivityService(  744): Sampling interval elapsed, updating statistics ..
D/ConnectivityService(  744): Done.
D/ConnectivityService(  744): Setting timer for 720seconds
D/dalvikvm( 2148): GC_CONCURRENT freed 496K, 6% free 16863K/17896K, paused 2ms+1ms, total 11ms
W/Uploader( 9092): No account for auth token provided
D/Uploader( 9092): Network request failed class java.net.UnknownHostException(Unable to resolve host "play.googleapis.com": No address associated with hostname)
W/Uploader( 9092): No account for auth token provided
D/Uploader( 9092): Network request failed class java.net.UnknownHostException(Unable to resolve host "play.googleapis.com": No address associated with hostname)
D/ConnectivityService(  744): Sampling interval elapsed, updating statistics ..
D/ConnectivityService(  744): Done.
D/ConnectivityService(  744): Setting timer for 720seconds
W/Uploader( 9092): No account for auth token provided
D/Uploader( 9092): Network request failed class java.net.UnknownHostException(Unable to resolve host "play.googleapis.com": No address associated with hostname)
D/dalvikvm( 9092): GC_FOR_ALLOC freed 367K, 4% free 16842K/17416K, paused 9ms, total 9ms
I/EventLogService( 9111): Aggregate from 1429616113040 (log), 1429616113040 (data)
W/Uploader( 9092): No account for auth token provided
D/Uploader( 9092): Network request failed class java.net.UnknownHostException(Unable to resolve host "play.googleapis.com": No address associated with hostname)
D/ConnectivityService(  744): Sampling interval elapsed, updating statistics ..
D/ConnectivityService(  744): Done.
D/ConnectivityService(  744): Setting timer for 720seconds
W/Uploader( 9092): No account for auth token provided
D/Uploader( 9092): Network request failed class java.net.UnknownHostException(Unable to resolve host "play.googleapis.com": No address associated with hostname)
D/AlarmService( 4275): on Create
D/AlarmService( 4275): on Start
D/AlarmService( 4275): start alarm service from action ALARM_ACTION
D/AlarmService( 4275): alarm service destroy
W/Uploader( 9092): No account for auth token provided
D/Uploader( 9092): Network request failed class java.net.UnknownHostException(Unable to resolve host "play.googleapis.com": No address associated with hostname)
D/ConnectivityService(  744): Sampling interval elapsed, updating statistics ..
D/ConnectivityService(  744): Done.
D/ConnectivityService(  744): Setting timer for 720seconds
D/AlarmService( 4275): scheduleCheck completed
W/Uploader( 9092): No account for auth token provided
D/Uploader( 9092): Network request failed class java.net.UnknownHostException(Unable to resolve host "play.googleapis.com": No address associated with hostname)
I/EventLogService( 9111): Aggregate from 1429617915065 (log), 1429617915065 (data)
D/dalvikvm( 9111): GC_FOR_ALLOC freed 382K, 4% free 16636K/17284K, paused 12ms, total 13ms
W/Uploader( 9092): No account for auth token provided
D/Uploader( 9092): Network request failed class java.net.UnknownHostException(Unable to resolve host "play.googleapis.com": No address associated with hostname)
D/dalvikvm( 9092): GC_FOR_ALLOC freed 366K, 4% free 16842K/17416K, paused 15ms, total 16ms
D/ConnectivityService(  744): Sampling interval elapsed, updating statistics ..
D/ConnectivityService(  744): Done.
D/ConnectivityService(  744): Setting timer for 720seconds
W/Uploader( 9092): No account for auth token provided
D/Uploader( 9092): Network request failed class java.net.UnknownHostException(Unable to resolve host "play.googleapis.com": No address associated with hostname)
D/dalvikvm( 2148): GC_CONCURRENT freed 475K, 6% free 16884K/17896K, paused 8ms+11ms, total 273ms
I/PowerManagerService(  744): Waking up from sleep...
I/EntropyMixer(  744): Writing entropy...
V/KeyguardServiceDelegate(  744): onScreenTurnedOn(showListener = com.android.internal.policy.impl.PhoneWindowManager$17@4353f868)
I/ActivityManager(  744): Start proc com.google.android.gallery3d for broadcast com.google.android.gallery3d/com.google.android.picasasync.BatteryReceiver: pid=26427 uid=10041 gids={50041, 3003, 1028, 1015}
D/SurfaceFlinger(  179): Screen acquired, type=0 flinger=0xb7769450
D/qdhwcomposer(  179): hwc_blank: Unblanking display: 0
E/AudioFlinger(  182): setParameters(): io 0, keyvalue screen_state=on, calling pid 744
D/dalvikvm(  744): GC_EXPLICIT freed 4785K, 28% free 39579K/54868K, paused 13ms+9ms, total 83ms
V/KeyguardServiceDelegate(  744): **** SHOWN CALLED ****
I/WindowManager(  744): Lock screen displayed!
D/qdhwcomposer(  179): hwc_blank: Done unblanking display: 0
D/SurfaceControl(  744): Excessive delay in unblankDisplay() while turning screen on: 231ms
D/dalvikvm(26427): GC_CONCURRENT freed 321K, 3% free 16531K/16888K, paused 2ms+1ms, total 14ms
I/PowerManagerService(  744): Going to sleep by user request...
I/ActivityManager(  744): Start proc com.google.android.apps.uploader for broadcast com.google.android.apps.uploader/com.google.android.picasasync.BatteryReceiver: pid=26466 uid=10058 gids={50058, 3003, 1028, 1015}
D/UploadsManager(26427):    wifiOnlyPhoto changed to true
D/UploadsManager(26427):    wifiOnlyVideo changed to true
D/UploadsManager(26427):    syncOnBattery changed to true
D/PicasaSync(26427): sync account database
W/System.err( 9176): java.lang.InterruptedException
W/System.err( 9176): 	at java.lang.Object.wait(Native Method)
W/System.err( 9176): 	at java.lang.Object.wait(Object.java:364)
W/System.err( 9176): 	at com.wandoujia.p4.app.controller.AppMd5ScanController.(:381)
W/System.err( 9176): 	at com.wandoujia.p4.app.controller.AppMd5ScanController.(:153)
W/System.err( 9176): 	at com.wandoujia.p4.app.controller.AppMd5ScanController.(:270)
W/System.err( 9176): 	at com.wandoujia.p4.app.controller.AppMd5ScanController.(:176)
W/System.err( 9176): 	at com.wandoujia.p4.app.controller.AppMd5ScanController.(:47)
W/System.err( 9176): 	at o.de.run(:337)
W/System.err( 9176): 	at java.util.Timer$TimerImpl.run(Timer.java:284)
D/PicasaSync(26427): accounts in DB=0
D/PicasaSyncManager(26427): background data: true
I/ActivityManager(  744): Start proc com.google.android.apps.plus for broadcast com.google.android.apps.plus/.iu.InstantUploadEnvironment$BatteryReceiver: pid=26482 uid=10068 gids={50068, 3003, 3002, 1028, 1015}
D/PicasaUploader(26466):    wifiOnlyPhoto changed to true
D/PicasaUploader(26466):    wifiOnlyVideo changed to true
D/PicasaUploader(26466):    syncOnBattery changed to true
D/PicasaSyncManager(26427): battery info: true
D/PicasaUploaderSync(26466): sync account database
D/PicasaUploaderSync(26466): accounts in DB=0
D/PicasaUploaderSyncManager(26466): background data: true
D/PicasaUploaderSyncManager(26466): battery info: true
D/dalvikvm(26482): No JNI_OnLoad found in /system/lib/libwebp_android.so 0x425301b0, skipping init
D/dalvikvm(26482): No JNI_OnLoad found in /system/lib/libplus_jni_v8.so 0x425301b0, skipping init
I/NativeLibrarySupport(26482): Native WEBP decoder, version=0.3.1
D/dalvikvm(26482): GC_CONCURRENT freed 311K, 2% free 16581K/16916K, paused 1ms+2ms, total 20ms
I/ActivityManager(  744): Start proc com.google.android.youtube for broadcast com.google.android.youtube/com.google.android.apps.youtube.app.prefetch.PrefetchService$DeviceStateReceiver: pid=26507 uid=10081 gids={50081, 3003, 1028, 1015}
I/ActivityManager(  744): Killing 18030:sogou.mobile.explorer.hotwords/u0a83 (adj 15): empty #17
D/YouTube (26507): apps.youtube.core.utils.bb.a:41 HttpClient.UserAgent: com.google.android.youtube/5.2.27(Linux; U; Android 4.4; zh_CN; AOSP on HammerHead Build/KRT16M)
