W/System.err( 4275): 	at o.fln.ʼ(:244)
W/System.err( 4275): 	at o.fln.･(:33)
W/System.err( 4275): 	at o.flo.run(:227)
W/System.err( 4275): 	at java.util.concurrent.ThreadPoolExecutor.runWorker(ThreadPoolExecutor.java:1112)
W/System.err( 4275): 	at java.util.concurrent.ThreadPoolExecutor$Worker.run(ThreadPoolExecutor.java:587)
W/System.err( 4275): 	at java.lang.Thread.run(Thread.java:841)
W/System.err( 4275): Caused by: java.util.concurrent.ExecutionException: java.net.UnknownHostException: Unable to resolve host "api.wandoujia.com": No address associated with hostname
W/System.err( 4275): 	at com.wandoujia.rpc.http.client.DataClient.executeHttpRequest(:145)
W/System.err( 4275): 	... 10 more
W/System.err( 4275): Caused by: java.net.UnknownHostException: Unable to resolve host "api.wandoujia.com": No address associated with hostname
W/System.err( 4275): 	at java.net.InetAddress.lookupHostByName(InetAddress.java:424)
W/System.err( 4275): 	at java.net.InetAddress.getAllByNameImpl(InetAddress.java:236)
W/System.err( 4275): 	at java.net.InetAddress.getAllByName(InetAddress.java:214)
W/System.err( 4275): 	at org.apache.http.impl.conn.DefaultClientConnectionOperator.openConnection(DefaultClientConnectionOperator.java:137)
W/System.err( 4275): 	at org.apache.http.impl.conn.AbstractPoolEntry.open(AbstractPoolEntry.java:164)
W/System.err( 4275): 	at org.apache.http.impl.conn.AbstractPooledConnAdapter.open(AbstractPooledConnAdapter.java:119)
W/System.err( 4275): 	at org.apache.http.impl.client.DefaultRequestDirector.execute(DefaultRequestDirector.java:360)
W/System.err( 4275): 	at org.apache.http.impl.client.AbstractHttpClient.execute(AbstractHttpClient.java:555)
W/System.err( 4275): 	at com.wandoujia.base.http.HttpClientWrapper.execute(:127)
W/System.err( 4275): 	at com.wandoujia.base.http.HttpClientWrapper.execute(:96)
W/System.err( 4275): 	at com.wandoujia.base.http.HttpClientWrapper.execute(:87)
W/System.err( 4275): 	at com.wandoujia.rpc.http.client.DataClient.executeHttpRequest(:139)
W/System.err( 4275): 	... 10 more
W/System.err( 4275): Caused by: libcore.io.GaiException: getaddrinfo failed: EAI_NODATA (No address associated with hostname)
W/System.err( 4275): 	at libcore.io.Posix.getaddrinfo(Native Method)
W/System.err( 4275): 	at libcore.io.ForwardingOs.getaddrinfo(ForwardingOs.java:61)
W/System.err( 4275): 	at java.net.InetAddress.lookupHostByName(InetAddress.java:405)
W/System.err( 4275): 	... 21 more
D/SystemBroadcastService( 9092): Received broadcast action=android.intent.action.PACKAGE_REPLACED and uri=
I/ActivityManager(  744): Delay finish: com.google.android.gms/.app.receiver.SystemBroadcastReceiver
I/ActivityManager(  744): Resuming delayed broadcast
V/GelStubAppWatcher(26975): onReceive: android.intent.action.PACKAGE_REPLACED
W/Launcher( 1005): setApplicationContext called twice! old=com.google.android.velvet.VelvetApplication@4252d000 new=com.google.android.velvet.VelvetApplication@4252d000
D/AlarmService( 4275): Alarm has been set
I/GCoreUlr( 1175): Ensuring that reporting is stopped because of reasons: (no Google accounts)
D/GCoreFlp( 1175): Unknown pending intent to remove.
I/GCoreUlr( 1175): Unbound from all location providers
D/AndroidRuntime(16296): 
D/AndroidRuntime(16296): >>>>>> AndroidRuntime START com.android.internal.os.RuntimeInit <<<<<<
D/AndroidRuntime(16296): CheckJNI is OFF
D/dalvikvm(16296): Trying to load lib libjavacore.so 0x0
D/dalvikvm(16296): Added shared lib libjavacore.so 0x0
D/dalvikvm(16296): Trying to load lib libnativehelper.so 0x0
D/dalvikvm(16296): Added shared lib libnativehelper.so 0x0
D/dalvikvm(16296): No JNI_OnLoad found in libnativehelper.so 0x0, skipping init
D/dalvikvm(16296): Note: class Landroid/app/ActivityManagerNative; has 179 unimplemented (abstract) methods
D/AndroidRuntime(16296): Calling main entry com.android.commands.am.Am
I/ActivityManager(  744): START u0 {act=android.intent.action.MAIN cat=[android.intent.category.LAUNCHER] flg=0x10000000 cmp=com.pzhao.opensltest/.MainActivity} from pid 16296
D/AndroidRuntime(16296): Shutting down VM
D/jdwp    (16296): Got wake-up signal, bailing out of select
D/dalvikvm(16296): Debugger has detached; object registry had 1 entries
D/dalvikvm(16313): Late-enabling CheckJNI
I/ActivityManager(  744): Start proc com.pzhao.opensltest for activity com.pzhao.opensltest/.MainActivity: pid=16313 uid=10102 gids={50102, 1028, 1015, 3003}
D/dalvikvm(16313): Trying to load lib /data/app-lib/com.pzhao.opensltest-2/libOpenSLTest.so 0x4252cbb0
D/dalvikvm(16313): Added shared lib /data/app-lib/com.pzhao.opensltest-2/libOpenSLTest.so 0x4252cbb0
D/dalvikvm(16313): No JNI_OnLoad found in /data/app-lib/com.pzhao.opensltest-2/libOpenSLTest.so 0x4252cbb0, skipping init
D/OpenSLActivity(16313): pzhao-->create RingBuffer
D/OpenSLActivity(16313): pzhao-->NativeSlave created
D/OpenSLActivity(16313): pzhao-->create engine
I/Adreno-EGL(16313): <qeglDrvAPI_eglInitialize:320>: EGL 1.4 QUALCOMM build:  (CL3776187)
I/Adreno-EGL(16313): OpenGL ES Shader Compiler Version: 
I/Adreno-EGL(16313): Build Date: 10/15/13 Tue
I/Adreno-EGL(16313): Local Branch: 
I/Adreno-EGL(16313): Remote Branch: partner/upstream
I/Adreno-EGL(16313): Local Patches: 
I/Adreno-EGL(16313): Reconstruct Branch: 
D/OpenGLRenderer(16313): Enabling debug mode 0
I/ActivityManager(  744): Displayed com.pzhao.opensltest/.MainActivity: +210ms
E/AudioFlinger(  182): registerClient() client 0xb8ab7148, pid 16313
E/AudioFlinger(  182): sendIoConfigEvent() num events 1 event 0, param 0
E/AudioFlinger(  182): thread 0xb5ec9008 type 0 TID 808 waking up
E/AudioFlinger(  182): acquireWakeLock_l() AudioOut_2 status 0
E/AudioFlinger(  182): processConfigEvents() remaining events 1
E/AudioFlinger(  182): sendIoConfigEvent() num events 1 event 0, param 0
E/AudioFlinger(  182): thread 0xb5c5b008 type 0 TID 809 waking up
E/AudioFlinger(  182): acquireWakeLock_l() AudioOut_3 status 0
E/AudioFlinger(  182): processConfigEvents() remaining events 1
E/AudioFlinger(  182): PlaybackThread::audioConfigChanged_l, thread 0xb5ec9008, event 0, param 0
E/AudioFlinger(  182): PlaybackThread::audioConfigChanged_l, thread 0xb5c5b008, event 0, param 0
E/AudioPolicyService(  182): pzhao-->I'm getting output in AudioPolicyService.cpp
E/AudioPolicyManagerBase(  182): pzhao-->now i'm getting output in AudioPolicyMangerBase through Binder from AudioPolicyService
E/AudioPolicyManagerBase(  182): pzhao-->output come from selectOutput in AudioPolicyMangerBase
E/AudioPolicyManagerBase(  182): pzhao-->now i return output 2 from AudioPolicyMangerBase at last when profile = NULL
E/AudioPolicyService(  182): vaylb-->AudioPolicyService::getOutput():output = 2 , stream = 3, samplingRate = 44100, format = 0x000001, channelMask = 3, flags = 0
E/AudioFlinger(  182): pzhao-->Must appear!!in createTrack of AudioFlinfer.cpp 
E/AudioFlinger(  182): pzhao-->I'm creating a new client in AudioFlinger,add to mClients
E/AudioFlinger(  182): createTrack() sessionId: 795
E/AudioFlinger(  182): createTrack() lSessionId: 795
E/AudioFlinger(  182): pzhao-->Now i'm creating a new Track in Threads.cpp
E/AudioMixer(  182): add track (1)
E/AudioMixer(  182): AudioMixer::unprepareTrackForDownmix(1)
E/AudioMixer(  182):  nothing to do, no downmixer to delete
E/AudioFlinger(  182): Track constructor name 4097, calling pid 16313
E/AudioFlinger(  182): acquiring 795 from 16313
E/AudioFlinger(  182):  added new entry for 795
E/AudioFlinger(  182): start(4097), calling pid 16313 session 795
E/AudioFlinger(  182): ? => ACTIVE (4097) on thread 0xb8af1d08
E/AudioPolicyService(  182): startOutput()
E/AudioFlinger(  182): pzhao-->signal playback thread
D/OpenSLActivity(16313): pzhao-->createAudioPlayer finish
E/AudioFlinger(  182): stop(4097), calling pid 16313
E/AudioFlinger(  182): not stopping/stopped => stopping/stopped (4097) on thread 0xb5ec9008
D/OpenSLActivity(16313): pzhao-->startPlay
D/OpenSLActivity(16313): pzhao-->enqueueBuffer begin
E/AudioFlinger(  182): track 4097 s=00000000 [NOT READY] on thread 0xb5ec9008
E/AudioFlinger(  182): removeTracks_l removing track on session 795
E/AudioFlinger(  182): start(4097), calling pid 16313 session 795
E/AudioFlinger(  182): ? => ACTIVE (4097) on thread 0xb8af1d08
E/AudioPolicyService(  182): startOutput()
E/AudioFlinger(  182): pzhao-->signal playback thread
D/OpenSLActivity(16313): pzhao-->enqueueBuffer last
D/OpenSLActivity(16313): pzhao-->enqueueBuffer begin
D/OpenSLActivity(16313): pzhao-->enqueueBuffer last
E/AudioPolicyService(  182): stopOutput()
E/AudioPolicyService(  182): inserting command: 5 at index 0, num commands 0
E/AudioPolicyService(  182): AudioCommandThread() adding stop output 2
E/AudioMixer(  182): enable(1)
E/AudioMixer(  182): setParameter(VOLUME, VOLUME0/1: 00c1)
E/AudioMixer(  182): setParameter(VOLUME, VOLUME0/1: 00c1)
E/AudioMixer(  182): creating resampler from track 44100 Hz to device 48000 Hz
E/AudioMixer(  182): setParameter(RESAMPLE, SAMPLE_RATE, 44100)
E/AudioMixer(  182): setParameter(TRACK, MAIN_BUFFER, 0xb8a81b20)
E/AudioMixer(  182): mixer configuration change: 1 activeTracks (00000002) all16BitsStereoNoResample=0, resampling=1, volumeRamp=0
E/AudioPolicyService(  182): AudioCommandThread() waking up
E/AudioPolicyService(  182): AudioCommandThread() processing stop output 2
E/AudioPolicyService(  182): doStopOutput from tid 782
E/AudioPolicyService(  182): AudioCommandThread() going to sleep
D/audio_hw_primary(  182): select_devices: out_snd_device(2: speaker) in_snd_device(0: )
D/OpenSLActivity(16313): pzhao-->enqueueBuffer begin
D/OpenSLActivity(16313): pzhao-->enqueueBuffer last
D/OpenSLActivity(16313): pzhao-->enqueueBuffer begin
D/OpenSLActivity(16313): pzhao-->enqueueBuffer last
D/OpenSLActivity(16313): pzhao-->enqueueBuffer begin
D/OpenSLActivity(16313): pzhao-->enqueueBuffer last
D/OpenSLActivity(16313): pzhao-->enqueueBuffer begin
D/OpenSLActivity(16313): pzhao-->enqueueBuffer last
D/OpenSLActivity(16313): pzhao-->enqueueBuffer begin
D/OpenSLActivity(16313): pzhao-->enqueueBuffer last
D/OpenSLActivity(16313): pzhao-->enqueueBuffer begin
D/OpenSLActivity(16313): pzhao-->enqueueBuffer last
D/OpenSLActivity(16313): pzhao-->enqueueBuffer begin
D/OpenSLActivity(16313): pzhao-->enqueueBuffer last
D/OpenSLActivity(16313): pzhao-->enqueueBuffer begin
D/OpenSLActivity(16313): pzhao-->enqueueBuffer last
D/OpenSLActivity(16313): pzhao-->enqueueBuffer begin
D/OpenSLActivity(16313): pzhao-->enqueueBuffer last
D/OpenSLActivity(16313): pzhao-->enqueueBuffer begin
D/OpenSLActivity(16313): pzhao-->enqueueBuffer last
D/OpenSLActivity(16313): pzhao-->enqueueBuffer begin
D/OpenSLActivity(16313): pzhao-->enqueueBuffer last
D/OpenSLActivity(16313): pzhao-->enqueueBuffer begin
D/OpenSLActivity(16313): pzhao-->enqueueBuffer last
D/OpenSLActivity(16313): pzhao-->enqueueBuffer begin
D/OpenSLActivity(16313): pzhao-->enqueueBuffer last
D/OpenSLActivity(16313): pzhao-->enqueueBuffer begin
D/OpenSLActivity(16313): pzhao-->enqueueBuffer last
D/OpenSLActivity(16313): pzhao-->enqueueBuffer begin
D/OpenSLActivity(16313): pzhao-->enqueueBuffer last
D/OpenSLActivity(16313): pzhao-->enqueueBuffer begin
D/OpenSLActivity(16313): pzhao-->enqueueBuffer last
D/OpenSLActivity(16313): pzhao-->enqueueBuffer begin
D/OpenSLActivity(16313): pzhao-->enqueueBuffer last
D/OpenSLActivity(16313): pzhao-->enqueueBuffer begin
D/OpenSLActivity(16313): pzhao-->enqueueBuffer last
D/OpenSLActivity(16313): pzhao-->enqueueBuffer begin
D/OpenSLActivity(16313): pzhao-->enqueueBuffer last
D/OpenSLActivity(16313): pzhao-->enqueueBuffer begin
D/OpenSLActivity(16313): pzhao-->enqueueBuffer last
D/OpenSLActivity(16313): pzhao-->enqueueBuffer begin
D/OpenSLActivity(16313): pzhao-->enqueueBuffer last
D/OpenSLActivity(16313): pzhao-->enqueueBuffer begin
D/OpenSLActivity(16313): pzhao-->enqueueBuffer last
D/OpenSLActivity(16313): pzhao-->enqueueBuffer begin
D/OpenSLActivity(16313): pzhao-->enqueueBuffer last
D/OpenSLActivity(16313): pzhao-->enqueueBuffer begin
D/OpenSLActivity(16313): pzhao-->enqueueBuffer last
D/OpenSLActivity(16313): pzhao-->enqueueBuffer begin
D/OpenSLActivity(16313): pzhao-->enqueueBuffer last
D/OpenSLActivity(16313): pzhao-->enqueueBuffer begin
D/OpenSLActivity(16313): pzhao-->enqueueBuffer last
D/OpenSLActivity(16313): pzhao-->enqueueBuffer begin
D/OpenSLActivity(16313): pzhao-->enqueueBuffer last
D/OpenSLActivity(16313): pzhao-->enqueueBuffer begin
D/OpenSLActivity(16313): pzhao-->enqueueBuffer last
D/OpenSLActivity(16313): pzhao-->enqueueBuffer begin
D/OpenSLActivity(16313): pzhao-->enqueueBuffer last
D/OpenSLActivity(16313): pzhao-->enqueueBuffer begin
D/OpenSLActivity(16313): pzhao-->enqueueBuffer last
D/OpenSLActivity(16313): pzhao-->enqueueBuffer begin
D/OpenSLActivity(16313): pzhao-->enqueueBuffer last
D/OpenSLActivity(16313): pzhao-->enqueueBuffer begin
D/OpenSLActivity(16313): pzhao-->enqueueBuffer last
D/OpenSLActivity(16313): pzhao-->enqueueBuffer begin
D/OpenSLActivity(16313): pzhao-->enqueueBuffer last
D/OpenSLActivity(16313): pzhao-->enqueueBuffer begin
D/OpenSLActivity(16313): pzhao-->enqueueBuffer last
D/OpenSLActivity(16313): pzhao-->enqueueBuffer begin
D/OpenSLActivity(16313): pzhao-->enqueueBuffer last
D/OpenSLActivity(16313): pzhao-->enqueueBuffer begin
D/OpenSLActivity(16313): pzhao-->enqueueBuffer last
D/OpenSLActivity(16313): pzhao-->enqueueBuffer begin
D/OpenSLActivity(16313): pzhao-->enqueueBuffer last
D/OpenSLActivity(16313): pzhao-->enqueueBuffer begin
D/OpenSLActivity(16313): pzhao-->enqueueBuffer last
D/OpenSLActivity(16313): pzhao-->enqueueBuffer begin
D/OpenSLActivity(16313): pzhao-->enqueueBuffer last
D/OpenSLActivity(16313): pzhao-->enqueueBuffer begin
D/OpenSLActivity(16313): pzhao-->enqueueBuffer last
D/OpenSLActivity(16313): pzhao-->enqueueBuffer begin
D/OpenSLActivity(16313): pzhao-->enqueueBuffer last
D/OpenSLActivity(16313): pzhao-->enqueueBuffer begin
D/OpenSLActivity(16313): pzhao-->enqueueBuffer last
D/OpenSLActivity(16313): pzhao-->enqueueBuffer begin
D/OpenSLActivity(16313): pzhao-->enqueueBuffer last
D/OpenSLActivity(16313): pzhao-->enqueueBuffer begin
D/OpenSLActivity(16313): pzhao-->enqueueBuffer last
D/OpenSLActivity(16313): pzhao-->enqueueBuffer begin
D/OpenSLActivity(16313): pzhao-->enqueueBuffer last
D/OpenSLActivity(16313): pzhao-->enqueueBuffer begin
D/OpenSLActivity(16313): pzhao-->enqueueBuffer last
D/OpenSLActivity(16313): pzhao-->enqueueBuffer begin
D/OpenSLActivity(16313): pzhao-->enqueueBuffer last
D/OpenSLActivity(16313): pzhao-->enqueueBuffer begin
D/OpenSLActivity(16313): pzhao-->enqueueBuffer last
D/OpenSLActivity(16313): pzhao-->enqueueBuffer begin
D/OpenSLActivity(16313): pzhao-->enqueueBuffer last
D/OpenSLActivity(16313): pzhao-->enqueueBuffer begin
D/OpenSLActivity(16313): pzhao-->enqueueBuffer last
D/OpenSLActivity(16313): pzhao-->enqueueBuffer begin
D/OpenSLActivity(16313): pzhao-->enqueueBuffer last
D/OpenSLActivity(16313): pzhao-->enqueueBuffer begin
D/OpenSLActivity(16313): pzhao-->enqueueBuffer last
D/OpenSLActivity(16313): pzhao-->enqueueBuffer begin
D/OpenSLActivity(16313): pzhao-->enqueueBuffer last
D/OpenSLActivity(16313): pzhao-->enqueueBuffer begin
D/OpenSLActivity(16313): pzhao-->enqueueBuffer last
D/OpenSLActivity(16313): pzhao-->enqueueBuffer begin
D/OpenSLActivity(16313): pzhao-->enqueueBuffer last
D/OpenSLActivity(16313): pzhao-->enqueueBuffer begin
D/OpenSLActivity(16313): pzhao-->enqueueBuffer last
D/OpenSLActivity(16313): pzhao-->enqueueBuffer begin
D/OpenSLActivity(16313): pzhao-->enqueueBuffer last
D/OpenSLActivity(16313): pzhao-->enqueueBuffer begin
D/OpenSLActivity(16313): pzhao-->enqueueBuffer last
D/OpenSLActivity(16313): pzhao-->enqueueBuffer begin
D/OpenSLActivity(16313): pzhao-->enqueueBuffer last
D/OpenSLActivity(16313): pzhao-->enqueueBuffer begin
D/OpenSLActivity(16313): pzhao-->enqueueBuffer last
D/OpenSLActivity(16313): pzhao-->enqueueBuffer begin
D/OpenSLActivity(16313): pzhao-->enqueueBuffer last
D/OpenSLActivity(16313): pzhao-->enqueueBuffer begin
D/OpenSLActivity(16313): pzhao-->enqueueBuffer last
D/OpenSLActivity(16313): pzhao-->enqueueBuffer begin
D/OpenSLActivity(16313): pzhao-->enqueueBuffer last
D/OpenSLActivity(16313): pzhao-->enqueueBuffer begin
D/OpenSLActivity(16313): pzhao-->enqueueBuffer last
E/AudioFlinger(  182): releaseWakeLock_l() AudioOut_3
E/AudioFlinger(  182): thread 0xb5c5b008 type 0 TID 809 going to sleep
D/OpenSLActivity(16313): pzhao-->enqueueBuffer begin
D/OpenSLActivity(16313): pzhao-->enqueueBuffer last
D/OpenSLActivity(16313): pzhao-->enqueueBuffer begin
D/OpenSLActivity(16313): pzhao-->enqueueBuffer last
D/OpenSLActivity(16313): pzhao-->enqueueBuffer begin
D/OpenSLActivity(16313): pzhao-->enqueueBuffer last
D/OpenSLActivity(16313): pzhao-->enqueueBuffer begin
D/OpenSLActivity(16313): pzhao-->enqueueBuffer last
D/OpenSLActivity(16313): pzhao-->enqueueBuffer begin
D/OpenSLActivity(16313): pzhao-->enqueueBuffer last
D/OpenSLActivity(16313): pzhao-->enqueueBuffer begin
D/OpenSLActivity(16313): pzhao-->enqueueBuffer last
D/OpenSLActivity(16313): pzhao-->enqueueBuffer begin
D/OpenSLActivity(16313): pzhao-->enqueueBuffer last
D/OpenSLActivity(16313): pzhao-->enqueueBuffer begin
D/OpenSLActivity(16313): pzhao-->enqueueBuffer last
D/OpenSLActivity(16313): pzhao-->enqueueBuffer begin
D/OpenSLActivity(16313): pzhao-->enqueueBuffer last
D/OpenSLActivity(16313): pzhao-->enqueueBuffer begin
D/OpenSLActivity(16313): pzhao-->enqueueBuffer last
D/OpenSLActivity(16313): pzhao-->enqueueBuffer begin
D/OpenSLActivity(16313): pzhao-->enqueueBuffer last
D/OpenSLActivity(16313): pzhao-->enqueueBuffer begin
D/OpenSLActivity(16313): pzhao-->enqueueBuffer last
D/OpenSLActivity(16313): pzhao-->enqueueBuffer begin
D/OpenSLActivity(16313): pzhao-->enqueueBuffer last
D/OpenSLActivity(16313): pzhao-->enqueueBuffer begin
D/OpenSLActivity(16313): pzhao-->enqueueBuffer last
D/OpenSLActivity(16313): pzhao-->enqueueBuffer begin
D/OpenSLActivity(16313): pzhao-->enqueueBuffer last
D/OpenSLActivity(16313): pzhao-->enqueueBuffer begin
D/OpenSLActivity(16313): pzhao-->enqueueBuffer last
D/OpenSLActivity(16313): pzhao-->enqueueBuffer begin
D/OpenSLActivity(16313): pzhao-->enqueueBuffer last
D/OpenSLActivity(16313): pzhao-->enqueueBuffer begin
D/OpenSLActivity(16313): pzhao-->enqueueBuffer last
D/OpenSLActivity(16313): pzhao-->enqueueBuffer begin
D/OpenSLActivity(16313): pzhao-->enqueueBuffer last
D/OpenSLActivity(16313): pzhao-->enqueueBuffer begin
D/OpenSLActivity(16313): pzhao-->enqueueBuffer last
D/OpenSLActivity(16313): pzhao-->enqueueBuffer begin
D/OpenSLActivity(16313): pzhao-->enqueueBuffer last
D/OpenSLActivity(16313): pzhao-->enqueueBuffer begin
D/OpenSLActivity(16313): pzhao-->enqueueBuffer last
D/OpenSLActivity(16313): pzhao-->enqueueBuffer begin
D/OpenSLActivity(16313): pzhao-->enqueueBuffer last
D/OpenSLActivity(16313): pzhao-->enqueueBuffer begin
D/OpenSLActivity(16313): pzhao-->enqueueBuffer last
D/OpenSLActivity(16313): pzhao-->enqueueBuffer begin
D/OpenSLActivity(16313): pzhao-->enqueueBuffer last
D/dalvikvm( 1168): GC_FOR_ALLOC freed 567K, 25% free 16884K/22360K, paused 15ms, total 15ms
D/OpenSLActivity(16313): pzhao-->enqueueBuffer begin
D/OpenSLActivity(16313): pzhao-->enqueueBuffer last
D/OpenSLActivity(16313): pzhao-->enqueueBuffer begin
D/OpenSLActivity(16313): pzhao-->enqueueBuffer last
D/Finsky  ( 1168): [1] 5.onFinished: Installation state replication succeeded.
D/OpenSLActivity(16313): pzhao-->enqueueBuffer begin
D/OpenSLActivity(16313): pzhao-->enqueueBuffer last
D/OpenSLActivity(16313): pzhao-->enqueueBuffer begin
D/OpenSLActivity(16313): pzhao-->enqueueBuffer last
D/OpenSLActivity(16313): pzhao-->enqueueBuffer begin
D/OpenSLActivity(16313): pzhao-->enqueueBuffer last
D/OpenSLActivity(16313): pzhao-->enqueueBuffer begin
D/OpenSLActivity(16313): pzhao-->enqueueBuffer last
D/OpenSLActivity(16313): pzhao-->enqueueBuffer begin
D/OpenSLActivity(16313): pzhao-->enqueueBuffer last
D/OpenSLActivity(16313): pzhao-->enqueueBuffer begin
D/OpenSLActivity(16313): pzhao-->enqueueBuffer last
D/OpenSLActivity(16313): pzhao-->enqueueBuffer begin
D/OpenSLActivity(16313): pzhao-->enqueueBuffer last
D/OpenSLActivity(16313): pzhao-->enqueueBuffer begin
D/OpenSLActivity(16313): pzhao-->enqueueBuffer last
D/OpenSLActivity(16313): pzhao-->enqueueBuffer begin
D/OpenSLActivity(16313): pzhao-->enqueueBuffer last
D/OpenSLActivity(16313): pzhao-->enqueueBuffer begin
D/OpenSLActivity(16313): pzhao-->enqueueBuffer last
D/OpenSLActivity(16313): pzhao-->enqueueBuffer begin
D/OpenSLActivity(16313): pzhao-->enqueueBuffer last
D/OpenSLActivity(16313): pzhao-->enqueueBuffer begin
D/OpenSLActivity(16313): pzhao-->enqueueBuffer last
D/OpenSLActivity(16313): pzhao-->enqueueBuffer begin
D/OpenSLActivity(16313): pzhao-->enqueueBuffer last
D/OpenSLActivity(16313): pzhao-->enqueueBuffer begin
D/OpenSLActivity(16313): pzhao-->enqueueBuffer last
D/OpenSLActivity(16313): pzhao-->enqueueBuffer begin
D/OpenSLActivity(16313): pzhao-->enqueueBuffer last
D/OpenSLActivity(16313): pzhao-->enqueueBuffer begin
D/OpenSLActivity(16313): pzhao-->enqueueBuffer last
D/OpenSLActivity(16313): pzhao-->enqueueBuffer begin
D/OpenSLActivity(16313): pzhao-->enqueueBuffer last
D/OpenSLActivity(16313): pzhao-->enqueueBuffer begin
D/OpenSLActivity(16313): pzhao-->enqueueBuffer last
D/OpenSLActivity(16313): pzhao-->enqueueBuffer begin
D/OpenSLActivity(16313): pzhao-->enqueueBuffer last
D/OpenSLActivity(16313): pzhao-->enqueueBuffer begin
D/OpenSLActivity(16313): pzhao-->enqueueBuffer last
D/OpenSLActivity(16313): pzhao-->enqueueBuffer begin
D/OpenSLActivity(16313): pzhao-->enqueueBuffer last
D/OpenSLActivity(16313): pzhao-->enqueueBuffer begin
D/OpenSLActivity(16313): pzhao-->enqueueBuffer last
D/OpenSLActivity(16313): pzhao-->enqueueBuffer begin
D/OpenSLActivity(16313): pzhao-->enqueueBuffer last
D/OpenSLActivity(16313): pzhao-->enqueueBuffer begin
D/OpenSLActivity(16313): pzhao-->enqueueBuffer last
D/OpenSLActivity(16313): pzhao-->enqueueBuffer begin
D/OpenSLActivity(16313): pzhao-->enqueueBuffer last
D/OpenSLActivity(16313): pzhao-->enqueueBuffer begin
D/OpenSLActivity(16313): pzhao-->enqueueBuffer last
D/OpenSLActivity(16313): pzhao-->enqueueBuffer begin
D/OpenSLActivity(16313): pzhao-->enqueueBuffer last
D/OpenSLActivity(16313): pzhao-->enqueueBuffer begin
D/OpenSLActivity(16313): pzhao-->enqueueBuffer last
D/OpenSLActivity(16313): pzhao-->enqueueBuffer begin
D/OpenSLActivity(16313): pzhao-->enqueueBuffer last
D/OpenSLActivity(16313): pzhao-->enqueueBuffer begin
D/OpenSLActivity(16313): pzhao-->enqueueBuffer last
D/OpenSLActivity(16313): pzhao-->enqueueBuffer begin
D/OpenSLActivity(16313): pzhao-->enqueueBuffer last
D/OpenSLActivity(16313): pzhao-->enqueueBuffer begin
D/OpenSLActivity(16313): pzhao-->enqueueBuffer last
D/OpenSLActivity(16313): pzhao-->enqueueBuffer begin
D/OpenSLActivity(16313): pzhao-->enqueueBuffer last
D/OpenSLActivity(16313): pzhao-->enqueueBuffer begin
D/OpenSLActivity(16313): pzhao-->enqueueBuffer last
D/OpenSLActivity(16313): pzhao-->enqueueBuffer begin
D/OpenSLActivity(16313): pzhao-->enqueueBuffer last
D/OpenSLActivity(16313): pzhao-->enqueueBuffer begin
D/OpenSLActivity(16313): pzhao-->enqueueBuffer last
D/OpenSLActivity(16313): pzhao-->enqueueBuffer begin
D/OpenSLActivity(16313): pzhao-->enqueueBuffer last
D/OpenSLActivity(16313): pzhao-->enqueueBuffer begin
D/OpenSLActivity(16313): pzhao-->enqueueBuffer last
D/OpenSLActivity(16313): pzhao-->enqueueBuffer begin
D/OpenSLActivity(16313): pzhao-->enqueueBuffer last
D/OpenSLActivity(16313): pzhao-->enqueueBuffer begin
D/OpenSLActivity(16313): pzhao-->enqueueBuffer last
D/OpenSLActivity(16313): pzhao-->enqueueBuffer begin
D/OpenSLActivity(16313): pzhao-->enqueueBuffer last
D/OpenSLActivity(16313): pzhao-->enqueueBuffer begin
D/OpenSLActivity(16313): pzhao-->enqueueBuffer last
D/OpenSLActivity(16313): pzhao-->enqueueBuffer begin
D/OpenSLActivity(16313): pzhao-->enqueueBuffer last
D/OpenSLActivity(16313): pzhao-->enqueueBuffer begin
D/OpenSLActivity(16313): pzhao-->enqueueBuffer last
D/OpenSLActivity(16313): pzhao-->enqueueBuffer begin
D/OpenSLActivity(16313): pzhao-->enqueueBuffer last
D/OpenSLActivity(16313): pzhao-->enqueueBuffer begin
D/OpenSLActivity(16313): pzhao-->enqueueBuffer last
D/OpenSLActivity(16313): pzhao-->enqueueBuffer begin
D/OpenSLActivity(16313): pzhao-->enqueueBuffer last
D/OpenSLActivity(16313): pzhao-->enqueueBuffer begin
D/OpenSLActivity(16313): pzhao-->enqueueBuffer last
D/OpenSLActivity(16313): pzhao-->enqueueBuffer begin
D/OpenSLActivity(16313): pzhao-->enqueueBuffer last
D/OpenSLActivity(16313): pzhao-->enqueueBuffer begin
D/OpenSLActivity(16313): pzhao-->enqueueBuffer last
D/OpenSLActivity(16313): pzhao-->enqueueBuffer begin
D/OpenSLActivity(16313): pzhao-->enqueueBuffer last
D/OpenSLActivity(16313): pzhao-->enqueueBuffer begin
D/OpenSLActivity(16313): pzhao-->enqueueBuffer last
D/OpenSLActivity(16313): pzhao-->enqueueBuffer begin
D/OpenSLActivity(16313): pzhao-->enqueueBuffer last
D/OpenSLActivity(16313): pzhao-->enqueueBuffer begin
D/OpenSLActivity(16313): pzhao-->enqueueBuffer last
D/OpenSLActivity(16313): pzhao-->enqueueBuffer begin
D/OpenSLActivity(16313): pzhao-->enqueueBuffer last
D/OpenSLActivity(16313): pzhao-->enqueueBuffer begin
D/OpenSLActivity(16313): pzhao-->enqueueBuffer last
D/OpenSLActivity(16313): pzhao-->enqueueBuffer begin
D/OpenSLActivity(16313): pzhao-->enqueueBuffer last
D/OpenSLActivity(16313): pzhao-->enqueueBuffer begin
D/OpenSLActivity(16313): pzhao-->enqueueBuffer last
D/OpenSLActivity(16313): pzhao-->enqueueBuffer begin
D/OpenSLActivity(16313): pzhao-->enqueueBuffer last
D/OpenSLActivity(16313): pzhao-->enqueueBuffer begin
D/OpenSLActivity(16313): pzhao-->enqueueBuffer last
D/OpenSLActivity(16313): pzhao-->enqueueBuffer begin
D/OpenSLActivity(16313): pzhao-->enqueueBuffer last
D/OpenSLActivity(16313): pzhao-->enqueueBuffer begin
D/OpenSLActivity(16313): pzhao-->enqueueBuffer last
D/OpenSLActivity(16313): pzhao-->enqueueBuffer begin
D/OpenSLActivity(16313): pzhao-->enqueueBuffer last
D/OpenSLActivity(16313): pzhao-->enqueueBuffer begin
D/OpenSLActivity(16313): pzhao-->enqueueBuffer last
D/OpenSLActivity(16313): pzhao-->enqueueBuffer begin
D/OpenSLActivity(16313): pzhao-->enqueueBuffer last
D/OpenSLActivity(16313): pzhao-->enqueueBuffer begin
D/OpenSLActivity(16313): pzhao-->enqueueBuffer last
D/OpenSLActivity(16313): pzhao-->enqueueBuffer begin
D/OpenSLActivity(16313): pzhao-->enqueueBuffer last
D/OpenSLActivity(16313): pzhao-->enqueueBuffer begin
D/OpenSLActivity(16313): pzhao-->enqueueBuffer last
D/OpenSLActivity(16313): pzhao-->enqueueBuffer begin
D/OpenSLActivity(16313): pzhao-->enqueueBuffer last
D/OpenSLActivity(16313): pzhao-->enqueueBuffer begin
D/OpenSLActivity(16313): pzhao-->enqueueBuffer last
D/OpenSLActivity(16313): pzhao-->enqueueBuffer begin
D/OpenSLActivity(16313): pzhao-->enqueueBuffer last
D/OpenSLActivity(16313): pzhao-->enqueueBuffer begin
D/OpenSLActivity(16313): pzhao-->enqueueBuffer last
D/OpenSLActivity(16313): pzhao-->enqueueBuffer begin
D/OpenSLActivity(16313): pzhao-->enqueueBuffer last
D/OpenSLActivity(16313): pzhao-->enqueueBuffer begin
D/OpenSLActivity(16313): pzhao-->enqueueBuffer last
D/OpenSLActivity(16313): pzhao-->enqueueBuffer begin
D/OpenSLActivity(16313): pzhao-->enqueueBuffer last
D/OpenSLActivity(16313): pzhao-->enqueueBuffer begin
D/OpenSLActivity(16313): pzhao-->enqueueBuffer last
D/OpenSLActivity(16313): pzhao-->enqueueBuffer begin
D/OpenSLActivity(16313): pzhao-->enqueueBuffer last
D/OpenSLActivity(16313): pzhao-->enqueueBuffer begin
D/OpenSLActivity(16313): pzhao-->enqueueBuffer last
D/OpenSLActivity(16313): pzhao-->enqueueBuffer begin
D/OpenSLActivity(16313): pzhao-->enqueueBuffer last
D/OpenSLActivity(16313): pzhao-->enqueueBuffer begin
D/OpenSLActivity(16313): pzhao-->enqueueBuffer last
D/OpenSLActivity(16313): pzhao-->enqueueBuffer begin
D/OpenSLActivity(16313): pzhao-->enqueueBuffer last
D/OpenSLActivity(16313): pzhao-->enqueueBuffer begin
D/OpenSLActivity(16313): pzhao-->enqueueBuffer last
D/OpenSLActivity(16313): pzhao-->enqueueBuffer begin
D/OpenSLActivity(16313): pzhao-->enqueueBuffer last
D/OpenSLActivity(16313): pzhao-->enqueueBuffer begin
D/OpenSLActivity(16313): pzhao-->enqueueBuffer last
D/OpenSLActivity(16313): pzhao-->enqueueBuffer begin
D/OpenSLActivity(16313): pzhao-->enqueueBuffer last
D/OpenSLActivity(16313): pzhao-->enqueueBuffer begin
D/OpenSLActivity(16313): pzhao-->enqueueBuffer last
D/OpenSLActivity(16313): pzhao-->enqueueBuffer begin
D/OpenSLActivity(16313): pzhao-->enqueueBuffer last
D/OpenSLActivity(16313): pzhao-->enqueueBuffer begin
D/OpenSLActivity(16313): pzhao-->enqueueBuffer last
D/OpenSLActivity(16313): pzhao-->enqueueBuffer begin
D/OpenSLActivity(16313): pzhao-->enqueueBuffer last
D/OpenSLActivity(16313): pzhao-->enqueueBuffer begin
D/OpenSLActivity(16313): pzhao-->enqueueBuffer last
D/OpenSLActivity(16313): pzhao-->enqueueBuffer begin
D/OpenSLActivity(16313): pzhao-->enqueueBuffer last
D/OpenSLActivity(16313): pzhao-->enqueueBuffer begin
D/OpenSLActivity(16313): pzhao-->enqueueBuffer last
D/OpenSLActivity(16313): pzhao-->enqueueBuffer begin
D/OpenSLActivity(16313): pzhao-->enqueueBuffer last
D/OpenSLActivity(16313): pzhao-->enqueueBuffer begin
D/OpenSLActivity(16313): pzhao-->enqueueBuffer last
D/OpenSLActivity(16313): pzhao-->enqueueBuffer begin
D/OpenSLActivity(16313): pzhao-->enqueueBuffer last
D/OpenSLActivity(16313): pzhao-->enqueueBuffer begin
D/OpenSLActivity(16313): pzhao-->enqueueBuffer last
D/OpenSLActivity(16313): pzhao-->enqueueBuffer begin
D/OpenSLActivity(16313): pzhao-->enqueueBuffer last
D/OpenSLActivity(16313): pzhao-->enqueueBuffer begin
D/OpenSLActivity(16313): pzhao-->enqueueBuffer last
D/OpenSLActivity(16313): pzhao-->enqueueBuffer begin
D/OpenSLActivity(16313): pzhao-->enqueueBuffer last
D/OpenSLActivity(16313): pzhao-->enqueueBuffer begin
D/OpenSLActivity(16313): pzhao-->enqueueBuffer last
D/OpenSLActivity(16313): pzhao-->enqueueBuffer begin
D/OpenSLActivity(16313): pzhao-->enqueueBuffer last
D/OpenSLActivity(16313): pzhao-->enqueueBuffer begin
D/OpenSLActivity(16313): pzhao-->enqueueBuffer last
D/OpenSLActivity(16313): pzhao-->enqueueBuffer begin
D/OpenSLActivity(16313): pzhao-->enqueueBuffer last
D/OpenSLActivity(16313): pzhao-->enqueueBuffer begin
D/OpenSLActivity(16313): pzhao-->enqueueBuffer last
D/OpenSLActivity(16313): pzhao-->enqueueBuffer begin
D/OpenSLActivity(16313): pzhao-->enqueueBuffer last
D/OpenSLActivity(16313): pzhao-->enqueueBuffer begin
D/OpenSLActivity(16313): pzhao-->enqueueBuffer last
D/OpenSLActivity(16313): pzhao-->enqueueBuffer begin
D/OpenSLActivity(16313): pzhao-->enqueueBuffer last
D/OpenSLActivity(16313): pzhao-->enqueueBuffer begin
D/OpenSLActivity(16313): pzhao-->enqueueBuffer last
D/OpenSLActivity(16313): pzhao-->enqueueBuffer begin
D/OpenSLActivity(16313): pzhao-->enqueueBuffer last
D/OpenSLActivity(16313): pzhao-->enqueueBuffer begin
D/OpenSLActivity(16313): pzhao-->enqueueBuffer last
D/OpenSLActivity(16313): pzhao-->enqueueBuffer begin
D/OpenSLActivity(16313): pzhao-->enqueueBuffer last
D/OpenSLActivity(16313): pzhao-->enqueueBuffer begin
D/OpenSLActivity(16313): pzhao-->enqueueBuffer last
D/OpenSLActivity(16313): pzhao-->enqueueBuffer begin
D/OpenSLActivity(16313): pzhao-->enqueueBuffer last
D/OpenSLActivity(16313): pzhao-->enqueueBuffer begin
D/OpenSLActivity(16313): pzhao-->enqueueBuffer last
D/OpenSLActivity(16313): pzhao-->enqueueBuffer begin
D/OpenSLActivity(16313): pzhao-->enqueueBuffer last
D/OpenSLActivity(16313): pzhao-->enqueueBuffer begin
D/OpenSLActivity(16313): pzhao-->enqueueBuffer last
D/OpenSLActivity(16313): pzhao-->enqueueBuffer begin
D/OpenSLActivity(16313): pzhao-->enqueueBuffer last
D/OpenSLActivity(16313): pzhao-->enqueueBuffer begin
D/OpenSLActivity(16313): pzhao-->enqueueBuffer last
D/OpenSLActivity(16313): pzhao-->enqueueBuffer begin
D/OpenSLActivity(16313): pzhao-->enqueueBuffer last
D/OpenSLActivity(16313): pzhao-->enqueueBuffer begin
D/OpenSLActivity(16313): pzhao-->enqueueBuffer last
D/OpenSLActivity(16313): pzhao-->enqueueBuffer begin
D/OpenSLActivity(16313): pzhao-->enqueueBuffer last
D/OpenSLActivity(16313): pzhao-->enqueueBuffer begin
D/OpenSLActivity(16313): pzhao-->enqueueBuffer last
D/OpenSLActivity(16313): pzhao-->enqueueBuffer begin
D/OpenSLActivity(16313): pzhao-->enqueueBuffer last
D/OpenSLActivity(16313): pzhao-->enqueueBuffer begin
D/OpenSLActivity(16313): pzhao-->enqueueBuffer last
D/OpenSLActivity(16313): pzhao-->enqueueBuffer begin
D/OpenSLActivity(16313): pzhao-->enqueueBuffer last
D/OpenSLActivity(16313): pzhao-->enqueueBuffer begin
D/OpenSLActivity(16313): pzhao-->enqueueBuffer last
D/OpenSLActivity(16313): pzhao-->enqueueBuffer begin
D/OpenSLActivity(16313): pzhao-->enqueueBuffer last
D/OpenSLActivity(16313): pzhao-->enqueueBuffer begin
D/OpenSLActivity(16313): pzhao-->enqueueBuffer last
D/OpenSLActivity(16313): pzhao-->enqueueBuffer begin
D/OpenSLActivity(16313): pzhao-->enqueueBuffer last
D/OpenSLActivity(16313): pzhao-->enqueueBuffer begin
D/OpenSLActivity(16313): pzhao-->enqueueBuffer last
D/OpenSLActivity(16313): pzhao-->enqueueBuffer begin
D/OpenSLActivity(16313): pzhao-->enqueueBuffer last
D/OpenSLActivity(16313): pzhao-->enqueueBuffer begin
D/OpenSLActivity(16313): pzhao-->enqueueBuffer last
D/OpenSLActivity(16313): pzhao-->enqueueBuffer begin
D/OpenSLActivity(16313): pzhao-->enqueueBuffer last
D/OpenSLActivity(16313): pzhao-->enqueueBuffer begin
D/OpenSLActivity(16313): pzhao-->enqueueBuffer last
D/OpenSLActivity(16313): pzhao-->enqueueBuffer begin
D/OpenSLActivity(16313): pzhao-->enqueueBuffer last
D/OpenSLActivity(16313): pzhao-->enqueueBuffer begin
D/OpenSLActivity(16313): pzhao-->enqueueBuffer last
D/OpenSLActivity(16313): pzhao-->enqueueBuffer begin
D/OpenSLActivity(16313): pzhao-->enqueueBuffer last
D/OpenSLActivity(16313): pzhao-->enqueueBuffer begin
D/OpenSLActivity(16313): pzhao-->enqueueBuffer last
D/OpenSLActivity(16313): pzhao-->enqueueBuffer begin
D/OpenSLActivity(16313): pzhao-->enqueueBuffer last
D/OpenSLActivity(16313): pzhao-->enqueueBuffer begin
D/OpenSLActivity(16313): pzhao-->enqueueBuffer last
D/OpenSLActivity(16313): pzhao-->enqueueBuffer begin
D/OpenSLActivity(16313): pzhao-->enqueueBuffer last
D/OpenSLActivity(16313): pzhao-->enqueueBuffer begin
D/OpenSLActivity(16313): pzhao-->enqueueBuffer last
D/OpenSLActivity(16313): pzhao-->enqueueBuffer begin
D/OpenSLActivity(16313): pzhao-->enqueueBuffer last
D/OpenSLActivity(16313): pzhao-->enqueueBuffer begin
D/OpenSLActivity(16313): pzhao-->enqueueBuffer last
D/OpenSLActivity(16313): pzhao-->enqueueBuffer begin
D/OpenSLActivity(16313): pzhao-->enqueueBuffer last
D/OpenSLActivity(16313): pzhao-->enqueueBuffer begin
D/OpenSLActivity(16313): pzhao-->enqueueBuffer last
D/OpenSLActivity(16313): pzhao-->enqueueBuffer begin
D/OpenSLActivity(16313): pzhao-->enqueueBuffer last
D/OpenSLActivity(16313): pzhao-->enqueueBuffer begin
D/OpenSLActivity(16313): pzhao-->enqueueBuffer last
D/OpenSLActivity(16313): pzhao-->enqueueBuffer begin
D/OpenSLActivity(16313): pzhao-->enqueueBuffer last
D/OpenSLActivity(16313): pzhao-->enqueueBuffer begin
D/OpenSLActivity(16313): pzhao-->enqueueBuffer last
D/OpenSLActivity(16313): pzhao-->enqueueBuffer begin
D/OpenSLActivity(16313): pzhao-->enqueueBuffer last
D/OpenSLActivity(16313): pzhao-->enqueueBuffer begin
D/OpenSLActivity(16313): pzhao-->enqueueBuffer last
D/OpenSLActivity(16313): pzhao-->enqueueBuffer begin
D/OpenSLActivity(16313): pzhao-->enqueueBuffer last
D/OpenSLActivity(16313): pzhao-->enqueueBuffer begin
D/OpenSLActivity(16313): pzhao-->enqueueBuffer last
D/OpenSLActivity(16313): pzhao-->enqueueBuffer begin
D/OpenSLActivity(16313): pzhao-->enqueueBuffer last
D/OpenSLActivity(16313): pzhao-->enqueueBuffer begin
D/OpenSLActivity(16313): pzhao-->enqueueBuffer last
D/OpenSLActivity(16313): pzhao-->enqueueBuffer begin
D/OpenSLActivity(16313): pzhao-->enqueueBuffer last
D/OpenSLActivity(16313): pzhao-->enqueueBuffer begin
D/OpenSLActivity(16313): pzhao-->enqueueBuffer last
D/OpenSLActivity(16313): pzhao-->enqueueBuffer begin
D/OpenSLActivity(16313): pzhao-->enqueueBuffer last
D/OpenSLActivity(16313): pzhao-->enqueueBuffer begin
D/OpenSLActivity(16313): pzhao-->enqueueBuffer last
D/OpenSLActivity(16313): pzhao-->enqueueBuffer begin
D/OpenSLActivity(16313): pzhao-->enqueueBuffer last
D/OpenSLActivity(16313): pzhao-->enqueueBuffer begin
D/OpenSLActivity(16313): pzhao-->enqueueBuffer last
D/OpenSLActivity(16313): pzhao-->enqueueBuffer begin
D/OpenSLActivity(16313): pzhao-->enqueueBuffer last
D/OpenSLActivity(16313): pzhao-->enqueueBuffer begin
D/OpenSLActivity(16313): pzhao-->enqueueBuffer last
D/OpenSLActivity(16313): pzhao-->enqueueBuffer begin
D/OpenSLActivity(16313): pzhao-->enqueueBuffer last
D/OpenSLActivity(16313): pzhao-->enqueueBuffer begin
D/OpenSLActivity(16313): pzhao-->enqueueBuffer last
D/OpenSLActivity(16313): pzhao-->enqueueBuffer begin
D/OpenSLActivity(16313): pzhao-->enqueueBuffer last
D/OpenSLActivity(16313): pzhao-->enqueueBuffer begin
D/OpenSLActivity(16313): pzhao-->enqueueBuffer last
D/OpenSLActivity(16313): pzhao-->enqueueBuffer begin
D/OpenSLActivity(16313): pzhao-->enqueueBuffer last
D/OpenSLActivity(16313): pzhao-->enqueueBuffer begin
D/OpenSLActivity(16313): pzhao-->enqueueBuffer last
D/OpenSLActivity(16313): pzhao-->enqueueBuffer begin
D/OpenSLActivity(16313): pzhao-->enqueueBuffer last
D/OpenSLActivity(16313): pzhao-->enqueueBuffer begin
D/OpenSLActivity(16313): pzhao-->enqueueBuffer last
D/OpenSLActivity(16313): pzhao-->enqueueBuffer begin
D/OpenSLActivity(16313): pzhao-->enqueueBuffer last
D/OpenSLActivity(16313): pzhao-->enqueueBuffer begin
D/OpenSLActivity(16313): pzhao-->enqueueBuffer last
D/OpenSLActivity(16313): pzhao-->enqueueBuffer begin
D/OpenSLActivity(16313): pzhao-->enqueueBuffer last
D/OpenSLActivity(16313): pzhao-->enqueueBuffer begin
D/OpenSLActivity(16313): pzhao-->enqueueBuffer last
D/OpenSLActivity(16313): pzhao-->enqueueBuffer begin
D/OpenSLActivity(16313): pzhao-->enqueueBuffer last
D/OpenSLActivity(16313): pzhao-->enqueueBuffer begin
D/OpenSLActivity(16313): pzhao-->enqueueBuffer last
D/OpenSLActivity(16313): pzhao-->enqueueBuffer begin
D/OpenSLActivity(16313): pzhao-->enqueueBuffer last
D/OpenSLActivity(16313): pzhao-->enqueueBuffer begin
D/OpenSLActivity(16313): pzhao-->enqueueBuffer last
D/OpenSLActivity(16313): pzhao-->enqueueBuffer begin
D/OpenSLActivity(16313): pzhao-->enqueueBuffer last
D/OpenSLActivity(16313): pzhao-->enqueueBuffer begin
D/OpenSLActivity(16313): pzhao-->enqueueBuffer last
D/OpenSLActivity(16313): pzhao-->enqueueBuffer begin
D/OpenSLActivity(16313): pzhao-->enqueueBuffer last
D/OpenSLActivity(16313): pzhao-->enqueueBuffer begin
D/OpenSLActivity(16313): pzhao-->enqueueBuffer last
D/OpenSLActivity(16313): pzhao-->enqueueBuffer begin
D/OpenSLActivity(16313): pzhao-->enqueueBuffer last
D/OpenSLActivity(16313): pzhao-->enqueueBuffer begin
D/OpenSLActivity(16313): pzhao-->enqueueBuffer last
D/OpenSLActivity(16313): pzhao-->enqueueBuffer begin
D/OpenSLActivity(16313): pzhao-->enqueueBuffer last
D/OpenSLActivity(16313): pzhao-->enqueueBuffer begin
D/OpenSLActivity(16313): pzhao-->enqueueBuffer last
D/OpenSLActivity(16313): pzhao-->enqueueBuffer begin
D/OpenSLActivity(16313): pzhao-->enqueueBuffer last
D/OpenSLActivity(16313): pzhao-->enqueueBuffer begin
D/OpenSLActivity(16313): pzhao-->enqueueBuffer last
D/OpenSLActivity(16313): pzhao-->enqueueBuffer begin
D/OpenSLActivity(16313): pzhao-->enqueueBuffer last
D/OpenSLActivity(16313): pzhao-->enqueueBuffer begin
D/OpenSLActivity(16313): pzhao-->enqueueBuffer last
D/OpenSLActivity(16313): pzhao-->enqueueBuffer begin
D/OpenSLActivity(16313): pzhao-->enqueueBuffer last
D/OpenSLActivity(16313): pzhao-->enqueueBuffer begin
D/OpenSLActivity(16313): pzhao-->enqueueBuffer last
D/OpenSLActivity(16313): pzhao-->enqueueBuffer begin
D/OpenSLActivity(16313): pzhao-->enqueueBuffer last
D/OpenSLActivity(16313): pzhao-->enqueueBuffer begin
D/OpenSLActivity(16313): pzhao-->enqueueBuffer last
D/OpenSLActivity(16313): pzhao-->enqueueBuffer begin
D/OpenSLActivity(16313): pzhao-->enqueueBuffer last
D/OpenSLActivity(16313): pzhao-->enqueueBuffer begin
D/OpenSLActivity(16313): pzhao-->enqueueBuffer last
D/OpenSLActivity(16313): pzhao-->enqueueBuffer begin
D/OpenSLActivity(16313): pzhao-->enqueueBuffer last
D/OpenSLActivity(16313): pzhao-->enqueueBuffer begin
D/OpenSLActivity(16313): pzhao-->enqueueBuffer last
D/OpenSLActivity(16313): pzhao-->enqueueBuffer begin
D/OpenSLActivity(16313): pzhao-->enqueueBuffer last
D/OpenSLActivity(16313): pzhao-->enqueueBuffer begin
D/OpenSLActivity(16313): pzhao-->enqueueBuffer last
D/OpenSLActivity(16313): pzhao-->enqueueBuffer begin
D/OpenSLActivity(16313): pzhao-->enqueueBuffer last
D/OpenSLActivity(16313): pzhao-->enqueueBuffer begin
D/OpenSLActivity(16313): pzhao-->enqueueBuffer last
D/OpenSLActivity(16313): pzhao-->enqueueBuffer begin
D/OpenSLActivity(16313): pzhao-->enqueueBuffer last
D/OpenSLActivity(16313): pzhao-->enqueueBuffer begin
D/OpenSLActivity(16313): pzhao-->enqueueBuffer last
D/OpenSLActivity(16313): pzhao-->enqueueBuffer begin
D/OpenSLActivity(16313): pzhao-->enqueueBuffer last
D/OpenSLActivity(16313): pzhao-->enqueueBuffer begin
D/OpenSLActivity(16313): pzhao-->enqueueBuffer last
D/OpenSLActivity(16313): pzhao-->enqueueBuffer begin
D/OpenSLActivity(16313): pzhao-->enqueueBuffer last
D/OpenSLActivity(16313): pzhao-->enqueueBuffer begin
D/OpenSLActivity(16313): pzhao-->enqueueBuffer last
D/OpenSLActivity(16313): pzhao-->enqueueBuffer begin
D/OpenSLActivity(16313): pzhao-->enqueueBuffer last
D/OpenSLActivity(16313): pzhao-->enqueueBuffer begin
D/OpenSLActivity(16313): pzhao-->enqueueBuffer last
D/OpenSLActivity(16313): pzhao-->enqueueBuffer begin
D/OpenSLActivity(16313): pzhao-->enqueueBuffer last
D/OpenSLActivity(16313): pzhao-->enqueueBuffer begin
D/OpenSLActivity(16313): pzhao-->enqueueBuffer last
D/OpenSLActivity(16313): pzhao-->enqueueBuffer begin
D/OpenSLActivity(16313): pzhao-->enqueueBuffer last
D/OpenSLActivity(16313): pzhao-->enqueueBuffer begin
D/OpenSLActivity(16313): pzhao-->enqueueBuffer last
D/OpenSLActivity(16313): pzhao-->enqueueBuffer begin
D/OpenSLActivity(16313): pzhao-->enqueueBuffer last
D/OpenSLActivity(16313): pzhao-->enqueueBuffer begin
D/OpenSLActivity(16313): pzhao-->enqueueBuffer last
D/OpenSLActivity(16313): pzhao-->enqueueBuffer begin
D/OpenSLActivity(16313): pzhao-->enqueueBuffer last
D/OpenSLActivity(16313): pzhao-->enqueueBuffer begin
D/OpenSLActivity(16313): pzhao-->enqueueBuffer last
D/OpenSLActivity(16313): pzhao-->enqueueBuffer begin
D/OpenSLActivity(16313): pzhao-->enqueueBuffer last
D/OpenSLActivity(16313): pzhao-->enqueueBuffer begin
D/OpenSLActivity(16313): pzhao-->enqueueBuffer last
D/OpenSLActivity(16313): pzhao-->enqueueBuffer begin
D/OpenSLActivity(16313): pzhao-->enqueueBuffer last
D/OpenSLActivity(16313): pzhao-->enqueueBuffer begin
D/OpenSLActivity(16313): pzhao-->enqueueBuffer last
D/OpenSLActivity(16313): pzhao-->enqueueBuffer begin
D/OpenSLActivity(16313): pzhao-->enqueueBuffer last
D/OpenSLActivity(16313): pzhao-->enqueueBuffer begin
D/OpenSLActivity(16313): pzhao-->enqueueBuffer last
D/OpenSLActivity(16313): pzhao-->enqueueBuffer begin
D/OpenSLActivity(16313): pzhao-->enqueueBuffer last
D/OpenSLActivity(16313): pzhao-->enqueueBuffer begin
D/OpenSLActivity(16313): pzhao-->enqueueBuffer last
D/OpenSLActivity(16313): pzhao-->enqueueBuffer begin
D/OpenSLActivity(16313): pzhao-->enqueueBuffer last
D/OpenSLActivity(16313): pzhao-->enqueueBuffer begin
D/OpenSLActivity(16313): pzhao-->enqueueBuffer last
D/OpenSLActivity(16313): pzhao-->enqueueBuffer begin
D/OpenSLActivity(16313): pzhao-->enqueueBuffer last
D/OpenSLActivity(16313): pzhao-->enqueueBuffer begin
D/OpenSLActivity(16313): pzhao-->enqueueBuffer last
D/OpenSLActivity(16313): pzhao-->enqueueBuffer begin
D/OpenSLActivity(16313): pzhao-->enqueueBuffer last
D/OpenSLActivity(16313): pzhao-->enqueueBuffer begin
D/OpenSLActivity(16313): pzhao-->enqueueBuffer last
D/OpenSLActivity(16313): pzhao-->enqueueBuffer begin
D/OpenSLActivity(16313): pzhao-->enqueueBuffer last
D/OpenSLActivity(16313): pzhao-->enqueueBuffer begin
D/OpenSLActivity(16313): pzhao-->enqueueBuffer last
D/OpenSLActivity(16313): pzhao-->enqueueBuffer begin
D/OpenSLActivity(16313): pzhao-->enqueueBuffer last
D/OpenSLActivity(16313): pzhao-->enqueueBuffer begin
D/OpenSLActivity(16313): pzhao-->enqueueBuffer last
D/OpenSLActivity(16313): pzhao-->enqueueBuffer begin
D/OpenSLActivity(16313): pzhao-->enqueueBuffer last
D/OpenSLActivity(16313): pzhao-->enqueueBuffer begin
D/OpenSLActivity(16313): pzhao-->enqueueBuffer last
D/OpenSLActivity(16313): pzhao-->enqueueBuffer begin
D/OpenSLActivity(16313): pzhao-->enqueueBuffer last
D/OpenSLActivity(16313): pzhao-->enqueueBuffer begin
D/OpenSLActivity(16313): pzhao-->enqueueBuffer last
D/OpenSLActivity(16313): pzhao-->enqueueBuffer begin
D/OpenSLActivity(16313): pzhao-->enqueueBuffer last
D/OpenSLActivity(16313): pzhao-->enqueueBuffer begin
D/OpenSLActivity(16313): pzhao-->enqueueBuffer last
D/OpenSLActivity(16313): pzhao-->enqueueBuffer begin
D/OpenSLActivity(16313): pzhao-->enqueueBuffer last
D/OpenSLActivity(16313): pzhao-->enqueueBuffer begin
D/OpenSLActivity(16313): pzhao-->enqueueBuffer last
D/OpenSLActivity(16313): pzhao-->enqueueBuffer begin
D/OpenSLActivity(16313): pzhao-->enqueueBuffer last
D/OpenSLActivity(16313): pzhao-->enqueueBuffer begin
D/OpenSLActivity(16313): pzhao-->enqueueBuffer last
V/SearchControllerCache(26975): creating SearchController
D/OpenSLActivity(16313): pzhao-->enqueueBuffer begin
D/OpenSLActivity(16313): pzhao-->enqueueBuffer last
W/IInputConnectionWrapper( 1005): showStatusIcon on inactive InputConnection
I/SearchController(26975): #onHotwordDetectorNotStarted
I/SearchController(26975): #onHotwordDetectorNotStarted
V/SearchControllerCache(26975): disposing SearchController
D/OpenSLActivity(16313): pzhao-->enqueueBuffer begin
D/OpenSLActivity(16313): pzhao-->enqueueBuffer last
D/OpenSLActivity(16313): pzhao-->enqueueBuffer begin
D/OpenSLActivity(16313): pzhao-->enqueueBuffer last
D/OpenSLActivity(16313): pzhao-->enqueueBuffer begin
D/OpenSLActivity(16313): pzhao-->enqueueBuffer last
D/OpenSLActivity(16313): pzhao-->enqueueBuffer begin
D/OpenSLActivity(16313): pzhao-->enqueueBuffer last
D/OpenSLActivity(16313): pzhao-->enqueueBuffer begin
D/OpenSLActivity(16313): pzhao-->enqueueBuffer last
D/OpenSLActivity(16313): pzhao-->enqueueBuffer begin
D/OpenSLActivity(16313): pzhao-->enqueueBuffer last
D/OpenSLActivity(16313): pzhao-->enqueueBuffer begin
D/OpenSLActivity(16313): pzhao-->enqueueBuffer last
D/OpenSLActivity(16313): pzhao-->enqueueBuffer begin
D/OpenSLActivity(16313): pzhao-->enqueueBuffer last
D/OpenSLActivity(16313): pzhao-->enqueueBuffer begin
D/OpenSLActivity(16313): pzhao-->enqueueBuffer last
E/AudioFlinger(  182): stop(4097), calling pid 16313
E/AudioFlinger(  182): not stopping/stopped => stopping/stopped (4097) on thread 0xb5ec9008
E/AudioFlinger(  182): releasing 795 from 16313
E/AudioFlinger(  182):  decremented refcount to 0
E/AudioFlinger(  182): purging stale effects
D/OpenSLActivity(16313): pzhao-->delete RingBuffer
D/OpenSLActivity(16313): pzhao-->delete NativeSlave
E/AudioFlinger(  182): track 4097 s=000aea56 [NOT READY] on thread 0xb5ec9008
E/AudioFlinger(  182): presentationComplete() mPresentationCompleteFrames 0 framesWritten 779520
E/AudioFlinger(  182): presentationComplete() reset: mPresentationCompleteFrames 781920 audioHalFrames 2400
E/AudioMixer(  182): disable(1)
E/AudioFlinger(  182): track 4097 s=000aea56 [NOT READY] on thread 0xb5ec9008
E/AudioFlinger(  182): presentationComplete() mPresentationCompleteFrames 781920 framesWritten 779520
E/AudioFlinger(  182): track 4097 s=000aea56 [NOT READY] on thread 0xb5ec9008
E/AudioFlinger(  182): presentationComplete() mPresentationCompleteFrames 781920 framesWritten 780480
E/AudioFlinger(  182): track 4097 s=000aea56 [NOT READY] on thread 0xb5ec9008
E/AudioFlinger(  182): presentationComplete() mPresentationCompleteFrames 781920 framesWritten 780480
E/AudioFlinger(  182): track 4097 s=000aea56 [NOT READY] on thread 0xb5ec9008
E/AudioFlinger(  182): presentationComplete() mPresentationCompleteFrames 781920 framesWritten 781440
E/AudioFlinger(  182): track 4097 s=000aea56 [NOT READY] on thread 0xb5ec9008
E/AudioFlinger(  182): presentationComplete() mPresentationCompleteFrames 781920 framesWritten 781440
E/AudioFlinger(  182): track 4097 s=000aea56 [NOT READY] on thread 0xb5ec9008
E/AudioFlinger(  182): presentationComplete() mPresentationCompleteFrames 781920 framesWritten 782400
E/AudioFlinger(  182): presentationComplete() session 795 complete: framesWritten 782400
E/AudioFlinger(  182): removeTracks_l removing track on session 795
E/AudioFlinger(  182): remove track (4097) and delete from mixer
E/AudioMixer(  182): AudioMixer::deleteTrackName(4097)
E/AudioMixer(  182): deleteTrackName(1)
E/AudioMixer(  182): AudioMixer::unprepareTrackForDownmix(1)
E/AudioMixer(  182):  nothing to do, no downmixer to delete
E/AudioPolicyService(  182): stopOutput()
E/AudioPolicyService(  182): inserting command: 5 at index 0, num commands 0
E/AudioPolicyService(  182): AudioCommandThread() adding stop output 2
E/AudioPolicyService(  182): vaylb_test-->AudioPolicyService:releaseOutput(2)
E/AudioPolicyService(  182): AudioCommandThread() waking up
E/AudioPolicyService(  182): AudioCommandThread() processing stop output 2
E/AudioPolicyService(  182): doStopOutput from tid 782
E/AudioPolicyService(  182): AudioCommandThread() going to sleep
E/AudioPolicyService(  182): inserting command: 6 at index 0, num commands 0
E/AudioPolicyService(  182): AudioCommandThread() adding release output 2
E/AudioFlinger(  182): PlaybackThread::Track destructor
E/AudioPolicyService(  182): AudioCommandThread() waking up
E/AudioPolicyService(  182): AudioCommandThread() processing release output 2
E/AudioPolicyService(  182): doReleaseOutput from tid 782
E/AudioPolicyService(  182): AudioCommandThread() going to sleep
