I/DEBUG   (27138):     77ffcc78 76a54880 4d43107d 74f44af8 00000000  
I/DEBUG   (27138):     77ffcc88 00000000 74f2b877 74f2d4ac 00000000  
I/DEBUG   (27138):     77ffcc98 76a6dbb0 74f2b8c9 00000000 731fd69f  
I/DEBUG   (27138):     77ffcca8 00000000 76a6dbb0 ffffffff ffffffff  
I/DEBUG   (27138):     77ffccb8 77ffcd08 76b717b0 000009f8 00000000  
I/DEBUG   (27138):     77ffccc8 00000000 40a6b331 77ffcd08 00000000  
I/DEBUG   (27138):     77ffccd8 00000000 00000000 00000000 40aafbc0  
I/DEBUG   (27138):     77ffcce8 00000000 00000000 0000ac44 00000372  
I/DEBUG   (27138):     77ffccf8 3b9aca00 00000000 00000000 3b9aca00  
I/DEBUG   (27138):     77ffcd08 00000000 76dbf970 77eff000 0000027e  
I/DEBUG   (27138):     77ffcd18 00000980 77ffe6c0 fffffffc 76b717b0  
I/DEBUG   (27138):     77ffcd28 00000044 77ffcd58 00000000 76dbf970  
I/DEBUG   (27138):     77ffcd38 77eff000 bec3f23c 4007b2ec 40a6b523  
I/DEBUG   (27138):     77ffcd48 77ffcd64 00000000 00000001 76dbf998  
I/DEBUG   (27138):     77ffcd58 76dbf970 77ffcd78 76dbf970 77ffcd78  
I/DEBUG   (27138):     77ffcd68 40a9a624 76dbf97c 400b3a05 400b3e9b  
I/DEBUG   (27138): 
I/DEBUG   (27138): code around pc:
I/DEBUG   (27138):     74f2bac0 000019dc 6804b538 2c001c05 6820d005  
I/DEBUG   (27138):     74f2bad0 fb5ef001 f0011c20 1c28fb5b 6840bd38  
I/DEBUG   (27138):     74f2bae0 68024770 68906853 d9014283 e0041a18  
I/DEBUG   (27138):     74f2baf0 185b68d1 69131a18 47704018 6800b508  
E/AudioFlinger(  182): track 4097 s=000485a0 [NOT READY] on thread 0xb5ec9008
I/DEBUG   (27138):     74f2bb00 ff9df7ff 0000bd08 1c04b5f7 1c169101  
I/DEBUG   (27138):     74f2bb10 4a214920 44792003 f001447a 6824fb31  
I/DEBUG   (27138):     74f2bb20 68a56863 d90142ab e0041b5d 189b68e2  
I/DEBUG   (27138):     74f2bb30 69231b5d 2d00401d 42b5d029 1c35d900  
I/DEBUG   (27138):     74f2bb40 68e368a6 429e19ae 68a7d904 69231bdf  
I/DEBUG   (27138):     74f2bb50 e001401e 26001c2f 68a16823 18591c3a  
I/DEBUG   (27138):     74f2bb60 f0019801 68a3fb25 18fb6922 60a34013  
I/DEBUG   (27138):     74f2bb70 d00c2e00 68a19b01 19d81c32 18596823  
I/DEBUG   (27138):     74f2bb80 fb16f001 18f668a3 401e6923 1c2860a6  
I/DEBUG   (27138):     74f2bb90 46c0bdfe 00001936 00001a14 6804b5f7  
I/DEBUG   (27138):     74f2bba0 1c159101 f7ff1c20 2700ff4a d02a42b8  
I/DEBUG   (27138):     74f2bbb0 42af1e07 1c2fd900 68e36865 429d197d  
I/DEBUG   (27138): 
I/DEBUG   (27138): code around lr:
I/DEBUG   (27138):     74f2b85c 00001bfe 00001c42 4a124911 4479b510  
I/DEBUG   (27138):     74f2b86c 447a1c04 f0012003 6ba0fc85 f933f000  
I/DEBUG   (27138):     74f2b87c 42984b0d 2280d9f9 01926ba0 f0006b61  
I/DEBUG   (27138):     74f2b88c 1e02f93d 69e0dd04 68036b61 4798681b  
I/DEBUG   (27138):     74f2b89c 4a074906 44792003 f001447a bd10fc6b  
I/DEBUG   (27138):     74f2b8ac 00001be2 00001c3a 00003fff 00001baa  
I/DEBUG   (27138):     74f2b8bc 00001c20 1c08b508 ffcef7ff 0000bd08  
I/DEBUG   (27138):     74f2b8cc 4b3fb5f0 aa19b0a1 2303930b 930c4694  
I/DEBUG   (27138):     74f2b8dc 91084b3c 447b1c04 c2c2cbc2 c2c2cbc2  
I/DEBUG   (27138):     74f2b8ec a80b681b 6013a90f aa0d4663 23046053  
I/DEBUG   (27138):     74f2b8fc 2000900d 68a3930f 91114d33 93104933  
I/DEBUG   (27138):     74f2b90c 447dab11 58696058 af13ae16 91056809  
I/DEBUG   (27138):     74f2b91c 492f9113 68095869 91149106 5869492d  
I/DEBUG   (27138):     74f2b92c 68096860 91079115 91162101 91189117  
I/DEBUG   (27138):     74f2b93c 97016801 468c9602 310c1c21 21039109  
I/DEBUG   (27138):     74f2b94c 46619100 9909688e 68e047b0 68032100  
E/AudioFlinger(  182): track 4097 s=000485a0 [NOT READY] on thread 0xb5ec9008
E/AudioFlinger(  182): track 4097 s=000485a0 [NOT READY] on thread 0xb5ec9008
E/AudioFlinger(  182): track 4097 s=000485a0 [NOT READY] on thread 0xb5ec9008
E/AudioFlinger(  182): track 4097 s=000485a0 [NOT READY] on thread 0xb5ec9008
E/AudioFlinger(  182): track 4097 s=000485a0 [NOT READY] on thread 0xb5ec9008
E/AudioFlinger(  182): track 4097 s=000485a0 [NOT READY] on thread 0xb5ec9008
E/AudioFlinger(  182): track 4097 s=000485a0 [NOT READY] on thread 0xb5ec9008
E/AudioFlinger(  182): track 4097 s=000485a0 [NOT READY] on thread 0xb5ec9008
E/AudioFlinger(  182): track 4097 s=000485a0 [NOT READY] on thread 0xb5ec9008
E/AudioFlinger(  182): track 4097 s=000485a0 [NOT READY] on thread 0xb5ec9008
E/AudioFlinger(  182): track 4097 s=000485a0 [NOT READY] on thread 0xb5ec9008
E/AudioFlinger(  182): track 4097 s=000485a0 [NOT READY] on thread 0xb5ec9008
E/AudioFlinger(  182): track 4097 s=000485a0 [NOT READY] on thread 0xb5ec9008
E/AudioFlinger(  182): 15721 died, releasing its sessions
E/AudioFlinger(  182):  pid 974 @ 0
E/AudioFlinger(  182):  pid 1168 @ 1
E/AudioFlinger(  182):  pid 15721 @ 2
E/AudioFlinger(  182):  removing entry for pid 15721 session 791
E/AudioFlinger(  182): purging stale effects
I/BootReceiver(  744): Copying /data/tombstones/tombstone_04 to DropBox (SYSTEM_TOMBSTONE)
E/AudioFlinger(  182): track 4097 s=000485a0 [NOT READY] on thread 0xb5ec9008
E/AudioFlinger(  182): presentationComplete() mPresentationCompleteFrames 0 framesWritten 336960
E/AudioFlinger(  182): presentationComplete() reset: mPresentationCompleteFrames 339360 audioHalFrames 2400
E/AudioFlinger(  182): track 4097 s=000485a0 [NOT READY] on thread 0xb5ec9008
E/AudioFlinger(  182): presentationComplete() mPresentationCompleteFrames 339360 framesWritten 336960
D/Zygote  (  180): Process 15721 terminated by signal (11)
E/AudioFlinger(  182): track 4097 s=000485a0 [NOT READY] on thread 0xb5ec9008
E/AudioFlinger(  182): presentationComplete() mPresentationCompleteFrames 339360 framesWritten 337920
E/AudioFlinger(  182): track 4097 s=000485a0 [NOT READY] on thread 0xb5ec9008
E/AudioFlinger(  182): presentationComplete() mPresentationCompleteFrames 339360 framesWritten 337920
E/AudioFlinger(  182): track 4097 s=000485a0 [NOT READY] on thread 0xb5ec9008
E/AudioFlinger(  182): presentationComplete() mPresentationCompleteFrames 339360 framesWritten 338880
E/AudioFlinger(  182): track 4097 s=000485a0 [NOT READY] on thread 0xb5ec9008
E/AudioFlinger(  182): presentationComplete() mPresentationCompleteFrames 339360 framesWritten 338880
E/AudioFlinger(  182): track 4097 s=000485a0 [NOT READY] on thread 0xb5ec9008
E/AudioFlinger(  182): presentationComplete() mPresentationCompleteFrames 339360 framesWritten 339840
E/AudioFlinger(  182): presentationComplete() session 791 complete: framesWritten 339840
E/AudioFlinger(  182): removeTracks_l removing track on session 791
E/AudioFlinger(  182): remove track (4097) and delete from mixer
E/AudioMixer(  182): AudioMixer::deleteTrackName(4097)
E/AudioMixer(  182): deleteTrackName(1)
E/AudioMixer(  182): AudioMixer::unprepareTrackForDownmix(1)
E/AudioMixer(  182):  nothing to do, no downmixer to delete
D/dalvikvm(  744): GC_FOR_ALLOC freed 2855K, 30% free 38898K/55180K, paused 80ms, total 81ms
I/ActivityManager(  744): Process com.pzhao.opensltest (pid 15721) has died.
E/AudioPolicyService(  182): stopOutput()
E/AudioPolicyService(  182): inserting command: 5 at index 0, num commands 0
E/AudioPolicyService(  182): AudioCommandThread() adding stop output 2
E/AudioPolicyService(  182): vaylb_test-->AudioPolicyService:releaseOutput(2)
E/AudioPolicyService(  182): inserting command: 6 at index 1, num commands 1
E/AudioPolicyService(  182): AudioCommandThread() adding release output 2
E/AudioFlinger(  182): PlaybackThread::Track destructor
E/AudioFlinger(  182): removeClient_l() pid 15721, calling pid 182
E/AudioPolicyService(  182): AudioCommandThread() waking up
E/AudioPolicyService(  182): AudioCommandThread() processing stop output 2
E/AudioPolicyService(  182): doStopOutput from tid 782
E/AudioPolicyService(  182): AudioCommandThread() processing release output 2
E/AudioPolicyService(  182): doReleaseOutput from tid 782
E/AudioPolicyService(  182): AudioCommandThread() going to sleep
E/AudioFlinger(  182): Audio hardware entering standby, mixer 0xb5ec9008, suspend count 0
E/audio_hw_primary(  182): vaylb_test-->HAL:out_standby_new run.
E/audio_hw_primary(  182): vaylb_test-->HAL:out_standby run.
D/dalvikvm( 1168): GC_FOR_ALLOC freed 566K, 24% free 16996K/22360K, paused 27ms, total 28ms
E/AudioFlinger(  182): releaseWakeLock_l() AudioOut_2
E/AudioFlinger(  182): thread 0xb5ec9008 type 0 TID 808 going to sleep
D/Finsky  ( 1168): [1] 5.onFinished: Installation state replication succeeded.
D/dalvikvm(26975): GC_FOR_ALLOC freed 823K, 9% free 17760K/19468K, paused 38ms, total 41ms
D/dalvikvm(26975): GC_FOR_ALLOC freed 25K, 7% free 18247K/19468K, paused 14ms, total 14ms
W/EventLoggerService(26975): Unable to send logs Unable to resolve host "www.google.com": No address associated with hostname
W/SocketClient(  176): write error (Broken pipe)
W/Uploader( 9092): No account for auth token provided
D/Uploader( 9092): Network request failed class java.net.UnknownHostException(Unable to resolve host "play.googleapis.com": No address associated with hostname)
D/AlarmService( 4275): scheduleCheck completed
D/Daemon  ( 2241): [startService]...component:com.sds.android.ttpod/com.igexin.sdk.PushService
D/Daemon  ( 2241): [startService]Parent process is running,ChildPid is 15890, ParentPid is 2241
D/Daemon  ( 2241): startService called...
D/Daemon  ( 2241): waiting...
D/Daemon  (15890): [startService]Child process is running,CurPid is 0, ChildPid is 15890
D/AndroidRuntime(15890): 
D/AndroidRuntime(15890): >>>>>> AndroidRuntime START com.android.internal.os.RuntimeInit <<<<<<
D/AndroidRuntime(15890): CheckJNI is OFF
D/dalvikvm(15890): Trying to load lib libjavacore.so 0x0
D/dalvikvm(15890): Added shared lib libjavacore.so 0x0
D/dalvikvm(15890): Trying to load lib libnativehelper.so 0x0
D/dalvikvm(15890): Added shared lib libnativehelper.so 0x0
D/dalvikvm(15890): No JNI_OnLoad found in libnativehelper.so 0x0, skipping init
D/dalvikvm(15890): Note: class Landroid/app/ActivityManagerNative; has 179 unimplemented (abstract) methods
D/AndroidRuntime(15890): Calling main entry com.android.commands.am.Am
D/AndroidRuntime(15890): Shutting down VM
D/jdwp    (15890): Got wake-up signal, bailing out of select
D/dalvikvm(15890): Debugger has detached; object registry had 1 entries
V/SearchControllerCache(26975): creating SearchController
W/InputMethodManagerService(  744): Window already focused, ignoring focus gain of: com.android.internal.view.IInputMethodClient$Stub$Proxy@42844b38 attribute=null, token = android.os.BinderProxy@428f28a0
E/AudioFlinger(  182): openInput() openInputStream returned input 0xb8ab5d18, SamplingRate 8000, Format 1, Channels 10, status 0
E/AudioFlinger(  182): openInput() created record thread: ID 793 thread 0xb8ae4108
E/AudioFlinger(  182): pzhao-->I'm creating a new client in AudioFlinger,add to mClients
E/AudioFlinger(  182): RecordTrack constructor
E/AudioFlinger(  182): acquiring 792 from 26975
E/AudioFlinger(  182):  added new entry for 792
E/AudioFlinger(  182): RecordHandle::start()
E/AudioFlinger(  182): RecordThread::start event 0, triggerSession 0
E/AudioPolicyService(  182): inserting command: 3 at index 0, num commands 0
E/AudioPolicyService(  182): AudioCommandThread() adding set parameter string input_source=6;routing=-2147483644, io 793 ,delay 0
E/AudioPolicyService(  182): AudioCommandThread() waking up
E/AudioPolicyService(  182): AudioCommandThread() processing set parameters string input_source=6;routing=-2147483644, io 793
E/AudioFlinger(  182): setParameters(): io 793, keyvalue input_source=6;routing=-2147483644, calling pid 182
E/AudioFlinger(  182): acquireWakeLock_l() AudioIn_319 status 0
E/AudioFlinger(  182): Signal record thread
E/AudioPolicyService(  182): AudioCommandThread() going to sleep
D/audio_hw_primary(  182): select_devices: out_snd_device(0: ) in_snd_device(35: voice-rec-mic)
D/        (  182): Failed to fetch the lookup information of the device 0000003E 
E/ACDB-LOADER(  182): Error: ACDB AudProc vol returned = -19
E/AudioFlinger(  182): Record started OK
I/SearchController(26975): #onHotwordDetectorStarted
D/dalvikvm(26975): GC_FOR_ALLOC freed 859K, 8% free 18029K/19468K, paused 56ms, total 57ms
D/ConnectivityService(  744): Sampling interval elapsed, updating statistics ..
D/ConnectivityService(  744): Done.
D/ConnectivityService(  744): Setting timer for 720seconds
D/dalvikvm( 4275): GC_FOR_ALLOC freed 936K, 8% free 18707K/20164K, paused 16ms, total 16ms
D/dalvikvm(  974): GC_FOR_ALLOC freed 511K, 4% free 16784K/17360K, paused 51ms, total 52ms
W/Uploader( 9092): No account for auth token provided
D/Uploader( 9092): Network request failed class java.net.UnknownHostException(Unable to resolve host "play.googleapis.com": No address associated with hostname)
D/Daemon  ( 2241): [startService]...component:com.sds.android.ttpod/com.igexin.sdk.PushService
D/Daemon  ( 2241): [startService]Parent process is running,ChildPid is 16027, ParentPid is 2241
D/Daemon  ( 2241): startService called...
D/Daemon  ( 2241): waiting...
D/Daemon  (16027): [startService]Child process is running,CurPid is 0, ChildPid is 16027
D/AndroidRuntime(16027): 
D/AndroidRuntime(16027): >>>>>> AndroidRuntime START com.android.internal.os.RuntimeInit <<<<<<
D/AndroidRuntime(16027): CheckJNI is OFF
D/dalvikvm(16027): Trying to load lib libjavacore.so 0x0
D/dalvikvm(16027): Added shared lib libjavacore.so 0x0
D/dalvikvm(16027): Trying to load lib libnativehelper.so 0x0
D/dalvikvm(16027): Added shared lib libnativehelper.so 0x0
D/dalvikvm(16027): No JNI_OnLoad found in libnativehelper.so 0x0, skipping init
D/dalvikvm(16027): Note: class Landroid/app/ActivityManagerNative; has 179 unimplemented (abstract) methods
D/AndroidRuntime(16027): Calling main entry com.android.commands.am.Am
D/AndroidRuntime(16027): Shutting down VM
D/dalvikvm(16027): Debugger has detached; object registry had 1 entries
D/AndroidRuntime(16059): 
D/AndroidRuntime(16059): >>>>>> AndroidRuntime START com.android.internal.os.RuntimeInit <<<<<<
D/AndroidRuntime(16059): CheckJNI is OFF
D/dalvikvm(16059): Trying to load lib libjavacore.so 0x0
D/dalvikvm(16059): Added shared lib libjavacore.so 0x0
D/dalvikvm(16059): Trying to load lib libnativehelper.so 0x0
D/dalvikvm(16059): Added shared lib libnativehelper.so 0x0
D/dalvikvm(16059): No JNI_OnLoad found in libnativehelper.so 0x0, skipping init
D/dalvikvm(16059): Note: class Landroid/app/ActivityManagerNative; has 179 unimplemented (abstract) methods
D/AndroidRuntime(16059): Calling main entry com.android.commands.pm.Pm
W/ActivityManager(  744): No content provider found for permission revoke: file:///data/local/tmp/OpenSLTest.apk
D/Finsky  ( 1168): [1] PackageVerificationReceiver.checkPrerequisites: Skipping verification because network inactive
D/Finsky  ( 1168): [1] PackageVerificationReceiver.checkPrerequisites: Skipping verification because network inactive
W/ActivityManager(  744): No content provider found for permission revoke: file:///data/local/tmp/OpenSLTest.apk
I/PackageManager(  744): Copying native libraries to /data/app-lib/vmdl1881945784
W/PackageManager(  744): Invalid verification token 129 received
I/ActivityManager(  744): Force stopping com.pzhao.opensltest appid=10102 user=-1: uninstall pkg
I/PackageManager(  744): Running dexopt on: com.pzhao.opensltest
I/PackageManager(  744): Package com.pzhao.opensltest codePath changed from /data/app/com.pzhao.opensltest-2.apk to /data/app/com.pzhao.opensltest-1.apk; Retaining data and using new
D/dalvikvm(16077): DexOpt: load 30ms, verify+opt 109ms, 1033524 bytes
W/PackageManager(  744): Code path for pkg : com.pzhao.opensltest changing from /data/app/com.pzhao.opensltest-2.apk to /data/app/com.pzhao.opensltest-1.apk
W/PackageManager(  744): Resource path for pkg : com.pzhao.opensltest changing from /data/app/com.pzhao.opensltest-2.apk to /data/app/com.pzhao.opensltest-1.apk
I/ActivityManager(  744): Force stopping com.pzhao.opensltest appid=10102 user=-1: update pkg
I/ActivityManager(  744): Force stopping com.pzhao.opensltest appid=10102 user=0: pkg removed
D/dalvikvm( 1005): GC_EXPLICIT freed 1187K, 14% free 28287K/32676K, paused 2ms+4ms, total 28ms
D/dalvikvm(26975): GC_EXPLICIT freed 430K, 8% free 18027K/19468K, paused 2ms+1ms, total 23ms
D/dalvikvm(  952): GC_EXPLICIT freed 70K, 35% free 21476K/32948K, paused 1ms+2ms, total 27ms
D/dalvikvm(  744): GC_EXPLICIT freed 2382K, 31% free 38378K/55180K, paused 5ms+6ms, total 81ms
I/InputReader(  744): Reconfiguring input devices.  changes=0x00000010
D/dalvikvm(29759): GC_EXPLICIT freed 26K, 6% free 17356K/18304K, paused 1ms+1ms, total 69ms
I/InputReader(  744): Reconfiguring input devices.  changes=0x00000010
D/dalvikvm( 2148): GC_EXPLICIT freed 37K, 7% free 16778K/17896K, paused 1ms+10ms, total 48ms
D/BackupManagerService(  744): Received broadcast Intent { act=android.intent.action.PACKAGE_REMOVED dat=package:com.pzhao.opensltest flg=0x4000010 (has extras) }
D/dalvikvm(  987): GC_FOR_ALLOC freed 523K, 4% free 16841K/17396K, paused 9ms, total 9ms
D/BackupManagerService(  744): Received broadcast Intent { act=android.intent.action.PACKAGE_ADDED dat=package:com.pzhao.opensltest flg=0x4000010 (has extras) }
V/BackupManagerService(  744): removePackageParticipantsLocked: uid=10102 #1
V/BackupManagerService(  744): addPackageParticipantsLocked: #1
D/SystemBroadcastService( 9092): Received broadcast action=android.intent.action.PACKAGE_REMOVED and uri=
V/GelStubAppWatcher(26975): onReceive: android.intent.action.PACKAGE_REMOVED
D/dalvikvm( 9176): GC_FOR_ALLOC freed 1222K, 6% free 20101K/21380K, paused 40ms, total 41ms
E/AppsCustomizePagedView( 1005): Widget ComponentInfo{com.sds.android.ttpod/com.sds.android.ttpod.component.appwidget.DesktopPlayer5x1} can not fit on this device (1080, 120)
E/AppsCustomizePagedView( 1005): Widget ComponentInfo{com.sds.android.ttpod/com.sds.android.ttpod.component.appwidget.DesktopPlayer5x2} can not fit on this device (1080, 330)
W/LocationProviderProxy-fused(  744): com.google.android.gms resolves service com.android.location.service.FusedLocationProvider, but has wrong signature, ignoring
D/dalvikvm(  744): GC_EXPLICIT freed 571K, 31% free 38338K/55180K, paused 3ms+6ms, total 86ms
D/AndroidRuntime(16059): Shutting down VM
D/jdwp    (16059): Got wake-up signal, bailing out of select
D/dalvikvm(16059): Debugger has detached; object registry had 1 entries
W/Launcher( 1005): setApplicationContext called twice! old=com.google.android.velvet.VelvetApplication@4252d000 new=com.google.android.velvet.VelvetApplication@4252d000
W/ContextImpl(15057): Calling a method in the system process without a qualified user: android.app.ContextImpl.startService:1479 android.content.ContextWrapper.startService:494 android.content.ContextWrapper.startService:494 com.android.keychain.KeyChainBroadcastReceiver.onReceive:12 android.app.ActivityThread.handleReceiver:2400 
D/AlarmService( 4275): Alarm has been set
W/ActivityManager(  744): Unable to start service Intent { act=com.sogou.pushservice.action.METHOD cmp=/com.sogou.udp.push.PushService (has extras) } U=0: not found
D/SystemBroadcastService( 9092): Received broadcast action=android.intent.action.PACKAGE_ADDED and uri=
D/PackageAddedReceiver( 9111): package added com.pzhao.opensltest
W/ContextImpl( 9092): Implicit intents with startService are not safe: Intent { act=com.google.android.gms.games.service.INTENT } android.content.ContextWrapper.startService:494 com.google.android.gms.games.service.GamesIntentService.a:101 com.google.android.gms.games.service.GamesIntentService.b:368 
I/Icing.InternalIcingCorporaProvider(26975): Updating corpora: A: com.pzhao.opensltest, C: MAYBE
V/GelStubAppWatcher(26975): onReceive: android.intent.action.PACKAGE_ADDED
D/AlarmService( 4275): Alarm has been set
W/System.err( 4275): java.util.concurrent.ExecutionException: java.util.concurrent.ExecutionException: java.net.UnknownHostException: Unable to resolve host "api.wandoujia.com": No address associated with hostname
W/System.err( 4275): 	at com.wandoujia.rpc.http.client.DataClient.executeHttpRequest(:147)
W/System.err( 4275): 	at com.wandoujia.rpc.http.client.DataClient.execute(:61)
W/System.err( 4275): 	at com.wandoujia.rpc.http.client.DataClientCache.execute(:105)
W/System.err( 4275): 	at o.bpc.execute(:36)
W/System.err( 4275): 	at o.fmu.･(:44)
W/System.err( 4275): 	at o.fln.ʼ(:244)
W/System.err( 4275): 	at o.fln.･(:33)
W/System.err( 4275): 	at o.flo.run(:227)
W/System.err( 4275): 	at java.util.concurrent.ThreadPoolExecutor.runWorker(ThreadPoolExecutor.java:1112)
W/System.err( 4275): 	at java.util.concurrent.ThreadPoolExecutor$Worker.run(ThreadPoolExecutor.java:587)
W/System.err( 4275): 	at java.lang.Thread.run(Thread.java:841)
W/System.err( 4275): Caused by: java.util.concurrent.ExecutionException: java.net.UnknownHostException: Unable to resolve host "api.wandoujia.com": No address associated with hostname
W/System.err( 4275): 	at com.wandoujia.rpc.http.client.DataClient.executeHttpRequest(:145)
W/System.err( 4275): 	... 10 more
W/System.err( 4275): Caused by: java.net.UnknownHostException: Unable to resolve host "api.wandoujia.com": No address associated with hostname
W/System.err( 4275): 	at java.net.InetAddress.lookupHostByName(InetAddress.java:424)
W/System.err( 4275): 	at java.net.InetAddress.getAllByNameImpl(InetAddress.java:236)
W/System.err( 4275): 	at java.net.InetAddress.getAllByName(InetAddress.java:214)
W/System.err( 4275): 	at org.apache.http.impl.conn.DefaultClientConnectionOperator.openConnection(DefaultClientConnectionOperator.java:137)
W/System.err( 4275): 	at org.apache.http.impl.conn.AbstractPoolEntry.open(AbstractPoolEntry.java:164)
W/System.err( 4275): 	at org.apache.http.impl.conn.AbstractPooledConnAdapter.open(AbstractPooledConnAdapter.java:119)
W/System.err( 4275): 	at org.apache.http.impl.client.DefaultRequestDirector.execute(DefaultRequestDirector.java:360)
W/System.err( 4275): 	at org.apache.http.impl.client.AbstractHttpClient.execute(AbstractHttpClient.java:555)
W/System.err( 4275): 	at com.wandoujia.base.http.HttpClientWrapper.execute(:127)
D/SystemBroadcastService( 9092): Received broadcast action=android.intent.action.PACKAGE_REPLACED and uri=
W/System.err( 4275): 	at com.wandoujia.base.http.HttpClientWrapper.execute(:96)
V/GelStubAppWatcher(26975): onReceive: android.intent.action.PACKAGE_REPLACED
W/System.err( 4275): 	at com.wandoujia.base.http.HttpClientWrapper.execute(:87)
W/System.err( 4275): 	at com.wandoujia.rpc.http.client.DataClient.executeHttpRequest(:139)
W/System.err( 4275): 	... 10 more
W/Launcher( 1005): setApplicationContext called twice! old=com.google.android.velvet.VelvetApplication@4252d000 new=com.google.android.velvet.VelvetApplication@4252d000
W/System.err( 4275): Caused by: libcore.io.GaiException: getaddrinfo failed: EAI_NODATA (No address associated with hostname)
W/System.err( 4275): 	at libcore.io.Posix.getaddrinfo(Native Method)
W/System.err( 4275): 	at libcore.io.ForwardingOs.getaddrinfo(ForwardingOs.java:61)
W/System.err( 4275): 	at java.net.InetAddress.lookupHostByName(InetAddress.java:405)
W/System.err( 4275): 	... 21 more
D/AlarmService( 4275): Alarm has been set
I/GCoreUlr( 1175): Ensuring that reporting is stopped because of reasons: (no Google accounts)
D/GCoreFlp( 1175): Unknown pending intent to remove.
I/GCoreUlr( 1175): Unbound from all location providers
D/AndroidRuntime(16118): 
D/AndroidRuntime(16118): >>>>>> AndroidRuntime START com.android.internal.os.RuntimeInit <<<<<<
D/AndroidRuntime(16118): CheckJNI is OFF
D/dalvikvm(16118): Trying to load lib libjavacore.so 0x0
D/dalvikvm(16118): Added shared lib libjavacore.so 0x0
D/dalvikvm(16118): Trying to load lib libnativehelper.so 0x0
D/dalvikvm(16118): Added shared lib libnativehelper.so 0x0
D/dalvikvm(16118): No JNI_OnLoad found in libnativehelper.so 0x0, skipping init
D/dalvikvm(16118): Note: class Landroid/app/ActivityManagerNative; has 179 unimplemented (abstract) methods
D/AndroidRuntime(16118): Calling main entry com.android.commands.am.Am
I/ActivityManager(  744): START u0 {act=android.intent.action.MAIN cat=[android.intent.category.LAUNCHER] flg=0x10000000 cmp=com.pzhao.opensltest/.MainActivity} from pid 16118
D/AndroidRuntime(16118): Shutting down VM
D/jdwp    (16118): Got wake-up signal, bailing out of select
D/dalvikvm(16118): Debugger has detached; object registry had 1 entries
D/dalvikvm(16136): Late-enabling CheckJNI
I/ActivityManager(  744): Start proc com.pzhao.opensltest for activity com.pzhao.opensltest/.MainActivity: pid=16136 uid=10102 gids={50102, 1028, 1015, 3003}
I/SearchController(26975): #onHotwordDetectorStopped
I/MicrophoneInputStream(26975): mic_close
E/AudioFlinger(  182): RecordHandle::stop()
E/AudioFlinger(  182): RecordThread::stop
V/SearchControllerCache(26975): disposing SearchController
D/dalvikvm(16136): Trying to load lib /data/app-lib/com.pzhao.opensltest-1/libOpenSLTest.so 0x4252bbe8
D/dalvikvm(16136): Added shared lib /data/app-lib/com.pzhao.opensltest-1/libOpenSLTest.so 0x4252bbe8
D/dalvikvm(16136): No JNI_OnLoad found in /data/app-lib/com.pzhao.opensltest-1/libOpenSLTest.so 0x4252bbe8, skipping init
E/AudioFlinger(  182): releaseWakeLock_l() AudioIn_319
E/AudioFlinger(  182): RecordThread: loop stopping
E/AudioFlinger(  182): Record stopped OK
E/AudioPolicyService(  182): inserting command: 3 at index 0, num commands 0
E/AudioPolicyService(  182): AudioCommandThread() adding set parameter string routing=0, io 793 ,delay 0
E/AudioPolicyService(  182): AudioCommandThread() waking up
E/AudioPolicyService(  182): AudioCommandThread() processing set parameters string routing=0, io 793
E/AudioFlinger(  182): setParameters(): io 793, keyvalue routing=0, calling pid 182
E/AudioFlinger(  182): RecordThread: loop starting
E/AudioFlinger(  182): acquireWakeLock_l() AudioIn_319 status 0
E/AudioFlinger(  182): releaseWakeLock_l() AudioIn_319
E/AudioFlinger(  182): RecordThread: loop stopping
E/AudioPolicyService(  182): AudioCommandThread() going to sleep
E/AudioFlinger(  182): releasing 792 from 26975
E/AudioFlinger(  182):  decremented refcount to 0
E/AudioFlinger(  182): purging stale effects
E/AudioFlinger(  182): RecordHandle::stop()
E/AudioFlinger(  182): RecordThread::stop
E/AudioFlinger(  182): closeInput() 793
E/AudioFlinger(  182): RecordThread: loop starting
E/AudioFlinger(  182): acquireWakeLock_l() AudioIn_319 status 0
E/AudioFlinger(  182): releaseWakeLock_l() AudioIn_319
E/AudioFlinger(  182): RecordThread 0xb8ae4108 exiting
E/AudioFlinger(  182): virtual android::AudioFlinger::RecordThread::RecordTrack::~RecordTrack()
E/AudioFlinger(  182): removeClient_l() pid 26975, calling pid 182
D/dalvikvm(26975): threadid=31: thread exiting, not yet detached (count=0)
D/dalvikvm(26975): threadid=32: thread exiting, not yet detached (count=0)
D/dalvikvm(26975): threadid=30: thread exiting, not yet detached (count=0)
D/OpenSLActivity(16136): pzhao-->create RingBuffer
D/OpenSLActivity(16136): pzhao-->NativeSlave created
D/OpenSLActivity(16136): pzhao-->create engine
I/Adreno-EGL(16136): <qeglDrvAPI_eglInitialize:320>: EGL 1.4 QUALCOMM build:  (CL3776187)
I/Adreno-EGL(16136): OpenGL ES Shader Compiler Version: 
I/Adreno-EGL(16136): Build Date: 10/15/13 Tue
I/Adreno-EGL(16136): Local Branch: 
I/Adreno-EGL(16136): Remote Branch: partner/upstream
I/Adreno-EGL(16136): Local Patches: 
I/Adreno-EGL(16136): Reconstruct Branch: 
D/OpenGLRenderer(16136): Enabling debug mode 0
I/ActivityManager(  744): Displayed com.pzhao.opensltest/.MainActivity: +207ms
D/dalvikvm( 9092): GC_FOR_ALLOC freed 500K, 4% free 16857K/17420K, paused 28ms, total 30ms
E/AudioFlinger(  182): registerClient() client 0xb8aee660, pid 16136
E/AudioFlinger(  182): sendIoConfigEvent() num events 1 event 0, param 0
E/AudioFlinger(  182): thread 0xb5ec9008 type 0 TID 808 waking up
E/AudioFlinger(  182): sendIoConfigEvent() num events 1 event 0, param 0
E/AudioFlinger(  182): thread 0xb5c5b008 type 0 TID 809 waking up
E/AudioFlinger(  182): acquireWakeLock_l() AudioOut_2 status 0
E/AudioFlinger(  182): processConfigEvents() remaining events 1
E/AudioFlinger(  182): PlaybackThread::audioConfigChanged_l, thread 0xb5ec9008, event 0, param 0
E/AudioFlinger(  182): acquireWakeLock_l() AudioOut_3 status 0
E/AudioFlinger(  182): processConfigEvents() remaining events 1
E/AudioFlinger(  182): PlaybackThread::audioConfigChanged_l, thread 0xb5c5b008, event 0, param 0
E/AudioPolicyService(  182): pzhao-->I'm getting output in AudioPolicyService.cpp
E/AudioPolicyManagerBase(  182): pzhao-->now i'm getting output in AudioPolicyMangerBase through Binder from AudioPolicyService
E/AudioPolicyManagerBase(  182): pzhao-->output come from selectOutput in AudioPolicyMangerBase
E/AudioPolicyManagerBase(  182): pzhao-->now i return output 2 from AudioPolicyMangerBase at last when profile = NULL
E/AudioPolicyService(  182): vaylb-->AudioPolicyService::getOutput():output = 2 , stream = 3, samplingRate = 44100, format = 0x000001, channelMask = 3, flags = 0
E/AudioFlinger(  182): pzhao-->Must appear!!in createTrack of AudioFlinfer.cpp 
E/AudioFlinger(  182): pzhao-->I'm creating a new client in AudioFlinger,add to mClients
E/AudioFlinger(  182): createTrack() sessionId: 794
E/AudioFlinger(  182): createTrack() lSessionId: 794
E/AudioFlinger(  182): pzhao-->Now i'm creating a new Track in Threads.cpp
E/AudioMixer(  182): add track (1)
E/AudioMixer(  182): AudioMixer::unprepareTrackForDownmix(1)
E/AudioMixer(  182):  nothing to do, no downmixer to delete
E/AudioFlinger(  182): Track constructor name 4097, calling pid 16136
E/AudioFlinger(  182): acquiring 794 from 16136
E/AudioFlinger(  182):  added new entry for 794
E/AudioFlinger(  182): start(4097), calling pid 16136 session 794
E/AudioFlinger(  182): ? => ACTIVE (4097) on thread 0xb8af1d08
E/AudioPolicyService(  182): startOutput()
E/AudioFlinger(  182): pzhao-->signal playback thread
E/AudioFlinger(  182): stop(4097), calling pid 16136
E/AudioFlinger(  182): not stopping/stopped => stopping/stopped (4097) on thread 0xb5ec9008
D/OpenSLActivity(16136): pzhao-->createAudioPlayer finish
D/OpenSLActivity(16136): pzhao-->startPlay
D/OpenSLActivity(16136): pzhao-->enqueueBuffer begin
D/OpenSLActivity(16136): pzhao-->read RingBuffer
E/AudioFlinger(  182): start(4097), calling pid 16136 session 794
E/AudioFlinger(  182): ? => ACTIVE (4097) on thread 0xb8af1d08
E/AudioFlinger(  182): pzhao-->signal playback thread
D/OpenSLActivity(16136): pzhao-->enqueueBuffer begin
E/AudioFlinger(  182): track 4097 s=00000000 [NOT READY] on thread 0xb5ec9008
D/audio_hw_primary(  182): select_devices: out_snd_device(2: speaker) in_snd_device(0: )
D/OpenSLActivity(16136): pzhao-->enqueueBuffer last
D/OpenSLActivity(16136): pzhao-->read RingBuffer
D/OpenSLActivity(16136): pzhao-->enqueueBuffer last
E/AudioMixer(  182): enable(1)
E/AudioMixer(  182): setParameter(VOLUME, VOLUME0/1: 01c8)
E/AudioMixer(  182): setParameter(VOLUME, VOLUME0/1: 01c8)
E/AudioMixer(  182): creating resampler from track 44100 Hz to device 48000 Hz
E/AudioMixer(  182): setParameter(RESAMPLE, SAMPLE_RATE, 44100)
E/AudioMixer(  182): setParameter(TRACK, MAIN_BUFFER, 0xb8a81b20)
E/AudioMixer(  182): mixer configuration change: 1 activeTracks (00000002) all16BitsStereoNoResample=0, resampling=1, volumeRamp=0
D/OpenSLActivity(16136): pzhao-->enqueueBuffer begin
D/OpenSLActivity(16136): pzhao-->read RingBuffer
D/OpenSLActivity(16136): pzhao-->enqueueBuffer last
D/OpenSLActivity(16136): pzhao-->enqueueBuffer begin
D/OpenSLActivity(16136): pzhao-->read RingBuffer
D/OpenSLActivity(16136): pzhao-->enqueueBuffer last
D/OpenSLActivity(16136): pzhao-->enqueueBuffer begin
D/OpenSLActivity(16136): pzhao-->read RingBuffer
D/OpenSLActivity(16136): pzhao-->enqueueBuffer last
D/OpenSLActivity(16136): pzhao-->enqueueBuffer begin
D/OpenSLActivity(16136): pzhao-->read RingBuffer
D/OpenSLActivity(16136): pzhao-->enqueueBuffer last
D/OpenSLActivity(16136): pzhao-->enqueueBuffer begin
D/OpenSLActivity(16136): pzhao-->read RingBuffer
D/OpenSLActivity(16136): pzhao-->enqueueBuffer last
D/OpenSLActivity(16136): pzhao-->enqueueBuffer begin
D/OpenSLActivity(16136): pzhao-->read RingBuffer
D/OpenSLActivity(16136): pzhao-->enqueueBuffer last
D/OpenSLActivity(16136): pzhao-->enqueueBuffer begin
D/OpenSLActivity(16136): pzhao-->read RingBuffer
D/OpenSLActivity(16136): pzhao-->enqueueBuffer last
D/OpenSLActivity(16136): pzhao-->enqueueBuffer begin
D/OpenSLActivity(16136): pzhao-->read RingBuffer
D/OpenSLActivity(16136): pzhao-->enqueueBuffer last
D/OpenSLActivity(16136): pzhao-->enqueueBuffer begin
D/OpenSLActivity(16136): pzhao-->read RingBuffer
D/OpenSLActivity(16136): pzhao-->enqueueBuffer last
D/OpenSLActivity(16136): pzhao-->enqueueBuffer begin
D/OpenSLActivity(16136): pzhao-->read RingBuffer
D/OpenSLActivity(16136): pzhao-->enqueueBuffer last
D/OpenSLActivity(16136): pzhao-->enqueueBuffer begin
D/OpenSLActivity(16136): pzhao-->read RingBuffer
D/OpenSLActivity(16136): pzhao-->enqueueBuffer last
D/OpenSLActivity(16136): pzhao-->enqueueBuffer begin
D/OpenSLActivity(16136): pzhao-->read RingBuffer
D/OpenSLActivity(16136): pzhao-->enqueueBuffer last
D/OpenSLActivity(16136): pzhao-->enqueueBuffer begin
D/OpenSLActivity(16136): pzhao-->read RingBuffer
D/OpenSLActivity(16136): pzhao-->enqueueBuffer last
D/OpenSLActivity(16136): pzhao-->enqueueBuffer begin
D/OpenSLActivity(16136): pzhao-->read RingBuffer
D/OpenSLActivity(16136): pzhao-->enqueueBuffer last
D/OpenSLActivity(16136): pzhao-->enqueueBuffer begin
D/OpenSLActivity(16136): pzhao-->read RingBuffer
D/OpenSLActivity(16136): pzhao-->enqueueBuffer last
D/OpenSLActivity(16136): pzhao-->enqueueBuffer begin
D/OpenSLActivity(16136): pzhao-->read RingBuffer
D/OpenSLActivity(16136): pzhao-->enqueueBuffer last
D/OpenSLActivity(16136): pzhao-->enqueueBuffer begin
D/OpenSLActivity(16136): pzhao-->read RingBuffer
D/OpenSLActivity(16136): pzhao-->enqueueBuffer last
D/OpenSLActivity(16136): pzhao-->enqueueBuffer begin
D/OpenSLActivity(16136): pzhao-->read RingBuffer
D/OpenSLActivity(16136): pzhao-->enqueueBuffer last
D/OpenSLActivity(16136): pzhao-->enqueueBuffer begin
D/OpenSLActivity(16136): pzhao-->read RingBuffer
D/OpenSLActivity(16136): pzhao-->enqueueBuffer last
D/OpenSLActivity(16136): pzhao-->enqueueBuffer begin
D/OpenSLActivity(16136): pzhao-->read RingBuffer
D/OpenSLActivity(16136): pzhao-->enqueueBuffer last
D/OpenSLActivity(16136): pzhao-->enqueueBuffer begin
D/OpenSLActivity(16136): pzhao-->read RingBuffer
D/OpenSLActivity(16136): pzhao-->enqueueBuffer last
D/OpenSLActivity(16136): pzhao-->enqueueBuffer begin
D/OpenSLActivity(16136): pzhao-->read RingBuffer
D/OpenSLActivity(16136): pzhao-->enqueueBuffer last
D/OpenSLActivity(16136): pzhao-->enqueueBuffer begin
D/OpenSLActivity(16136): pzhao-->read RingBuffer
D/OpenSLActivity(16136): pzhao-->enqueueBuffer last
D/OpenSLActivity(16136): pzhao-->enqueueBuffer begin
D/OpenSLActivity(16136): pzhao-->read RingBuffer
D/OpenSLActivity(16136): pzhao-->enqueueBuffer last
D/OpenSLActivity(16136): pzhao-->enqueueBuffer begin
D/OpenSLActivity(16136): pzhao-->read RingBuffer
D/OpenSLActivity(16136): pzhao-->enqueueBuffer last
D/OpenSLActivity(16136): pzhao-->enqueueBuffer begin
D/OpenSLActivity(16136): pzhao-->read RingBuffer
D/OpenSLActivity(16136): pzhao-->enqueueBuffer last
D/OpenSLActivity(16136): pzhao-->enqueueBuffer begin
D/OpenSLActivity(16136): pzhao-->read RingBuffer
D/OpenSLActivity(16136): pzhao-->enqueueBuffer last
D/OpenSLActivity(16136): pzhao-->enqueueBuffer begin
D/OpenSLActivity(16136): pzhao-->read RingBuffer
D/OpenSLActivity(16136): pzhao-->enqueueBuffer last
D/OpenSLActivity(16136): pzhao-->enqueueBuffer begin
D/OpenSLActivity(16136): pzhao-->read RingBuffer
D/OpenSLActivity(16136): pzhao-->enqueueBuffer last
D/OpenSLActivity(16136): pzhao-->enqueueBuffer begin
D/OpenSLActivity(16136): pzhao-->read RingBuffer
D/OpenSLActivity(16136): pzhao-->enqueueBuffer last
D/OpenSLActivity(16136): pzhao-->enqueueBuffer begin
D/OpenSLActivity(16136): pzhao-->read RingBuffer
D/OpenSLActivity(16136): pzhao-->enqueueBuffer last
D/OpenSLActivity(16136): pzhao-->enqueueBuffer begin
D/OpenSLActivity(16136): pzhao-->read RingBuffer
D/OpenSLActivity(16136): pzhao-->enqueueBuffer last
D/OpenSLActivity(16136): pzhao-->enqueueBuffer begin
D/OpenSLActivity(16136): pzhao-->read RingBuffer
D/OpenSLActivity(16136): pzhao-->enqueueBuffer last
D/OpenSLActivity(16136): pzhao-->enqueueBuffer begin
D/OpenSLActivity(16136): pzhao-->read RingBuffer
D/OpenSLActivity(16136): pzhao-->enqueueBuffer last
D/OpenSLActivity(16136): pzhao-->enqueueBuffer begin
D/OpenSLActivity(16136): pzhao-->read RingBuffer
D/OpenSLActivity(16136): pzhao-->enqueueBuffer last
D/OpenSLActivity(16136): pzhao-->enqueueBuffer begin
D/OpenSLActivity(16136): pzhao-->read RingBuffer
D/OpenSLActivity(16136): pzhao-->enqueueBuffer last
D/OpenSLActivity(16136): pzhao-->enqueueBuffer begin
D/OpenSLActivity(16136): pzhao-->read RingBuffer
D/OpenSLActivity(16136): pzhao-->enqueueBuffer last
D/OpenSLActivity(16136): pzhao-->enqueueBuffer begin
D/OpenSLActivity(16136): pzhao-->read RingBuffer
D/OpenSLActivity(16136): pzhao-->enqueueBuffer last
D/OpenSLActivity(16136): pzhao-->enqueueBuffer begin
D/OpenSLActivity(16136): pzhao-->read RingBuffer
D/OpenSLActivity(16136): pzhao-->enqueueBuffer last
D/OpenSLActivity(16136): pzhao-->enqueueBuffer begin
D/OpenSLActivity(16136): pzhao-->read RingBuffer
D/OpenSLActivity(16136): pzhao-->enqueueBuffer last
D/OpenSLActivity(16136): pzhao-->enqueueBuffer begin
D/OpenSLActivity(16136): pzhao-->read RingBuffer
D/OpenSLActivity(16136): pzhao-->enqueueBuffer last
D/OpenSLActivity(16136): pzhao-->enqueueBuffer begin
D/OpenSLActivity(16136): pzhao-->read RingBuffer
D/OpenSLActivity(16136): pzhao-->enqueueBuffer last
D/OpenSLActivity(16136): pzhao-->enqueueBuffer begin
D/OpenSLActivity(16136): pzhao-->read RingBuffer
D/OpenSLActivity(16136): pzhao-->enqueueBuffer last
D/OpenSLActivity(16136): pzhao-->enqueueBuffer begin
D/OpenSLActivity(16136): pzhao-->read RingBuffer
D/OpenSLActivity(16136): pzhao-->enqueueBuffer last
D/OpenSLActivity(16136): pzhao-->enqueueBuffer begin
D/OpenSLActivity(16136): pzhao-->read RingBuffer
D/OpenSLActivity(16136): pzhao-->enqueueBuffer last
D/OpenSLActivity(16136): pzhao-->enqueueBuffer begin
D/OpenSLActivity(16136): pzhao-->read RingBuffer
D/OpenSLActivity(16136): pzhao-->enqueueBuffer last
D/OpenSLActivity(16136): pzhao-->enqueueBuffer begin
D/OpenSLActivity(16136): pzhao-->read RingBuffer
D/OpenSLActivity(16136): pzhao-->enqueueBuffer last
D/OpenSLActivity(16136): pzhao-->enqueueBuffer begin
D/OpenSLActivity(16136): pzhao-->read RingBuffer
D/OpenSLActivity(16136): pzhao-->enqueueBuffer last
D/OpenSLActivity(16136): pzhao-->enqueueBuffer begin
D/OpenSLActivity(16136): pzhao-->read RingBuffer
D/OpenSLActivity(16136): pzhao-->enqueueBuffer last
D/OpenSLActivity(16136): pzhao-->enqueueBuffer begin
D/OpenSLActivity(16136): pzhao-->read RingBuffer
D/OpenSLActivity(16136): pzhao-->enqueueBuffer last
D/OpenSLActivity(16136): pzhao-->enqueueBuffer begin
D/OpenSLActivity(16136): pzhao-->read RingBuffer
D/OpenSLActivity(16136): pzhao-->enqueueBuffer last
D/OpenSLActivity(16136): pzhao-->enqueueBuffer begin
D/OpenSLActivity(16136): pzhao-->read RingBuffer
D/OpenSLActivity(16136): pzhao-->enqueueBuffer last
D/OpenSLActivity(16136): pzhao-->enqueueBuffer begin
D/OpenSLActivity(16136): pzhao-->read RingBuffer
D/OpenSLActivity(16136): pzhao-->enqueueBuffer last
D/OpenSLActivity(16136): pzhao-->enqueueBuffer begin
D/OpenSLActivity(16136): pzhao-->read RingBuffer
D/OpenSLActivity(16136): pzhao-->enqueueBuffer last
D/OpenSLActivity(16136): pzhao-->enqueueBuffer begin
D/OpenSLActivity(16136): pzhao-->read RingBuffer
D/OpenSLActivity(16136): pzhao-->enqueueBuffer last
D/OpenSLActivity(16136): pzhao-->enqueueBuffer begin
D/OpenSLActivity(16136): pzhao-->read RingBuffer
D/OpenSLActivity(16136): pzhao-->enqueueBuffer last
D/OpenSLActivity(16136): pzhao-->enqueueBuffer begin
D/OpenSLActivity(16136): pzhao-->read RingBuffer
D/OpenSLActivity(16136): pzhao-->enqueueBuffer last
D/OpenSLActivity(16136): pzhao-->enqueueBuffer begin
D/OpenSLActivity(16136): pzhao-->read RingBuffer
D/OpenSLActivity(16136): pzhao-->enqueueBuffer last
D/OpenSLActivity(16136): pzhao-->enqueueBuffer begin
D/OpenSLActivity(16136): pzhao-->read RingBuffer
D/OpenSLActivity(16136): pzhao-->enqueueBuffer last
D/OpenSLActivity(16136): pzhao-->enqueueBuffer begin
D/OpenSLActivity(16136): pzhao-->read RingBuffer
D/OpenSLActivity(16136): pzhao-->enqueueBuffer last
D/OpenSLActivity(16136): pzhao-->enqueueBuffer begin
D/OpenSLActivity(16136): pzhao-->read RingBuffer
D/OpenSLActivity(16136): pzhao-->enqueueBuffer last
D/OpenSLActivity(16136): pzhao-->enqueueBuffer begin
D/OpenSLActivity(16136): pzhao-->read RingBuffer
D/OpenSLActivity(16136): pzhao-->enqueueBuffer last
D/OpenSLActivity(16136): pzhao-->enqueueBuffer begin
D/OpenSLActivity(16136): pzhao-->read RingBuffer
D/OpenSLActivity(16136): pzhao-->enqueueBuffer last
D/OpenSLActivity(16136): pzhao-->enqueueBuffer begin
D/OpenSLActivity(16136): pzhao-->read RingBuffer
D/OpenSLActivity(16136): pzhao-->enqueueBuffer last
E/AudioFlinger(  182): releaseWakeLock_l() AudioOut_3
E/AudioFlinger(  182): thread 0xb5c5b008 type 0 TID 809 going to sleep
D/OpenSLActivity(16136): pzhao-->enqueueBuffer begin
D/OpenSLActivity(16136): pzhao-->read RingBuffer
D/OpenSLActivity(16136): pzhao-->enqueueBuffer last
D/OpenSLActivity(16136): pzhao-->enqueueBuffer begin
D/OpenSLActivity(16136): pzhao-->read RingBuffer
D/OpenSLActivity(16136): pzhao-->enqueueBuffer last
D/OpenSLActivity(16136): pzhao-->enqueueBuffer begin
D/OpenSLActivity(16136): pzhao-->read RingBuffer
D/OpenSLActivity(16136): pzhao-->enqueueBuffer last
D/OpenSLActivity(16136): pzhao-->enqueueBuffer begin
D/OpenSLActivity(16136): pzhao-->read RingBuffer
D/OpenSLActivity(16136): pzhao-->enqueueBuffer last
D/OpenSLActivity(16136): pzhao-->enqueueBuffer begin
D/OpenSLActivity(16136): pzhao-->read RingBuffer
D/OpenSLActivity(16136): pzhao-->enqueueBuffer last
D/OpenSLActivity(16136): pzhao-->enqueueBuffer begin
D/OpenSLActivity(16136): pzhao-->read RingBuffer
D/OpenSLActivity(16136): pzhao-->enqueueBuffer last
D/OpenSLActivity(16136): pzhao-->enqueueBuffer begin
D/OpenSLActivity(16136): pzhao-->read RingBuffer
D/OpenSLActivity(16136): pzhao-->enqueueBuffer last
D/OpenSLActivity(16136): pzhao-->enqueueBuffer begin
D/OpenSLActivity(16136): pzhao-->read RingBuffer
D/OpenSLActivity(16136): pzhao-->enqueueBuffer last
D/OpenSLActivity(16136): pzhao-->enqueueBuffer begin
D/OpenSLActivity(16136): pzhao-->read RingBuffer
D/OpenSLActivity(16136): pzhao-->enqueueBuffer last
D/OpenSLActivity(16136): pzhao-->enqueueBuffer begin
D/OpenSLActivity(16136): pzhao-->read RingBuffer
D/OpenSLActivity(16136): pzhao-->enqueueBuffer last
D/OpenSLActivity(16136): pzhao-->enqueueBuffer begin
D/OpenSLActivity(16136): pzhao-->read RingBuffer
D/OpenSLActivity(16136): pzhao-->enqueueBuffer last
D/OpenSLActivity(16136): pzhao-->enqueueBuffer begin
D/OpenSLActivity(16136): pzhao-->read RingBuffer
D/OpenSLActivity(16136): pzhao-->enqueueBuffer last
D/OpenSLActivity(16136): pzhao-->enqueueBuffer begin
D/OpenSLActivity(16136): pzhao-->read RingBuffer
D/OpenSLActivity(16136): pzhao-->enqueueBuffer last
D/OpenSLActivity(16136): pzhao-->enqueueBuffer begin
D/OpenSLActivity(16136): pzhao-->read RingBuffer
D/OpenSLActivity(16136): pzhao-->enqueueBuffer last
D/OpenSLActivity(16136): pzhao-->enqueueBuffer begin
D/OpenSLActivity(16136): pzhao-->read RingBuffer
D/OpenSLActivity(16136): pzhao-->enqueueBuffer last
D/OpenSLActivity(16136): pzhao-->enqueueBuffer begin
D/OpenSLActivity(16136): pzhao-->read RingBuffer
D/OpenSLActivity(16136): pzhao-->enqueueBuffer last
D/OpenSLActivity(16136): pzhao-->enqueueBuffer begin
D/OpenSLActivity(16136): pzhao-->read RingBuffer
D/OpenSLActivity(16136): pzhao-->enqueueBuffer last
D/OpenSLActivity(16136): pzhao-->enqueueBuffer begin
D/OpenSLActivity(16136): pzhao-->read RingBuffer
D/OpenSLActivity(16136): pzhao-->enqueueBuffer last
D/OpenSLActivity(16136): pzhao-->enqueueBuffer begin
D/OpenSLActivity(16136): pzhao-->read RingBuffer
D/OpenSLActivity(16136): pzhao-->enqueueBuffer last
D/OpenSLActivity(16136): pzhao-->enqueueBuffer begin
D/OpenSLActivity(16136): pzhao-->read RingBuffer
D/OpenSLActivity(16136): pzhao-->enqueueBuffer last
D/OpenSLActivity(16136): pzhao-->enqueueBuffer begin
D/OpenSLActivity(16136): pzhao-->read RingBuffer
D/OpenSLActivity(16136): pzhao-->enqueueBuffer last
D/OpenSLActivity(16136): pzhao-->enqueueBuffer begin
D/OpenSLActivity(16136): pzhao-->read RingBuffer
D/OpenSLActivity(16136): pzhao-->enqueueBuffer last
D/OpenSLActivity(16136): pzhao-->enqueueBuffer begin
D/OpenSLActivity(16136): pzhao-->read RingBuffer
D/OpenSLActivity(16136): pzhao-->enqueueBuffer last
D/OpenSLActivity(16136): pzhao-->enqueueBuffer begin
D/OpenSLActivity(16136): pzhao-->read RingBuffer
D/OpenSLActivity(16136): pzhao-->enqueueBuffer last
D/OpenSLActivity(16136): pzhao-->enqueueBuffer begin
D/OpenSLActivity(16136): pzhao-->read RingBuffer
D/OpenSLActivity(16136): pzhao-->enqueueBuffer last
D/OpenSLActivity(16136): pzhao-->enqueueBuffer begin
D/OpenSLActivity(16136): pzhao-->read RingBuffer
D/OpenSLActivity(16136): pzhao-->enqueueBuffer last
D/OpenSLActivity(16136): pzhao-->enqueueBuffer begin
D/OpenSLActivity(16136): pzhao-->read RingBuffer
D/OpenSLActivity(16136): pzhao-->enqueueBuffer last
D/OpenSLActivity(16136): pzhao-->enqueueBuffer begin
D/OpenSLActivity(16136): pzhao-->read RingBuffer
D/OpenSLActivity(16136): pzhao-->enqueueBuffer last
D/OpenSLActivity(16136): pzhao-->enqueueBuffer begin
D/OpenSLActivity(16136): pzhao-->read RingBuffer
D/OpenSLActivity(16136): pzhao-->enqueueBuffer last
D/OpenSLActivity(16136): pzhao-->enqueueBuffer begin
D/OpenSLActivity(16136): pzhao-->read RingBuffer
D/OpenSLActivity(16136): pzhao-->enqueueBuffer last
D/OpenSLActivity(16136): pzhao-->enqueueBuffer begin
D/OpenSLActivity(16136): pzhao-->read RingBuffer
D/OpenSLActivity(16136): pzhao-->enqueueBuffer last
D/OpenSLActivity(16136): pzhao-->enqueueBuffer begin
D/OpenSLActivity(16136): pzhao-->read RingBuffer
D/OpenSLActivity(16136): pzhao-->enqueueBuffer last
D/OpenSLActivity(16136): pzhao-->enqueueBuffer begin
D/OpenSLActivity(16136): pzhao-->read RingBuffer
D/OpenSLActivity(16136): pzhao-->enqueueBuffer last
D/OpenSLActivity(16136): pzhao-->enqueueBuffer begin
D/OpenSLActivity(16136): pzhao-->read RingBuffer
D/OpenSLActivity(16136): pzhao-->enqueueBuffer last
D/OpenSLActivity(16136): pzhao-->enqueueBuffer begin
D/OpenSLActivity(16136): pzhao-->read RingBuffer
D/OpenSLActivity(16136): pzhao-->enqueueBuffer last
D/OpenSLActivity(16136): pzhao-->enqueueBuffer begin
D/OpenSLActivity(16136): pzhao-->read RingBuffer
D/OpenSLActivity(16136): pzhao-->enqueueBuffer last
D/OpenSLActivity(16136): pzhao-->enqueueBuffer begin
D/OpenSLActivity(16136): pzhao-->read RingBuffer
D/OpenSLActivity(16136): pzhao-->enqueueBuffer last
D/OpenSLActivity(16136): pzhao-->enqueueBuffer begin
D/OpenSLActivity(16136): pzhao-->read RingBuffer
D/OpenSLActivity(16136): pzhao-->enqueueBuffer last
D/OpenSLActivity(16136): pzhao-->enqueueBuffer begin
D/OpenSLActivity(16136): pzhao-->read RingBuffer
D/OpenSLActivity(16136): pzhao-->enqueueBuffer last
D/OpenSLActivity(16136): pzhao-->enqueueBuffer begin
D/OpenSLActivity(16136): pzhao-->read RingBuffer
D/OpenSLActivity(16136): pzhao-->enqueueBuffer last
D/OpenSLActivity(16136): pzhao-->enqueueBuffer begin
D/OpenSLActivity(16136): pzhao-->read RingBuffer
D/OpenSLActivity(16136): pzhao-->enqueueBuffer last
D/OpenSLActivity(16136): pzhao-->enqueueBuffer begin
D/OpenSLActivity(16136): pzhao-->read RingBuffer
D/OpenSLActivity(16136): pzhao-->enqueueBuffer last
D/OpenSLActivity(16136): pzhao-->enqueueBuffer begin
D/OpenSLActivity(16136): pzhao-->read RingBuffer
D/OpenSLActivity(16136): pzhao-->enqueueBuffer last
D/OpenSLActivity(16136): pzhao-->enqueueBuffer begin
D/OpenSLActivity(16136): pzhao-->read RingBuffer
D/OpenSLActivity(16136): pzhao-->enqueueBuffer last
D/OpenSLActivity(16136): pzhao-->enqueueBuffer begin
D/OpenSLActivity(16136): pzhao-->read RingBuffer
D/OpenSLActivity(16136): pzhao-->enqueueBuffer last
E/AudioPolicyService(  182): inserting command: 2 at index 0, num commands 0
E/AudioPolicyService(  182): AudioCommandThread() adding set volume stream 3, volume 0.074990, output 2
E/AudioPolicyService(  182): AudioCommandThread() waking up
E/AudioPolicyService(  182): AudioCommandThread() processing set volume stream 3,                             volume 0.074990, output 2
E/AudioPolicyService(  182): AudioCommandThread() going to sleep
E/AudioPolicyService(  182): inserting command: 2 at index 0, num commands 0
E/AudioPolicyService(  182): AudioCommandThread() adding set volume stream 3, volume 0.074990, output 3
E/AudioPolicyService(  182): AudioCommandThread() waking up
E/AudioPolicyService(  182): AudioCommandThread() processing set volume stream 3,                             volume 0.074990, output 3
E/AudioFlinger(  182): thread 0xb5c5b008 type 0 TID 809 waking up
E/AudioFlinger(  182): acquireWakeLock_l() AudioOut_3 status 0
D/OpenSLActivity(16136): pzhao-->enqueueBuffer begin
D/OpenSLActivity(16136): pzhao-->read RingBuffer
D/OpenSLActivity(16136): pzhao-->enqueueBuffer last
E/AudioPolicyService(  182): AudioCommandThread() going to sleep
E/AudioPolicyService(  182): inserting command: 2 at index 0, num commands 0
E/AudioPolicyService(  182): AudioCommandThread() adding set volume stream 9, volume 0.074990, output 2
E/AudioPolicyService(  182): AudioCommandThread() waking up
E/AudioPolicyService(  182): AudioCommandThread() processing set volume stream 9,                             volume 0.074990, output 2
E/AudioPolicyService(  182): AudioCommandThread() going to sleep
E/AudioPolicyService(  182): inserting command: 2 at index 0, num commands 0
E/AudioPolicyService(  182): AudioCommandThread() adding set volume stream 9, volume 0.074990, output 3
E/AudioPolicyService(  182): AudioCommandThread() waking up
