I/ActivityManager(  744): START u0 {act=android.intent.action.MAIN cat=[android.intent.category.LAUNCHER] flg=0x10000000 cmp=com.pzhao.openslslave/.MainActivity} from pid 17777
I/ActivityManager(  744): Start proc com.pzhao.openslslave for activity com.pzhao.openslslave/.MainActivity: pid=17796 uid=10105 gids={50105, 1028, 1015, 3003}
I/ActivityManager(  744): START u0 {act=android.app.action.ADD_DEVICE_ADMIN cmp=com.android.settings/.DeviceAdminAdd (has extras)} from pid 17796
I/ActivityManager(  744): Start proc com.android.settings for activity com.android.settings/.DeviceAdminAdd: pid=17815 uid=1000 gids={41000, 1028, 1015, 3002, 3001, 3003}
W/ViewRootImpl( 1005): Dropping event due to no window focus: KeyEvent { action=ACTION_DOWN, keyCode=KEYCODE_BACK, scanCode=0, metaState=0, flags=0x48, repeatCount=0, eventTime=169108422, downTime=169108422, deviceId=-1, source=0x101 }
W/ActivityManager(  744): No content provider found for permission revoke: file:///data/local/tmp/OpenSLTest.apk
W/ActivityManager(  744): No content provider found for permission revoke: file:///data/local/tmp/OpenSLTest.apk
I/PackageManager(  744): Copying native libraries to /data/app-lib/vmdl843812607
W/PackageManager(  744): Invalid verification token 174 received
I/ActivityManager(  744): Force stopping com.pzhao.opensltest appid=10104 user=-1: uninstall pkg
I/ActivityManager(  744): Killing 17375:com.pzhao.opensltest/u0a104 (adj 15): stop com.pzhao.opensltest
I/PackageManager(  744): Package com.pzhao.opensltest codePath changed from /data/app/com.pzhao.opensltest-2.apk to /data/app/com.pzhao.opensltest-1.apk; Retaining data and using new
I/ActivityManager(  744): Force stopping com.pzhao.opensltest appid=10104 user=-1: update pkg
W/PackageManager(  744): Code path for pkg : com.pzhao.opensltest changing from /data/app/com.pzhao.opensltest-2.apk to /data/app/com.pzhao.opensltest-1.apk
W/PackageManager(  744): Resource path for pkg : com.pzhao.opensltest changing from /data/app/com.pzhao.opensltest-2.apk to /data/app/com.pzhao.opensltest-1.apk
I/ActivityManager(  744): Force stopping com.pzhao.opensltest appid=10104 user=0: pkg removed
D/BackupManagerService(  744): Received broadcast Intent { act=android.intent.action.PACKAGE_REMOVED dat=package:com.pzhao.opensltest flg=0x4000010 (has extras) }
D/BackupManagerService(  744): Received broadcast Intent { act=android.intent.action.PACKAGE_ADDED dat=package:com.pzhao.opensltest flg=0x4000010 (has extras) }
V/BackupManagerService(  744): removePackageParticipantsLocked: uid=10104 #1
V/BackupManagerService(  744): addPackageParticipantsLocked: #1
W/ContextImpl(16749): Calling a method in the system process without a qualified user: android.app.ContextImpl.startService:1479 android.content.ContextWrapper.startService:494 android.content.ContextWrapper.startService:494 com.android.keychain.KeyChainBroadcastReceiver.onReceive:12 android.app.ActivityThread.handleReceiver:2400 
W/ActivityManager(  744): Unable to start service Intent { act=com.sogou.pushservice.action.METHOD cmp=/com.sogou.udp.push.PushService (has extras) } U=0: not found
I/ActivityManager(  744): START u0 {act=android.intent.action.MAIN cat=[android.intent.category.LAUNCHER] flg=0x10000000 cmp=com.pzhao.opensltest/.MainActivity} from pid 17953
I/ActivityManager(  744): Start proc com.pzhao.opensltest for activity com.pzhao.opensltest/.MainActivity: pid=17970 uid=10104 gids={50104, 1028, 1015, 3003}
D/ConnectivityService(  744): Sampling interval elapsed, updating statistics ..
D/ConnectivityService(  744): Done.
D/ConnectivityService(  744): Setting timer for 720seconds
W/SocketClient(  176): write error (Broken pipe)
I/ActivityManager(  744): Start proc com.android.chrome for broadcast com.android.chrome/org.chromium.base.PowerStatusReceiver: pid=18733 uid=10034 gids={50034, 3003, 1028, 1015}
I/ActivityManager(  744): Start proc com.google.android.gallery3d for broadcast com.google.android.gallery3d/com.google.android.picasasync.BatteryReceiver: pid=18752 uid=10041 gids={50041, 3003, 1028, 1015}
I/ActivityManager(  744): Start proc com.google.android.apps.uploader for broadcast com.google.android.apps.uploader/com.google.android.picasasync.BatteryReceiver: pid=18772 uid=10058 gids={50058, 3003, 1028, 1015}
I/ActivityManager(  744): Killing 17483:com.google.android.inputmethod.latin/u0a52 (adj 15): empty #17
I/ActivityManager(  744): Killing 17815:com.android.settings/1000 (adj 15): empty #17
I/ActivityManager(  744): Killing 17796:com.pzhao.openslslave/u0a105 (adj 15): empty #17
I/EntropyMixer(  744): Writing entropy...
I/ActivityManager(  744): Start proc com.google.android.youtube for broadcast com.google.android.youtube/com.google.android.apps.youtube.app.prefetch.PrefetchService$DeviceStateReceiver: pid=18793 uid=10081 gids={50081, 3003, 1028, 1015}
I/ActivityManager(  744): Killing 16713:com.android.defcontainer/u0a4 (adj 15): empty #17
I/ActivityManager(  744): Start proc com.android.defcontainer for service com.android.defcontainer/.DefaultContainerService: pid=18914 uid=10004 gids={50004, 1028, 1015, 1023, 2001, 1035}
W/ActivityManager(  744): No content provider found for permission revoke: file:///data/local/tmp/Sonic-NDK.apk
W/ActivityManager(  744): No content provider found for permission revoke: file:///data/local/tmp/Sonic-NDK.apk
I/PackageManager(  744): Copying native libraries to /data/app-lib/vmdl187663466
W/PackageManager(  744): Invalid verification token 175 received
I/ActivityManager(  744): Force stopping org.vinuxproject.sonic appid=10106 user=-1: update pkg
I/ActivityManager(  744): Delay finish: com.google.android.gms/.app.receiver.SystemBroadcastReceiver
D/BackupManagerService(  744): Received broadcast Intent { act=android.intent.action.PACKAGE_ADDED dat=package:org.vinuxproject.sonic flg=0x4000010 (has extras) }
I/ActivityManager(  744): Resuming delayed broadcast
V/BackupManagerService(  744): addPackageParticipantsLocked: #1
I/ActivityManager(  744): Delay finish: com.google.android.apps.plus/.service.PackagesMediaMonitor
I/ActivityManager(  744): Resuming delayed broadcast
I/ActivityManager(  744): START u0 {act=android.intent.action.MAIN cat=[android.intent.category.LAUNCHER] flg=0x10000000 cmp=org.vinuxproject.sonic/.SonicTest} from pid 18961
I/ActivityManager(  744): Start proc org.vinuxproject.sonic for activity org.vinuxproject.sonic/.SonicTest: pid=18978 uid=10106 gids={50106}
E/AndroidRuntime(18978): FATAL EXCEPTION: Thread-2973
E/AndroidRuntime(18978): Process: org.vinuxproject.sonic, PID: 18978
E/AndroidRuntime(18978): java.lang.UnsatisfiedLinkError: Couldn't load sonic from loader dalvik.system.PathClassLoader[DexPathList[[zip file "/data/app/org.vinuxproject.sonic-1.apk"],nativeLibraryDirectories=[/data/app-lib/org.vinuxproject.sonic-1, /vendor/lib, /system/lib]]]: findLibrary returned null
E/AndroidRuntime(18978): 	at java.lang.Runtime.loadLibrary(Runtime.java:358)
E/AndroidRuntime(18978): 	at java.lang.System.loadLibrary(System.java:526)
E/AndroidRuntime(18978): 	at org.vinuxproject.sonic.Sonic.<clinit>(Sonic.java:179)
E/AndroidRuntime(18978): 	at org.vinuxproject.sonic.SonicTest$1.run(SonicTest.java:40)
E/AndroidRuntime(18978): 	at java.lang.Thread.run(Thread.java:841)
W/ActivityManager(  744):   Force finishing activity org.vinuxproject.sonic/.SonicTest
I/ActivityManager(  744): Killing 16749:com.android.keychain/1000 (adj 15): empty #17
I/ActivityManager(  744): Process org.vinuxproject.sonic (pid 18978) has died.
--------- beginning of /dev/log/main
E/AudioFlinger(  182): acquireWakeLock_l() AudioIn_387 status 0
E/AudioFlinger(  182): Signal record thread
E/AudioPolicyService(  182): AudioCommandThread() going to sleep
D/audio_hw_primary(  182): select_devices: out_snd_device(0: ) in_snd_device(35: voice-rec-mic)
D/        (  182): Failed to fetch the lookup information of the device 0000003E 
E/ACDB-LOADER(  182): Error: ACDB AudProc vol returned = -19
E/AudioFlinger(  182): Record started OK
I/SearchController(26737): #onHotwordDetectorStarted
I/SearchController(26737): #onHotwordDetectorStopped
I/MicrophoneInputStream(26737): mic_close
E/AudioFlinger(  182): RecordHandle::stop()
E/AudioFlinger(  182): RecordThread::stop
V/SearchControllerCache(26737): disposing SearchController
E/AudioFlinger(  182): releaseWakeLock_l() AudioIn_387
E/AudioFlinger(  182): RecordThread: loop stopping
E/AudioFlinger(  182): Record stopped OK
E/AudioPolicyService(  182): inserting command: 3 at index 0, num commands 0
E/AudioPolicyService(  182): AudioCommandThread() adding set parameter string routing=0, io 903 ,delay 0
E/AudioPolicyService(  182): AudioCommandThread() waking up
E/AudioPolicyService(  182): AudioCommandThread() processing set parameters string routing=0, io 903
E/AudioFlinger(  182): setParameters(): io 903, keyvalue routing=0, calling pid 182
E/AudioFlinger(  182): RecordThread: loop starting
E/AudioFlinger(  182): acquireWakeLock_l() AudioIn_387 status 0
E/AudioFlinger(  182): releaseWakeLock_l() AudioIn_387
E/AudioPolicyService(  182): AudioCommandThread() going to sleep
E/AudioFlinger(  182): RecordThread: loop stopping
E/AudioFlinger(  182): RecordHandle::stop()
E/AudioFlinger(  182): RecordThread::stop
E/AudioFlinger(  182): closeInput() 903
E/AudioFlinger(  182): RecordThread: loop starting
E/AudioFlinger(  182): acquireWakeLock_l() AudioIn_387 status 0
E/AudioFlinger(  182): releaseWakeLock_l() AudioIn_387
E/AudioFlinger(  182): RecordThread 0xb8ae4108 exiting
E/AudioFlinger(  182): releasing 902 from 26737
E/AudioFlinger(  182):  decremented refcount to 0
E/AudioFlinger(  182): purging stale effects
E/AudioFlinger(  182): virtual android::AudioFlinger::RecordThread::RecordTrack::~RecordTrack()
E/AudioFlinger(  182): removeClient_l() pid 26737, calling pid 182
D/dalvikvm(26737): threadid=28: thread exiting, not yet detached (count=0)
D/dalvikvm(26737): threadid=29: thread exiting, not yet detached (count=0)
I/ActivityManager(  744): START u0 {act=android.intent.action.MAIN cat=[android.intent.category.LAUNCHER] flg=0x10200000 cmp=org.vinuxproject.sonic/.SonicTest} from pid 1005
D/dalvikvm(  744): GC_FOR_ALLOC freed 1057K, 19% free 45814K/56548K, paused 57ms, total 57ms
D/dalvikvm(19038): Late-enabling CheckJNI
I/dalvikvm(19038): Enabling JNI app bug workarounds for target SDK version 8...
I/ActivityManager(  744): Start proc org.vinuxproject.sonic for activity org.vinuxproject.sonic/.SonicTest: pid=19038 uid=10106 gids={50106}
D/dalvikvm(19038): Debugger has detached; object registry had 1 entries
V/PhoneStatusBar(  847): setLightsOn(true)
D/dalvikvm(19038): GC_CONCURRENT freed 82K, 1% free 16801K/16932K, paused 4ms+0ms, total 21ms
D/dalvikvm(19038): WAIT_FOR_CONCURRENT_GC blocked 8ms
I/ActivityManager(  744): Displayed org.vinuxproject.sonic/.SonicTest: +175ms
D/dalvikvm(  952): GC_FOR_ALLOC freed 116K, 35% free 21499K/32948K, paused 19ms, total 19ms
I/dalvikvm-heap(  952): Grow heap (frag case) to 23.970MB for 3019696-byte allocation
D/dalvikvm(  952): GC_FOR_ALLOC freed <1K, 26% free 24447K/32948K, paused 20ms, total 20ms
D/Daemon  ( 2241): [startService]...component:com.sds.android.ttpod/com.igexin.sdk.PushService
D/Daemon  ( 2241): [startService]Parent process is running,ChildPid is 19071, ParentPid is 2241
D/Daemon  ( 2241): startService called...
D/Daemon  ( 2241): waiting...
D/Daemon  (19071): [startService]Child process is running,CurPid is 0, ChildPid is 19071
D/AndroidRuntime(19071): 
D/AndroidRuntime(19071): >>>>>> AndroidRuntime START com.android.internal.os.RuntimeInit <<<<<<
D/AndroidRuntime(19071): CheckJNI is OFF
D/dalvikvm(19071): Trying to load lib libjavacore.so 0x0
D/dalvikvm(19071): Added shared lib libjavacore.so 0x0
D/dalvikvm(19071): Trying to load lib libnativehelper.so 0x0
D/dalvikvm(19071): Added shared lib libnativehelper.so 0x0
D/dalvikvm(19071): No JNI_OnLoad found in libnativehelper.so 0x0, skipping init
D/dalvikvm(19071): Note: class Landroid/app/ActivityManagerNative; has 179 unimplemented (abstract) methods
D/AndroidRuntime(19071): Calling main entry com.android.commands.am.Am
D/AndroidRuntime(19071): Shutting down VM
D/dalvikvm(19071): Debugger has detached; object registry had 1 entries
D/dalvikvm(  744): GC_FOR_ALLOC freed 1802K, 21% free 44991K/56548K, paused 43ms, total 44ms
D/dalvikvm(  744): GC_FOR_ALLOC freed 913K, 20% free 45751K/56548K, paused 46ms, total 46ms
W/IInputConnectionWrapper(19038): showStatusIcon on inactive InputConnection
D/dalvikvm(26737): GC_FOR_ALLOC freed 493K, 11% free 17657K/19620K, paused 19ms, total 19ms
D/dalvikvm(26737): GC_FOR_ALLOC freed 13K, 8% free 18156K/19620K, paused 18ms, total 18ms
W/EventLoggerService(26737): Unable to send logs Unable to resolve host "www.google.com": No address associated with hostname
V/SearchControllerCache(26737): creating SearchController
D/dalvikvm(26737): GC_FOR_ALLOC freed 922K, 11% free 17633K/19620K, paused 17ms, total 18ms
E/AudioFlinger(  182): openInput() openInputStream returned input 0xb8af6198, SamplingRate 8000, Format 1, Channels 10, status 0
E/AudioFlinger(  182): openInput() created record thread: ID 905 thread 0xb8ab7c90
E/AudioFlinger(  182): acquireWakeLock_l() AudioIn_389 status 0
E/AudioFlinger(  182): releaseWakeLock_l() AudioIn_389
E/AudioFlinger(  182): pzhao-->I'm creating a new client in AudioFlinger,add to mClients
E/AudioFlinger(  182): RecordThread: loop stopping
E/AudioFlinger(  182): RecordTrack constructor
E/AudioFlinger(  182): acquiring 904 from 26737
E/AudioFlinger(  182):  added new entry for 904
E/AudioFlinger(  182): RecordHandle::start()
E/AudioFlinger(  182): RecordThread::start event 0, triggerSession 0
E/AudioPolicyService(  182): inserting command: 3 at index 0, num commands 0
E/AudioPolicyService(  182): AudioCommandThread() adding set parameter string input_source=6;routing=-2147483644, io 905 ,delay 0
E/AudioPolicyService(  182): AudioCommandThread() waking up
E/AudioPolicyService(  182): AudioCommandThread() processing set parameters string input_source=6;routing=-2147483644, io 905
E/AudioFlinger(  182): setParameters(): io 905, keyvalue input_source=6;routing=-2147483644, calling pid 182
E/AudioFlinger(  182): RecordThread: loop starting
E/AudioFlinger(  182): acquireWakeLock_l() AudioIn_389 status 0
E/AudioPolicyService(  182): AudioCommandThread() going to sleep
E/AudioFlinger(  182): Signal record thread
D/audio_hw_primary(  182): select_devices: out_snd_device(0: ) in_snd_device(35: voice-rec-mic)
D/        (  182): Failed to fetch the lookup information of the device 0000003E 
E/ACDB-LOADER(  182): Error: ACDB AudProc vol returned = -19
E/AudioFlinger(  182): Record started OK
I/SearchController(26737): #onHotwordDetectorStarted
D/AndroidRuntime(19116): 
D/AndroidRuntime(19116): >>>>>> AndroidRuntime START com.android.internal.os.RuntimeInit <<<<<<
D/AndroidRuntime(19116): CheckJNI is OFF
D/dalvikvm(19116): Trying to load lib libjavacore.so 0x0
D/dalvikvm(19116): Added shared lib libjavacore.so 0x0
D/dalvikvm(19116): Trying to load lib libnativehelper.so 0x0
D/dalvikvm(19116): Added shared lib libnativehelper.so 0x0
D/dalvikvm(19116): No JNI_OnLoad found in libnativehelper.so 0x0, skipping init
D/dalvikvm(19116): Note: class Landroid/app/ActivityManagerNative; has 179 unimplemented (abstract) methods
D/AndroidRuntime(19116): Calling main entry com.android.commands.pm.Pm
D/Finsky  ( 1168): [1] PackageVerificationReceiver.checkPrerequisites: Skipping verification because network inactive
W/ActivityManager(  744): No content provider found for permission revoke: file:///data/local/tmp/Prestissimo.apk
D/Finsky  ( 1168): [1] PackageVerificationReceiver.checkPrerequisites: Skipping verification because network inactive
W/ActivityManager(  744): No content provider found for permission revoke: file:///data/local/tmp/Prestissimo.apk
I/PackageManager(  744): Copying native libraries to /data/app-lib/vmdl-1544244138
W/PackageManager(  744): Invalid verification token 176 received
I/PackageManager(  744): Running dexopt on: com.falconware.prestissimo
D/dalvikvm(19141): DexOpt: load 4ms, verify+opt 9ms, 187588 bytes
I/ActivityManager(  744): Force stopping com.falconware.prestissimo appid=10107 user=-1: update pkg
I/InputReader(  744): Reconfiguring input devices.  changes=0x00000010
E/AppsCustomizePagedView( 1005): Widget ComponentInfo{com.sds.android.ttpod/com.sds.android.ttpod.component.appwidget.DesktopPlayer5x1} can not fit on this device (1080, 120)
D/dalvikvm(  987): GC_FOR_ALLOC freed 532K, 4% free 16712K/17400K, paused 10ms, total 11ms
E/AppsCustomizePagedView( 1005): Widget ComponentInfo{com.sds.android.ttpod/com.sds.android.ttpod.component.appwidget.DesktopPlayer5x2} can not fit on this device (1080, 330)
D/SystemBroadcastService( 9092): Received broadcast action=android.intent.action.PACKAGE_ADDED and uri=
W/ContextImpl( 9092): Implicit intents with startService are not safe: Intent { act=com.google.android.gms.games.service.INTENT } android.content.ContextWrapper.startService:494 com.google.android.gms.games.service.GamesIntentService.a:101 com.google.android.gms.games.service.GamesIntentService.b:368 
D/PackageAddedReceiver( 9111): package added com.falconware.prestissimo
I/Icing.InternalIcingCorporaProvider(26737): Updating corpora: A: com.falconware.prestissimo, C: MAYBE
V/GelStubAppWatcher(26737): onReceive: android.intent.action.PACKAGE_ADDED
D/BackupManagerService(  744): Received broadcast Intent { act=android.intent.action.PACKAGE_ADDED dat=package:com.falconware.prestissimo flg=0x4000010 (has extras) }
V/BackupManagerService(  744): addPackageParticipantsLocked: #1
D/AlarmService( 4275): Alarm has been set
W/System.err( 4275): java.util.concurrent.ExecutionException: java.util.concurrent.ExecutionException: java.net.UnknownHostException: Unable to resolve host "api.wandoujia.com": No address associated with hostname
W/System.err( 4275): 	at com.wandoujia.rpc.http.client.DataClient.executeHttpRequest(:147)
W/System.err( 4275): 	at com.wandoujia.rpc.http.client.DataClient.execute(:61)
W/System.err( 4275): 	at com.wandoujia.rpc.http.client.DataClientCache.execute(:105)
W/System.err( 4275): 	at o.bpc.execute(:36)
W/System.err( 4275): 	at o.fmu.(:44)
W/System.err( 4275): 	at o.fln.(:244)
W/System.err( 4275): 	at o.fln.(:33)
W/System.err( 4275): 	at o.flo.run(:227)
W/System.err( 4275): 	at java.util.concurrent.ThreadPoolExecutor.runWorker(ThreadPoolExecutor.java:1112)
W/System.err( 4275): 	at java.util.concurrent.ThreadPoolExecutor$Worker.run(ThreadPoolExecutor.java:587)
W/System.err( 4275): 	at java.lang.Thread.run(Thread.java:841)
W/System.err( 4275): Caused by: java.util.concurrent.ExecutionException: java.net.UnknownHostException: Unable to resolve host "api.wandoujia.com": No address associated with hostname
W/System.err( 4275): 	at com.wandoujia.rpc.http.client.DataClient.executeHttpRequest(:145)
W/System.err( 4275): 	... 10 more
W/System.err( 4275): Caused by: java.net.UnknownHostException: Unable to resolve host "api.wandoujia.com": No address associated with hostname
W/System.err( 4275): 	at java.net.InetAddress.lookupHostByName(InetAddress.java:424)
W/System.err( 4275): 	at java.net.InetAddress.getAllByNameImpl(InetAddress.java:236)
W/System.err( 4275): 	at java.net.InetAddress.getAllByName(InetAddress.java:214)
W/System.err( 4275): 	at org.apache.http.impl.conn.DefaultClientConnectionOperator.openConnection(DefaultClientConnectionOperator.java:137)
W/System.err( 4275): 	at org.apache.http.impl.conn.AbstractPoolEntry.open(AbstractPoolEntry.java:164)
W/System.err( 4275): 	at org.apache.http.impl.conn.AbstractPooledConnAdapter.open(AbstractPooledConnAdapter.java:119)
W/System.err( 4275): 	at org.apache.http.impl.client.DefaultRequestDirector.execute(DefaultRequestDirector.java:360)
W/System.err( 4275): 	at org.apache.http.impl.client.AbstractHttpClient.execute(AbstractHttpClient.java:555)
W/System.err( 4275): 	at com.wandoujia.base.http.HttpClientWrapper.execute(:127)
W/System.err( 4275): 	at com.wandoujia.base.http.HttpClientWrapper.execute(:96)
W/System.err( 4275): 	at com.wandoujia.base.http.HttpClientWrapper.execute(:87)
W/System.err( 4275): 	at com.wandoujia.rpc.http.client.DataClient.executeHttpRequest(:139)
W/System.err( 4275): 	... 10 more
W/System.err( 4275): Caused by: libcore.io.GaiException: getaddrinfo failed: EAI_NODATA (No address associated with hostname)
W/System.err( 4275): 	at libcore.io.Posix.getaddrinfo(Native Method)
W/System.err( 4275): 	at libcore.io.ForwardingOs.getaddrinfo(ForwardingOs.java:61)
W/System.err( 4275): 	at java.net.InetAddress.lookupHostByName(InetAddress.java:405)
W/System.err( 4275): 	... 21 more
D/dalvikvm(26737): GC_FOR_ALLOC freed 105K, 9% free 18039K/19620K, paused 18ms, total 18ms
W/LocationProviderProxy-fused(  744): com.google.android.gms resolves service com.android.location.service.FusedLocationProvider, but has wrong signature, ignoring
D/dalvikvm(  744): GC_EXPLICIT freed 1964K, 19% free 45944K/56548K, paused 3ms+8ms, total 183ms
D/AndroidRuntime(19116): Shutting down VM
D/jdwp    (19116): Got wake-up signal, bailing out of select
D/dalvikvm(19116): Debugger has detached; object registry had 1 entries
D/dalvikvm( 1168): GC_FOR_ALLOC freed 565K, 25% free 16850K/22360K, paused 27ms, total 34ms
D/Finsky  ( 1168): [1] 5.onFinished: Installation state replication succeeded.
I/SearchController(26737): #onHotwordDetectorStopped
I/MicrophoneInputStream(26737): mic_close
E/AudioFlinger(  182): RecordHandle::stop()
E/AudioFlinger(  182): RecordThread::stop
V/SearchControllerCache(26737): disposing SearchController
E/AudioFlinger(  182): releaseWakeLock_l() AudioIn_389
E/AudioFlinger(  182): RecordThread: loop stopping
E/AudioFlinger(  182): Record stopped OK
E/AudioPolicyService(  182): inserting command: 3 at index 0, num commands 0
E/AudioPolicyService(  182): AudioCommandThread() adding set parameter string routing=0, io 905 ,delay 0
E/AudioPolicyService(  182): AudioCommandThread() waking up
E/AudioPolicyService(  182): AudioCommandThread() processing set parameters string routing=0, io 905
E/AudioFlinger(  182): setParameters(): io 905, keyvalue routing=0, calling pid 182
E/AudioFlinger(  182): RecordThread: loop starting
E/AudioFlinger(  182): acquireWakeLock_l() AudioIn_389 status 0
E/AudioFlinger(  182): releaseWakeLock_l() AudioIn_389
E/AudioFlinger(  182): RecordThread: loop stopping
E/AudioPolicyService(  182): AudioCommandThread() going to sleep
E/AudioFlinger(  182): RecordHandle::stop()
E/AudioFlinger(  182): RecordThread::stop
E/AudioFlinger(  182): closeInput() 905
E/AudioFlinger(  182): RecordThread: loop starting
E/AudioFlinger(  182): acquireWakeLock_l() AudioIn_389 status 0
E/AudioFlinger(  182): releasing 904 from 26737
E/AudioFlinger(  182):  decremented refcount to 0
E/AudioFlinger(  182): purging stale effects
E/AudioFlinger(  182): releaseWakeLock_l() AudioIn_389
E/AudioFlinger(  182): RecordThread 0xb8ab7c90 exiting
E/AudioFlinger(  182): virtual android::AudioFlinger::RecordThread::RecordTrack::~RecordTrack()
E/AudioFlinger(  182): removeClient_l() pid 26737, calling pid 182
D/dalvikvm(26737): threadid=33: thread exiting, not yet detached (count=0)
D/dalvikvm(26737): threadid=29: thread exiting, not yet detached (count=0)
D/dalvikvm(26737): threadid=32: thread exiting, not yet detached (count=0)
D/dalvikvm(26737): GC_FOR_ALLOC freed 580K, 9% free 18032K/19620K, paused 12ms, total 12ms
W/EventLoggerService(26737): Unable to send logs Unable to resolve host "www.google.com": No address associated with hostname
D/AndroidRuntime(19204): 
D/AndroidRuntime(19204): >>>>>> AndroidRuntime START com.android.internal.os.RuntimeInit <<<<<<
D/AndroidRuntime(19204): CheckJNI is OFF
D/dalvikvm(19204): Trying to load lib libjavacore.so 0x0
D/dalvikvm(19204): Added shared lib libjavacore.so 0x0
D/dalvikvm(19204): Trying to load lib libnativehelper.so 0x0
D/dalvikvm(19204): Added shared lib libnativehelper.so 0x0
D/dalvikvm(19204): No JNI_OnLoad found in libnativehelper.so 0x0, skipping init
D/dalvikvm(19204): Note: class Landroid/app/ActivityManagerNative; has 179 unimplemented (abstract) methods
D/AndroidRuntime(19204): Calling main entry com.android.commands.pm.Pm
D/AndroidRuntime(19204): Shutting down VM
D/dalvikvm(19204): Debugger has detached; object registry had 1 entries
D/AndroidRuntime(19228): 
D/AndroidRuntime(19228): >>>>>> AndroidRuntime START com.android.internal.os.RuntimeInit <<<<<<
D/AndroidRuntime(19228): CheckJNI is OFF
D/dalvikvm(19228): Trying to load lib libjavacore.so 0x0
D/dalvikvm(19228): Added shared lib libjavacore.so 0x0
D/dalvikvm(19228): Trying to load lib libnativehelper.so 0x0
D/dalvikvm(19228): Added shared lib libnativehelper.so 0x0
D/dalvikvm(19228): No JNI_OnLoad found in libnativehelper.so 0x0, skipping init
D/dalvikvm(19228): Note: class Landroid/app/ActivityManagerNative; has 179 unimplemented (abstract) methods
D/AndroidRuntime(19228): Calling main entry com.android.commands.pm.Pm
D/AndroidRuntime(19228): Shutting down VM
D/dalvikvm(19228): Debugger has detached; object registry had 1 entries
D/dalvikvm(  974): Debugger has detached; object registry had 1 entries
D/dalvikvm(  847): Debugger has detached; object registry had 1 entries
D/dalvikvm( 2837): Debugger has detached; object registry had 1 entries
D/dalvikvm( 1175): Debugger has detached; object registry had 1 entries
D/dalvikvm(  987): Debugger has detached; object registry had 1 entries
D/dalvikvm(  744): Debugger has detached; object registry had 1 entries
D/dalvikvm( 1005): Debugger has detached; object registry had 1 entries
D/dalvikvm( 1074): Debugger has detached; object registry had 1 entries
D/dalvikvm(  952): Debugger has detached; object registry had 1 entries
D/dalvikvm(18752): Debugger has detached; object registry had 1 entries
D/dalvikvm( 9092): Debugger has detached; object registry had 1 entries
D/dalvikvm( 1005): GC_CONCURRENT freed 3867K, 14% free 28639K/33008K, paused 9ms+4ms, total 61ms
D/dalvikvm(26760): Debugger has detached; object registry had 1 entries
D/dalvikvm( 8845): Debugger has detached; object registry had 1 entries
D/dalvikvm( 1168): Debugger has detached; object registry had 1 entries
D/dalvikvm(11536): Debugger has detached; object registry had 1 entries
D/dalvikvm(18772): Debugger has detached; object registry had 1 entries
D/dalvikvm( 9111): Debugger has detached; object registry had 1 entries
D/dalvikvm( 9176): Debugger has detached; object registry had 1 entries
D/dalvikvm( 8858): Debugger has detached; object registry had 1 entries
D/dalvikvm(25500): Debugger has detached; object registry had 1 entries
D/dalvikvm(15265): Debugger has detached; object registry had 1 entries
D/dalvikvm( 3618): Debugger has detached; object registry had 1 entries
D/dalvikvm( 2148): Debugger has detached; object registry had 1 entries
D/dalvikvm(18793): Debugger has detached; object registry had 1 entries
D/dalvikvm(18733): Debugger has detached; object registry had 1 entries
D/dalvikvm( 8878): Debugger has detached; object registry had 1 entries
D/dalvikvm(26737): Debugger has detached; object registry had 1 entries
D/dalvikvm(17970): Debugger has detached; object registry had 1 entries
D/dalvikvm( 4275): Debugger has detached; object registry had 1 entries
D/dalvikvm( 8823): Debugger has detached; object registry had 1 entries
D/dalvikvm(18914): Debugger has detached; object registry had 1 entries
D/dalvikvm(19038): Debugger has detached; object registry had 1 entries
D/dalvikvm( 1168): GC_CONCURRENT freed 539K, 25% free 16779K/22360K, paused 1ms+1ms, total 14ms
D/dalvikvm(26737): GC_CONCURRENT freed 895K, 11% free 17628K/19620K, paused 3ms+1ms, total 17ms
D/PicasaSyncManager(18752): battery info: false
D/PicasaUploaderSyncManager(18772): battery info: false
I/ActivityManager(  744): Killing 17970:com.pzhao.opensltest/u0a104 (adj 15): empty #17
E/AudioFlinger(  182): 17970 died, releasing its sessions
E/AudioFlinger(  182):  pid 974 @ 0
E/AudioFlinger(  182):  pid 1168 @ 1
I/EntropyMixer(  744): Writing entropy...
D/PicasaUploaderSyncManager(18772): battery info: true
D/PicasaSyncManager(18752): battery info: true
D/dalvikvm(18772): GC_CONCURRENT freed 280K, 2% free 16516K/16832K, paused 6ms+2ms, total 33ms
D/YouTube (18793): apps.youtube.app.prefetch.PrefetchService$DeviceStateReceiver.onReceive:571 Got device state change intent: android.intent.action.ACTION_POWER_CONNECTED
D/YouTube (18793): apps.youtube.app.prefetch.PrefetchService.onStartCommand:171 PrefetchService started at 22 Apr 2015 07:12:33 GMT
D/YouTube (18793): apps.youtube.app.prefetch.PrefetchService.B_:252 Download snapshot restored
D/YouTube (18793): apps.youtube.app.prefetch.PrefetchService.onDestroy:222 PrefetchService destroyed at 22 Apr 2015 07:12:33 GMT
D/ConnectivityService(  744): Sampling interval elapsed, updating statistics ..
D/ConnectivityService(  744): Done.
D/ConnectivityService(  744): Setting timer for 720seconds
D/MtpService(25500): updating state; isCurrentUser=true, mMtpLocked=false
D/MtpService(25500): addStorageLocked 65537 /storage/emulated/0
D/MtpService(25500): updating state; isCurrentUser=true, mMtpLocked=false
D/MtpService(25500): starting MTP server in MTP mode
D/MtpService(25500): addStorageLocked 65537 /storage/emulated/0
W/Uploader( 9092): No account for auth token provided
D/Uploader( 9092): Network request failed class java.net.UnknownHostException(Unable to resolve host "play.googleapis.com": No address associated with hostname)
D/dalvikvm( 1005): GC_FOR_ALLOC freed 357K, 14% free 28335K/32828K, paused 26ms, total 26ms
I/dalvikvm-heap( 1005): Grow heap (frag case) to 28.029MB for 339812-byte allocation
D/dalvikvm( 1005): GC_FOR_ALLOC freed <1K, 14% free 28666K/33160K, paused 20ms, total 20ms
D/dalvikvm( 1005): GC_FOR_ALLOC freed <1K, 14% free 28666K/33160K, paused 19ms, total 19ms
I/dalvikvm-heap( 1005): Grow heap (frag case) to 28.353MB for 339812-byte allocation
D/dalvikvm( 1005): GC_FOR_ALLOC freed 0K, 14% free 28998K/33492K, paused 12ms, total 12ms
D/dalvikvm( 1005): GC_FOR_ALLOC freed 1013K, 16% free 28335K/33492K, paused 21ms, total 21ms
I/ActivityManager(  744): START u0 {act=android.intent.action.DELETE dat=package:org.vinuxproject.sonic flg=0x10800000 cmp=com.android.packageinstaller/.UninstallerActivity} from pid 1005
V/SearchControllerCache(26737): creating SearchController
I/ActivityManager(  744): Start proc com.android.packageinstaller for activity com.android.packageinstaller/.UninstallerActivity: pid=19342 uid=10063 gids={50063, 1028}
D/dalvikvm(  180): GC_EXPLICIT freed 42K, 1% free 16397K/16476K, paused 2ms+2ms, total 28ms
D/dalvikvm(  180): GC_EXPLICIT freed <1K, 1% free 16397K/16476K, paused 1ms+3ms, total 24ms
D/dalvikvm(  180): GC_EXPLICIT freed <1K, 1% free 16397K/16476K, paused 2ms+2ms, total 24ms
I/Adreno-EGL(19342): <qeglDrvAPI_eglInitialize:320>: EGL 1.4 QUALCOMM build:  (CL3776187)
I/Adreno-EGL(19342): OpenGL ES Shader Compiler Version: 
I/Adreno-EGL(19342): Build Date: 10/15/13 Tue
I/Adreno-EGL(19342): Local Branch: 
I/Adreno-EGL(19342): Remote Branch: partner/upstream
I/Adreno-EGL(19342): Local Patches: 
I/Adreno-EGL(19342): Reconstruct Branch: 
D/OpenGLRenderer(19342): Enabling debug mode 0
V/RenderScript(19342): Application requested CPU execution
V/RenderScript(19342): 0x7763c9d0 Launching thread(s), CPUs 4
I/ActivityManager(  744): Displayed com.android.packageinstaller/.UninstallerActivity: +209ms
I/ActivityManager(  744): START u0 {act=android.intent.action.VIEW cmp=com.android.packageinstaller/.UninstallAppProgress (has extras)} from pid 19342
D/dalvikvm(  744): GC_FOR_ALLOC freed 2601K, 21% free 45034K/56548K, paused 55ms, total 56ms
D/dalvikvm(  744): GC_FOR_ALLOC freed 940K, 20% free 45766K/56548K, paused 43ms, total 43ms
V/SearchControllerCache(26737): disposing SearchController
I/ActivityManager(  744): Force stopping org.vinuxproject.sonic appid=10106 user=-1: uninstall pkg
I/ActivityManager(  744): Killing 19038:org.vinuxproject.sonic/u0a106 (adj 15): stop org.vinuxproject.sonic
W/PackageManager(  744): Couldn't delete native library directory /data/app-lib/org.vinuxproject.sonic
D/keystore(  184): calling clear_uid in state: 3
I/ActivityManager(  744): Force stopping org.vinuxproject.sonic appid=10106 user=0: pkg removed
D/dalvikvm(26760): GC_EXPLICIT freed 95K, 5% free 17407K/18284K, paused 1ms+1ms, total 21ms
D/dalvikvm(  952): GC_EXPLICIT freed 77K, 26% free 24446K/32948K, paused 1ms+2ms, total 36ms
D/dalvikvm(19342): GC_EXPLICIT freed 127K, 1% free 16646K/16808K, paused 3ms+2ms, total 21ms
W/GeofencerStateMachine( 1175): Ignoring removeGeofence because network location is disabled.
I/ActivityManager(  744): Displayed com.android.packageinstaller/.UninstallAppProgress: +198ms
D/VoicemailCleanupService( 2837): Cleaning up data for package: org.vinuxproject.sonic
D/dalvikvm(26737): GC_EXPLICIT freed 40K, 8% free 17629K/19080K, paused 2ms+3ms, total 45ms
I/Launcher( 1005): Deferring update until onResume
I/InputReader(  744): Reconfiguring input devices.  changes=0x00000010
D/SystemBroadcastService( 9092): Received broadcast action=android.intent.action.PACKAGE_REMOVED and uri=
D/dalvikvm( 9176): GC_EXPLICIT freed 939K, 8% free 21030K/22616K, paused 2ms+8ms, total 71ms
W/ContextImpl( 9092): Implicit intents with startService are not safe: Intent { act=com.google.android.gms.games.service.INTENT } android.content.ContextWrapper.startService:494 com.google.android.gms.games.service.GamesIntentService.a:101 com.google.android.gms.games.service.GamesIntentService.c:373 
V/GelStubAppWatcher(26737): onReceive: android.intent.action.PACKAGE_REMOVED
I/Icing.InternalIcingCorporaProvider(26737): Updating corpora: A: org.vinuxproject.sonic, C: MAYBE
D/dalvikvm( 2148): GC_EXPLICIT freed 239K, 7% free 16776K/17896K, paused 12ms+3ms, total 63ms
I/Launcher( 1005): Deferring update until onResume
W/ContextImpl( 9092): Implicit intents with startService are not safe: Intent { act=com.google.android.gms.appstate.service.INTENT } android.content.ContextWrapper.startService:494 com.google.android.gms.appstate.service.AppStateIntentService.a:58 com.google.android.gms.appstate.service.AppStateIntentService.a:104 
I/ActivityManager(  744): Delay finish: com.google.android.googlequicksearchbox/.GelStubAppWatcher
D/BackupManagerService(  744): Received broadcast Intent { act=android.intent.action.PACKAGE_REMOVED dat=package:org.vinuxproject.sonic flg=0x4000010 (has extras) }
V/BackupManagerService(  744): removePackageParticipantsLocked: uid=10106 #1
I/ActivityManager(  744): Resuming delayed broadcast
W/Launcher( 1005): setApplicationContext called twice! old=com.google.android.velvet.VelvetApplication@4252d000 new=com.google.android.velvet.VelvetApplication@4252d000
I/ActivityManager(  744): Start proc com.android.keychain for broadcast com.android.keychain/.KeyChainBroadcastReceiver: pid=19392 uid=1000 gids={41000, 1028, 1015, 3002, 3001, 3003}
E/jdwp    (19392): Failed sending reply to debugger: Broken pipe
D/dalvikvm(19392): Debugger has detached; object registry had 1 entries
W/SocketClient(  176): write error (Broken pipe)
W/ContextImpl(19392): Calling a method in the system process without a qualified user: android.app.ContextImpl.startService:1479 android.content.ContextWrapper.startService:494 android.content.ContextWrapper.startService:494 com.android.keychain.KeyChainBroadcastReceiver.onReceive:12 android.app.ActivityThread.handleReceiver:2400 
I/ActivityManager(  744): Delay finish: com.google.android.apps.plus/.service.PackagesMediaMonitor
I/ActivityManager(  744): Resuming delayed broadcast
D/dalvikvm( 9092): GC_FOR_ALLOC freed 515K, 4% free 16894K/17508K, paused 17ms, total 17ms
W/ActivityManager(  744): Unable to start service Intent { act=com.sogou.pushservice.action.METHOD cmp=/com.sogou.udp.push.PushService (has extras) } U=0: not found
I/ActivityManager(  744): Delay finish: com.wandoujia.phoenix2.usbproxy/com.wandoujia.pmp.receivers.AppChangedReceiver
D/AlarmService( 4275): Alarm has been set
I/ActivityManager(  744): Resuming delayed broadcast
D/dalvikvm(  744): GC_EXPLICIT freed 1164K, 18% free 46782K/56548K, paused 20ms+12ms, total 192ms
D/dalvikvm(  744): GC_FOR_ALLOC freed 163K, 18% free 46623K/56548K, paused 64ms, total 64ms
I/dalvikvm-heap(  744): Grow heap (frag case) to 46.392MB for 856096-byte allocation
D/dalvikvm(  744): GC_FOR_ALLOC freed 32K, 18% free 47426K/57388K, paused 51ms, total 51ms
D/dalvikvm(  744): GC_FOR_ALLOC freed 4K, 18% free 47422K/57388K, paused 60ms, total 60ms
I/dalvikvm-heap(  744): Grow heap (frag case) to 47.172MB for 856096-byte allocation
D/dalvikvm(  744): GC_FOR_ALLOC freed 4K, 18% free 48254K/58228K, paused 51ms, total 51ms
D/dalvikvm(  744): GC_FOR_ALLOC freed 1677K, 21% free 46581K/58228K, paused 48ms, total 48ms
E/AppsCustomizePagedView( 1005): Widget ComponentInfo{com.sds.android.ttpod/com.sds.android.ttpod.component.appwidget.DesktopPlayer5x1} can not fit on this device (1080, 120)
E/AppsCustomizePagedView( 1005): Widget ComponentInfo{com.sds.android.ttpod/com.sds.android.ttpod.component.appwidget.DesktopPlayer5x2} can not fit on this device (1080, 330)
W/WindowManager(  744): Rebuild removed 3 windows but added 2
W/WindowManager(  744): java.lang.RuntimeException: here
W/WindowManager(  744): 	at com.android.server.wm.WindowManagerService.rebuildAppWindowListLocked(WindowManagerService.java:7985)
W/WindowManager(  744): 	at com.android.server.wm.WindowManagerService.rebuildAppWindowListLocked(WindowManagerService.java:7921)
W/WindowManager(  744): 	at com.android.server.wm.WindowManagerService.handleAnimatingStoppedAndTransitionLocked(WindowManagerService.java:8660)
W/WindowManager(  744): 	at com.android.server.wm.WindowManagerService.performLayoutAndPlaceSurfacesLockedInner(WindowManagerService.java:9183)
W/WindowManager(  744): 	at com.android.server.wm.WindowManagerService.performLayoutAndPlaceSurfacesLockedLoop(WindowManagerService.java:8137)
W/WindowManager(  744): 	at com.android.server.wm.WindowManagerService.performLayoutAndPlaceSurfacesLocked(WindowManagerService.java:8079)
W/WindowManager(  744): 	at com.android.server.wm.WindowManagerService.access$300(WindowManagerService.java:157)
W/WindowManager(  744): 	at com.android.server.wm.WindowManagerService$H.handleMessage(WindowManagerService.java:7139)
W/WindowManager(  744): 	at android.os.Handler.dispatchMessage(Handler.java:102)
W/WindowManager(  744): 	at android.os.Looper.loop(Looper.java:137)
W/WindowManager(  744): 	at android.os.HandlerThread.run(HandlerThread.java:61)
W/WindowManager(  744): This window was lost: Window{42afedd0 u0 com.android.packageinstaller/com.android.packageinstaller.UninstallAppProgress}
W/WindowManager(  744): mDisplayId=0 mSession=Session{43903b10 19342:u0a10063} mClient=android.os.BinderProxy@4365f1d8
W/WindowManager(  744): mOwnerUid=10063 mShowToOwnerOnly=true package=com.android.packageinstaller appop=NONE
W/WindowManager(  744): mAttrs=WM.LayoutParams{(0,0)(fillxfill) sim=#110 ty=1 fl=#1810100 pfl=0x8 wanim=0x10302a1}
W/WindowManager(  744): Requested w=1080 h=1776 mLayoutSeq=15584
W/WindowManager(  744): mBaseLayer=21000 mSubLayer=0 mAnimLayer=21010+1000=22010 mLastLayer=22010
W/WindowManager(  744): mToken=AppWindowToken{42c61440 token=Token{42c4f7b8 ActivityRecord{42b8ce58 u0 com.android.packageinstaller/.UninstallAppProgress t412}}}
W/WindowManager(  744): mRootToken=AppWindowToken{42c61440 token=Token{42c4f7b8 ActivityRecord{42b8ce58 u0 com.android.packageinstaller/.UninstallAppProgress t412}}}
W/WindowManager(  744): mAppToken=AppWindowToken{42c61440 token=Token{42c4f7b8 ActivityRecord{42b8ce58 u0 com.android.packageinstaller/.UninstallAppProgress t412}}}
W/WindowManager(  744): mViewVisibility=0x8 mHaveFrame=true mObscured=false
W/WindowManager(  744): mSeq=0 mSystemUiVisibility=0x0
W/WindowManager(  744): mGivenContentInsets=[0,0][0,0] mGivenVisibleInsets=[0,0][0,0]
W/WindowManager(  744): mConfiguration={1.0 ?mcc?mnc zh_CN ldltr sw360dp w360dp h567dp 480dpi nrml port finger -keyb/v/h -nav/h s.36}
W/WindowManager(  744): mHasSurface=true mShownFrame=[270.0,444.0][1350.0,2220.0] isReadyForDisplay()=false
W/WindowManager(  744): mFrame=[0,0][1080,1776] last=[0,0][1080,1776]
W/WindowManager(  744): mSystemDecorRect=[0,75][1080,1776] last=[0,75][1080,1776]
W/WindowManager(  744): Frames: containing=[0,0][1080,1776] parent=[0,0][1080,1776]
W/WindowManager(  744):     display=[0,0][1080,1776] overscan=[0,0][1080,1920]
W/WindowManager(  744):     content=[0,75][1080,1776] visible=[0,75][1080,1776]
W/WindowManager(  744):     decor=[0,75][1080,1776]
W/WindowManager(  744): Cur insets: overscan=[0,0][0,0] content=[0,75][0,0] visible=[0,75][0,0]
W/WindowManager(  744): Lst insets: overscan=[0,0][0,0] content=[0,75][0,0] visible=[0,75][0,0]
W/WindowManager(  744): WindowStateAnimator{43b38d40 com.android.packageinstaller/com.android.packageinstaller.UninstallAppProgress}:
W/WindowManager(  744):   mSurface=Surface(name=com.android.packageinstaller/com.android.packageinstaller.UninstallAppProgress)
W/WindowManager(  744):   mDrawState=HAS_DRAWN mLastHidden=true
W/WindowManager(  744):   Surface: shown=false layer=22010 alpha=0.0 rect=(270.0,444.0) 1080.0 x 1776.0
W/WindowManager(  744):   mShownAlpha=0.0 mAlpha=1.0 mLastAlpha=0.0
W/WindowManager(  744):   mGlobalScale=1.0 mDsDx=0.5 mDtDx=0.0 mDsDy=0.0 mDtDy=0.5
W/WindowManager(  744): mExiting=false mRemoveOnExit=false mDestroying=true mRemoved=false
W/WindowManager(  744): Current app token list:
V/WindowManager(  744):   Display 0
V/WindowManager(  744):   #1: Token{4298d3f8 ActivityRecord{42a20e38 u0 com.google.android.googlequicksearchbox/com.google.android.launcher.GEL t1}}
V/WindowManager(  744):   #0: Token{43b32e78 ActivityRecord{42b2e9d8 u0 com.android.packageinstaller/.UninstallerActivity t412 f}}
W/WindowManager(  744): Final window list:
V/WindowManager(  744):   #0: Window{43900a40 u0 SearchPanel}
V/WindowManager(  744):   #1: Window{42a47078 u0 NavigationBar}
V/WindowManager(  744):   #2: Window{429519f0 u0 StatusBar}
V/WindowManager(  744):   #3: Window{429e5cd8 u0 Keyguard}
V/WindowManager(  744):   #4: Window{429dbba8 u0 KeyguardScrim}
V/WindowManager(  744):   #5: Window{42ab1670 u0 InputMethod}
V/WindowManager(  744):   #6: Window{429b71e0 u0 Toast}
V/WindowManager(  744):   #7: Window{42950060 u0 com.google.android.googlequicksearchbox/com.google.android.launcher.GEL}
V/WindowManager(  744):   #8: Window{42ae4b68 u0 com.android.packageinstaller/com.android.packageinstaller.UninstallerActivity}
V/WindowManager(  744):   #9: Window{42a1aba0 u0 com.android.systemui.ImageWallpaper}
D/dalvikvm(26737): GC_FOR_ALLOC freed 457K, 8% free 17683K/19080K, paused 12ms, total 12ms
D/dalvikvm(26737): GC_FOR_ALLOC freed 22K, 5% free 18173K/19080K, paused 12ms, total 12ms
W/EventLoggerService(26737): Unable to send logs Unable to resolve host "www.google.com": No address associated with hostname
D/AndroidRuntime(19430): 
D/AndroidRuntime(19430): >>>>>> AndroidRuntime START com.android.internal.os.RuntimeInit <<<<<<
D/AndroidRuntime(19430): CheckJNI is OFF
D/dalvikvm(19430): Trying to load lib libjavacore.so 0x0
D/dalvikvm(19430): Added shared lib libjavacore.so 0x0
D/dalvikvm(19430): Trying to load lib libnativehelper.so 0x0
D/dalvikvm(19430): Added shared lib libnativehelper.so 0x0
D/dalvikvm(19430): No JNI_OnLoad found in libnativehelper.so 0x0, skipping init
D/dalvikvm(19430): Note: class Landroid/app/ActivityManagerNative; has 179 unimplemented (abstract) methods
D/AndroidRuntime(19430): Calling main entry com.android.commands.pm.Pm
D/Finsky  ( 1168): [1] PackageVerificationReceiver.checkPrerequisites: Skipping verification because network inactive
D/Finsky  ( 1168): [1] PackageVerificationReceiver.checkPrerequisites: Skipping verification because network inactive
W/ActivityManager(  744): No content provider found for permission revoke: file:///data/local/tmp/Prestissimo.apk
W/ActivityManager(  744): No content provider found for permission revoke: file:///data/local/tmp/Prestissimo.apk
I/PackageManager(  744): Copying native libraries to /data/app-lib/vmdl-1704234432
W/PackageManager(  744): Invalid verification token 177 received
I/ActivityManager(  744): Force stopping com.falconware.prestissimo appid=10107 user=-1: uninstall pkg
I/PackageManager(  744): Running dexopt on: com.falconware.prestissimo
I/PackageManager(  744): Package com.falconware.prestissimo codePath changed from /data/app/com.falconware.prestissimo-1.apk to /data/app/com.falconware.prestissimo-2.apk; Retaining data and using new
D/dalvikvm(19448): DexOpt: load 4ms, verify+opt 9ms, 187588 bytes
W/PackageManager(  744): Code path for pkg : com.falconware.prestissimo changing from /data/app/com.falconware.prestissimo-1.apk to /data/app/com.falconware.prestissimo-2.apk
I/ActivityManager(  744): Force stopping com.falconware.prestissimo appid=10107 user=-1: update pkg
W/PackageManager(  744): Resource path for pkg : com.falconware.prestissimo changing from /data/app/com.falconware.prestissimo-1.apk to /data/app/com.falconware.prestissimo-2.apk
I/ActivityManager(  744): Force stopping com.falconware.prestissimo appid=10107 user=0: pkg removed
I/InputReader(  744): Reconfiguring input devices.  changes=0x00000010
I/InputReader(  744): Reconfiguring input devices.  changes=0x00000010
D/dalvikvm(  987): GC_FOR_ALLOC freed 528K, 5% free 16696K/17400K, paused 18ms, total 18ms
E/AppsCustomizePagedView( 1005): Widget ComponentInfo{com.sds.android.ttpod/com.sds.android.ttpod.component.appwidget.DesktopPlayer5x1} can not fit on this device (1080, 120)
E/AppsCustomizePagedView( 1005): Widget ComponentInfo{com.sds.android.ttpod/com.sds.android.ttpod.component.appwidget.DesktopPlayer5x2} can not fit on this device (1080, 330)
D/SystemBroadcastService( 9092): Received broadcast action=android.intent.action.PACKAGE_REMOVED and uri=
D/BackupManagerService(  744): Received broadcast Intent { act=android.intent.action.PACKAGE_REMOVED dat=package:com.falconware.prestissimo flg=0x4000010 (has extras) }
I/ActivityManager(  744): Delay finish: com.google.android.googlequicksearchbox/com.google.android.search.core.summons.icing.InternalIcingCorporaProvider$CorporaChangedReceiver
V/GelStubAppWatcher(26737): onReceive: android.intent.action.PACKAGE_REMOVED
D/BackupManagerService(  744): Received broadcast Intent { act=android.intent.action.PACKAGE_ADDED dat=package:com.falconware.prestissimo flg=0x4000010 (has extras) }
I/ActivityManager(  744): Resuming delayed broadcast
V/BackupManagerService(  744): removePackageParticipantsLocked: uid=10107 #1
V/BackupManagerService(  744): addPackageParticipantsLocked: #1
W/LocationProviderProxy-fused(  744): com.google.android.gms resolves service com.android.location.service.FusedLocationProvider, but has wrong signature, ignoring
W/Launcher( 1005): setApplicationContext called twice! old=com.google.android.velvet.VelvetApplication@4252d000 new=com.google.android.velvet.VelvetApplication@4252d000
D/dalvikvm(  744): GC_EXPLICIT freed 3235K, 22% free 45922K/58228K, paused 5ms+9ms, total 163ms
W/ContextImpl(19392): Calling a method in the system process without a qualified user: android.app.ContextImpl.startService:1479 android.content.ContextWrapper.startService:494 android.content.ContextWrapper.startService:494 com.android.keychain.KeyChainBroadcastReceiver.onReceive:12 android.app.ActivityThread.handleReceiver:2400 
D/AndroidRuntime(19430): Shutting down VM
D/jdwp    (19430): Got wake-up signal, bailing out of select
D/dalvikvm(19430): Debugger has detached; object registry had 1 entries
D/AlarmService( 4275): Alarm has been set
W/ActivityManager(  744): Unable to start service Intent { act=com.sogou.pushservice.action.METHOD cmp=/com.sogou.udp.push.PushService (has extras) } U=0: not found
D/SystemBroadcastService( 9092): Received broadcast action=android.intent.action.PACKAGE_ADDED and uri=
W/ContextImpl( 9092): Implicit intents with startService are not safe: Intent { act=com.google.android.gms.games.service.INTENT } android.content.ContextWrapper.startService:494 com.google.android.gms.games.service.GamesIntentService.a:101 com.google.android.gms.games.service.GamesIntentService.b:368 
D/PackageAddedReceiver( 9111): package added com.falconware.prestissimo
I/Icing.InternalIcingCorporaProvider(26737): Updating corpora: A: com.falconware.prestissimo, C: MAYBE
V/GelStubAppWatcher(26737): onReceive: android.intent.action.PACKAGE_ADDED
I/ActivityManager(  744): Delay finish: com.google.android.googlequicksearchbox/com.google.android.search.core.summons.icing.InternalIcingCorporaProvider$CorporaChangedReceiver
I/ActivityManager(  744): Resuming delayed broadcast
D/AlarmService( 4275): Alarm has been set
W/System.err( 4275): java.util.concurrent.ExecutionException: java.util.concurrent.ExecutionException: java.net.UnknownHostException: Unable to resolve host "api.wandoujia.com": No address associated with hostname
W/System.err( 4275): 	at com.wandoujia.rpc.http.client.DataClient.executeHttpRequest(:147)
W/System.err( 4275): 	at com.wandoujia.rpc.http.client.DataClient.execute(:61)
W/System.err( 4275): 	at com.wandoujia.rpc.http.client.DataClientCache.execute(:105)
D/SystemBroadcastService( 9092): Received broadcast action=android.intent.action.PACKAGE_REPLACED and uri=
V/GelStubAppWatcher(26737): onReceive: android.intent.action.PACKAGE_REPLACED
W/System.err( 4275): 	at o.bpc.execute(:36)
W/System.err( 4275): 	at o.fmu.(:44)
W/System.err( 4275): 	at o.fln.(:244)
W/System.err( 4275): 	at o.fln.(:33)
W/System.err( 4275): 	at o.flo.run(:227)
W/System.err( 4275): 	at java.util.concurrent.ThreadPoolExecutor.runWorker(ThreadPoolExecutor.java:1112)
W/System.err( 4275): 	at java.util.concurrent.ThreadPoolExecutor$Worker.run(ThreadPoolExecutor.java:587)
W/System.err( 4275): 	at java.lang.Thread.run(Thread.java:841)
