D/YouTube (26507): apps.youtube.core.utils.bb.a:41 HttpClient.UserAgent: com.google.android.youtube/5.2.27(Linux; U; Android 4.4; zh_CN; AOSP on HammerHead Build/KRT16M)
D/dalvikvm(26507): GC_CONCURRENT freed 320K, 3% free 16543K/16900K, paused 3ms+1ms, total 17ms
D/YouTube (26507): apps.youtube.core.client.r.a:114 event [version=5.2.27-s100, action=Startup, label=NORMAL_STARTUP, value=-1]
D/YouTube (26507): apps.youtube.core.cache.f.run:163 Cache is below limit, no need to shrink: [size=0, limit=20971520]
D/dalvikvm(26507): GC_CONCURRENT freed 325K, 3% free 16720K/17080K, paused 2ms+2ms, total 14ms
D/dalvikvm(26507): DexOpt: --- BEGIN 'ads-1306112219.jar' (bootstrap=0) ---
D/dalvikvm(26540): DexOpt: load 2ms, verify+opt 3ms, 158252 bytes
D/SurfaceFlinger(  179): Screen released, type=0 flinger=0xb7769450
D/qdhwcomposer(  179): hwc_blank: Blanking display: 0
E/AudioFlinger(  182): setParameters(): io 0, keyvalue screen_state=off, calling pid 744
D/dalvikvm(26507): DexOpt: --- END 'ads-1306112219.jar' (success) ---
D/dalvikvm(26507): DEX prep '/data/data/com.google.android.youtube/cache/ads-1306112219.jar': unzip in 0ms, rewrite 54ms
D/dalvikvm(26507): GC_CONCURRENT freed 260K, 2% free 16907K/17204K, paused 1ms+6ms, total 33ms
D/dalvikvm(  847): GC_CONCURRENT freed 1517K, 43% free 26958K/47288K, paused 2ms+4ms, total 28ms
D/dalvikvm(  847): WAIT_FOR_CONCURRENT_GC blocked 14ms
V/KeyguardHostView(  847): hide transport, gen:13
V/KeyguardHostView(  847): music state changed: 0
D/qdhwcomposer(  179): hwc_blank: Done blanking display: 0
D/SurfaceControl(  744): Excessive delay in blankDisplay() while turning screen off: 289ms
I/GoogleConversionPing(26507): Pinging: http://www.googleadservices.com/pagead/conversion/1001680686/?label=4dahCKKczAYQrt7R3QM&value=&muid=VOarViX5X191eg_UvpAH0g&bundleid=com.google.android.youtube&appversion=5.2.27&osversion=4.4&sdkversion=ct-sdk-a-v1.1.0&remarketing_only=1&timestamp=1429620962&data=screen_name%3D%3CAndroid_YT_Open_App%3E
E/GoogleConversionPing(26507): Error sending ping
D/YouTube (26507): apps.youtube.app.prefetch.PrefetchService$DeviceStateReceiver.onReceive:571 Got device state change intent: android.intent.action.ACTION_POWER_CONNECTED
D/YouTube (26507): apps.youtube.core.transfer.TransferService.onCreate:108 creating transfer service
D/MtpService(25500): updating state; isCurrentUser=true, mMtpLocked=false
D/YouTube (26507): apps.youtube.app.prefetch.g.onReceive:367 Received: android.intent.action.SCREEN_OFF
D/YouTube (26507): apps.youtube.app.prefetch.PrefetchService.onStartCommand:171 PrefetchService started at 21 Apr 2015 12:56:02 GMT
D/MtpService(25500): addStorageLocked 65537 /storage/emulated/0
D/YouTube (26507): apps.youtube.app.prefetch.PrefetchService.B_:252 Download snapshot restored
D/YouTube (26507): apps.youtube.app.prefetch.PrefetchService.onDestroy:222 PrefetchService destroyed at 21 Apr 2015 12:56:02 GMT
D/MtpService(25500): updating state; isCurrentUser=true, mMtpLocked=false
D/MtpService(25500): starting MTP server in MTP mode
D/MtpService(25500): addStorageLocked 65537 /storage/emulated/0
V/KeyguardServiceDelegate(  744): onScreenTurnedOn(showListener = com.android.internal.policy.impl.PhoneWindowManager$17@435b40b0)
D/SurfaceFlinger(  179): Screen acquired, type=0 flinger=0xb7769450
D/qdhwcomposer(  179): hwc_blank: Unblanking display: 0
I/PowerManagerService(  744): Waking up from sleep...
D/dalvikvm(  847): GC_FOR_ALLOC freed 2691K, 42% free 27789K/47288K, paused 28ms, total 28ms
E/AudioFlinger(  182): setParameters(): io 0, keyvalue screen_state=on, calling pid 744
V/KeyguardServiceDelegate(  744): **** SHOWN CALLED ****
I/WindowManager(  744): Lock screen displayed!
D/qdhwcomposer(  179): hwc_blank: Done unblanking display: 0
D/SurfaceControl(  744): Excessive delay in unblankDisplay() while turning screen on: 239ms
D/YouTube MDX(26507): Recieved intent android.intent.action.SCREEN_ON
D/AlarmService( 4275): scheduleCheck completed
I/PowerManagerService(  744): Going to sleep by user request...
D/SurfaceFlinger(  179): Screen released, type=0 flinger=0xb7769450
D/qdhwcomposer(  179): hwc_blank: Blanking display: 0
E/AudioFlinger(  182): setParameters(): io 0, keyvalue screen_state=off, calling pid 744
V/KeyguardHostView(  847): hide transport, gen:13
V/KeyguardHostView(  847): music state changed: 0
W/Uploader( 9092): No account for auth token provided
D/Uploader( 9092): Network request failed class java.net.UnknownHostException(Unable to resolve host "play.googleapis.com": No address associated with hostname)
D/qdhwcomposer(  179): hwc_blank: Done blanking display: 0
D/SurfaceControl(  744): Excessive delay in blankDisplay() while turning screen off: 281ms
D/YouTube (26507): apps.youtube.app.prefetch.g.onReceive:367 Received: android.intent.action.SCREEN_OFF
D/YouTube MDX(26507): Recieved intent android.intent.action.SCREEN_OFF
V/KeyguardServiceDelegate(  744): onScreenTurnedOn(showListener = com.android.internal.policy.impl.PhoneWindowManager$17@43ade058)
D/SurfaceFlinger(  179): Screen acquired, type=0 flinger=0xb7769450
D/qdhwcomposer(  179): hwc_blank: Unblanking display: 0
I/PowerManagerService(  744): Waking up from sleep...
E/AudioFlinger(  182): setParameters(): io 0, keyvalue screen_state=on, calling pid 744
V/KeyguardServiceDelegate(  744): **** SHOWN CALLED ****
I/WindowManager(  744): Lock screen displayed!
D/qdhwcomposer(  179): hwc_blank: Done unblanking display: 0
D/SurfaceControl(  744): Excessive delay in unblankDisplay() while turning screen on: 240ms
D/dalvikvm(26507): GC_FOR_ALLOC freed 358K, 3% free 17063K/17456K, paused 10ms, total 10ms
D/YouTube MDX(26507): Recieved intent android.intent.action.SCREEN_ON
D/AlarmService( 4275): scheduleCheck completed
I/PowerManagerService(  744): Going to sleep due to screen timeout...
E/AudioFlinger(  182): setParameters(): io 0, keyvalue screen_state=off, calling pid 744
D/SurfaceFlinger(  179): Screen released, type=0 flinger=0xb7769450
D/qdhwcomposer(  179): hwc_blank: Blanking display: 0
D/dalvikvm(  847): GC_FOR_ALLOC freed 5895K, 46% free 25695K/47288K, paused 21ms, total 21ms
V/KeyguardHostView(  847): hide transport, gen:13
V/KeyguardHostView(  847): music state changed: 0
D/qdhwcomposer(  179): hwc_blank: Done blanking display: 0
D/SurfaceControl(  744): Excessive delay in blankDisplay() while turning screen off: 267ms
D/YouTube (26507): apps.youtube.app.prefetch.g.onReceive:367 Received: android.intent.action.SCREEN_OFF
D/YouTube MDX(26507): Recieved intent android.intent.action.SCREEN_OFF
W/zipro   ( 4275): Filename contains NUL byte
D/asset   ( 4275): failed to open Zip archive '/storage/emulated/0/Download/wandoujia-wandoujia_wap.apk'
W/PackageParser( 4275): Unable to read AndroidManifest.xml of /storage/emulated/0/Download/wandoujia-wandoujia_wap.apk
W/PackageParser( 4275): java.io.FileNotFoundException: AndroidManifest.xml
W/PackageParser( 4275): 	at android.content.res.AssetManager.openXmlAssetNative(Native Method)
W/PackageParser( 4275): 	at android.content.res.AssetManager.openXmlBlockAsset(AssetManager.java:488)
W/PackageParser( 4275): 	at android.content.res.AssetManager.openXmlResourceParser(AssetManager.java:456)
W/PackageParser( 4275): 	at android.content.pm.PackageParser.parsePackage(PackageParser.java:524)
W/PackageParser( 4275): 	at android.content.pm.PackageManager.getPackageArchiveInfo(PackageManager.java:2620)
W/PackageParser( 4275): 	at o.vu.(:221)
W/PackageParser( 4275): 	at o.vu.(:213)
W/PackageParser( 4275): 	at o.vu.(:213)
W/PackageParser( 4275): 	at o.vu.(:173)
W/PackageParser( 4275): 	at o.wd.(:354)
W/PackageParser( 4275): 	at o.wd.(:51)
W/PackageParser( 4275): 	at o.we.run(:183)
W/PackageParser( 4275): 	at com.wandoujia.base.concurrent.CachedThreadPoolExecutorWithCapacity$if.run(:316)
D/dalvikvm( 4275): GC_FOR_ALLOC freed 846K, 6% free 18864K/20028K, paused 16ms, total 16ms
W/System.err( 4275): java.util.concurrent.ExecutionException: java.util.concurrent.ExecutionException: java.net.UnknownHostException: Unable to resolve host "xibaibai.wandoujia.com": No address associated with hostname
W/System.err( 4275): 	at com.wandoujia.rpc.http.client.DataClient.executeHttpRequest(:147)
W/System.err( 4275): 	at com.wandoujia.rpc.http.client.DataClient.execute(:61)
W/System.err( 4275): 	at com.wandoujia.rpc.http.client.DataClientCache.execute(:105)
W/System.err( 4275): 	at o.bpc.execute(:36)
W/System.err( 4275): 	at com.wandoujia.p4.clean.http.GarbageOnlineConfig.(:236)
W/System.err( 4275): 	at com.wandoujia.p4.clean.http.GarbageOnlineConfig.(:140)
W/System.err( 4275): 	at o.wd.(:355)
W/System.err( 4275): 	at o.wd.(:51)
W/System.err( 4275): 	at o.we.run(:183)
W/System.err( 4275): 	at com.wandoujia.base.concurrent.CachedThreadPoolExecutorWithCapacity$if.run(:316)
W/System.err( 4275): Caused by: java.util.concurrent.ExecutionException: java.net.UnknownHostException: Unable to resolve host "xibaibai.wandoujia.com": No address associated with hostname
W/System.err( 4275): 	at com.wandoujia.rpc.http.client.DataClient.executeHttpRequest(:145)
W/System.err( 4275): 	... 9 more
W/System.err( 4275): Caused by: java.net.UnknownHostException: Unable to resolve host "xibaibai.wandoujia.com": No address associated with hostname
W/System.err( 4275): 	at java.net.InetAddress.lookupHostByName(InetAddress.java:424)
W/System.err( 4275): 	at java.net.InetAddress.getAllByNameImpl(InetAddress.java:236)
W/System.err( 4275): 	at java.net.InetAddress.getAllByName(InetAddress.java:214)
W/System.err( 4275): 	at org.apache.http.impl.conn.DefaultClientConnectionOperator.openConnection(DefaultClientConnectionOperator.java:137)
W/System.err( 4275): 	at org.apache.http.impl.conn.AbstractPoolEntry.open(AbstractPoolEntry.java:164)
W/System.err( 4275): 	at org.apache.http.impl.conn.AbstractPooledConnAdapter.open(AbstractPooledConnAdapter.java:119)
W/System.err( 4275): 	at org.apache.http.impl.client.DefaultRequestDirector.execute(DefaultRequestDirector.java:360)
W/System.err( 4275): 	at org.apache.http.impl.client.AbstractHttpClient.execute(AbstractHttpClient.java:555)
W/System.err( 4275): 	at com.wandoujia.base.http.HttpClientWrapper.execute(:127)
W/System.err( 4275): 	at com.wandoujia.base.http.HttpClientWrapper.execute(:96)
W/System.err( 4275): 	at com.wandoujia.base.http.HttpClientWrapper.execute(:87)
W/System.err( 4275): 	at com.wandoujia.rpc.http.client.DataClient.executeHttpRequest(:139)
W/System.err( 4275): 	... 9 more
W/System.err( 4275): Caused by: libcore.io.GaiException: getaddrinfo failed: EAI_NODATA (No address associated with hostname)
W/System.err( 4275): 	at libcore.io.Posix.getaddrinfo(Native Method)
W/System.err( 4275): 	at libcore.io.ForwardingOs.getaddrinfo(ForwardingOs.java:61)
W/System.err( 4275): 	at java.net.InetAddress.lookupHostByName(InetAddress.java:405)
W/System.err( 4275): 	... 20 more
D/dalvikvm( 4275): GC_FOR_ALLOC freed 903K, 7% free 18786K/20028K, paused 16ms, total 16ms
D/dalvikvm( 4275): GC_FOR_ALLOC freed 591K, 6% free 18993K/20028K, paused 16ms, total 16ms
I/ActivityManager(  744): Start proc com.android.defcontainer for service com.android.defcontainer/.DefaultContainerService: pid=26668 uid=10004 gids={50004, 1028, 1015, 1023, 2001, 1035}
D/dalvikvm(  180): GC_EXPLICIT freed 42K, 1% free 16397K/16476K, paused 1ms+1ms, total 14ms
E/jdwp    (26668): Failed sending reply to debugger: Broken pipe
D/dalvikvm(26668): Debugger has detached; object registry had 1 entries
D/dalvikvm(  180): GC_EXPLICIT freed <1K, 1% free 16397K/16476K, paused 1ms+1ms, total 12ms
D/dalvikvm(  180): GC_EXPLICIT freed <1K, 1% free 16397K/16476K, paused 1ms+2ms, total 11ms
D/dalvikvm(  744): GC_EXPLICIT freed 4382K, 29% free 39146K/54868K, paused 2ms+5ms, total 60ms
D/dalvikvm( 4275): GC_FOR_ALLOC freed 739K, 5% free 19123K/20028K, paused 17ms, total 18ms
D/dalvikvm( 4275): GC_FOR_ALLOC freed 853K, 5% free 19170K/20072K, paused 25ms, total 25ms
D/dalvikvm( 4275): GC_FOR_ALLOC freed 1137K, 6% free 18946K/20132K, paused 17ms, total 17ms
D/dalvikvm( 4275): GC_FOR_ALLOC freed 292K, 7% free 18806K/20132K, paused 15ms, total 15ms
I/ActivityManager(  744): Killing 18097:com.sohu.inputmethod.sogou:classic/u0a83 (adj 15): empty #17
V/KeyguardServiceDelegate(  744): onScreenTurnedOn(showListener = com.android.internal.policy.impl.PhoneWindowManager$17@428ff240)
I/PowerManagerService(  744): Waking up from sleep...
D/SurfaceFlinger(  179): Screen acquired, type=0 flinger=0xb7769450
D/qdhwcomposer(  179): hwc_blank: Unblanking display: 0
E/AudioFlinger(  182): setParameters(): io 0, keyvalue screen_state=on, calling pid 744
V/KeyguardServiceDelegate(  744): **** SHOWN CALLED ****
I/WindowManager(  744): Lock screen displayed!
D/dalvikvm( 4275): GC_FOR_ALLOC freed 263K, 7% free 18781K/20132K, paused 21ms, total 21ms
I/dalvikvm-heap( 4275): Grow heap (frag case) to 18.499MB for 131088-byte allocation
D/qdhwcomposer(  179): hwc_blank: Done unblanking display: 0
D/SurfaceControl(  744): Excessive delay in unblankDisplay() while turning screen on: 242ms
D/dalvikvm( 9176): GC_FOR_ALLOC freed 557K, 6% free 20239K/21492K, paused 67ms, total 67ms
I/dalvikvm-heap( 9176): Grow heap (frag case) to 19.921MB for 131088-byte allocation
D/dalvikvm( 9176): GC_FOR_ALLOC freed <1K, 6% free 20367K/21624K, paused 33ms, total 33ms
D/dalvikvm( 4275): GC_FOR_ALLOC freed <1K, 7% free 18909K/20264K, paused 92ms, total 92ms
W/System.err( 9176): java.lang.InterruptedException
W/System.err( 9176): 	at java.lang.Object.wait(Native Method)
W/System.err( 9176): 	at java.lang.Object.wait(Object.java:364)
W/System.err( 9176): 	at com.wandoujia.p4.app.controller.AppMd5ScanController.(:381)
D/YouTube MDX(26507): Recieved intent android.intent.action.SCREEN_ON
W/System.err( 9176): 	at com.wandoujia.p4.app.controller.AppMd5ScanController.(:153)
W/System.err( 9176): 	at com.wandoujia.p4.app.controller.AppMd5ScanController.(:270)
W/System.err( 9176): 	at com.wandoujia.p4.app.controller.AppMd5ScanController.(:176)
W/System.err( 9176): 	at com.wandoujia.p4.app.controller.AppMd5ScanController.(:47)
W/System.err( 9176): 	at o.de.run(:337)
W/System.err( 9176): 	at java.util.Timer$TimerImpl.run(Timer.java:284)
W/ActivityManager(  744): Unable to start service Intent { act=com.sogou.pushservice.action.METHOD cmp=/com.sogou.udp.push.PushService (has extras) } U=0: not found
D/YouTube (26507): apps.youtube.app.prefetch.g.onReceive:367 Received: android.intent.action.USER_PRESENT
D/NfcService(  987): NFC-C ON
I/USERIAL_LINUX(  987): USERIAL_Open(): enter
I/USERIAL_LINUX(  987): USERIAL_Open() device: /dev/bcm2079x port=5, uart_port=0 WAKE_DELAY(20) WRITE_DELAY(20) POWER_ON_DELAY(0) PRE_POWER_OFF_DELAY(10) POST_POWER_OFF_DELAY(0)
I/USERIAL_LINUX(  987): USERIAL_Open(): exit
I/ActivityManager(  744): Start proc com.google.android.googlequicksearchbox:search for service com.google.android.googlequicksearchbox/com.google.android.search.core.service.SearchServiceImpl: pid=26737 uid=10020 gids={50020, 3003, 1028, 3002, 1015}
W/InputMethodManagerService(  744): Window already focused, ignoring focus gain of: com.android.internal.view.IInputMethodClient$Stub$Proxy@43541d78 attribute=android.view.inputmethod.EditorInfo@43519db8, token = android.os.BinderProxy@428f28a0
D/PhoneStatusBar(  847): disable: < expand icons alerts ticker system_info back* home* recent* clock* search >
I/dalvikvm(26760): Enabling JNI app bug workarounds for target SDK version 7...
I/ActivityManager(  744): Start proc sogou.mobile.explorer.hotwords for service com.sohu.inputmethod.sogou/sogou.mobile.explorer.hotwords.apppopup.NotifyPackageService: pid=26760 uid=10083 gids={50083, 3003, 1028, 1015}
E/jdwp    (26760): Failed sending reply to debugger: Broken pipe
D/dalvikvm(26760): Debugger has detached; object registry had 1 entries
I/ActivityManager(  744): Start proc com.google.android.partnersetup for content provider com.google.android.partnersetup/.RlzAppProvider: pid=26777 uid=10010 gids={50010, 3003}
V/SearchControllerCache(26737): creating SearchController
D/dalvikvm(26737): GC_FOR_ALLOC freed 263K, 2% free 16646K/16944K, paused 18ms, total 18ms
D/dalvikvm(26760): GC_CONCURRENT freed 358K, 3% free 16551K/16944K, paused 1ms+2ms, total 13ms
D/dalvikvm(26760): WAIT_FOR_CONCURRENT_GC blocked 9ms
D/dalvikvm(26760): WAIT_FOR_CONCURRENT_GC blocked 8ms
D/dalvikvm(26760): GC_FOR_ALLOC freed 367K, 4% free 16542K/17092K, paused 10ms, total 10ms
D/dalvikvm(26760): GC_CONCURRENT freed 417K, 3% free 16607K/17092K, paused 2ms+5ms, total 17ms
I/ActivityManager(  744): Killing 20504:com.google.android.gms.ui/u0a8 (adj 15): empty #17
I/dalvikvm(26812): Enabling JNI app bug workarounds for target SDK version 7...
I/ActivityManager(  744): Start proc com.sohu.inputmethod.sogou:classic for service com.sohu.inputmethod.sogou/com.sogou.androidtool.service.CoreService: pid=26812 uid=10083 gids={50083, 3003, 1028, 1015}
D/dalvikvm(26737): GC_FOR_ALLOC freed 284K, 2% free 16877K/17196K, paused 13ms, total 13ms
I/DownloadManagerInternal(26812): in removeSpuriousFiles
I/VS.Container(26737): create_speech_recognizer
D/dalvikvm(26760): GC_FOR_ALLOC freed 281K, 3% free 16598K/17092K, paused 19ms, total 19ms
I/dalvikvm-heap(26760): Grow heap (frag case) to 16.366MB for 131088-byte allocation
D/dalvikvm(26760): GC_FOR_ALLOC freed <1K, 3% free 16726K/17224K, paused 15ms, total 15ms
D/DownloadService(26812): Service onCreatecom.sogou.androidtool.downloads.DownloadService@42565c68
I/ActivityManager(  744): Killing 21443:com.google.android.keep/u0a51 (adj 15): empty #17
D/DownloadService(26812): UpdateThread 
D/DownloadService(26812): mDownloads.count0
D/DownloadService(26812): cursor.count0
W/System.err(26760): javax.crypto.BadPaddingException: error:06065064:digital envelope routines:EVP_DecryptFinal_ex:bad decrypt
W/System.err(26760): 	at com.android.org.conscrypt.NativeCrypto.EVP_CipherFinal_ex(Native Method)
W/System.err(26760): 	at com.android.org.conscrypt.OpenSSLCipher.doFinalInternal(OpenSSLCipher.java:420)
W/System.err(26760): 	at com.android.org.conscrypt.OpenSSLCipher.engineDoFinal(OpenSSLCipher.java:456)
W/System.err(26760): 	at javax.crypto.Cipher.doFinal(Cipher.java:1204)
W/System.err(26760): 	at bwn.b(SogouSource:163)
W/System.err(26760): 	at bwo.a(SogouSource:24)
W/System.err(26760): 	at sogou.mobile.explorer.hotwords.ConfigManager.loadConfigFromFile(SogouSource:145)
W/System.err(26760): 	at sogou.mobile.explorer.hotwords.ConfigManager.getConfigFromLocal(SogouSource:131)
W/System.err(26760): 	at sogou.mobile.explorer.hotwords.apppopup.AppPopupController$1.run(SogouSource:106)
W/System.err(26760): 	at sogou.mobile.explorer.hotwords.utils.CommonLib$2.doInBackground(SogouSource:668)
W/System.err(26760): 	at sogou.mobile.explorer.hotwords.utils.CommonLib$2.doInBackground(SogouSource:1)
W/System.err(26760): 	at android.os.AsyncTask$2.call(AsyncTask.java:288)
W/System.err(26760): 	at java.util.concurrent.FutureTask.run(FutureTask.java:237)
W/System.err(26760): 	at java.util.concurrent.ThreadPoolExecutor.runWorker(ThreadPoolExecutor.java:1112)
W/System.err(26760): 	at java.util.concurrent.ThreadPoolExecutor$Worker.run(ThreadPoolExecutor.java:587)
D/Event   (26812): No subscribers registered for event class com.sogou.androidtool.event.LoaderFinishEvent
D/Event   (26812): No subscribers registered for event class bto
D/DownloadService(26812): UpdateThread 
D/DownloadService(26812): mDownloads.count0
W/System.err(26760): 	at java.lang.Thread.run(Thread.java:841)
D/DownloadService(26812): cursor.count0
W/System.err(26760): java.lang.NullPointerException
W/System.err(26760): 	at java.lang.String.<init>(String.java:141)
W/System.err(26760): 	at sogou.mobile.explorer.hotwords.ConfigManager.loadConfigFromFile(SogouSource:145)
W/System.err(26760): 	at sogou.mobile.explorer.hotwords.ConfigManager.getConfigFromLocal(SogouSource:131)
W/System.err(26760): 	at sogou.mobile.explorer.hotwords.apppopup.AppPopupController$1.run(SogouSource:106)
W/System.err(26760): 	at sogou.mobile.explorer.hotwords.utils.CommonLib$2.doInBackground(SogouSource:668)
W/System.err(26760): 	at sogou.mobile.explorer.hotwords.utils.CommonLib$2.doInBackground(SogouSource:1)
W/System.err(26760): 	at android.os.AsyncTask$2.call(AsyncTask.java:288)
W/System.err(26760): 	at java.util.concurrent.FutureTask.run(FutureTask.java:237)
W/System.err(26760): 	at java.util.concurrent.ThreadPoolExecutor.runWorker(ThreadPoolExecutor.java:1112)
W/System.err(26760): 	at java.util.concurrent.ThreadPoolExecutor$Worker.run(ThreadPoolExecutor.java:587)
W/System.err(26760): 	at java.lang.Thread.run(Thread.java:841)
D/dalvikvm(26812): GC_CONCURRENT freed 279K, 2% free 16532K/16848K, paused 2ms+1ms, total 20ms
D/dalvikvm(26760): GC_CONCURRENT freed 345K, 3% free 16882K/17264K, paused 2ms+2ms, total 13ms
I/VS.G3EngineManager(26737): create_rm: m=HOTWORD,l=en-US
D/dalvikvm(26760): WAIT_FOR_CONCURRENT_GC blocked 9ms
I/VS.G3EngineManager(26737): Brought up new g3 instance :/system/usr/srec/en-US/hotword.config for: en-USin: 8 ms
E/AudioFlinger(  182): registerClient() client 0xb8aedbe0, pid 26737
E/AudioFlinger(  182): sendIoConfigEvent() num events 1 event 0, param 0
E/AudioFlinger(  182): sendIoConfigEvent() num events 1 event 0, param 0
E/AudioFlinger(  182): thread 0xb5ec9008 type 0 TID 808 waking up
E/AudioFlinger(  182): thread 0xb5c5b008 type 0 TID 809 waking up
E/AudioFlinger(  182): acquireWakeLock_l() AudioOut_2 status 0
E/AudioFlinger(  182): processConfigEvents() remaining events 1
E/AudioFlinger(  182): PlaybackThread::audioConfigChanged_l, thread 0xb5ec9008, event 0, param 0
E/AudioFlinger(  182): acquireWakeLock_l() AudioOut_3 status 0
E/AudioFlinger(  182): processConfigEvents() remaining events 1
E/AudioFlinger(  182): PlaybackThread::audioConfigChanged_l, thread 0xb5c5b008, event 0, param 0
D/dalvikvm(26760): GC_FOR_ALLOC freed 443K, 4% free 16818K/17416K, paused 10ms, total 10ms
D/dalvikvm(26737): GC_FOR_ALLOC freed 379K, 3% free 16890K/17304K, paused 9ms, total 9ms
I/dalvikvm-heap(26737): Grow heap (frag case) to 16.832MB for 320016-byte allocation
D/dalvikvm(26737): GC_FOR_ALLOC freed <1K, 3% free 17202K/17620K, paused 10ms, total 10ms
E/AudioFlinger(  182): openInput() openInputStream returned input 0xb8ab5d18, SamplingRate 8000, Format 1, Channels 10, status 0
E/AudioFlinger(  182): openInput() created record thread: ID 808 thread 0xb8ab7c90
D/dalvikvm(26760): GC_CONCURRENT freed 479K, 4% free 16828K/17416K, paused 2ms+2ms, total 13ms
D/dalvikvm(26760): WAIT_FOR_CONCURRENT_GC blocked 10ms
E/AudioFlinger(  182): pzhao-->I'm creating a new client in AudioFlinger,add to mClients
E/AudioFlinger(  182): acquireWakeLock_l() AudioIn_328 status 0
E/AudioFlinger(  182): RecordTrack constructor
E/AudioFlinger(  182): releaseWakeLock_l() AudioIn_328
E/AudioFlinger(  182): RecordThread: loop stopping
E/AudioFlinger(  182): acquiring 807 from 26737
E/AudioFlinger(  182):  added new entry for 807
E/AudioFlinger(  182): RecordHandle::start()
E/AudioFlinger(  182): RecordThread::start event 0, triggerSession 0
E/AudioPolicyService(  182): inserting command: 3 at index 0, num commands 0
E/AudioPolicyService(  182): AudioCommandThread() adding set parameter string input_source=6;routing=-2147483644, io 808 ,delay 0
E/AudioPolicyService(  182): AudioCommandThread() waking up
E/AudioPolicyService(  182): AudioCommandThread() processing set parameters string input_source=6;routing=-2147483644, io 808
E/AudioFlinger(  182): setParameters(): io 808, keyvalue input_source=6;routing=-2147483644, calling pid 182
E/AudioFlinger(  182): RecordThread: loop starting
E/AudioFlinger(  182): acquireWakeLock_l() AudioIn_328 status 0
E/AudioFlinger(  182): Signal record thread
E/AudioPolicyService(  182): AudioCommandThread() going to sleep
D/audio_hw_primary(  182): select_devices: out_snd_device(0: ) in_snd_device(35: voice-rec-mic)
D/        (  182): Failed to fetch the lookup information of the device 0000003E 
E/ACDB-LOADER(  182): Error: ACDB AudProc vol returned = -19
D/dalvikvm(26760): GC_CONCURRENT freed 329K, 3% free 16991K/17416K, paused 3ms+2ms, total 16ms
D/dalvikvm(26760): WAIT_FOR_CONCURRENT_GC blocked 5ms
D/dalvikvm(26760): GC_FOR_ALLOC freed 58K, 3% free 17054K/17500K, paused 11ms, total 11ms
D/dalvikvm(26760): GC_FOR_ALLOC freed 47K, 3% free 17140K/17584K, paused 9ms, total 9ms
E/AudioFlinger(  182): Record started OK
I/SearchController(26737): #onHotwordDetectorStarted
D/dalvikvm(26760): GC_FOR_ALLOC freed 45K, 3% free 17221K/17668K, paused 10ms, total 10ms
D/Event   (26760): No subscribers registered for event class com.sogou.androidtool.event.LoaderFinishEvent
D/Event   (26760): No subscribers registered for event class bto
E/AudioFlinger(  182): releaseWakeLock_l() AudioOut_2
E/AudioFlinger(  182): thread 0xb5ec9008 type 0 TID 808 going to sleep
E/AudioFlinger(  182): releaseWakeLock_l() AudioOut_3
E/AudioFlinger(  182): thread 0xb5c5b008 type 0 TID 809 going to sleep
D/ConnectivityService(  744): Sampling interval elapsed, updating statistics ..
D/ConnectivityService(  744): Done.
D/ConnectivityService(  744): Setting timer for 720seconds
D/AndroidRuntime(26885): 
D/AndroidRuntime(26885): >>>>>> AndroidRuntime START com.android.internal.os.RuntimeInit <<<<<<
D/AndroidRuntime(26885): CheckJNI is OFF
D/dalvikvm(26885): Trying to load lib libjavacore.so 0x0
D/dalvikvm(26885): Added shared lib libjavacore.so 0x0
D/dalvikvm(26885): Trying to load lib libnativehelper.so 0x0
D/dalvikvm(26885): Added shared lib libnativehelper.so 0x0
D/dalvikvm(26885): No JNI_OnLoad found in libnativehelper.so 0x0, skipping init
D/dalvikvm(26885): Note: class Landroid/app/ActivityManagerNative; has 179 unimplemented (abstract) methods
D/AndroidRuntime(26885): Calling main entry com.android.commands.pm.Pm
W/ActivityManager(  744): No content provider found for permission revoke: file:///data/local/tmp/OpenSLTest.apk
D/Finsky  ( 1168): [1] PackageVerificationReceiver.checkPrerequisites: Skipping verification because network inactive
D/Finsky  ( 1168): [1] PackageVerificationReceiver.checkPrerequisites: Skipping verification because network inactive
W/ActivityManager(  744): No content provider found for permission revoke: file:///data/local/tmp/OpenSLTest.apk
I/PackageManager(  744): Copying native libraries to /data/app-lib/vmdl-820572443
W/PackageManager(  744): Invalid verification token 135 received
I/ActivityManager(  744): Force stopping com.pzhao.opensltest appid=10102 user=-1: uninstall pkg
I/PackageManager(  744): Running dexopt on: com.pzhao.opensltest
I/PackageManager(  744): Package com.pzhao.opensltest codePath changed from /data/app/com.pzhao.opensltest-2.apk to /data/app/com.pzhao.opensltest-1.apk; Retaining data and using new
D/dalvikvm(26917): DexOpt: load 30ms, verify+opt 111ms, 1033604 bytes
I/ActivityManager(  744): Force stopping com.pzhao.opensltest appid=10102 user=-1: update pkg
W/PackageManager(  744): Code path for pkg : com.pzhao.opensltest changing from /data/app/com.pzhao.opensltest-2.apk to /data/app/com.pzhao.opensltest-1.apk
W/PackageManager(  744): Resource path for pkg : com.pzhao.opensltest changing from /data/app/com.pzhao.opensltest-2.apk to /data/app/com.pzhao.opensltest-1.apk
I/ActivityManager(  744): Force stopping com.pzhao.opensltest appid=10102 user=0: pkg removed
D/dalvikvm(  952): GC_EXPLICIT freed 495K, 35% free 21507K/32948K, paused 2ms+2ms, total 33ms
D/dalvikvm( 1005): GC_EXPLICIT freed 1323K, 14% free 28288K/32676K, paused 7ms+4ms, total 42ms
D/dalvikvm( 2148): GC_EXPLICIT freed 131K, 7% free 16770K/17896K, paused 1ms+2ms, total 49ms
I/InputReader(  744): Reconfiguring input devices.  changes=0x00000010
D/dalvikvm(  744): GC_EXPLICIT freed 2309K, 29% free 39178K/54868K, paused 4ms+6ms, total 78ms
I/InputReader(  744): Reconfiguring input devices.  changes=0x00000010
I/ActivityManager(  744): Start proc com.android.musicfx for broadcast com.android.musicfx/.Compatibility$Receiver: pid=26929 uid=10013 gids={50013, 3003, 3002}
E/jdwp    (26929): Failed sending reply to debugger: Broken pipe
D/dalvikvm(26929): Debugger has detached; object registry had 1 entries
D/BackupManagerService(  744): Received broadcast Intent { act=android.intent.action.PACKAGE_REMOVED dat=package:com.pzhao.opensltest flg=0x4000010 (has extras) }
D/BackupManagerService(  744): Received broadcast Intent { act=android.intent.action.PACKAGE_ADDED dat=package:com.pzhao.opensltest flg=0x4000010 (has extras) }
V/BackupManagerService(  744): removePackageParticipantsLocked: uid=10102 #1
V/BackupManagerService(  744): addPackageParticipantsLocked: #1
D/dalvikvm(  987): GC_FOR_ALLOC freed 534K, 4% free 16777K/17396K, paused 16ms, total 16ms
E/AppsCustomizePagedView( 1005): Widget ComponentInfo{com.sds.android.ttpod/com.sds.android.ttpod.component.appwidget.DesktopPlayer5x1} can not fit on this device (1080, 120)
E/AppsCustomizePagedView( 1005): Widget ComponentInfo{com.sds.android.ttpod/com.sds.android.ttpod.component.appwidget.DesktopPlayer5x2} can not fit on this device (1080, 330)
D/SystemBroadcastService( 9092): Received broadcast action=android.intent.action.PACKAGE_REMOVED and uri=
V/GelStubAppWatcher(26737): onReceive: android.intent.action.PACKAGE_REMOVED
D/dalvikvm(26760): GC_FOR_ALLOC freed 242K, 2% free 17487K/17768K, paused 23ms, total 23ms
W/Launcher( 1005): setApplicationContext called twice! old=com.google.android.velvet.VelvetApplication@4252d000 new=com.google.android.velvet.VelvetApplication@4252d000
I/ActivityManager(  744): Start proc com.android.voicedialer for broadcast com.android.voicedialer/.VoiceDialerReceiver: pid=26950 uid=10021 gids={50021, 3002}
W/LocationProviderProxy-fused(  744): com.google.android.gms resolves service com.android.location.service.FusedLocationProvider, but has wrong signature, ignoring
I/ActivityManager(  744): Start proc com.android.keychain for broadcast com.android.keychain/.KeyChainBroadcastReceiver: pid=26963 uid=1000 gids={41000, 1028, 1015, 3002, 3001, 3003}
I/ActivityManager(  744): Killing 22511:com.google.android.talk/u0a49 (adj 15): empty #17
D/dalvikvm(26812): GC_FOR_ALLOC freed 163K, 2% free 16880K/17080K, paused 24ms, total 24ms
D/dalvikvm(26760): GC_FOR_ALLOC freed 325K, 3% free 17671K/18036K, paused 13ms, total 13ms
W/ContextImpl(26963): Calling a method in the system process without a qualified user: android.app.ContextImpl.startService:1479 android.content.ContextWrapper.startService:494 android.content.ContextWrapper.startService:494 com.android.keychain.KeyChainBroadcastReceiver.onReceive:12 android.app.ActivityThread.handleReceiver:2400 
D/dalvikvm(  744): GC_EXPLICIT freed 551K, 29% free 39151K/54868K, paused 4ms+21ms, total 207ms
I/ActivityManager(  744): Killing 18346:com.google.android.calendar/u0a31 (adj 15): empty #17
W/ActivityManager(  744): Unable to start service Intent { act=com.sogou.pushservice.action.METHOD cmp=/com.sogou.udp.push.PushService (has extras) } U=0: not found
D/AndroidRuntime(26885): Shutting down VM
D/jdwp    (26885): Got wake-up signal, bailing out of select
D/dalvikvm(26885): Debugger has detached; object registry had 1 entries
I/ActivityManager(  744): Start proc com.wandoujia.phoenix2.usbproxy for broadcast com.wandoujia.phoenix2.usbproxy/com.wandoujia.pmp.receivers.AppChangedReceiver: pid=26978 uid=10086 gids={50086, 3003, 1028, 1015}
D/AlarmService( 4275): Alarm has been set
I/ActivityManager(  744): Delay finish: com.google.android.partnersetup/.AppInstalledReceiver
I/ActivityManager(  744): Resuming delayed broadcast
D/SystemBroadcastService( 9092): Received broadcast action=android.intent.action.PACKAGE_ADDED and uri=
D/PackageAddedReceiver( 9111): package added com.pzhao.opensltest
W/ContextImpl( 9092): Implicit intents with startService are not safe: Intent { act=com.google.android.gms.games.service.INTENT } android.content.ContextWrapper.startService:494 com.google.android.gms.games.service.GamesIntentService.a:101 com.google.android.gms.games.service.GamesIntentService.b:368 
I/Icing.InternalIcingCorporaProvider(26737): Updating corpora: A: com.pzhao.opensltest, C: MAYBE
V/GelStubAppWatcher(26737): onReceive: android.intent.action.PACKAGE_ADDED
D/dalvikvm(26812): GC_FOR_ALLOC freed 396K, 3% free 16992K/17428K, paused 8ms, total 8ms
D/dalvikvm(26737): GC_FOR_ALLOC freed 88K, 1% free 17622K/17748K, paused 10ms, total 11ms
D/dalvikvm(26482): GC_FOR_ALLOC freed 159K, 2% free 16934K/17128K, paused 10ms, total 10ms
D/AlarmService( 4275): Alarm has been set
I/ActivityManager(  744): Killing 24084:com.qualcomm.timeservice/u0a75 (adj 15): empty #17
W/System.err( 4275): java.util.concurrent.ExecutionException: java.util.concurrent.ExecutionException: java.net.UnknownHostException: Unable to resolve host "api.wandoujia.com": No address associated with hostname
W/System.err( 4275): 	at com.wandoujia.rpc.http.client.DataClient.executeHttpRequest(:147)
W/System.err( 4275): 	at com.wandoujia.rpc.http.client.DataClient.execute(:61)
W/System.err( 4275): 	at com.wandoujia.rpc.http.client.DataClientCache.execute(:105)
W/System.err( 4275): 	at o.bpc.execute(:36)
W/System.err( 4275): 	at o.fmu.(:44)
W/System.err( 4275): 	at o.fln.(:244)
W/System.err( 4275): 	at o.fln.(:33)
W/System.err( 4275): 	at o.flo.run(:227)
W/System.err( 4275): 	at java.util.concurrent.ThreadPoolExecutor.runWorker(ThreadPoolExecutor.java:1112)
D/SystemBroadcastService( 9092): Received broadcast action=android.intent.action.PACKAGE_REPLACED and uri=
V/GelStubAppWatcher(26737): onReceive: android.intent.action.PACKAGE_REPLACED
W/System.err( 4275): 	at java.util.concurrent.ThreadPoolExecutor$Worker.run(ThreadPoolExecutor.java:587)
W/System.err( 4275): 	at java.lang.Thread.run(Thread.java:841)
W/System.err( 4275): Caused by: java.util.concurrent.ExecutionException: java.net.UnknownHostException: Unable to resolve host "api.wandoujia.com": No address associated with hostname
W/System.err( 4275): 	at com.wandoujia.rpc.http.client.DataClient.executeHttpRequest(:145)
W/System.err( 4275): 	... 10 more
W/System.err( 4275): Caused by: java.net.UnknownHostException: Unable to resolve host "api.wandoujia.com": No address associated with hostname
W/System.err( 4275): 	at java.net.InetAddress.lookupHostByName(InetAddress.java:424)
W/System.err( 4275): 	at java.net.InetAddress.getAllByNameImpl(InetAddress.java:236)
W/System.err( 4275): 	at java.net.InetAddress.getAllByName(InetAddress.java:214)
W/System.err( 4275): 	at org.apache.http.impl.conn.DefaultClientConnectionOperator.openConnection(DefaultClientConnectionOperator.java:137)
W/System.err( 4275): 	at org.apache.http.impl.conn.AbstractPoolEntry.open(AbstractPoolEntry.java:164)
W/System.err( 4275): 	at org.apache.http.impl.conn.AbstractPooledConnAdapter.open(AbstractPooledConnAdapter.java:119)
W/System.err( 4275): 	at org.apache.http.impl.client.DefaultRequestDirector.execute(DefaultRequestDirector.java:360)
W/System.err( 4275): 	at org.apache.http.impl.client.AbstractHttpClient.execute(AbstractHttpClient.java:555)
W/System.err( 4275): 	at com.wandoujia.base.http.HttpClientWrapper.execute(:127)
W/System.err( 4275): 	at com.wandoujia.base.http.HttpClientWrapper.execute(:96)
W/System.err( 4275): 	at com.wandoujia.base.http.HttpClientWrapper.execute(:87)
W/System.err( 4275): 	at com.wandoujia.rpc.http.client.DataClient.executeHttpRequest(:139)
W/System.err( 4275): 	... 10 more
W/System.err( 4275): Caused by: libcore.io.GaiException: getaddrinfo failed: EAI_NODATA (No address associated with hostname)
W/System.err( 4275): 	at libcore.io.Posix.getaddrinfo(Native Method)
W/System.err( 4275): 	at libcore.io.ForwardingOs.getaddrinfo(ForwardingOs.java:61)
W/System.err( 4275): 	at java.net.InetAddress.lookupHostByName(InetAddress.java:405)
W/System.err( 4275): 	... 21 more
W/Launcher( 1005): setApplicationContext called twice! old=com.google.android.velvet.VelvetApplication@4252d000 new=com.google.android.velvet.VelvetApplication@4252d000
I/ActivityManager(  744): Start proc com.google.android.apps.walletnfcrel for broadcast com.google.android.apps.walletnfcrel/com.google.android.apps.wallet.services.maintenance.OnBootOrUpgradeReceiver: pid=27007 uid=10023 gids={50023, 3003, 1028}
D/dalvikvm(26760): GC_FOR_ALLOC freed 435K, 3% free 17742K/18216K, paused 25ms, total 28ms
I/GCoreUlr( 1175): Ensuring that reporting is stopped because of reasons: (no Google accounts)
D/GCoreFlp( 1175): Unknown pending intent to remove.
I/GCoreUlr( 1175): Unbound from all location providers
I/WalletApplication(27007): User-Agent: com.google.android.apps.walletnfcrel/1019 (2.0-R137-v13-RELEASE; Android 19; Android/aosp_hammerhead/hammerhead:4.4/KRT16M/eng.vaylb.20140708.131800:userdebug/test-keys) Dalvik/1.6.0 (Linux; U; Android 4.4; AOSP on HammerHead Build/KRT16M)
D/dalvikvm(27007): GC_CONCURRENT freed 231K, 2% free 16587K/16856K, paused 3ms+1ms, total 15ms
D/AlarmService( 4275): Alarm has been set
I/ActivityManager(  744): Killing 18269:com.android.providers.calendar/u0a1 (adj 15): empty #17
D/dalvikvm(26812): GC_FOR_ALLOC freed 439K, 3% free 17055K/17536K, paused 15ms, total 23ms
D/dalvikvm( 9092): GC_FOR_ALLOC freed 503K, 4% free 16850K/17416K, paused 8ms, total 9ms
D/AndroidRuntime(27025): 
D/AndroidRuntime(27025): >>>>>> AndroidRuntime START com.android.internal.os.RuntimeInit <<<<<<
D/AndroidRuntime(27025): CheckJNI is OFF
D/dalvikvm(27025): Trying to load lib libjavacore.so 0x0
D/dalvikvm(27025): Added shared lib libjavacore.so 0x0
D/dalvikvm(27025): Trying to load lib libnativehelper.so 0x0
D/dalvikvm(27025): Added shared lib libnativehelper.so 0x0
D/dalvikvm(27025): No JNI_OnLoad found in libnativehelper.so 0x0, skipping init
D/dalvikvm(27025): Note: class Landroid/app/ActivityManagerNative; has 179 unimplemented (abstract) methods
D/AndroidRuntime(27025): Calling main entry com.android.commands.am.Am
I/ActivityManager(  744): START u0 {act=android.intent.action.MAIN cat=[android.intent.category.LAUNCHER] flg=0x10000000 cmp=com.pzhao.opensltest/.MainActivity} from pid 27025
D/AndroidRuntime(27025): Shutting down VM
D/dalvikvm(27025): GC_CONCURRENT freed 95K, 15% free 586K/684K, paused 0ms+0ms, total 1ms
D/dalvikvm(27037): Late-enabling CheckJNI
D/dalvikvm(26760): GC_FOR_ALLOC freed 467K, 3% free 17782K/18292K, paused 24ms, total 24ms
I/UsageStats(  744): Deleting usage file : usage-20150414
I/ActivityManager(  744): Start proc com.pzhao.opensltest for activity com.pzhao.opensltest/.MainActivity: pid=27037 uid=10102 gids={50102, 1028, 1015, 3003}
I/SearchController(26737): #onHotwordDetectorStopped
I/MicrophoneInputStream(26737): mic_close
E/AudioFlinger(  182): RecordHandle::stop()
E/AudioFlinger(  182): RecordThread::stop
D/dalvikvm(26812): GC_FOR_ALLOC freed 471K, 3% free 17094K/17604K, paused 20ms, total 20ms
V/SearchControllerCache(26737): disposing SearchController
I/ActivityManager(  744): Killing 19483:com.google.android.apps.genie.geniewidget/u0a42 (adj 15): empty #17
I/ActivityManager(  744): Killing 24054:com.google.android.inputmethod.latin/u0a52 (adj 15): empty #18
D/dalvikvm(27037): Trying to load lib /data/app-lib/com.pzhao.opensltest-1/libOpenSLTest.so 0x4252ced0
D/dalvikvm(27037): Added shared lib /data/app-lib/com.pzhao.opensltest-1/libOpenSLTest.so 0x4252ced0
D/dalvikvm(27037): No JNI_OnLoad found in /data/app-lib/com.pzhao.opensltest-1/libOpenSLTest.so 0x4252ced0, skipping init
E/AudioFlinger(  182): releaseWakeLock_l() AudioIn_328
E/AudioFlinger(  182): RecordThread: loop stopping
D/OpenSLActivity(27037): pzhao-->create RingBuffer
D/OpenSLActivity(27037): pzhao-->NativeSlave created
D/OpenSLActivity(27037): pzhao-->create engine
D/dalvikvm(27037): GetMethodID: not returning static method Lcom/pzhao/opensltest/MainActivity;.fromJni (I)V
W/dalvikvm(27037): JNI WARNING: JNI function CallVoidMethodV called with exception pending
W/dalvikvm(27037):              in Lcom/pzhao/opensltest/MainActivity;.createEngine:(Ljava/nio/ByteBuffer;)V (CallVoidMethodV)
W/dalvikvm(27037): Pending exception is:
I/dalvikvm(27037): java.lang.NoSuchMethodError: no method with name='fromJni' signature='(I)V' in class Lcom/pzhao/opensltest/MainActivity;
I/dalvikvm(27037): 	at com.pzhao.opensltest.MainActivity.createEngine(Native Method)
I/dalvikvm(27037): 	at com.pzhao.opensltest.MainActivity.onCreate(MainActivity.java:39)
I/dalvikvm(27037): 	at android.app.Activity.performCreate(Activity.java:5243)
I/dalvikvm(27037): 	at android.app.Instrumentation.callActivityOnCreate(Instrumentation.java:1087)
I/dalvikvm(27037): 	at android.app.ActivityThread.performLaunchActivity(ActivityThread.java:2140)
I/dalvikvm(27037): 	at android.app.ActivityThread.handleLaunchActivity(ActivityThread.java:2226)
I/dalvikvm(27037): 	at android.app.ActivityThread.access$700(ActivityThread.java:135)
I/dalvikvm(27037): 	at android.app.ActivityThread$H.handleMessage(ActivityThread.java:1397)
I/dalvikvm(27037): 	at android.os.Handler.dispatchMessage(Handler.java:102)
I/dalvikvm(27037): 	at android.os.Looper.loop(Looper.java:137)
I/dalvikvm(27037): 	at android.app.ActivityThread.main(ActivityThread.java:4998)
I/dalvikvm(27037): 	at java.lang.reflect.Method.invokeNative(Native Method)
I/dalvikvm(27037): 	at java.lang.reflect.Method.invoke(Method.java:515)
I/dalvikvm(27037): 	at com.android.internal.os.ZygoteInit$MethodAndArgsCaller.run(ZygoteInit.java:777)
I/dalvikvm(27037): 	at com.android.internal.os.ZygoteInit.main(ZygoteInit.java:593)
I/dalvikvm(27037): 	at dalvik.system.NativeStart.main(Native Method)
I/dalvikvm(27037): "main" prio=5 tid=1 NATIVE
I/dalvikvm(27037):   | group="main" sCount=0 dsCount=0 obj=0x4151fc90 self=0x41459460
I/dalvikvm(27037):   | sysTid=27037 nice=0 sched=0/0 cgrp=apps handle=1073848660
I/dalvikvm(27037):   | state=R schedstat=( 51692871 4720468 60 ) utm=3 stm=2 core=2
E/AudioFlinger(  182): Record stopped OK
E/AudioPolicyService(  182): inserting command: 3 at index 0, num commands 0
E/AudioPolicyService(  182): AudioCommandThread() adding set parameter string routing=0, io 808 ,delay 0
E/AudioPolicyService(  182): AudioCommandThread() waking up
E/AudioPolicyService(  182): AudioCommandThread() processing set parameters string routing=0, io 808
E/AudioFlinger(  182): setParameters(): io 808, keyvalue routing=0, calling pid 182
E/AudioFlinger(  182): RecordThread: loop starting
E/AudioFlinger(  182): acquireWakeLock_l() AudioIn_328 status 0
E/AudioPolicyService(  182): AudioCommandThread() going to sleep
E/AudioFlinger(  182): releaseWakeLock_l() AudioIn_328
E/AudioFlinger(  182): releasing 807 from 26737
E/AudioFlinger(  182):  decremented refcount to 0
E/AudioFlinger(  182): purging stale effects
E/AudioFlinger(  182): RecordHandle::stop()
E/AudioFlinger(  182): RecordThread::stop
E/AudioFlinger(  182): RecordThread: loop stopping
E/AudioFlinger(  182): closeInput() 808
E/AudioFlinger(  182): RecordThread: loop starting
E/AudioFlinger(  182): acquireWakeLock_l() AudioIn_328 status 0
E/AudioFlinger(  182): releaseWakeLock_l() AudioIn_328
E/AudioFlinger(  182): RecordThread 0xb8ab7c90 exiting
E/AudioFlinger(  182): virtual android::AudioFlinger::RecordThread::RecordTrack::~RecordTrack()
E/AudioFlinger(  182): removeClient_l() pid 26737, calling pid 182
D/dalvikvm(26737): threadid=29: thread exiting, not yet detached (count=0)
D/dalvikvm(26737): threadid=28: thread exiting, not yet detached (count=0)
D/dalvikvm(26737): threadid=30: thread exiting, not yet detached (count=0)
I/dalvikvm(27037):   #00  pc 0000132e  /system/lib/libcorkscrew.so (unwind_backtrace_thread+29)
I/dalvikvm(27037):   #01  pc 00060652  /system/lib/libdvm.so (dvmDumpNativeStack(DebugOutputTarget const*, int)+33)
I/dalvikvm(27037):   #02  pc 00054640  /system/lib/libdvm.so (dvmDumpThreadEx(DebugOutputTarget const*, Thread*, bool)+395)
I/dalvikvm(27037):   #03  pc 000546ae  /system/lib/libdvm.so (dvmDumpThread(Thread*, bool)+25)
I/dalvikvm(27037):   #04  pc 00038804  /system/lib/libdvm.so
I/dalvikvm(27037):   #05  pc 0003fbc8  /system/lib/libdvm.so
I/dalvikvm(27037):   #06  pc 0000169a  /data/app-lib/com.pzhao.opensltest-1/libOpenSLTest.so (_JNIEnv::CallVoidMethod(_jobject*, _jmethodID*, ...)+13)
I/dalvikvm(27037):   #07  pc 00001720  /data/app-lib/com.pzhao.opensltest-1/libOpenSLTest.so (Java_com_pzhao_opensltest_MainActivity_createEngine+119)
I/dalvikvm(27037):   #08  pc 0001dbcc  /system/lib/libdvm.so (dvmPlatformInvoke+112)
I/dalvikvm(27037):   #09  pc 0004e122  /system/lib/libdvm.so (dvmCallJNIMethod(unsigned int const*, JValue*, Method const*, Thread*)+397)
I/dalvikvm(27037):   #10  pc 0004fb0e  /system/lib/libdvm.so (dvmResolveNativeMethod(unsigned int const*, JValue*, Method const*, Thread*)+181)
I/dalvikvm(27037):   #11  pc 00026fe0  /system/lib/libdvm.so
I/dalvikvm(27037):   #12  pc 0002dfa0  /system/lib/libdvm.so (dvmMterpStd(Thread*)+76)
I/dalvikvm(27037):   #13  pc 0002b638  /system/lib/libdvm.so (dvmInterpret(Thread*, Method const*, JValue*)+184)
I/dalvikvm(27037):   #14  pc 00060864  /system/lib/libdvm.so (dvmInvokeMethod(Object*, Method const*, ArrayObject*, ArrayObject*, ClassObject*, bool)+391)
I/dalvikvm(27037):   #15  pc 000687c6  /system/lib/libdvm.so
I/dalvikvm(27037):   #16  pc 00026fe0  /system/lib/libdvm.so
I/dalvikvm(27037):   #17  pc 0002dfa0  /system/lib/libdvm.so (dvmMterpStd(Thread*)+76)
I/dalvikvm(27037):   #18  pc 0002b638  /system/lib/libdvm.so (dvmInterpret(Thread*, Method const*, JValue*)+184)
I/dalvikvm(27037):   #19  pc 00060580  /system/lib/libdvm.so (dvmCallMethodV(Thread*, Method const*, Object*, bool, JValue*, std::__va_list)+335)
I/dalvikvm(27037):   #20  pc 00049d0a  /system/lib/libdvm.so
I/dalvikvm(27037):   #21  pc 0004ce34  /system/lib/libandroid_runtime.so
I/dalvikvm(27037):   #22  pc 0004db5a  /system/lib/libandroid_runtime.so (android::AndroidRuntime::start(char const*, char const*)+353)
I/dalvikvm(27037):   #23  pc 0000105a  /system/bin/app_process
I/dalvikvm(27037):   #24  pc 0000e348  /system/lib/libc.so (__libc_init+47)
I/dalvikvm(27037):   at com.pzhao.opensltest.MainActivity.createEngine(Native Method)
I/dalvikvm(27037):   at com.pzhao.opensltest.MainActivity.onCreate(MainActivity.java:39)
I/dalvikvm(27037):   at android.app.Activity.performCreate(Activity.java:5243)
I/dalvikvm(27037):   at android.app.Instrumentation.callActivityOnCreate(Instrumentation.java:1087)
I/dalvikvm(27037):   at android.app.ActivityThread.performLaunchActivity(ActivityThread.java:2140)
I/dalvikvm(27037):   at android.app.ActivityThread.handleLaunchActivity(ActivityThread.java:2226)
I/dalvikvm(27037):   at android.app.ActivityThread.access$700(ActivityThread.java:135)
I/dalvikvm(27037):   at android.app.ActivityThread$H.handleMessage(ActivityThread.java:1397)
I/dalvikvm(27037):   at android.os.Handler.dispatchMessage(Handler.java:102)
I/dalvikvm(27037):   at android.os.Looper.loop(Looper.java:137)
I/dalvikvm(27037):   at android.app.ActivityThread.main(ActivityThread.java:4998)
I/dalvikvm(27037):   at java.lang.reflect.Method.invokeNative(Native Method)
I/dalvikvm(27037):   at java.lang.reflect.Method.invoke(Method.java:515)
I/dalvikvm(27037):   at com.android.internal.os.ZygoteInit$MethodAndArgsCaller.run(ZygoteInit.java:777)
I/dalvikvm(27037):   at com.android.internal.os.ZygoteInit.main(ZygoteInit.java:593)
I/dalvikvm(27037):   at dalvik.system.NativeStart.main(Native Method)
I/dalvikvm(27037): 
E/dalvikvm(27037): VM aborting
F/libc    (27037): Fatal signal 6 (SIGABRT) at 0x0000699d (code=-6), thread 27037 (zhao.opensltest)
I/DEBUG   (27138): *** *** *** *** *** *** *** *** *** *** *** *** *** *** *** ***
I/DEBUG   (27138): Build fingerprint: 'Android/aosp_hammerhead/hammerhead:4.4/KRT16M/eng.vaylb.20140708.131800:userdebug/test-keys'
I/DEBUG   (27138): Revision: '11'
I/DEBUG   (27138): pid: 27037, tid: 27037, name: zhao.opensltest  >>> com.pzhao.opensltest <<<
I/DEBUG   (27138): signal 6 (SIGABRT), code -6 (SI_TKILL), fault addr --------
I/DEBUG   (27138):     r0 00000000  r1 0000699d  r2 00000006  r3 00000000
I/DEBUG   (27138):     r4 00000006  r5 0000000d  r6 0000699d  r7 0000010c
I/DEBUG   (27138):     r8 00000001  r9 bec3f4bc  sl 41459470  fp bec3f4f4
I/DEBUG   (27138):     ip b3000019  sp bec3f1f8  lr 40041fe5  pc 40050f90  cpsr 000f0010
I/DEBUG   (27138):     d0  74726f6261204d56  d1  000000000000006e
I/DEBUG   (27138):     d2  0000000000000075  d3  000000000000006c
I/DEBUG   (27138):     d4  725f64696f72646e  d5  732e656d69746e75
I/DEBUG   (27138):     d6  6f72646e6128206f  d7  72646e413a3a6469
I/DEBUG   (27138):     d8  0000000000000000  d9  0000000000000000
I/DEBUG   (27138):     d10 0000000000000000  d11 0000000000000000
I/DEBUG   (27138):     d12 0000000000000000  d13 0000000000000000
I/DEBUG   (27138):     d14 0000000000000000  d15 0000000000000000
I/DEBUG   (27138):     d16 000000000100ff00  d17 0000000000000000
I/DEBUG   (27138):     d18 0000000000000000  d19 0000000000000000
I/DEBUG   (27138):     d20 0000000000000000  d21 0000001b0000001b
I/DEBUG   (27138):     d22 0000000000000000  d23 0000000000000000
I/DEBUG   (27138):     d24 0000000000000000  d25 0002aaa80002aaa8
I/DEBUG   (27138):     d26 0707070703030303  d27 7f0000007f000000
I/DEBUG   (27138):     d28 8000000080000000  d29 0001000000010000
I/DEBUG   (27138):     d30 0061c000005f4000  d31 0067400000648000
I/DEBUG   (27138):     scr 60000010
I/DEBUG   (27138): 
I/DEBUG   (27138): backtrace:
I/DEBUG   (27138):     #00  pc 00021f90  /system/lib/libc.so (tgkill+12)
I/DEBUG   (27138):     #01  pc 00012fe1  /system/lib/libc.so (pthread_kill+48)
I/DEBUG   (27138):     #02  pc 000131f5  /system/lib/libc.so (raise+10)
I/DEBUG   (27138):     #03  pc 00011f2b  /system/lib/libc.so
I/DEBUG   (27138):     #04  pc 00021844  /system/lib/libc.so (abort+4)
I/DEBUG   (27138):     #05  pc 00045cc7  /system/lib/libdvm.so (dvmAbort+78)
I/DEBUG   (27138):     #06  pc 0003fbc9  /system/lib/libdvm.so
I/DEBUG   (27138):     #07  pc 0000169d  /data/app-lib/com.pzhao.opensltest-1/libOpenSLTest.so (_JNIEnv::CallVoidMethod(_jobject*, _jmethodID*, ...)+16)
