I/DEBUG   (27138):     #08  pc 00001721  /data/app-lib/com.pzhao.opensltest-1/libOpenSLTest.so (Java_com_pzhao_opensltest_MainActivity_createEngine+120)
I/DEBUG   (27138):     #09  pc 0001dbcc  /system/lib/libdvm.so (dvmPlatformInvoke+112)
I/DEBUG   (27138):     #10  pc 0004e123  /system/lib/libdvm.so (dvmCallJNIMethod(unsigned int const*, JValue*, Method const*, Thread*)+398)
I/DEBUG   (27138):     #11  pc 0004fb11  /system/lib/libdvm.so (dvmResolveNativeMethod(unsigned int const*, JValue*, Method const*, Thread*)+184)
I/DEBUG   (27138):     #12  pc 00026fe0  /system/lib/libdvm.so
I/DEBUG   (27138):     #13  pc 0002dfa0  /system/lib/libdvm.so (dvmMterpStd(Thread*)+76)
I/DEBUG   (27138):     #14  pc 0002b638  /system/lib/libdvm.so (dvmInterpret(Thread*, Method const*, JValue*)+184)
I/DEBUG   (27138):     #15  pc 00060865  /system/lib/libdvm.so (dvmInvokeMethod(Object*, Method const*, ArrayObject*, ArrayObject*, ClassObject*, bool)+392)
I/DEBUG   (27138):     #16  pc 000687c7  /system/lib/libdvm.so
I/DEBUG   (27138):     #17  pc 00026fe0  /system/lib/libdvm.so
I/DEBUG   (27138):     #18  pc 0002dfa0  /system/lib/libdvm.so (dvmMterpStd(Thread*)+76)
I/DEBUG   (27138):     #19  pc 0002b638  /system/lib/libdvm.so (dvmInterpret(Thread*, Method const*, JValue*)+184)
I/DEBUG   (27138):     #20  pc 00060581  /system/lib/libdvm.so (dvmCallMethodV(Thread*, Method const*, Object*, bool, JValue*, std::__va_list)+336)
I/DEBUG   (27138):     #21  pc 00049d0b  /system/lib/libdvm.so
I/DEBUG   (27138):     #22  pc 0004ce37  /system/lib/libandroid_runtime.so
I/DEBUG   (27138):     #23  pc 0004db5b  /system/lib/libandroid_runtime.so (android::AndroidRuntime::start(char const*, char const*)+354)
I/DEBUG   (27138):     #24  pc 0000105b  /system/bin/app_process
I/DEBUG   (27138):     #25  pc 0000e34b  /system/lib/libc.so (__libc_init+50)
I/DEBUG   (27138):     #26  pc 00000d7c  /system/bin/app_process
I/DEBUG   (27138): 
I/DEBUG   (27138): stack:
I/DEBUG   (27138):          bec3f1b8  00000000  
I/DEBUG   (27138):          bec3f1bc  41457fb8  [anon:libc_malloc]
I/DEBUG   (27138):          bec3f1c0  b3000019  
I/DEBUG   (27138):          bec3f1c4  00000001  
I/DEBUG   (27138):          bec3f1c8  bec3f4bc  [stack]
I/DEBUG   (27138):          bec3f1cc  41459470  [anon:libc_malloc]
I/DEBUG   (27138):          bec3f1d0  bec3f4f4  [stack]
I/DEBUG   (27138):          bec3f1d4  40055159  /system/lib/libc.so (snprintf+80)
I/DEBUG   (27138):          bec3f1d8  6f0b415a  /data/dalvik-cache/system@framework@framework.jar@classes.dex
I/DEBUG   (27138):          bec3f1dc  6f00de42  /data/dalvik-cache/system@framework@framework.jar@classes.dex
I/DEBUG   (27138):          bec3f1e0  bec3f254  [stack]
I/DEBUG   (27138):          bec3f1e4  00000000  
I/DEBUG   (27138):          bec3f1e8  00000000  
I/DEBUG   (27138):          bec3f1ec  00000000  
I/DEBUG   (27138):          bec3f1f0  00004000  
I/DEBUG   (27138):          bec3f1f4  bec3f262  [stack]
I/DEBUG   (27138):     #00  bec3f1f8  00000006  
I/DEBUG   (27138):          bec3f1fc  0000000d  
I/DEBUG   (27138):          bec3f200  0000699d  
I/DEBUG   (27138):          bec3f204  b3000019  
I/DEBUG   (27138):          bec3f208  b3000019  
I/DEBUG   (27138):          bec3f20c  40041fe5  /system/lib/libc.so (pthread_kill+52)
I/DEBUG   (27138):     #01  bec3f210  00000006  
I/DEBUG   (27138):          bec3f214  00000000  
I/DEBUG   (27138):          bec3f218  41457fb8  [anon:libc_malloc]
I/DEBUG   (27138):          bec3f21c  400421f9  /system/lib/libc.so (raise+14)
I/DEBUG   (27138):     #02  bec3f220  bec3f22c  [stack]
I/DEBUG   (27138):          bec3f224  40040f2f  /system/lib/libc.so
I/DEBUG   (27138): 
I/DEBUG   (27138): memory near r1:
I/DEBUG   (27138):     0000697c ffffffff ffffffff ffffffff ffffffff  
I/DEBUG   (27138):     0000698c ffffffff ffffffff ffffffff ffffffff  
I/DEBUG   (27138):     0000699c ffffffff ffffffff ffffffff ffffffff  
I/DEBUG   (27138):     000069ac ffffffff ffffffff ffffffff ffffffff  
I/DEBUG   (27138):     000069bc ffffffff ffffffff ffffffff ffffffff  
I/DEBUG   (27138):     000069cc ffffffff ffffffff ffffffff ffffffff  
I/DEBUG   (27138):     000069dc ffffffff ffffffff ffffffff ffffffff  
I/DEBUG   (27138):     000069ec ffffffff ffffffff ffffffff ffffffff  
I/DEBUG   (27138):     000069fc ffffffff ffffffff ffffffff ffffffff  
I/DEBUG   (27138):     00006a0c ffffffff ffffffff ffffffff ffffffff  
I/DEBUG   (27138):     00006a1c ffffffff ffffffff ffffffff ffffffff  
I/DEBUG   (27138):     00006a2c ffffffff ffffffff ffffffff ffffffff  
I/DEBUG   (27138):     00006a3c ffffffff ffffffff ffffffff ffffffff  
I/DEBUG   (27138):     00006a4c ffffffff ffffffff ffffffff ffffffff  
I/DEBUG   (27138):     00006a5c ffffffff ffffffff ffffffff ffffffff  
I/DEBUG   (27138):     00006a6c ffffffff ffffffff ffffffff ffffffff  
I/DEBUG   (27138): 
I/DEBUG   (27138): memory near r6:
I/DEBUG   (27138):     0000697c ffffffff ffffffff ffffffff ffffffff  
I/DEBUG   (27138):     0000698c ffffffff ffffffff ffffffff ffffffff  
I/DEBUG   (27138):     0000699c ffffffff ffffffff ffffffff ffffffff  
I/DEBUG   (27138):     000069ac ffffffff ffffffff ffffffff ffffffff  
I/DEBUG   (27138):     000069bc ffffffff ffffffff ffffffff ffffffff  
I/DEBUG   (27138):     000069cc ffffffff ffffffff ffffffff ffffffff  
I/DEBUG   (27138):     000069dc ffffffff ffffffff ffffffff ffffffff  
I/DEBUG   (27138):     000069ec ffffffff ffffffff ffffffff ffffffff  
I/DEBUG   (27138):     000069fc ffffffff ffffffff ffffffff ffffffff  
I/DEBUG   (27138):     00006a0c ffffffff ffffffff ffffffff ffffffff  
I/DEBUG   (27138):     00006a1c ffffffff ffffffff ffffffff ffffffff  
I/DEBUG   (27138):     00006a2c ffffffff ffffffff ffffffff ffffffff  
I/DEBUG   (27138):     00006a3c ffffffff ffffffff ffffffff ffffffff  
I/DEBUG   (27138):     00006a4c ffffffff ffffffff ffffffff ffffffff  
I/DEBUG   (27138):     00006a5c ffffffff ffffffff ffffffff ffffffff  
I/DEBUG   (27138):     00006a6c ffffffff ffffffff ffffffff ffffffff  
I/DEBUG   (27138): 
I/DEBUG   (27138): memory near r9:
I/DEBUG   (27138):     bec3f49c bec3f4e0 6d3c3ca8 74f2b69f 41457fb8  
I/DEBUG   (27138):     bec3f4ac bec3f4bc 41457fb8 74f2b725 00000000  
I/DEBUG   (27138):     bec3f4bc 00000001 41457fb8 0d30001d 0d30001d  
I/DEBUG   (27138):     bec3f4cc 6d70e808 41459460 00000000 6d3c3cb0  
I/DEBUG   (27138):     bec3f4dc 41477bd0 6d3c3ca8 00000001 74ee4430  
I/DEBUG   (27138):     bec3f4ec 4252de90 42527d64 414a8127 6d3c3ca8  
I/DEBUG   (27138):     bec3f4fc 74ee442e 74f2b6a9 41459470 74f45bcb  
I/DEBUG   (27138):     bec3f50c 74f45b28 b3000019 00000000 74f46490  
I/DEBUG   (27138):     bec3f51c 4007d384 74f2b6a9 40040257 40079000  
I/DEBUG   (27138):     bec3f52c 74f45b98 00000000 74f46490 00000000  
I/DEBUG   (27138):     bec3f53c 4003cc0d 731e0db4 414a9d57 00000000  
I/DEBUG   (27138):     bec3f54c bec3f638 00000000 bec3f68c 00000000  
I/DEBUG   (27138):     bec3f55c 00000000 00000000 00000000 00083000  
I/DEBUG   (27138):     bec3f56c 42518008 00002018 00003000 42518008  
I/DEBUG   (27138):     bec3f57c 414cb1c9 bec3f5ec 6d70e81c 00000001  
I/DEBUG   (27138):     bec3f58c 4252de90 00000004 00000001 6d70e808  
I/DEBUG   (27138): 
I/DEBUG   (27138): memory near sl:
I/DEBUG   (27138):     41459450 00000000 00000800 6d3bb008 0000045b  
I/DEBUG   (27138):     41459460 6ec3a6c8 6d3c3ca8 6d70e998 74e5a000  
I/DEBUG   (27138):     41459470 42572da8 4150b0d0 bec3f638 00000000  
I/DEBUG   (27138):     41459480 bec3f68c 00000001 00000000 41477d40  
I/DEBUG   (27138):     41459490 00000000 00000000 6c78fe70 6d3be300  
I/DEBUG   (27138):     414594a0 00000000 42574e38 00000001 00006000  
I/DEBUG   (27138):     414594b0 00000000 4001a154 41477d40 4147cc00  
I/DEBUG   (27138):     414594c0 00000000 41480cfc 41480d70 41480c20  
I/DEBUG   (27138):     414594d0 41480c40 41480c9c 00000000 00000000  
I/DEBUG   (27138):     414594e0 00000000 00000000 00000000 00000000  
I/DEBUG   (27138):     414594f0 00000000 00000000 00002000 4150991c  
I/DEBUG   (27138):     41459500 00000000 00000000 00000008 71316c88  
I/DEBUG   (27138):     41459510 00000001 00000080 00000200 00000000  
I/DEBUG   (27138):     41459520 00000000 00000000 00000000 00000000  
I/DEBUG   (27138):     41459530 00000000 00000000 00000000 00000000  
I/DEBUG   (27138):     41459540 00000000 00000000 00000000 00000000  
I/DEBUG   (27138): 
I/DEBUG   (27138): memory near fp:
I/DEBUG   (27138):     bec3f4d4 00000000 6d3c3cb0 41477bd0 6d3c3ca8  
I/DEBUG   (27138):     bec3f4e4 00000001 74ee4430 4252de90 42527d64  
I/DEBUG   (27138):     bec3f4f4 414a8127 6d3c3ca8 74ee442e 74f2b6a9  
I/DEBUG   (27138):     bec3f504 41459470 74f45bcb 74f45b28 b3000019  
I/DEBUG   (27138):     bec3f514 00000000 74f46490 4007d384 74f2b6a9  
I/DEBUG   (27138):     bec3f524 40040257 40079000 74f45b98 00000000  
I/DEBUG   (27138):     bec3f534 74f46490 00000000 4003cc0d 731e0db4  
I/DEBUG   (27138):     bec3f544 414a9d57 00000000 bec3f638 00000000  
I/DEBUG   (27138):     bec3f554 bec3f68c 00000000 00000000 00000000  
I/DEBUG   (27138):     bec3f564 00000000 00083000 42518008 00002018  
I/DEBUG   (27138):     bec3f574 00003000 42518008 414cb1c9 bec3f5ec  
I/DEBUG   (27138):     bec3f584 6d70e81c 00000001 4252de90 00000004  
I/DEBUG   (27138):     bec3f594 00000001 6d70e808 74ee6927 bec3f5ec  
I/DEBUG   (27138):     bec3f5a4 00000038 00000001 414c5e3b 74ee6927  
I/DEBUG   (27138):     bec3f5b4 74e82a80 4252de90 74ee6927 74e5a000  
I/DEBUG   (27138):     bec3f5c4 000013de 00000002 4d43107d 0000000a  
I/DEBUG   (27138): 
I/DEBUG   (27138): memory near ip:
I/DEBUG   (27138):     b2fffff8 ffffffff ffffffff ffffffff ffffffff  
I/DEBUG   (27138):     b3000008 ffffffff ffffffff ffffffff ffffffff  
I/DEBUG   (27138):     b3000018 ffffffff ffffffff ffffffff ffffffff  
I/DEBUG   (27138):     b3000028 ffffffff ffffffff ffffffff ffffffff  
I/DEBUG   (27138):     b3000038 ffffffff ffffffff ffffffff ffffffff  
I/DEBUG   (27138):     b3000048 ffffffff ffffffff ffffffff ffffffff  
I/DEBUG   (27138):     b3000058 ffffffff ffffffff ffffffff ffffffff  
I/DEBUG   (27138):     b3000068 ffffffff ffffffff ffffffff ffffffff  
I/DEBUG   (27138):     b3000078 ffffffff ffffffff ffffffff ffffffff  
I/DEBUG   (27138):     b3000088 ffffffff ffffffff ffffffff ffffffff  
I/DEBUG   (27138):     b3000098 ffffffff ffffffff ffffffff ffffffff  
I/DEBUG   (27138):     b30000a8 ffffffff ffffffff ffffffff ffffffff  
I/DEBUG   (27138):     b30000b8 ffffffff ffffffff ffffffff ffffffff  
I/DEBUG   (27138):     b30000c8 ffffffff ffffffff ffffffff ffffffff  
I/DEBUG   (27138):     b30000d8 ffffffff ffffffff ffffffff ffffffff  
I/DEBUG   (27138):     b30000e8 ffffffff ffffffff ffffffff ffffffff  
I/DEBUG   (27138): 
I/DEBUG   (27138): memory near sp:
I/DEBUG   (27138):     bec3f1d8 6f0b415a 6f00de42 bec3f254 00000000  
I/DEBUG   (27138):     bec3f1e8 00000000 00000000 00004000 bec3f262  
I/DEBUG   (27138):     bec3f1f8 00000006 0000000d 0000699d b3000019  
I/DEBUG   (27138):     bec3f208 b3000019 40041fe5 00000006 00000000  
I/DEBUG   (27138):     bec3f218 41457fb8 400421f9 bec3f22c 40040f2f  
I/DEBUG   (27138):     bec3f228 00000000 ffffffdf 400792c4 4007922c  
I/DEBUG   (27138):     bec3f238 00000000 40043aef 415091f0 415091f0  
I/DEBUG   (27138):     bec3f248 00000000 40050848 00000000 4149fccb  
I/DEBUG   (27138):     bec3f258 00000000 6c756e28 0000296c 00000000  
I/DEBUG   (27138):     bec3f268 00000000 00000000 00000000 00000000  
I/DEBUG   (27138):     bec3f278 00000000 00000000 00000000 00000000  
I/DEBUG   (27138):     bec3f288 00000000 00000000 00000000 00000000  
I/DEBUG   (27138):     bec3f298 00000000 00000000 00000000 00000000  
I/DEBUG   (27138):     bec3f2a8 00000000 00000000 00000000 00000000  
I/DEBUG   (27138):     bec3f2b8 00000000 00000000 00000000 00000000  
I/DEBUG   (27138):     bec3f2c8 00000000 00000000 00000000 00000000  
I/DEBUG   (27138): 
I/DEBUG   (27138): code around pc:
I/DEBUG   (27138):     40050f70 e8bd00f0 e3700a01 912fff1e e2600000  
I/DEBUG   (27138):     40050f80 ea006d84 e92d50f0 e3a07f43 ef000000  
I/DEBUG   (27138):     40050f90 e8bd50f0 e3700a01 912fff1e e2600000  
I/DEBUG   (27138):     40050fa0 ea006d7c e92d50f0 e3a070ee ef000000  
I/DEBUG   (27138):     40050fb0 e8bd50f0 e3700a01 912fff1e e2600000  
I/DEBUG   (27138):     40050fc0 ea006d74 f200429a bf008069 f040f891  
I/DEBUG   (27138):     40050fd0 4001e92d d3412a10 0300f1c0 030ff013  
I/DEBUG   (27138):     40050fe0 eba2d01d ea5f0203 bf447cc3 eb01f811  
I/DEBUG   (27138):     40050ff0 eb01f800 f811bf21 f811cb01 f800eb01  
I/DEBUG   (27138):     40051000 f800cb01 ea5feb01 da037c43 030df9a1  
I/DEBUG   (27138):     40051010 031df980 f921d303 f900070d 3a40071d  
I/DEBUG   (27138):     40051020 f921d30b f921020d f891420d 3a40f100  
I/DEBUG   (27138):     40051030 022df900 422df900 3220d2f3 f921d305  
I/DEBUG   (27138):     40051040 f1a2020d f9000220 f102022d f0120220  
I/DEBUG   (27138):     40051050 d0030f10 0a0df921 0a2df900 7c42ea5f  
I/DEBUG   (27138):     40051060 f921d303 f900070d da03070d 030df9a1  
I/DEBUG   (27138): 
I/DEBUG   (27138): code around lr:
I/DEBUG   (27138):     40041fc4 447b4b13 42b3e010 6a1ed10e 44784811  
I/DEBUG   (27138):     40041fd4 ec84f7fb ea0ef00d 46224631 efd0f00e  
I/DEBUG   (27138):     40041fe4 d00a3001 e00b2400 2b00681b 480ad1eb  
I/DEBUG   (27138):     40041ff4 44782403 ec72f7fb f001e002 6804fa23  
I/DEBUG   (27138):     40042004 fa20f001 46206005 bf00bd70 0003b3de  
I/DEBUG   (27138):     40042014 0003b3d2 0003b3ca 0003b3a6 bf7ef7ff  
I/DEBUG   (27138):     40042024 4a3e4b3d e92d447b b08b43f0 4606589c  
I/DEBUG   (27138):     40042034 6823460d 930946a1 fa04f001 8000f8d0  
I/DEBUG   (27138):     40042044 d0482d00 f00f4628 280fff9b d8444604  
I/DEBUG   (27138):     40042054 ffe4f7ff d1064286 4629200f e8d8f00d  
I/DEBUG   (27138):     40042064 d03c2800 482ee02e f7fb4478 482debb6  
I/DEBUG   (27138):     40042074 e0154478 d11342b0 482b6a06 f7fb4478  
I/DEBUG   (27138):     40042084 4a2aec2e 46332120 a801447a f83af013  
I/DEBUG   (27138):     40042094 a8012101 fb54f01a 46061c42 e011d104  
I/DEBUG   (27138):     400420a4 28006800 e02cd1e6 46294630 f00d4622  
I/DEBUG   (27138):     400420b4 1c43e914 d11e4607 f9c4f001 29046801  
I/BootReceiver(  744): Copying /data/tombstones/tombstone_06 to DropBox (SYSTEM_TOMBSTONE)
W/ActivityManager(  744):   Force finishing activity com.pzhao.opensltest/.MainActivity
D/Zygote  (  180): Process 27037 terminated by signal (6)
W/ActivityManager(  744): Exception thrown during pause
W/ActivityManager(  744): android.os.DeadObjectException
W/ActivityManager(  744): 	at android.os.BinderProxy.transact(Native Method)
W/ActivityManager(  744): 	at android.app.ApplicationThreadProxy.schedulePauseActivity(ApplicationThreadNative.java:660)
W/ActivityManager(  744): 	at com.android.server.am.ActivityStack.startPausingLocked(ActivityStack.java:755)
W/ActivityManager(  744): 	at com.android.server.am.ActivityStack.finishActivityLocked(ActivityStack.java:2408)
W/ActivityManager(  744): 	at com.android.server.am.ActivityStack.finishTopRunningActivityLocked(ActivityStack.java:2279)
W/ActivityManager(  744): 	at com.android.server.am.ActivityStackSupervisor.finishTopRunningActivityLocked(ActivityStackSupervisor.java:2018)
W/ActivityManager(  744): 	at com.android.server.am.ActivityManagerService.handleAppCrashLocked(ActivityManagerService.java:9389)
W/ActivityManager(  744): 	at com.android.server.am.ActivityManagerService.makeAppCrashingLocked(ActivityManagerService.java:9284)
W/ActivityManager(  744): 	at com.android.server.am.ActivityManagerService.crashApplication(ActivityManagerService.java:9926)
W/ActivityManager(  744): 	at com.android.server.am.ActivityManagerService.handleApplicationCrashInner(ActivityManagerService.java:9478)
W/ActivityManager(  744): 	at com.android.server.am.NativeCrashListener$NativeCrashReporter.run(NativeCrashListener.java:86)
I/ActivityManager(  744): Process com.pzhao.opensltest (pid 27037) has died.
D/dalvikvm(26737): GC_FOR_ALLOC freed 680K, 4% free 17456K/18172K, paused 29ms, total 30ms
D/dalvikvm( 1168): GC_FOR_ALLOC freed 518K, 24% free 17077K/22360K, paused 9ms, total 9ms
D/dalvikvm(26737): GC_FOR_ALLOC freed 173K, 3% free 17795K/18172K, paused 27ms, total 27ms
D/Finsky  ( 1168): [1] 5.onFinished: Installation state replication succeeded.
W/EventLoggerService(26737): Unable to send logs Unable to resolve host "www.google.com": No address associated with hostname
D/dalvikvm(26737): GC_FOR_ALLOC freed 133K, 1% free 18160K/18332K, paused 11ms, total 11ms
D/MobileTools(26812): http://m.zhushou.sogou.com/android/hotword.html?iv=34&count=100
D/dalvikvm(26812): GC_FOR_ALLOC freed 805K, 5% free 16790K/17644K, paused 10ms, total 10ms
D/dalvikvm(26812): GC_FOR_ALLOC freed 257K, 5% free 16781K/17644K, paused 9ms, total 10ms
D/dalvikvm(26812): GC_FOR_ALLOC freed 245K, 5% free 16782K/17644K, paused 10ms, total 10ms
D/dalvikvm(26812): GC_FOR_ALLOC freed 286K, 5% free 16784K/17644K, paused 8ms, total 8ms
D/dalvikvm(26812): GC_FOR_ALLOC freed 209K, 4% free 17087K/17644K, paused 13ms, total 13ms
W/System.err(26812): java.lang.ArrayIndexOutOfBoundsException: length=1; index=1
W/System.err(26812): 	at com.sogou.androidtool.util.PinyinUtils.convert(SogouSource:78)
W/System.err(26812): 	at com.sogou.androidtool.util.PinyinUtils.getFirstLetter(SogouSource:54)
W/System.err(26812): 	at com.sogou.androidtool.model.LocalPackageInfo.<init>(SogouSource:44)
W/System.err(26812): 	at com.sogou.androidtool.appmanage.LocalPackageManager.refreshAllpackage(SogouSource:182)
W/System.err(26812): 	at com.sogou.androidtool.appmanage.LocalPackageManager.load(SogouSource:215)
W/System.err(26812): 	at com.sogou.androidtool.engine.boot.Bootstrapper.run(SogouSource:36)
W/System.err(26812): 	at java.lang.Thread.run(Thread.java:841)
D/Event   (26812): No subscribers registered for event class com.sogou.androidtool.event.LoaderFinishEvent
D/Event   (26812): No subscribers registered for event class bto
D/dalvikvm(26760): GC_FOR_ALLOC freed 714K, 5% free 17578K/18332K, paused 9ms, total 9ms
I/ActivityManager(  744): Killing 13756:com.android.deskclock/u0a35 (adj 15): empty #17
V/SearchControllerCache(26737): creating SearchController
W/InputMethodManagerService(  744): Window already focused, ignoring focus gain of: com.android.internal.view.IInputMethodClient$Stub$Proxy@42fa2e10 attribute=null, token = android.os.BinderProxy@428f28a0
I/ProcessStatsService(  744): Prepared write state in 4ms
E/AudioFlinger(  182): openInput() openInputStream returned input 0xb8ab5d18, SamplingRate 8000, Format 1, Channels 10, status 0
E/AudioFlinger(  182): openInput() created record thread: ID 810 thread 0xb8ae4108
E/AudioFlinger(  182): pzhao-->I'm creating a new client in AudioFlinger,add to mClients
E/AudioFlinger(  182): acquireWakeLock_l() AudioIn_32A status 0
E/AudioFlinger(  182): releaseWakeLock_l() AudioIn_32A
E/AudioFlinger(  182): RecordThread: loop stopping
E/AudioFlinger(  182): RecordTrack constructor
E/AudioFlinger(  182): acquiring 809 from 26737
E/AudioFlinger(  182):  added new entry for 809
E/AudioFlinger(  182): RecordHandle::start()
E/AudioFlinger(  182): RecordThread::start event 0, triggerSession 0
E/AudioPolicyService(  182): inserting command: 3 at index 0, num commands 0
E/AudioPolicyService(  182): AudioCommandThread() adding set parameter string input_source=6;routing=-2147483644, io 810 ,delay 0
E/AudioPolicyService(  182): AudioCommandThread() waking up
E/AudioPolicyService(  182): AudioCommandThread() processing set parameters string input_source=6;routing=-2147483644, io 810
E/AudioFlinger(  182): setParameters(): io 810, keyvalue input_source=6;routing=-2147483644, calling pid 182
E/AudioFlinger(  182): RecordThread: loop starting
E/AudioFlinger(  182): acquireWakeLock_l() AudioIn_32A status 0
E/AudioFlinger(  182): Signal record thread
E/AudioPolicyService(  182): AudioCommandThread() going to sleep
D/audio_hw_primary(  182): select_devices: out_snd_device(0: ) in_snd_device(35: voice-rec-mic)
D/        (  182): Failed to fetch the lookup information of the device 0000003E 
E/ACDB-LOADER(  182): Error: ACDB AudProc vol returned = -19
I/ProcessStatsService(  744): Pruning old procstats: /data/system/procstats/state-2015-04-14-16-10-00.bin
E/AudioFlinger(  182): Record started OK
I/SearchController(26737): #onHotwordDetectorStarted
D/Daemon  ( 2241): [startService]...component:com.sds.android.ttpod/com.igexin.sdk.PushService
D/Daemon  ( 2241): [startService]Parent process is running,ChildPid is 27159, ParentPid is 2241
D/Daemon  ( 2241): startService called...
D/Daemon  ( 2241): waiting...
D/Daemon  (27159): [startService]Child process is running,CurPid is 0, ChildPid is 27159
D/AndroidRuntime(27159): 
D/AndroidRuntime(27159): >>>>>> AndroidRuntime START com.android.internal.os.RuntimeInit <<<<<<
D/AndroidRuntime(27159): CheckJNI is OFF
D/dalvikvm(27159): Trying to load lib libjavacore.so 0x0
D/dalvikvm(27159): Added shared lib libjavacore.so 0x0
D/dalvikvm(27159): Trying to load lib libnativehelper.so 0x0
D/dalvikvm(27159): Added shared lib libnativehelper.so 0x0
D/dalvikvm(27159): No JNI_OnLoad found in libnativehelper.so 0x0, skipping init
D/dalvikvm(27159): Note: class Landroid/app/ActivityManagerNative; has 179 unimplemented (abstract) methods
D/AndroidRuntime(27159): Calling main entry com.android.commands.am.Am
D/AndroidRuntime(27159): Shutting down VM
D/jdwp    (27159): Got wake-up signal, bailing out of select
D/dalvikvm(27159): Debugger has detached; object registry had 1 entries
I/ActivityManager(  744): Start proc com.android.deskclock for broadcast com.android.deskclock/com.android.alarmclock.DigitalAppWidgetProvider: pid=27179 uid=10035 gids={50035, 1028}
D/dalvikvm(  180): GC_EXPLICIT freed 42K, 1% free 16397K/16476K, paused 2ms+12ms, total 36ms
D/dalvikvm(  180): GC_EXPLICIT freed <1K, 1% free 16397K/16476K, paused 0ms+1ms, total 18ms
D/dalvikvm(  180): GC_EXPLICIT freed <1K, 1% free 16397K/16476K, paused 1ms+1ms, total 15ms
D/dalvikvm( 4275): GC_FOR_ALLOC freed 713K, 8% free 18812K/20264K, paused 17ms, total 19ms
D/dalvikvm(26737): GC_FOR_ALLOC freed 914K, 6% free 17835K/18784K, paused 61ms, total 61ms
W/Uploader( 9092): No account for auth token provided
D/Uploader( 9092): Network request failed class java.net.UnknownHostException(Unable to resolve host "play.googleapis.com": No address associated with hostname)
W/System.err(26760): java.net.UnknownHostException: Unable to resolve host "get.sogou.com": No address associated with hostname
W/System.err(26760): 	at java.net.InetAddress.lookupHostByName(InetAddress.java:424)
W/System.err(26760): 	at java.net.InetAddress.getAllByNameImpl(InetAddress.java:236)
W/System.err(26760): 	at java.net.InetAddress.getAllByName(InetAddress.java:214)
W/System.err(26760): 	at com.android.okhttp.internal.Dns$1.getAllByName(Dns.java:28)
W/System.err(26760): 	at com.android.okhttp.internal.http.RouteSelector.resetNextInetSocketAddress(RouteSelector.java:216)
W/System.err(26760): 	at com.android.okhttp.internal.http.RouteSelector.next(RouteSelector.java:122)
W/System.err(26760): 	at com.android.okhttp.internal.http.HttpEngine.connect(HttpEngine.java:292)
W/System.err(26760): 	at com.android.okhttp.internal.http.HttpEngine.sendSocketRequest(HttpEngine.java:255)
W/System.err(26760): 	at com.android.okhttp.internal.http.HttpEngine.sendRequest(HttpEngine.java:206)
W/System.err(26760): 	at com.android.okhttp.internal.http.HttpURLConnectionImpl.execute(HttpURLConnectionImpl.java:345)
W/System.err(26760): 	at com.android.okhttp.internal.http.HttpURLConnectionImpl.connect(HttpURLConnectionImpl.java:89)
W/System.err(26760): 	at com.android.okhttp.internal.http.HttpURLConnectionImpl.getOutputStream(HttpURLConnectionImpl.java:197)
W/System.err(26760): 	at sogou.mobile.explorer.hotwords.ConfigManager.loadConfigFromNet(SogouSource:221)
W/System.err(26760): 	at sogou.mobile.explorer.hotwords.ConfigManager.loadConfigSync(SogouSource:112)
W/System.err(26760): 	at sogou.mobile.explorer.hotwords.ConfigManager$1.run(SogouSource:87)
W/System.err(26760): 	at java.util.Timer$TimerImpl.run(Timer.java:284)
W/System.err(26760): Caused by: libcore.io.GaiException: getaddrinfo failed: EAI_NODATA (No address associated with hostname)
W/System.err(26760): 	at libcore.io.Posix.getaddrinfo(Native Method)
W/System.err(26760): 	at libcore.io.ForwardingOs.getaddrinfo(ForwardingOs.java:61)
W/System.err(26760): 	at java.net.InetAddress.lookupHostByName(InetAddress.java:405)
W/System.err(26760): 	... 15 more
D/Daemon  ( 2241): [startService]...component:com.sds.android.ttpod/com.igexin.sdk.PushService
D/Daemon  ( 2241): [startService]Parent process is running,ChildPid is 27254, ParentPid is 2241
D/Daemon  ( 2241): startService called...
D/Daemon  ( 2241): waiting...
D/Daemon  (27254): [startService]Child process is running,CurPid is 0, ChildPid is 27254
D/AndroidRuntime(27254): 
D/AndroidRuntime(27254): >>>>>> AndroidRuntime START com.android.internal.os.RuntimeInit <<<<<<
D/AndroidRuntime(27254): CheckJNI is OFF
D/dalvikvm(27254): Trying to load lib libjavacore.so 0x0
D/dalvikvm(27254): Added shared lib libjavacore.so 0x0
D/dalvikvm(27254): Trying to load lib libnativehelper.so 0x0
D/dalvikvm(27254): Added shared lib libnativehelper.so 0x0
D/dalvikvm(27254): No JNI_OnLoad found in libnativehelper.so 0x0, skipping init
D/dalvikvm(27254): Note: class Landroid/app/ActivityManagerNative; has 179 unimplemented (abstract) methods
D/AndroidRuntime(27254): Calling main entry com.android.commands.am.Am
D/AndroidRuntime(27254): Shutting down VM
D/dalvikvm(27254): Debugger has detached; object registry had 1 entries
D/dalvikvm(  847): GC_FOR_ALLOC freed 6063K, 52% free 22734K/47288K, paused 15ms, total 18ms
D/dalvikvm(26737): GC_FOR_ALLOC freed 513K, 6% free 17833K/18784K, paused 60ms, total 60ms
W/Uploader( 9092): No account for auth token provided
D/Uploader( 9092): Network request failed class java.net.UnknownHostException(Unable to resolve host "play.googleapis.com": No address associated with hostname)
D/AndroidRuntime(27315): 
D/AndroidRuntime(27315): >>>>>> AndroidRuntime START com.android.internal.os.RuntimeInit <<<<<<
D/AndroidRuntime(27315): CheckJNI is OFF
D/dalvikvm(27315): Trying to load lib libjavacore.so 0x0
D/dalvikvm(27315): Added shared lib libjavacore.so 0x0
D/dalvikvm(27315): Trying to load lib libnativehelper.so 0x0
D/dalvikvm(27315): Added shared lib libnativehelper.so 0x0
D/dalvikvm(27315): No JNI_OnLoad found in libnativehelper.so 0x0, skipping init
D/dalvikvm(27315): Note: class Landroid/app/ActivityManagerNative; has 179 unimplemented (abstract) methods
D/AndroidRuntime(27315): Calling main entry com.android.commands.pm.Pm
D/Finsky  ( 1168): [1] PackageVerificationReceiver.checkPrerequisites: Skipping verification because network inactive
D/Finsky  ( 1168): [1] PackageVerificationReceiver.checkPrerequisites: Skipping verification because network inactive
W/ActivityManager(  744): No content provider found for permission revoke: file:///data/local/tmp/OpenSLTest.apk
W/ActivityManager(  744): No content provider found for permission revoke: file:///data/local/tmp/OpenSLTest.apk
I/PackageManager(  744): Copying native libraries to /data/app-lib/vmdl772394571
W/PackageManager(  744): Invalid verification token 136 received
I/ActivityManager(  744): Force stopping com.pzhao.opensltest appid=10102 user=-1: uninstall pkg
I/PackageManager(  744): Running dexopt on: com.pzhao.opensltest
I/PackageManager(  744): Package com.pzhao.opensltest codePath changed from /data/app/com.pzhao.opensltest-1.apk to /data/app/com.pzhao.opensltest-2.apk; Retaining data and using new
D/dalvikvm(27332): DexOpt: load 30ms, verify+opt 111ms, 1033604 bytes
W/PackageManager(  744): Code path for pkg : com.pzhao.opensltest changing from /data/app/com.pzhao.opensltest-1.apk to /data/app/com.pzhao.opensltest-2.apk
I/ActivityManager(  744): Force stopping com.pzhao.opensltest appid=10102 user=-1: update pkg
W/PackageManager(  744): Resource path for pkg : com.pzhao.opensltest changing from /data/app/com.pzhao.opensltest-1.apk to /data/app/com.pzhao.opensltest-2.apk
D/dalvikvm(  744): GC_FOR_ALLOC freed 6255K, 30% free 38597K/54868K, paused 46ms, total 46ms
I/ActivityManager(  744): Force stopping com.pzhao.opensltest appid=10102 user=0: pkg removed
D/dalvikvm( 1005): GC_EXPLICIT freed 953K, 14% free 28287K/32676K, paused 1ms+3ms, total 22ms
D/dalvikvm(26737): GC_EXPLICIT freed 115K, 6% free 17761K/18784K, paused 2ms+2ms, total 21ms
D/dalvikvm(  952): GC_EXPLICIT freed 88K, 35% free 21476K/32948K, paused 2ms+3ms, total 27ms
I/InputReader(  744): Reconfiguring input devices.  changes=0x00000010
D/dalvikvm( 2148): GC_EXPLICIT freed 62K, 7% free 16778K/17896K, paused 1ms+1ms, total 37ms
D/dalvikvm(26812): GC_EXPLICIT freed 409K, 6% free 16753K/17644K, paused 1ms+2ms, total 50ms
D/dalvikvm(26760): GC_EXPLICIT freed 341K, 6% free 17395K/18332K, paused 13ms+3ms, total 55ms
I/InputReader(  744): Reconfiguring input devices.  changes=0x00000010
D/BackupManagerService(  744): Received broadcast Intent { act=android.intent.action.PACKAGE_REMOVED dat=package:com.pzhao.opensltest flg=0x4000010 (has extras) }
D/BackupManagerService(  744): Received broadcast Intent { act=android.intent.action.PACKAGE_ADDED dat=package:com.pzhao.opensltest flg=0x4000010 (has extras) }
V/BackupManagerService(  744): removePackageParticipantsLocked: uid=10102 #1
V/BackupManagerService(  744): addPackageParticipantsLocked: #1
D/SystemBroadcastService( 9092): Received broadcast action=android.intent.action.PACKAGE_REMOVED and uri=
V/GelStubAppWatcher(26737): onReceive: android.intent.action.PACKAGE_REMOVED
E/AppsCustomizePagedView( 1005): Widget ComponentInfo{com.sds.android.ttpod/com.sds.android.ttpod.component.appwidget.DesktopPlayer5x1} can not fit on this device (1080, 120)
E/AppsCustomizePagedView( 1005): Widget ComponentInfo{com.sds.android.ttpod/com.sds.android.ttpod.component.appwidget.DesktopPlayer5x2} can not fit on this device (1080, 330)
D/dalvikvm(  744): GC_EXPLICIT freed 1168K, 31% free 38306K/54868K, paused 4ms+7ms, total 115ms
D/AndroidRuntime(27315): Shutting down VM
D/jdwp    (27315): Got wake-up signal, bailing out of select
D/dalvikvm(27315): Debugger has detached; object registry had 1 entries
W/Launcher( 1005): setApplicationContext called twice! old=com.google.android.velvet.VelvetApplication@4252d000 new=com.google.android.velvet.VelvetApplication@4252d000
W/ContextImpl(26963): Calling a method in the system process without a qualified user: android.app.ContextImpl.startService:1479 android.content.ContextWrapper.startService:494 android.content.ContextWrapper.startService:494 com.android.keychain.KeyChainBroadcastReceiver.onReceive:12 android.app.ActivityThread.handleReceiver:2400 
D/AlarmService( 4275): Alarm has been set
W/ActivityManager(  744): Unable to start service Intent { act=com.sogou.pushservice.action.METHOD cmp=/com.sogou.udp.push.PushService (has extras) } U=0: not found
D/SystemBroadcastService( 9092): Received broadcast action=android.intent.action.PACKAGE_ADDED and uri=
W/ContextImpl( 9092): Implicit intents with startService are not safe: Intent { act=com.google.android.gms.games.service.INTENT } android.content.ContextWrapper.startService:494 com.google.android.gms.games.service.GamesIntentService.a:101 com.google.android.gms.games.service.GamesIntentService.b:368 
D/PackageAddedReceiver( 9111): package added com.pzhao.opensltest
I/Icing.InternalIcingCorporaProvider(26737): Updating corpora: A: com.pzhao.opensltest, C: MAYBE
V/GelStubAppWatcher(26737): onReceive: android.intent.action.PACKAGE_ADDED
W/LocationProviderProxy-fused(  744): com.google.android.gms resolves service com.android.location.service.FusedLocationProvider, but has wrong signature, ignoring
D/AlarmService( 4275): Alarm has been set
W/System.err( 4275): java.util.concurrent.ExecutionException: java.util.concurrent.ExecutionException: java.net.UnknownHostException: Unable to resolve host "api.wandoujia.com": No address associated with hostname
W/System.err( 4275): 	at com.wandoujia.rpc.http.client.DataClient.executeHttpRequest(:147)
W/System.err( 4275): 	at com.wandoujia.rpc.http.client.DataClient.execute(:61)
W/System.err( 4275): 	at com.wandoujia.rpc.http.client.DataClientCache.execute(:105)
W/System.err( 4275): 	at o.bpc.execute(:36)
W/System.err( 4275): 	at o.fmu.(:44)
W/System.err( 4275): 	at o.fln.(:244)
W/System.err( 4275): 	at o.fln.(:33)
W/System.err( 4275): 	at o.flo.run(:227)
W/System.err( 4275): 	at java.util.concurrent.ThreadPoolExecutor.runWorker(ThreadPoolExecutor.java:1112)
W/System.err( 4275): 	at java.util.concurrent.ThreadPoolExecutor$Worker.run(ThreadPoolExecutor.java:587)
W/System.err( 4275): 	at java.lang.Thread.run(Thread.java:841)
W/System.err( 4275): Caused by: java.util.concurrent.ExecutionException: java.net.UnknownHostException: Unable to resolve host "api.wandoujia.com": No address associated with hostname
W/System.err( 4275): 	at com.wandoujia.rpc.http.client.DataClient.executeHttpRequest(:145)
W/System.err( 4275): 	... 10 more
W/System.err( 4275): Caused by: java.net.UnknownHostException: Unable to resolve host "api.wandoujia.com": No address associated with hostname
W/System.err( 4275): 	at java.net.InetAddress.lookupHostByName(InetAddress.java:424)
W/System.err( 4275): 	at java.net.InetAddress.getAllByNameImpl(InetAddress.java:236)
W/System.err( 4275): 	at java.net.InetAddress.getAllByName(InetAddress.java:214)
W/System.err( 4275): 	at org.apache.http.impl.conn.DefaultClientConnectionOperator.openConnection(DefaultClientConnectionOperator.java:137)
W/System.err( 4275): 	at org.apache.http.impl.conn.AbstractPoolEntry.open(AbstractPoolEntry.java:164)
W/System.err( 4275): 	at org.apache.http.impl.conn.AbstractPooledConnAdapter.open(AbstractPooledConnAdapter.java:119)
W/System.err( 4275): 	at org.apache.http.impl.client.DefaultRequestDirector.execute(DefaultRequestDirector.java:360)
W/System.err( 4275): 	at org.apache.http.impl.client.AbstractHttpClient.execute(AbstractHttpClient.java:555)
W/System.err( 4275): 	at com.wandoujia.base.http.HttpClientWrapper.execute(:127)
W/System.err( 4275): 	at com.wandoujia.base.http.HttpClientWrapper.execute(:96)
W/System.err( 4275): 	at com.wandoujia.base.http.HttpClientWrapper.execute(:87)
W/System.err( 4275): 	at com.wandoujia.rpc.http.client.DataClient.executeHttpRequest(:139)
W/System.err( 4275): 	... 10 more
W/System.err( 4275): Caused by: libcore.io.GaiException: getaddrinfo failed: EAI_NODATA (No address associated with hostname)
W/System.err( 4275): 	at libcore.io.Posix.getaddrinfo(Native Method)
W/System.err( 4275): 	at libcore.io.ForwardingOs.getaddrinfo(ForwardingOs.java:61)
W/System.err( 4275): 	at java.net.InetAddress.lookupHostByName(InetAddress.java:405)
W/System.err( 4275): 	... 21 more
V/GelStubAppWatcher(26737): onReceive: android.intent.action.PACKAGE_REPLACED
W/Launcher( 1005): setApplicationContext called twice! old=com.google.android.velvet.VelvetApplication@4252d000 new=com.google.android.velvet.VelvetApplication@4252d000
D/SystemBroadcastService( 9092): Received broadcast action=android.intent.action.PACKAGE_REPLACED and uri=
D/AlarmService( 4275): Alarm has been set
D/dalvikvm( 1175): GC_FOR_ALLOC freed 493K, 4% free 16785K/17336K, paused 11ms, total 11ms
I/GCoreUlr( 1175): Ensuring that reporting is stopped because of reasons: (no Google accounts)
D/GCoreFlp( 1175): Unknown pending intent to remove.
I/GCoreUlr( 1175): Unbound from all location providers
D/AndroidRuntime(27374): 
D/AndroidRuntime(27374): >>>>>> AndroidRuntime START com.android.internal.os.RuntimeInit <<<<<<
D/AndroidRuntime(27374): CheckJNI is OFF
D/dalvikvm(27374): Trying to load lib libjavacore.so 0x0
D/dalvikvm(27374): Added shared lib libjavacore.so 0x0
D/dalvikvm(27374): Trying to load lib libnativehelper.so 0x0
D/dalvikvm(27374): Added shared lib libnativehelper.so 0x0
D/dalvikvm(27374): No JNI_OnLoad found in libnativehelper.so 0x0, skipping init
D/dalvikvm(27374): Note: class Landroid/app/ActivityManagerNative; has 179 unimplemented (abstract) methods
D/AndroidRuntime(27374): Calling main entry com.android.commands.am.Am
I/ActivityManager(  744): START u0 {act=android.intent.action.MAIN cat=[android.intent.category.LAUNCHER] flg=0x10000000 cmp=com.pzhao.opensltest/.MainActivity} from pid 27374
D/AndroidRuntime(27374): Shutting down VM
D/jdwp    (27374): Got wake-up signal, bailing out of select
D/dalvikvm(27374): Debugger has detached; object registry had 1 entries
D/dalvikvm(27391): Late-enabling CheckJNI
I/ActivityManager(  744): Start proc com.pzhao.opensltest for activity com.pzhao.opensltest/.MainActivity: pid=27391 uid=10102 gids={50102, 1028, 1015, 3003}
I/SearchController(26737): #onHotwordDetectorStopped
I/MicrophoneInputStream(26737): mic_close
D/dalvikvm(27391): Debugger has detached; object registry had 1 entries
E/AudioFlinger(  182): RecordHandle::stop()
E/AudioFlinger(  182): RecordThread::stop
D/dalvikvm(27391): Trying to load lib /data/app-lib/com.pzhao.opensltest-2/libOpenSLTest.so 0x42523e48
D/dalvikvm(27391): Added shared lib /data/app-lib/com.pzhao.opensltest-2/libOpenSLTest.so 0x42523e48
D/dalvikvm(27391): No JNI_OnLoad found in /data/app-lib/com.pzhao.opensltest-2/libOpenSLTest.so 0x42523e48, skipping init
E/AudioFlinger(  182): releaseWakeLock_l() AudioIn_32A
E/AudioFlinger(  182): RecordThread: loop stopping
E/AudioFlinger(  182): Record stopped OK
E/AudioPolicyService(  182): inserting command: 3 at index 0, num commands 0
E/AudioPolicyService(  182): AudioCommandThread() adding set parameter string routing=0, io 810 ,delay 0
E/AudioPolicyService(  182): AudioCommandThread() waking up
E/AudioPolicyService(  182): AudioCommandThread() processing set parameters string routing=0, io 810
E/AudioFlinger(  182): setParameters(): io 810, keyvalue routing=0, calling pid 182
E/AudioFlinger(  182): RecordThread: loop starting
E/AudioFlinger(  182): acquireWakeLock_l() AudioIn_32A status 0
E/AudioFlinger(  182): releaseWakeLock_l() AudioIn_32A
E/AudioFlinger(  182): RecordThread: loop stopping
D/dalvikvm(26737): null clazz in OP_INSTANCE_OF, single-stepping
E/AudioPolicyService(  182): AudioCommandThread() going to sleep
E/AudioFlinger(  182): releasing 809 from 26737
E/AudioFlinger(  182):  decremented refcount to 0
E/AudioFlinger(  182): purging stale effects
V/SearchControllerCache(26737): disposing SearchController
E/AudioFlinger(  182): RecordHandle::stop()
E/AudioFlinger(  182): RecordThread::stop
E/AudioFlinger(  182): closeInput() 810
I/ActivityManager(  744): Killing 17621:com.android.chrome/u0a34 (adj 15): empty #17
E/AudioFlinger(  182): RecordThread: loop starting
E/AudioFlinger(  182): acquireWakeLock_l() AudioIn_32A status 0
E/AudioFlinger(  182): releaseWakeLock_l() AudioIn_32A
D/dalvikvm(26737): threadid=28: thread exiting, not yet detached (count=0)
E/AudioFlinger(  182): RecordThread 0xb8ae4108 exiting
D/dalvikvm(26737): threadid=29: thread exiting, not yet detached (count=0)
D/dalvikvm(26737): threadid=17: thread exiting, not yet detached (count=0)
E/AudioFlinger(  182): virtual android::AudioFlinger::RecordThread::RecordTrack::~RecordTrack()
E/AudioFlinger(  182): removeClient_l() pid 26737, calling pid 182
D/OpenSLActivity(27391): pzhao-->create RingBuffer
D/OpenSLActivity(27391): pzhao-->NativeSlave created
D/OpenSLActivity(27391): pzhao-->create engine
D/dalvikvm(27391): GetMethodID: not returning static method Lcom/pzhao/opensltest/MainActivity;.fromJni (I)V
W/dalvikvm(27391): JNI WARNING: JNI function CallStaticVoidMethodV called with exception pending
W/dalvikvm(27391):              in Lcom/pzhao/opensltest/MainActivity;.createEngine:(Ljava/nio/ByteBuffer;)V (CallStaticVoidMethodV)
W/dalvikvm(27391): Pending exception is:
I/dalvikvm(27391): java.lang.NoSuchMethodError: no method with name='fromJni' signature='(I)V' in class Lcom/pzhao/opensltest/MainActivity;
I/dalvikvm(27391): 	at com.pzhao.opensltest.MainActivity.createEngine(Native Method)
I/dalvikvm(27391): 	at com.pzhao.opensltest.MainActivity.onCreate(MainActivity.java:39)
I/dalvikvm(27391): 	at android.app.Activity.performCreate(Activity.java:5243)
I/dalvikvm(27391): 	at android.app.Instrumentation.callActivityOnCreate(Instrumentation.java:1087)
I/dalvikvm(27391): 	at android.app.ActivityThread.performLaunchActivity(ActivityThread.java:2140)
I/dalvikvm(27391): 	at android.app.ActivityThread.handleLaunchActivity(ActivityThread.java:2226)
I/dalvikvm(27391): 	at android.app.ActivityThread.access$700(ActivityThread.java:135)
I/dalvikvm(27391): 	at android.app.ActivityThread$H.handleMessage(ActivityThread.java:1397)
I/dalvikvm(27391): 	at android.os.Handler.dispatchMessage(Handler.java:102)
I/dalvikvm(27391): 	at android.os.Looper.loop(Looper.java:137)
I/dalvikvm(27391): 	at android.app.ActivityThread.main(ActivityThread.java:4998)
I/dalvikvm(27391): 	at java.lang.reflect.Method.invokeNative(Native Method)
I/dalvikvm(27391): 	at java.lang.reflect.Method.invoke(Method.java:515)
I/dalvikvm(27391): 	at com.android.internal.os.ZygoteInit$MethodAndArgsCaller.run(ZygoteInit.java:777)
I/dalvikvm(27391): 	at com.android.internal.os.ZygoteInit.main(ZygoteInit.java:593)
I/dalvikvm(27391): 	at dalvik.system.NativeStart.main(Native Method)
I/dalvikvm(27391): "main" prio=5 tid=1 NATIVE
I/dalvikvm(27391):   | group="main" sCount=0 dsCount=0 obj=0x4151fc90 self=0x41459460
I/dalvikvm(27391):   | sysTid=27391 nice=0 sched=0/0 cgrp=apps handle=1073848660
I/dalvikvm(27391):   | state=R schedstat=( 48258070 47178701 181 ) utm=2 stm=2 core=0
I/dalvikvm(27391):   #00  pc 0000132e  /system/lib/libcorkscrew.so (unwind_backtrace_thread+29)
I/dalvikvm(27391):   #01  pc 00060652  /system/lib/libdvm.so (dvmDumpNativeStack(DebugOutputTarget const*, int)+33)
I/dalvikvm(27391):   #02  pc 00054640  /system/lib/libdvm.so (dvmDumpThreadEx(DebugOutputTarget const*, Thread*, bool)+395)
I/dalvikvm(27391):   #03  pc 000546ae  /system/lib/libdvm.so (dvmDumpThread(Thread*, bool)+25)
I/dalvikvm(27391):   #04  pc 00038804  /system/lib/libdvm.so
I/dalvikvm(27391):   #05  pc 0003cdb2  /system/lib/libdvm.so
I/dalvikvm(27391):   #06  pc 000016a4  /data/app-lib/com.pzhao.opensltest-2/libOpenSLTest.so (_JNIEnv::CallStaticVoidMethod(_jclass*, _jmethodID*, ...)+15)
I/dalvikvm(27391):   #07  pc 00001728  /data/app-lib/com.pzhao.opensltest-2/libOpenSLTest.so (Java_com_pzhao_opensltest_MainActivity_createEngine+119)
I/dalvikvm(27391):   #08  pc 0001dbcc  /system/lib/libdvm.so (dvmPlatformInvoke+112)
I/dalvikvm(27391):   #09  pc 0004e122  /system/lib/libdvm.so (dvmCallJNIMethod(unsigned int const*, JValue*, Method const*, Thread*)+397)
I/dalvikvm(27391):   #10  pc 0004fb0e  /system/lib/libdvm.so (dvmResolveNativeMethod(unsigned int const*, JValue*, Method const*, Thread*)+181)
I/dalvikvm(27391):   #11  pc 00026fe0  /system/lib/libdvm.so
I/dalvikvm(27391):   #12  pc 0002dfa0  /system/lib/libdvm.so (dvmMterpStd(Thread*)+76)
I/dalvikvm(27391):   #13  pc 0002b638  /system/lib/libdvm.so (dvmInterpret(Thread*, Method const*, JValue*)+184)
I/dalvikvm(27391):   #14  pc 00060864  /system/lib/libdvm.so (dvmInvokeMethod(Object*, Method const*, ArrayObject*, ArrayObject*, ClassObject*, bool)+391)
I/dalvikvm(27391):   #15  pc 000687c6  /system/lib/libdvm.so
I/dalvikvm(27391):   #16  pc 00026fe0  /system/lib/libdvm.so
I/dalvikvm(27391):   #17  pc 0002dfa0  /system/lib/libdvm.so (dvmMterpStd(Thread*)+76)
I/dalvikvm(27391):   #18  pc 0002b638  /system/lib/libdvm.so (dvmInterpret(Thread*, Method const*, JValue*)+184)
I/dalvikvm(27391):   #19  pc 00060580  /system/lib/libdvm.so (dvmCallMethodV(Thread*, Method const*, Object*, bool, JValue*, std::__va_list)+335)
I/dalvikvm(27391):   #20  pc 00049d0a  /system/lib/libdvm.so
I/dalvikvm(27391):   #21  pc 0004ce34  /system/lib/libandroid_runtime.so
I/dalvikvm(27391):   #22  pc 0004db5a  /system/lib/libandroid_runtime.so (android::AndroidRuntime::start(char const*, char const*)+353)
I/dalvikvm(27391):   #23  pc 0000105a  /system/bin/app_process
I/dalvikvm(27391):   #24  pc 0000e348  /system/lib/libc.so (__libc_init+47)
I/dalvikvm(27391):   at com.pzhao.opensltest.MainActivity.createEngine(Native Method)
I/dalvikvm(27391):   at com.pzhao.opensltest.MainActivity.onCreate(MainActivity.java:39)
I/dalvikvm(27391):   at android.app.Activity.performCreate(Activity.java:5243)
I/dalvikvm(27391):   at android.app.Instrumentation.callActivityOnCreate(Instrumentation.java:1087)
I/dalvikvm(27391):   at android.app.ActivityThread.performLaunchActivity(ActivityThread.java:2140)
I/dalvikvm(27391):   at android.app.ActivityThread.handleLaunchActivity(ActivityThread.java:2226)
I/dalvikvm(27391):   at android.app.ActivityThread.access$700(ActivityThread.java:135)
I/dalvikvm(27391):   at android.app.ActivityThread$H.handleMessage(ActivityThread.java:1397)
I/dalvikvm(27391):   at android.os.Handler.dispatchMessage(Handler.java:102)
I/dalvikvm(27391):   at android.os.Looper.loop(Looper.java:137)
I/dalvikvm(27391):   at android.app.ActivityThread.main(ActivityThread.java:4998)
I/dalvikvm(27391):   at java.lang.reflect.Method.invokeNative(Native Method)
I/dalvikvm(27391):   at java.lang.reflect.Method.invoke(Method.java:515)
I/dalvikvm(27391):   at com.android.internal.os.ZygoteInit$MethodAndArgsCaller.run(ZygoteInit.java:777)
I/dalvikvm(27391):   at com.android.internal.os.ZygoteInit.main(ZygoteInit.java:593)
I/dalvikvm(27391):   at dalvik.system.NativeStart.main(Native Method)
I/dalvikvm(27391): 
E/dalvikvm(27391): VM aborting
F/libc    (27391): Fatal signal 6 (SIGABRT) at 0x00006aff (code=-6), thread 27391 (zhao.opensltest)
I/DEBUG   (27138): *** *** *** *** *** *** *** *** *** *** *** *** *** *** *** ***
I/DEBUG   (27138): Build fingerprint: 'Android/aosp_hammerhead/hammerhead:4.4/KRT16M/eng.vaylb.20140708.131800:userdebug/test-keys'
I/DEBUG   (27138): Revision: '11'
I/DEBUG   (27138): pid: 27391, tid: 27391, name: zhao.opensltest  >>> com.pzhao.opensltest <<<
I/DEBUG   (27138): signal 6 (SIGABRT), code -6 (SI_TKILL), fault addr --------
I/DEBUG   (27138):     r0 00000000  r1 00006aff  r2 00000006  r3 00000000
I/DEBUG   (27138):     r4 00000006  r5 0000000d  r6 00006aff  r7 0000010c
I/DEBUG   (27138):     r8 00000001  r9 414e9b26  sl bec3f4bc  fp bec3f4f4
I/DEBUG   (27138):     ip 00000000  sp bec3f1f0  lr 40041fe5  pc 40050f90  cpsr 000f0010
I/DEBUG   (27138):     d0  74726f6261204d56  d1  000000000000006e
I/DEBUG   (27138):     d2  0000000000000075  d3  000000000000006c
I/DEBUG   (27138):     d4  732e656d69746e75  d5  6f72646e6128206f
I/DEBUG   (27138):     d6  72646e413a3a6469  d7  69746e755264696f
I/DEBUG   (27138):     d8  0000000000000000  d9  0000000000000000
I/DEBUG   (27138):     d10 0000000000000000  d11 0000000000000000
I/DEBUG   (27138):     d12 0000000000000000  d13 0000000000000000
I/DEBUG   (27138):     d14 0000000000000000  d15 0000000000000000
I/DEBUG   (27138):     d16 000000000100ff00  d17 0000000000000000
I/DEBUG   (27138):     d18 0000000000000000  d19 0000000000000000
I/DEBUG   (27138):     d20 0000000000000000  d21 0000001b0000001b
I/DEBUG   (27138):     d22 0000000000000000  d23 0000000000000000
I/DEBUG   (27138):     d24 0000000000000000  d25 0002aaa80002aaa8
I/DEBUG   (27138):     d26 0707070703030303  d27 7f0000007f000000
I/DEBUG   (27138):     d28 8000000080000000  d29 0001000000010000
I/DEBUG   (27138):     d30 0061c000005f4000  d31 0067400000648000
I/DEBUG   (27138):     scr 60000010
I/DEBUG   (27138): 
I/DEBUG   (27138): backtrace:
I/DEBUG   (27138):     #00  pc 00021f90  /system/lib/libc.so (tgkill+12)
I/DEBUG   (27138):     #01  pc 00012fe1  /system/lib/libc.so (pthread_kill+48)
I/DEBUG   (27138):     #02  pc 000131f5  /system/lib/libc.so (raise+10)
I/DEBUG   (27138):     #03  pc 00011f2b  /system/lib/libc.so
I/DEBUG   (27138):     #04  pc 00021844  /system/lib/libc.so (abort+4)
I/DEBUG   (27138):     #05  pc 00045cc7  /system/lib/libdvm.so (dvmAbort+78)
I/DEBUG   (27138):     #06  pc 0003cdb3  /system/lib/libdvm.so
I/DEBUG   (27138):     #07  pc 000016a7  /data/app-lib/com.pzhao.opensltest-2/libOpenSLTest.so (_JNIEnv::CallStaticVoidMethod(_jclass*, _jmethodID*, ...)+18)
I/DEBUG   (27138):     #08  pc 00001729  /data/app-lib/com.pzhao.opensltest-2/libOpenSLTest.so (Java_com_pzhao_opensltest_MainActivity_createEngine+120)
I/DEBUG   (27138):     #09  pc 0001dbcc  /system/lib/libdvm.so (dvmPlatformInvoke+112)
I/DEBUG   (27138):     #10  pc 0004e123  /system/lib/libdvm.so (dvmCallJNIMethod(unsigned int const*, JValue*, Method const*, Thread*)+398)
I/DEBUG   (27138):     #11  pc 0004fb11  /system/lib/libdvm.so (dvmResolveNativeMethod(unsigned int const*, JValue*, Method const*, Thread*)+184)
I/DEBUG   (27138):     #12  pc 00026fe0  /system/lib/libdvm.so
I/DEBUG   (27138):     #13  pc 0002dfa0  /system/lib/libdvm.so (dvmMterpStd(Thread*)+76)
I/DEBUG   (27138):     #14  pc 0002b638  /system/lib/libdvm.so (dvmInterpret(Thread*, Method const*, JValue*)+184)
I/DEBUG   (27138):     #15  pc 00060865  /system/lib/libdvm.so (dvmInvokeMethod(Object*, Method const*, ArrayObject*, ArrayObject*, ClassObject*, bool)+392)
I/DEBUG   (27138):     #16  pc 000687c7  /system/lib/libdvm.so
I/DEBUG   (27138):     #17  pc 00026fe0  /system/lib/libdvm.so
I/DEBUG   (27138):     #18  pc 0002dfa0  /system/lib/libdvm.so (dvmMterpStd(Thread*)+76)
I/DEBUG   (27138):     #19  pc 0002b638  /system/lib/libdvm.so (dvmInterpret(Thread*, Method const*, JValue*)+184)
I/DEBUG   (27138):     #20  pc 00060581  /system/lib/libdvm.so (dvmCallMethodV(Thread*, Method const*, Object*, bool, JValue*, std::__va_list)+336)
I/DEBUG   (27138):     #21  pc 00049d0b  /system/lib/libdvm.so
I/DEBUG   (27138):     #22  pc 0004ce37  /system/lib/libandroid_runtime.so
I/DEBUG   (27138):     #23  pc 0004db5b  /system/lib/libandroid_runtime.so (android::AndroidRuntime::start(char const*, char const*)+354)
I/DEBUG   (27138):     #24  pc 0000105b  /system/bin/app_process
