E/AudioFlinger(  182): removeClient_l() pid 16313, calling pid 182
E/AudioFlinger(  182): Audio hardware entering standby, mixer 0xb5ec9008, suspend count 0
E/audio_hw_primary(  182): vaylb_test-->HAL:out_standby_new run.
E/audio_hw_primary(  182): vaylb_test-->HAL:out_standby run.
E/AudioFlinger(  182): releaseWakeLock_l() AudioOut_2
E/AudioFlinger(  182): thread 0xb5ec9008 type 0 TID 808 going to sleep
D/dalvikvm(26975): GC_FOR_ALLOC freed 488K, 9% free 17733K/19468K, paused 25ms, total 27ms
D/dalvikvm(26975): GC_FOR_ALLOC freed 38K, 7% free 18206K/19468K, paused 12ms, total 12ms
W/EventLoggerService(26975): Unable to send logs Unable to resolve host "www.google.com": No address associated with hostname
D/AndroidRuntime(16405): 
D/AndroidRuntime(16405): >>>>>> AndroidRuntime START com.android.internal.os.RuntimeInit <<<<<<
D/AndroidRuntime(16405): CheckJNI is OFF
D/dalvikvm(16405): Trying to load lib libjavacore.so 0x0
D/dalvikvm(16405): Added shared lib libjavacore.so 0x0
D/dalvikvm(16405): Trying to load lib libnativehelper.so 0x0
D/dalvikvm(16405): Added shared lib libnativehelper.so 0x0
D/dalvikvm(16405): No JNI_OnLoad found in libnativehelper.so 0x0, skipping init
D/dalvikvm(16405): Note: class Landroid/app/ActivityManagerNative; has 179 unimplemented (abstract) methods
D/AndroidRuntime(16405): Calling main entry com.android.commands.pm.Pm
D/Finsky  ( 1168): [1] PackageVerificationReceiver.checkPrerequisites: Skipping verification because network inactive
D/Finsky  ( 1168): [1] PackageVerificationReceiver.checkPrerequisites: Skipping verification because network inactive
W/ActivityManager(  744): No content provider found for permission revoke: file:///data/local/tmp/OpenSLTest.apk
W/ActivityManager(  744): No content provider found for permission revoke: file:///data/local/tmp/OpenSLTest.apk
I/PackageManager(  744): Copying native libraries to /data/app-lib/vmdl-1907156460
W/PackageManager(  744): Invalid verification token 131 received
I/ActivityManager(  744): Force stopping com.pzhao.opensltest appid=10102 user=-1: uninstall pkg
I/ActivityManager(  744): Killing 16313:com.pzhao.opensltest/u0a102 (adj 11): stop com.pzhao.opensltest
E/AudioFlinger(  182): 16313 died, releasing its sessions
E/AudioFlinger(  182):  pid 974 @ 0
E/AudioFlinger(  182):  pid 1168 @ 1
I/PackageManager(  744): Running dexopt on: com.pzhao.opensltest
I/PackageManager(  744): Package com.pzhao.opensltest codePath changed from /data/app/com.pzhao.opensltest-2.apk to /data/app/com.pzhao.opensltest-1.apk; Retaining data and using new
D/dalvikvm(16423): DexOpt: load 54ms, verify+opt 113ms, 1033524 bytes
I/ActivityManager(  744): Force stopping com.pzhao.opensltest appid=10102 user=-1: update pkg
W/PackageManager(  744): Code path for pkg : com.pzhao.opensltest changing from /data/app/com.pzhao.opensltest-2.apk to /data/app/com.pzhao.opensltest-1.apk
W/PackageManager(  744): Resource path for pkg : com.pzhao.opensltest changing from /data/app/com.pzhao.opensltest-2.apk to /data/app/com.pzhao.opensltest-1.apk
I/ActivityManager(  744): Force stopping com.pzhao.opensltest appid=10102 user=0: pkg removed
D/dalvikvm( 1005): GC_EXPLICIT freed 1075K, 14% free 28285K/32676K, paused 1ms+5ms, total 29ms
D/dalvikvm(  952): GC_EXPLICIT freed 63K, 35% free 21476K/32948K, paused 1ms+3ms, total 36ms
D/dalvikvm(29759): GC_EXPLICIT freed 24K, 6% free 17356K/18304K, paused 1ms+2ms, total 33ms
D/dalvikvm(26975): GC_EXPLICIT freed 803K, 10% free 17712K/19468K, paused 1ms+1ms, total 77ms
D/dalvikvm(  744): GC_EXPLICIT freed 4704K, 31% free 38550K/55180K, paused 2ms+9ms, total 88ms
D/dalvikvm( 2148): GC_EXPLICIT freed 29K, 7% free 16773K/17896K, paused 1ms+2ms, total 23ms
I/InputReader(  744): Reconfiguring input devices.  changes=0x00000010
I/InputReader(  744): Reconfiguring input devices.  changes=0x00000010
D/dalvikvm(  987): GC_FOR_ALLOC freed 526K, 4% free 16826K/17396K, paused 9ms, total 9ms
D/BackupManagerService(  744): Received broadcast Intent { act=android.intent.action.PACKAGE_REMOVED dat=package:com.pzhao.opensltest flg=0x4000010 (has extras) }
D/BackupManagerService(  744): Received broadcast Intent { act=android.intent.action.PACKAGE_ADDED dat=package:com.pzhao.opensltest flg=0x4000010 (has extras) }
V/BackupManagerService(  744): removePackageParticipantsLocked: uid=10102 #1
V/BackupManagerService(  744): addPackageParticipantsLocked: #1
D/SystemBroadcastService( 9092): Received broadcast action=android.intent.action.PACKAGE_REMOVED and uri=
V/GelStubAppWatcher(26975): onReceive: android.intent.action.PACKAGE_REMOVED
I/ActivityManager(  744): Delay finish: com.google.android.googlequicksearchbox/.GelStubAppWatcher
I/ActivityManager(  744): Resuming delayed broadcast
E/AppsCustomizePagedView( 1005): Widget ComponentInfo{com.sds.android.ttpod/com.sds.android.ttpod.component.appwidget.DesktopPlayer5x1} can not fit on this device (1080, 120)
E/AppsCustomizePagedView( 1005): Widget ComponentInfo{com.sds.android.ttpod/com.sds.android.ttpod.component.appwidget.DesktopPlayer5x2} can not fit on this device (1080, 330)
D/dalvikvm(  744): GC_EXPLICIT freed 580K, 31% free 38328K/55180K, paused 10ms+8ms, total 107ms
D/AndroidRuntime(16405): Shutting down VM
D/jdwp    (16405): Got wake-up signal, bailing out of select
D/dalvikvm(16405): Debugger has detached; object registry had 1 entries
W/Launcher( 1005): setApplicationContext called twice! old=com.google.android.velvet.VelvetApplication@4252d000 new=com.google.android.velvet.VelvetApplication@4252d000
W/LocationProviderProxy-fused(  744): com.google.android.gms resolves service com.android.location.service.FusedLocationProvider, but has wrong signature, ignoring
W/ContextImpl(15057): Calling a method in the system process without a qualified user: android.app.ContextImpl.startService:1479 android.content.ContextWrapper.startService:494 android.content.ContextWrapper.startService:494 com.android.keychain.KeyChainBroadcastReceiver.onReceive:12 android.app.ActivityThread.handleReceiver:2400 
D/AlarmService( 4275): Alarm has been set
W/ActivityManager(  744): Unable to start service Intent { act=com.sogou.pushservice.action.METHOD cmp=/com.sogou.udp.push.PushService (has extras) } U=0: not found
D/SystemBroadcastService( 9092): Received broadcast action=android.intent.action.PACKAGE_ADDED and uri=
D/PackageAddedReceiver( 9111): package added com.pzhao.opensltest
W/ContextImpl( 9092): Implicit intents with startService are not safe: Intent { act=com.google.android.gms.games.service.INTENT } android.content.ContextWrapper.startService:494 com.google.android.gms.games.service.GamesIntentService.a:101 com.google.android.gms.games.service.GamesIntentService.b:368 
I/Icing.InternalIcingCorporaProvider(26975): Updating corpora: A: com.pzhao.opensltest, C: MAYBE
I/ActivityManager(  744): Delay finish: com.google.android.googlequicksearchbox/com.google.android.search.core.summons.icing.InternalIcingCorporaProvider$CorporaChangedReceiver
I/ActivityManager(  744): Resuming delayed broadcast
V/GelStubAppWatcher(26975): onReceive: android.intent.action.PACKAGE_ADDED
I/ActivityManager(  744): Delay finish: com.google.android.apps.plus/.service.PackagesMediaMonitor
I/ActivityManager(  744): Resuming delayed broadcast
D/AlarmService( 4275): Alarm has been set
W/System.err( 4275): java.util.concurrent.ExecutionException: java.util.concurrent.ExecutionException: java.net.UnknownHostException: Unable to resolve host "api.wandoujia.com": No address associated with hostname
W/System.err( 4275): 	at com.wandoujia.rpc.http.client.DataClient.executeHttpRequest(:147)
W/System.err( 4275): 	at com.wandoujia.rpc.http.client.DataClient.execute(:61)
W/System.err( 4275): 	at com.wandoujia.rpc.http.client.DataClientCache.execute(:105)
W/System.err( 4275): 	at o.bpc.execute(:36)
W/System.err( 4275): 	at o.fmu.･(:44)
W/System.err( 4275): 	at o.fln.ʼ(:244)
W/System.err( 4275): 	at o.fln.･(:33)
W/System.err( 4275): 	at o.flo.run(:227)
W/System.err( 4275): 	at java.util.concurrent.ThreadPoolExecutor.runWorker(ThreadPoolExecutor.java:1112)
W/System.err( 4275): 	at java.util.concurrent.ThreadPoolExecutor$Worker.run(ThreadPoolExecutor.java:587)
W/System.err( 4275): 	at java.lang.Thread.run(Thread.java:841)
W/System.err( 4275): Caused by: java.util.concurrent.ExecutionException: java.net.UnknownHostException: Unable to resolve host "api.wandoujia.com": No address associated with hostname
W/System.err( 4275): 	at com.wandoujia.rpc.http.client.DataClient.executeHttpRequest(:145)
W/System.err( 4275): 	... 10 more
W/System.err( 4275): Caused by: java.net.UnknownHostException: Unable to resolve host "api.wandoujia.com": No address associated with hostname
D/SystemBroadcastService( 9092): Received broadcast action=android.intent.action.PACKAGE_REPLACED and uri=
W/System.err( 4275): 	at java.net.InetAddress.lookupHostByName(InetAddress.java:424)
W/System.err( 4275): 	at java.net.InetAddress.getAllByNameImpl(InetAddress.java:236)
W/System.err( 4275): 	at java.net.InetAddress.getAllByName(InetAddress.java:214)
W/System.err( 4275): 	at org.apache.http.impl.conn.DefaultClientConnectionOperator.openConnection(DefaultClientConnectionOperator.java:137)
W/System.err( 4275): 	at org.apache.http.impl.conn.AbstractPoolEntry.open(AbstractPoolEntry.java:164)
W/System.err( 4275): 	at org.apache.http.impl.conn.AbstractPooledConnAdapter.open(AbstractPooledConnAdapter.java:119)
W/System.err( 4275): 	at org.apache.http.impl.client.DefaultRequestDirector.execute(DefaultRequestDirector.java:360)
W/System.err( 4275): 	at org.apache.http.impl.client.AbstractHttpClient.execute(AbstractHttpClient.java:555)
W/System.err( 4275): 	at com.wandoujia.base.http.HttpClientWrapper.execute(:127)
W/System.err( 4275): 	at com.wandoujia.base.http.HttpClientWrapper.execute(:96)
W/System.err( 4275): 	at com.wandoujia.base.http.HttpClientWrapper.execute(:87)
W/System.err( 4275): 	at com.wandoujia.rpc.http.client.DataClient.executeHttpRequest(:139)
W/System.err( 4275): 	... 10 more
W/System.err( 4275): Caused by: libcore.io.GaiException: getaddrinfo failed: EAI_NODATA (No address associated with hostname)
W/System.err( 4275): 	at libcore.io.Posix.getaddrinfo(Native Method)
W/System.err( 4275): 	at libcore.io.ForwardingOs.getaddrinfo(ForwardingOs.java:61)
W/System.err( 4275): 	at java.net.InetAddress.lookupHostByName(InetAddress.java:405)
I/ActivityManager(  744): Delay finish: com.google.android.gms/.app.receiver.SystemBroadcastReceiver
W/System.err( 4275): 	... 21 more
D/dalvikvm( 1175): GC_FOR_ALLOC freed 519K, 4% free 16782K/17336K, paused 9ms, total 9ms
V/GelStubAppWatcher(26975): onReceive: android.intent.action.PACKAGE_REPLACED
W/Launcher( 1005): setApplicationContext called twice! old=com.google.android.velvet.VelvetApplication@4252d000 new=com.google.android.velvet.VelvetApplication@4252d000
I/ActivityManager(  744): Resuming delayed broadcast
D/AlarmService( 4275): Alarm has been set
I/GCoreUlr( 1175): Ensuring that reporting is stopped because of reasons: (no Google accounts)
D/GCoreFlp( 1175): Unknown pending intent to remove.
I/GCoreUlr( 1175): Unbound from all location providers
D/AndroidRuntime(16464): 
D/AndroidRuntime(16464): >>>>>> AndroidRuntime START com.android.internal.os.RuntimeInit <<<<<<
D/AndroidRuntime(16464): CheckJNI is OFF
D/dalvikvm(16464): Trying to load lib libjavacore.so 0x0
D/dalvikvm(16464): Added shared lib libjavacore.so 0x0
D/dalvikvm(16464): Trying to load lib libnativehelper.so 0x0
D/dalvikvm(16464): Added shared lib libnativehelper.so 0x0
D/dalvikvm(16464): No JNI_OnLoad found in libnativehelper.so 0x0, skipping init
D/dalvikvm(16464): Note: class Landroid/app/ActivityManagerNative; has 179 unimplemented (abstract) methods
D/AndroidRuntime(16464): Calling main entry com.android.commands.am.Am
I/ActivityManager(  744): START u0 {act=android.intent.action.MAIN cat=[android.intent.category.LAUNCHER] flg=0x10000000 cmp=com.pzhao.opensltest/.MainActivity} from pid 16464
D/AndroidRuntime(16464): Shutting down VM
D/jdwp    (16464): Got wake-up signal, bailing out of select
D/dalvikvm(16464): Debugger has detached; object registry had 1 entries
D/dalvikvm(16481): Late-enabling CheckJNI
I/ActivityManager(  744): Start proc com.pzhao.opensltest for activity com.pzhao.opensltest/.MainActivity: pid=16481 uid=10102 gids={50102, 1028, 1015, 3003}
D/dalvikvm(16481): Debugger has detached; object registry had 1 entries
D/dalvikvm(16481): Trying to load lib /data/app-lib/com.pzhao.opensltest-1/libOpenSLTest.so 0x4252d3e8
D/dalvikvm(16481): Added shared lib /data/app-lib/com.pzhao.opensltest-1/libOpenSLTest.so 0x4252d3e8
D/dalvikvm(16481): No JNI_OnLoad found in /data/app-lib/com.pzhao.opensltest-1/libOpenSLTest.so 0x4252d3e8, skipping init
D/OpenSLActivity(16481): pzhao-->create RingBuffer
D/OpenSLActivity(16481): pzhao-->NativeSlave created
D/OpenSLActivity(16481): pzhao-->create engine
I/Adreno-EGL(16481): <qeglDrvAPI_eglInitialize:320>: EGL 1.4 QUALCOMM build:  (CL3776187)
I/Adreno-EGL(16481): OpenGL ES Shader Compiler Version: 
I/Adreno-EGL(16481): Build Date: 10/15/13 Tue
I/Adreno-EGL(16481): Local Branch: 
I/Adreno-EGL(16481): Remote Branch: partner/upstream
I/Adreno-EGL(16481): Local Patches: 
I/Adreno-EGL(16481): Reconstruct Branch: 
D/dalvikvm(16481): GC_CONCURRENT freed 154K, 2% free 16629K/16820K, paused 3ms+1ms, total 13ms
D/OpenGLRenderer(16481): Enabling debug mode 0
I/ActivityManager(  744): Displayed com.pzhao.opensltest/.MainActivity: +175ms
D/dalvikvm( 9092): GC_FOR_ALLOC freed 491K, 4% free 16878K/17420K, paused 9ms, total 9ms
E/AudioFlinger(  182): registerClient() client 0xb8aa9838, pid 16481
E/AudioFlinger(  182): sendIoConfigEvent() num events 1 event 0, param 0
E/AudioFlinger(  182): sendIoConfigEvent() num events 1 event 0, param 0
E/AudioFlinger(  182): thread 0xb5ec9008 type 0 TID 808 waking up
E/AudioFlinger(  182): thread 0xb5c5b008 type 0 TID 809 waking up
E/AudioFlinger(  182): acquireWakeLock_l() AudioOut_2 status 0
E/AudioFlinger(  182): processConfigEvents() remaining events 1
E/AudioFlinger(  182): PlaybackThread::audioConfigChanged_l, thread 0xb5ec9008, event 0, param 0
E/AudioFlinger(  182): acquireWakeLock_l() AudioOut_3 status 0
E/AudioFlinger(  182): processConfigEvents() remaining events 1
E/AudioFlinger(  182): PlaybackThread::audioConfigChanged_l, thread 0xb5c5b008, event 0, param 0
E/AudioPolicyService(  182): pzhao-->I'm getting output in AudioPolicyService.cpp
E/AudioPolicyManagerBase(  182): pzhao-->now i'm getting output in AudioPolicyMangerBase through Binder from AudioPolicyService
E/AudioPolicyManagerBase(  182): pzhao-->output come from selectOutput in AudioPolicyMangerBase
E/AudioPolicyManagerBase(  182): pzhao-->now i return output 2 from AudioPolicyMangerBase at last when profile = NULL
E/AudioPolicyService(  182): vaylb-->AudioPolicyService::getOutput():output = 2 , stream = 3, samplingRate = 44100, format = 0x000001, channelMask = 3, flags = 0
E/AudioFlinger(  182): pzhao-->Must appear!!in createTrack of AudioFlinfer.cpp 
E/AudioFlinger(  182): pzhao-->I'm creating a new client in AudioFlinger,add to mClients
E/AudioFlinger(  182): createTrack() sessionId: 796
E/AudioFlinger(  182): createTrack() lSessionId: 796
E/AudioFlinger(  182): pzhao-->Now i'm creating a new Track in Threads.cpp
E/AudioMixer(  182): add track (1)
E/AudioMixer(  182): AudioMixer::unprepareTrackForDownmix(1)
E/AudioMixer(  182):  nothing to do, no downmixer to delete
E/AudioFlinger(  182): Track constructor name 4097, calling pid 16481
E/AudioFlinger(  182): acquiring 796 from 16481
E/AudioFlinger(  182):  added new entry for 796
E/AudioFlinger(  182): start(4097), calling pid 16481 session 796
E/AudioFlinger(  182): ? => ACTIVE (4097) on thread 0xb8af1d08
E/AudioPolicyService(  182): startOutput()
E/AudioFlinger(  182): pzhao-->signal playback thread
E/AudioFlinger(  182): stop(4097), calling pid 16481
E/AudioFlinger(  182): not stopping/stopped => stopping/stopped (4097) on thread 0xb5ec9008
D/OpenSLActivity(16481): pzhao-->createAudioPlayer finish
D/OpenSLActivity(16481): pzhao-->startPlay
E/AudioFlinger(  182): start(4097), calling pid 16481 session 796
E/AudioFlinger(  182): ? => ACTIVE (4097) on thread 0xb8af1d08
E/AudioFlinger(  182): pzhao-->signal playback thread
E/AudioFlinger(  182): track 4097 s=00000000 [NOT READY] on thread 0xb5ec9008
D/audio_hw_primary(  182): select_devices: out_snd_device(2: speaker) in_snd_device(0: )
E/AudioMixer(  182): enable(1)
E/AudioMixer(  182): setParameter(VOLUME, VOLUME0/1: 00c1)
E/AudioMixer(  182): setParameter(VOLUME, VOLUME0/1: 00c1)
E/AudioMixer(  182): creating resampler from track 44100 Hz to device 48000 Hz
E/AudioMixer(  182): setParameter(RESAMPLE, SAMPLE_RATE, 44100)
E/AudioMixer(  182): setParameter(TRACK, MAIN_BUFFER, 0xb8a81b20)
E/AudioMixer(  182): mixer configuration change: 1 activeTracks (00000002) all16BitsStereoNoResample=0, resampling=1, volumeRamp=0
D/dalvikvm( 1168): GC_FOR_ALLOC freed 567K, 25% free 16829K/22360K, paused 14ms, total 15ms
D/Finsky  ( 1168): [1] 5.onFinished: Installation state replication succeeded.
E/AudioFlinger(  182): releaseWakeLock_l() AudioOut_3
E/AudioFlinger(  182): thread 0xb5c5b008 type 0 TID 809 going to sleep
I/EventLogService( 9111): Aggregate from 1429506331948 (log), 1429506331948 (data)
W/Uploader( 9092): No account for auth token provided
D/Uploader( 9092): Network request failed class java.net.UnknownHostException(Unable to resolve host "play.googleapis.com": No address associated with hostname)
D/dalvikvm( 9092): GC_FOR_ALLOC freed 136K, 4% free 16836K/17420K, paused 10ms, total 10ms
D/dalvikvm(  847): GC_FOR_ALLOC freed 5805K, 53% free 22585K/47288K, paused 17ms, total 17ms
V/SearchControllerCache(26975): creating SearchController
I/SearchController(26975): #onHotwordDetectorNotStarted
I/SearchController(26975): #onHotwordDetectorNotStarted
V/SearchControllerCache(26975): disposing SearchController
E/AudioFlinger(  182): stop(4097), calling pid 16481
E/AudioFlinger(  182): not stopping/stopped => stopping/stopped (4097) on thread 0xb5ec9008
E/AudioFlinger(  182): releasing 796 from 16481
E/AudioFlinger(  182):  decremented refcount to 0
E/AudioFlinger(  182): purging stale effects
D/OpenSLActivity(16481): pzhao-->delete RingBuffer
D/OpenSLActivity(16481): pzhao-->delete NativeSlave
E/AudioFlinger(  182): track 4097 s=00059000 [NOT READY] on thread 0xb5ec9008
E/AudioFlinger(  182): presentationComplete() mPresentationCompleteFrames 0 framesWritten 398400
E/AudioFlinger(  182): presentationComplete() reset: mPresentationCompleteFrames 400800 audioHalFrames 2400
E/AudioMixer(  182): disable(1)
E/AudioFlinger(  182): track 4097 s=00059000 [NOT READY] on thread 0xb5ec9008
E/AudioFlinger(  182): presentationComplete() mPresentationCompleteFrames 400800 framesWritten 398400
E/AudioFlinger(  182): track 4097 s=00059000 [NOT READY] on thread 0xb5ec9008
E/AudioFlinger(  182): presentationComplete() mPresentationCompleteFrames 400800 framesWritten 399360
E/AudioFlinger(  182): track 4097 s=00059000 [NOT READY] on thread 0xb5ec9008
E/AudioFlinger(  182): presentationComplete() mPresentationCompleteFrames 400800 framesWritten 399360
E/AudioFlinger(  182): track 4097 s=00059000 [NOT READY] on thread 0xb5ec9008
E/AudioFlinger(  182): presentationComplete() mPresentationCompleteFrames 400800 framesWritten 400320
E/AudioFlinger(  182): track 4097 s=00059000 [NOT READY] on thread 0xb5ec9008
E/AudioFlinger(  182): presentationComplete() mPresentationCompleteFrames 400800 framesWritten 400320
E/AudioFlinger(  182): track 4097 s=00059000 [NOT READY] on thread 0xb5ec9008
E/AudioFlinger(  182): presentationComplete() mPresentationCompleteFrames 400800 framesWritten 401280
E/AudioFlinger(  182): presentationComplete() session 796 complete: framesWritten 401280
E/AudioFlinger(  182): removeTracks_l removing track on session 796
E/AudioFlinger(  182): remove track (4097) and delete from mixer
E/AudioMixer(  182): AudioMixer::deleteTrackName(4097)
E/AudioMixer(  182): deleteTrackName(1)
E/AudioMixer(  182): AudioMixer::unprepareTrackForDownmix(1)
E/AudioMixer(  182):  nothing to do, no downmixer to delete
E/AudioPolicyService(  182): stopOutput()
E/AudioPolicyService(  182): inserting command: 5 at index 0, num commands 0
E/AudioPolicyService(  182): AudioCommandThread() adding stop output 2
E/AudioPolicyService(  182): vaylb_test-->AudioPolicyService:releaseOutput(2)
E/AudioPolicyService(  182): AudioCommandThread() waking up
E/AudioPolicyService(  182): AudioCommandThread() processing stop output 2
E/AudioPolicyService(  182): doStopOutput from tid 782
E/AudioPolicyService(  182): AudioCommandThread() going to sleep
E/AudioPolicyService(  182): inserting command: 6 at index 0, num commands 0
E/AudioPolicyService(  182): AudioCommandThread() adding release output 2
E/AudioFlinger(  182): PlaybackThread::Track destructor
E/AudioFlinger(  182): removeClient_l() pid 16481, calling pid 182
E/AudioPolicyService(  182): AudioCommandThread() waking up
E/AudioPolicyService(  182): AudioCommandThread() processing release output 2
E/AudioPolicyService(  182): doReleaseOutput from tid 782
E/AudioPolicyService(  182): AudioCommandThread() going to sleep
E/AudioFlinger(  182): Audio hardware entering standby, mixer 0xb5ec9008, suspend count 0
E/audio_hw_primary(  182): vaylb_test-->HAL:out_standby_new run.
E/audio_hw_primary(  182): vaylb_test-->HAL:out_standby run.
E/AudioFlinger(  182): releaseWakeLock_l() AudioOut_2
E/AudioFlinger(  182): thread 0xb5ec9008 type 0 TID 808 going to sleep
D/dalvikvm(26975): GC_FOR_ALLOC freed 488K, 9% free 17735K/19468K, paused 27ms, total 30ms
D/dalvikvm(26975): GC_FOR_ALLOC freed 39K, 7% free 18208K/19468K, paused 20ms, total 20ms
W/EventLoggerService(26975): Unable to send logs Unable to resolve host "www.google.com": No address associated with hostname
I/ActivityManager(  744): START u0 {act=android.intent.action.MAIN cat=[android.intent.category.LAUNCHER] flg=0x10200000 cmp=com.pzhao.opensltest/.MainActivity} from pid 1005
D/OpenSLActivity(16481): pzhao-->create RingBuffer
D/OpenSLActivity(16481): pzhao-->NativeSlave created
D/OpenSLActivity(16481): pzhao-->create engine
I/ActivityManager(  744): Displayed com.pzhao.opensltest/.MainActivity: +138ms
E/AudioPolicyService(  182): pzhao-->I'm getting output in AudioPolicyService.cpp
E/AudioPolicyManagerBase(  182): pzhao-->now i'm getting output in AudioPolicyMangerBase through Binder from AudioPolicyService
E/AudioPolicyManagerBase(  182): pzhao-->output come from selectOutput in AudioPolicyMangerBase
E/AudioPolicyManagerBase(  182): pzhao-->now i return output 2 from AudioPolicyMangerBase at last when profile = NULL
E/AudioPolicyService(  182): vaylb-->AudioPolicyService::getOutput():output = 2 , stream = 3, samplingRate = 44100, format = 0x000001, channelMask = 3, flags = 0
E/AudioFlinger(  182): pzhao-->Must appear!!in createTrack of AudioFlinfer.cpp 
E/AudioFlinger(  182): pzhao-->I'm creating a new client in AudioFlinger,add to mClients
E/AudioFlinger(  182): createTrack() sessionId: 797
E/AudioFlinger(  182): createTrack() lSessionId: 797
E/AudioFlinger(  182): pzhao-->Now i'm creating a new Track in Threads.cpp
E/AudioMixer(  182): add track (1)
E/AudioMixer(  182): AudioMixer::unprepareTrackForDownmix(1)
E/AudioMixer(  182):  nothing to do, no downmixer to delete
E/AudioFlinger(  182): Track constructor name 4097, calling pid 16481
E/AudioFlinger(  182): acquiring 797 from 16481
E/AudioFlinger(  182):  added new entry for 797
E/AudioFlinger(  182): start(4097), calling pid 16481 session 797
E/AudioFlinger(  182): ? => ACTIVE (4097) on thread 0xb8af1d08
E/AudioPolicyService(  182): startOutput()
E/AudioFlinger(  182): pzhao-->signal playback thread
E/AudioFlinger(  182): thread 0xb5ec9008 type 0 TID 808 waking up
D/OpenSLActivity(16481): pzhao-->createAudioPlayer finish
E/AudioFlinger(  182): acquireWakeLock_l() AudioOut_2 status 0
E/AudioFlinger(  182): stop(4097), calling pid 16481
E/AudioFlinger(  182): track 4097 s=00000000 [NOT READY] on thread 0xb5ec9008
E/AudioFlinger(  182): not stopping/stopped => stopping/stopped (4097) on thread 0xb5ec9008
D/OpenSLActivity(16481): pzhao-->startPlay
E/AudioFlinger(  182): start(4097), calling pid 16481 session 797
E/AudioFlinger(  182): ? => ACTIVE (4097) on thread 0xb8af1d08
E/AudioFlinger(  182): pzhao-->signal playback thread
D/audio_hw_primary(  182): select_devices: out_snd_device(2: speaker) in_snd_device(0: )
E/AudioMixer(  182): enable(1)
E/AudioMixer(  182): setParameter(VOLUME, VOLUME0/1: 00c1)
E/AudioMixer(  182): setParameter(VOLUME, VOLUME0/1: 00c1)
E/AudioMixer(  182): creating resampler from track 44100 Hz to device 48000 Hz
E/AudioMixer(  182): setParameter(RESAMPLE, SAMPLE_RATE, 44100)
E/AudioMixer(  182): setParameter(TRACK, MAIN_BUFFER, 0xb8a81b20)
E/AudioMixer(  182): mixer configuration change: 1 activeTracks (00000002) all16BitsStereoNoResample=0, resampling=1, volumeRamp=0
D/Daemon  ( 2241): [startService]...component:com.sds.android.ttpod/com.igexin.sdk.PushService
D/Daemon  ( 2241): [startService]Parent process is running,ChildPid is 16606, ParentPid is 2241
D/Daemon  ( 2241): startService called...
D/Daemon  ( 2241): waiting...
D/Daemon  (16606): [startService]Child process is running,CurPid is 0, ChildPid is 16606
D/AndroidRuntime(16606): 
D/AndroidRuntime(16606): >>>>>> AndroidRuntime START com.android.internal.os.RuntimeInit <<<<<<
D/AndroidRuntime(16606): CheckJNI is OFF
D/dalvikvm(16606): Trying to load lib libjavacore.so 0x0
D/dalvikvm(16606): Added shared lib libjavacore.so 0x0
D/dalvikvm(16606): Trying to load lib libnativehelper.so 0x0
D/dalvikvm(16606): Added shared lib libnativehelper.so 0x0
D/dalvikvm(16606): No JNI_OnLoad found in libnativehelper.so 0x0, skipping init
D/dalvikvm(16606): Note: class Landroid/app/ActivityManagerNative; has 179 unimplemented (abstract) methods
D/AndroidRuntime(16606): Calling main entry com.android.commands.am.Am
D/AndroidRuntime(16606): Shutting down VM
D/dalvikvm(16606): Debugger has detached; object registry had 1 entries
E/AudioFlinger(  182): stop(4097), calling pid 16481
E/AudioFlinger(  182): not stopping/stopped => stopping/stopped (4097) on thread 0xb5ec9008
E/AudioFlinger(  182): releasing 797 from 16481
E/AudioFlinger(  182):  decremented refcount to 0
E/AudioFlinger(  182): purging stale effects
D/OpenSLActivity(16481): pzhao-->delete RingBuffer
D/OpenSLActivity(16481): pzhao-->delete NativeSlave
F/libc    (16481): Fatal signal 11 (SIGSEGV) at 0x00000011 (code=1), thread 16604 (Thread-2548)
E/AudioFlinger(  182): track 4097 s=0008d372 [NOT READY] on thread 0xb5ec9008
E/AudioFlinger(  182): presentationComplete() mPresentationCompleteFrames 0 framesWritten 630720
E/AudioFlinger(  182): presentationComplete() reset: mPresentationCompleteFrames 633120 audioHalFrames 2400
E/AudioMixer(  182): disable(1)
E/AudioFlinger(  182): track 4097 s=0008d372 [NOT READY] on thread 0xb5ec9008
E/AudioFlinger(  182): presentationComplete() mPresentationCompleteFrames 633120 framesWritten 630720
E/AudioFlinger(  182): track 4097 s=0008d372 [NOT READY] on thread 0xb5ec9008
E/AudioFlinger(  182): presentationComplete() mPresentationCompleteFrames 633120 framesWritten 631680
E/AudioFlinger(  182): track 4097 s=0008d372 [NOT READY] on thread 0xb5ec9008
E/AudioFlinger(  182): presentationComplete() mPresentationCompleteFrames 633120 framesWritten 631680
E/AudioFlinger(  182): track 4097 s=0008d372 [NOT READY] on thread 0xb5ec9008
E/AudioFlinger(  182): presentationComplete() mPresentationCompleteFrames 633120 framesWritten 632640
E/AudioFlinger(  182): track 4097 s=0008d372 [NOT READY] on thread 0xb5ec9008
E/AudioFlinger(  182): presentationComplete() mPresentationCompleteFrames 633120 framesWritten 632640
E/AudioFlinger(  182): track 4097 s=0008d372 [NOT READY] on thread 0xb5ec9008
E/AudioFlinger(  182): presentationComplete() mPresentationCompleteFrames 633120 framesWritten 633600
E/AudioFlinger(  182): presentationComplete() session 797 complete: framesWritten 633600
E/AudioFlinger(  182): removeTracks_l removing track on session 797
E/AudioFlinger(  182): remove track (4097) and delete from mixer
E/AudioMixer(  182): AudioMixer::deleteTrackName(4097)
E/AudioMixer(  182): deleteTrackName(1)
E/AudioMixer(  182): AudioMixer::unprepareTrackForDownmix(1)
E/AudioMixer(  182):  nothing to do, no downmixer to delete
E/AudioPolicyService(  182): stopOutput()
E/AudioPolicyService(  182): inserting command: 5 at index 0, num commands 0
E/AudioPolicyService(  182): AudioCommandThread() adding stop output 2
E/AudioPolicyService(  182): vaylb_test-->AudioPolicyService:releaseOutput(2)
E/AudioPolicyService(  182): inserting command: 6 at index 1, num commands 1
E/AudioPolicyService(  182): AudioCommandThread() adding release output 2
E/AudioFlinger(  182): PlaybackThread::Track destructor
E/AudioFlinger(  182): removeClient_l() pid 16481, calling pid 182
E/AudioPolicyService(  182): AudioCommandThread() waking up
E/AudioPolicyService(  182): AudioCommandThread() processing stop output 2
E/AudioPolicyService(  182): doStopOutput from tid 782
E/AudioPolicyService(  182): AudioCommandThread() processing release output 2
E/AudioPolicyService(  182): doReleaseOutput from tid 782
E/AudioPolicyService(  182): AudioCommandThread() going to sleep
I/DEBUG   (27138): *** *** *** *** *** *** *** *** *** *** *** *** *** *** *** ***
I/DEBUG   (27138): Build fingerprint: 'Android/aosp_hammerhead/hammerhead:4.4/KRT16M/eng.vaylb.20140708.131800:userdebug/test-keys'
I/DEBUG   (27138): Revision: '11'
I/DEBUG   (27138): pid: 16481, tid: 16604, name: Thread-2548  >>> com.pzhao.opensltest <<<
I/DEBUG   (27138): signal 11 (SIGSEGV), code 1 (SEGV_MAPERR), fault addr 00000011
I/DEBUG   (27138):     r0 00000011  r1 4257c4a9  r2 00001ff1  r3 0000000f
I/DEBUG   (27138):     r4 76a58268  r5 00000000  r6 00002000  r7 00002000
I/DEBUG   (27138):     r8 78a6eb10  r9 76b7dfc8  sl 76a5f968  fp 78a6eb24
I/DEBUG   (27138):     ip 80000000  sp 78a6ead8  lr 000000eb  pc 40050ff0  cpsr a00f4830
I/DEBUG   (27138):     d0  e963f5a6ea75f43c  d1  ec05f2c1eddaf134
I/DEBUG   (27138):     d2  f9c3ebcffc28eb71  d3  f4ceed59f756ec76
I/DEBUG   (27138):     d4  0823f814072cf9cf  d5  08cdf45908b5f63b
I/DEBUG   (27138):     d6  07bbf09a0876f26f  d7  057bed9b06beeef0
I/DEBUG   (27138):     d8  0000000000000000  d9  0000000000000000
I/DEBUG   (27138):     d10 0000000000000000  d11 0000000000000000
I/DEBUG   (27138):     d12 0000000000000000  d13 0000000000000000
I/DEBUG   (27138):     d14 0000000000000000  d15 0000000000000000
I/DEBUG   (27138):     d16 00007e7ef15ea829  d17 0009000a000a0009
I/DEBUG   (27138):     d18 0001000200020001  d19 0006000500040003
I/DEBUG   (27138):     d20 c042000000000000  d21 c042000000000000
I/DEBUG   (27138):     d22 0000000000000000  d23 c042000000000000
I/DEBUG   (27138):     d24 000e000d000c000b  d25 0010000f000d000e
I/DEBUG   (27138):     d26 0000000000000000  d27 0000000000000000
I/DEBUG   (27138):     d28 3ff0000000000000  d29 0000000000000000
I/DEBUG   (27138):     d30 0010001000100010  d31 0000000000000000
I/DEBUG   (27138):     scr 60000012
I/DEBUG   (27138): 
I/DEBUG   (27138): backtrace:
I/DEBUG   (27138):     #00  pc 00021ff0  /system/lib/libc.so (__memcpy_base+27)
I/DEBUG   (27138):     #01  pc 00001bcf  /data/app-lib/com.pzhao.opensltest-1/libOpenSLTest.so (RingBuffer::Write(char*, unsigned int)+62)
I/DEBUG   (27138):     #02  pc 00001711  /data/app-lib/com.pzhao.opensltest-1/libOpenSLTest.so (Java_com_pzhao_opensltest_MainActivity_write+32)
I/DEBUG   (27138):     #03  pc 0001dbcc  /system/lib/libdvm.so (dvmPlatformInvoke+112)
I/DEBUG   (27138):     #04  pc 0004e123  /system/lib/libdvm.so (dvmCallJNIMethod(unsigned int const*, JValue*, Method const*, Thread*)+398)
I/DEBUG   (27138):     #05  pc 00000214  /dev/ashmem/dalvik-jit-code-cache (deleted)
I/DEBUG   (27138): 
I/DEBUG   (27138): stack:
I/DEBUG   (27138):          78a6ea98  4257c498  /dev/ashmem/dalvik-heap (deleted)
I/DEBUG   (27138):          78a6ea9c  414a3413  /system/lib/libdvm.so
I/DEBUG   (27138):          78a6eaa0  4257c498  /dev/ashmem/dalvik-heap (deleted)
I/DEBUG   (27138):          78a6eaa4  76a5f958  [anon:libc_malloc]
I/DEBUG   (27138):          78a6eaa8  41509564  /system/lib/libdvm.so
I/DEBUG   (27138):          78a6eaac  78a6eac4  [stack:16604]
I/DEBUG   (27138):          78a6eab0  76a5ff60  [anon:libc_malloc]
I/DEBUG   (27138):          78a6eab4  414a352d  /system/lib/libdvm.so
I/DEBUG   (27138):          78a6eab8  36d00009  
I/DEBUG   (27138):          78a6eabc  414a51dd  /system/lib/libdvm.so
I/DEBUG   (27138):          78a6eac0  76a5ff60  [anon:libc_malloc]
I/DEBUG   (27138):          78a6eac4  76a5f958  [anon:libc_malloc]
I/DEBUG   (27138):          78a6eac8  414a51b9  /system/lib/libdvm.so
I/DEBUG   (27138):          78a6eacc  6fdb562f  /system/lib/libjavacore.so
I/DEBUG   (27138):          78a6ead0  78a6eae0  [stack:16604]
I/DEBUG   (27138):          78a6ead4  6fdbc4b9  /system/lib/libjavacore.so
I/DEBUG   (27138):     #00  78a6ead8  00000011  
I/DEBUG   (27138):          78a6eadc  74f2bbd3  /data/app-lib/com.pzhao.opensltest-1/libOpenSLTest.so (RingBuffer::Write(char*, unsigned int)+66)
I/DEBUG   (27138):     #01  78a6eae0  74e55c58  [anon:libc_malloc]
I/DEBUG   (27138):          78a6eae4  4257c4a8  /dev/ashmem/dalvik-heap (deleted)
I/DEBUG   (27138):          78a6eae8  00002000  
I/DEBUG   (27138):          78a6eaec  74f2f004  /data/app-lib/com.pzhao.opensltest-1/libOpenSLTest.so
I/DEBUG   (27138):          78a6eaf0  74f2ef84  /data/app-lib/com.pzhao.opensltest-1/libOpenSLTest.so
I/DEBUG   (27138):          78a6eaf4  00000000  
I/DEBUG   (27138):          78a6eaf8  76b7dfd0  
I/DEBUG   (27138):          78a6eafc  74f2b715  /data/app-lib/com.pzhao.opensltest-1/libOpenSLTest.so (Java_com_pzhao_opensltest_MainActivity_write+36)
I/DEBUG   (27138):     #02  78a6eb00  00000000  
I/DEBUG   (27138):          78a6eb04  6d70eb00  /dev/ashmem/dalvik-LinearAlloc (deleted)
I/DEBUG   (27138):          78a6eb08  76a5f958  [anon:libc_malloc]
I/DEBUG   (27138):          78a6eb0c  41477bd0  /system/lib/libdvm.so (dvmPlatformInvoke+116)
I/DEBUG   (27138): 
I/DEBUG   (27138): memory near r1:
I/DEBUG   (27138):     4257c488 00000000 00000000 00000000 0000201b  
I/DEBUG   (27138):     4257c498 41510800 00000000 00002000 00000000  
I/DEBUG   (27138):     4257c4a8 e8d3f6eb e8d7f7fe e96ff8e2 ea94f99a  
I/DEBUG   (27138):     4257c4b8 ec4efa54 ee64faf6 f0c2fb9a f346fc38  
I/DEBUG   (27138):     4257c4c8 f5fafcdf f8b2fd70 fb5cfde4 fdfefe44  
I/DEBUG   (27138):     4257c4d8 0075fe6b 02b3fe6a 04b7fe3b 0679fdea  
I/DEBUG   (27138):     4257c4e8 07dcfd7e 08dafd02 0977fc85 099efc08  
I/DEBUG   (27138):     4257c4f8 097bfb9d 0902fb49 0840fb0f 074bfafc  
I/DEBUG   (27138):     4257c508 061afb08 04c4fb38 0344fb7f 0196fbcf  
I/DEBUG   (27138):     4257c518 ffdafc4c fe0efce7 fc3ffda4 fa87fea7  
I/DEBUG   (27138):     4257c528 f8f0ffdb f76c0127 f62602a2 f514041d  
I/DEBUG   (27138):     4257c538 f453058a f3ea06db f3f3080a f46e091a  
I/DEBUG   (27138):     4257c548 f5590a0d f6aa0ad5 f85c0b93 fa600c60  
I/DEBUG   (27138):     4257c558 fc830d1d fed70dc3 01400e4e 03980ea0  
I/DEBUG   (27138):     4257c568 05f30ec1 08340e96 0a610e2d 0c3e0d7e  
I/DEBUG   (27138):     4257c578 0dd20c86 0f000b52 0fbf09f0 1011086b  
I/DEBUG   (27138): 
I/DEBUG   (27138): memory near r2:
I/DEBUG   (27138):     00001fd0 ffffffff ffffffff ffffffff ffffffff  
I/DEBUG   (27138):     00001fe0 ffffffff ffffffff ffffffff ffffffff  
I/DEBUG   (27138):     00001ff0 ffffffff ffffffff ffffffff ffffffff  
I/DEBUG   (27138):     00002000 ffffffff ffffffff ffffffff ffffffff  
I/DEBUG   (27138):     00002010 ffffffff ffffffff ffffffff ffffffff  
I/DEBUG   (27138):     00002020 ffffffff ffffffff ffffffff ffffffff  
I/DEBUG   (27138):     00002030 ffffffff ffffffff ffffffff ffffffff  
I/DEBUG   (27138):     00002040 ffffffff ffffffff ffffffff ffffffff  
I/DEBUG   (27138):     00002050 ffffffff ffffffff ffffffff ffffffff  
I/DEBUG   (27138):     00002060 ffffffff ffffffff ffffffff ffffffff  
I/DEBUG   (27138):     00002070 ffffffff ffffffff ffffffff ffffffff  
I/DEBUG   (27138):     00002080 ffffffff ffffffff ffffffff ffffffff  
I/DEBUG   (27138):     00002090 ffffffff ffffffff ffffffff ffffffff  
I/DEBUG   (27138):     000020a0 ffffffff ffffffff ffffffff ffffffff  
I/DEBUG   (27138):     000020b0 ffffffff ffffffff ffffffff ffffffff  
I/DEBUG   (27138):     000020c0 ffffffff ffffffff ffffffff ffffffff  
I/DEBUG   (27138): 
I/DEBUG   (27138): memory near r4:
I/DEBUG   (27138):     76a58248 00000001 00000010 00000000 00000000  
I/DEBUG   (27138):     76a58258 71330d20 00000000 00000000 00000000  
I/DEBUG   (27138):     76a58268 00000000 00000011 74e55c50 76a6fda0  
I/DEBUG   (27138):     76a58278 00000010 0000002a 00000001 00000010  
I/DEBUG   (27138):     76a58288 00000000 00000000 7132e410 00000000  
I/DEBUG   (27138):     76a58298 00000000 00000000 00000000 00000013  
I/DEBUG   (27138):     76a582a8 00000001 40070000 00000001 0000005b  
I/DEBUG   (27138):     76a582b8 00000001 00000040 00000000 00000000  
I/DEBUG   (27138):     76a582c8 401a3c94 1d200406 41457f48 40163399  
I/DEBUG   (27138):     76a582d8 00700061 002e0070 00410049 00740063  
I/DEBUG   (27138):     76a582e8 00760069 00740069 004d0079 006e0061  
I/DEBUG   (27138):     76a582f8 00670061 00720065 00000000 00000001  
I/DEBUG   (27138):     76a58308 00000058 0000003b 00000001 00000020  
I/DEBUG   (27138):     76a58318 00000000 00000000 76a6fad0 76db8ca0  
I/DEBUG   (27138):     76a58328 76db8648 76a6a9f0 00000000 00000000  
I/DEBUG   (27138):     76a58338 00000000 00000000 00000000 0000002b  
I/DEBUG   (27138): 
I/DEBUG   (27138): memory near r6:
I/DEBUG   (27138):     00001fe0 ffffffff ffffffff ffffffff ffffffff  
I/DEBUG   (27138):     00001ff0 ffffffff ffffffff ffffffff ffffffff  
I/DEBUG   (27138):     00002000 ffffffff ffffffff ffffffff ffffffff  
I/DEBUG   (27138):     00002010 ffffffff ffffffff ffffffff ffffffff  
I/DEBUG   (27138):     00002020 ffffffff ffffffff ffffffff ffffffff  
I/DEBUG   (27138):     00002030 ffffffff ffffffff ffffffff ffffffff  
I/DEBUG   (27138):     00002040 ffffffff ffffffff ffffffff ffffffff  
I/DEBUG   (27138):     00002050 ffffffff ffffffff ffffffff ffffffff  
I/DEBUG   (27138):     00002060 ffffffff ffffffff ffffffff ffffffff  
I/DEBUG   (27138):     00002070 ffffffff ffffffff ffffffff ffffffff  
I/DEBUG   (27138):     00002080 ffffffff ffffffff ffffffff ffffffff  
I/DEBUG   (27138):     00002090 ffffffff ffffffff ffffffff ffffffff  
I/DEBUG   (27138):     000020a0 ffffffff ffffffff ffffffff ffffffff  
I/DEBUG   (27138):     000020b0 ffffffff ffffffff ffffffff ffffffff  
I/DEBUG   (27138):     000020c0 ffffffff ffffffff ffffffff ffffffff  
I/DEBUG   (27138):     000020d0 ffffffff ffffffff ffffffff ffffffff  
I/DEBUG   (27138): 
I/DEBUG   (27138): memory near r7:
I/DEBUG   (27138):     00001fe0 ffffffff ffffffff ffffffff ffffffff  
I/DEBUG   (27138):     00001ff0 ffffffff ffffffff ffffffff ffffffff  
I/DEBUG   (27138):     00002000 ffffffff ffffffff ffffffff ffffffff  
I/DEBUG   (27138):     00002010 ffffffff ffffffff ffffffff ffffffff  
I/DEBUG   (27138):     00002020 ffffffff ffffffff ffffffff ffffffff  
I/DEBUG   (27138):     00002030 ffffffff ffffffff ffffffff ffffffff  
I/DEBUG   (27138):     00002040 ffffffff ffffffff ffffffff ffffffff  
I/DEBUG   (27138):     00002050 ffffffff ffffffff ffffffff ffffffff  
I/DEBUG   (27138):     00002060 ffffffff ffffffff ffffffff ffffffff  
I/DEBUG   (27138):     00002070 ffffffff ffffffff ffffffff ffffffff  
I/DEBUG   (27138):     00002080 ffffffff ffffffff ffffffff ffffffff  
I/DEBUG   (27138):     00002090 ffffffff ffffffff ffffffff ffffffff  
I/DEBUG   (27138):     000020a0 ffffffff ffffffff ffffffff ffffffff  
I/DEBUG   (27138):     000020b0 ffffffff ffffffff ffffffff ffffffff  
I/DEBUG   (27138):     000020c0 ffffffff ffffffff ffffffff ffffffff  
I/DEBUG   (27138):     000020d0 ffffffff ffffffff ffffffff ffffffff  
I/DEBUG   (27138): 
I/DEBUG   (27138): memory near r8:
I/DEBUG   (27138):     78a6eaf0 74f2ef84 00000000 76b7dfd0 74f2b715  
I/DEBUG   (27138):     78a6eb00 00000000 6d70eb00 76a5f958 41477bd0  
I/DEBUG   (27138):     78a6eb10 76b7dfc8 00000001 00000008 4252e3a8  
I/DEBUG   (27138):     78a6eb20 4257e4d0 414a8127 76b7dfc8 74ee4204  
I/DEBUG   (27138):     78a6eb30 74f2b6f1 76a5f968 00000000 00000000  
I/DEBUG   (27138):     78a6eb40 c9a00001 00000000 00000000 4007d384  
I/DEBUG   (27138):     78a6eb50 00000000 00000000 00000000 00000000  
I/DEBUG   (27138):     78a6eb60 00000000 00000000 00000000 00000000  
I/DEBUG   (27138):     78a6eb70 00000000 00000000 00000000 00000000  
I/DEBUG   (27138):     78a6eb80 00000000 00000000 00000000 00000090  
I/DEBUG   (27138):     78a6eb90 00000090 42518008 00000001 00000090  
I/DEBUG   (27138):     78a6eba0 415091f0 76b7de30 4257e4d0 42586818  
I/DEBUG   (27138):     78a6ebb0 ffffffff 42586818 41459368 414cd19d  
I/DEBUG   (27138):     78a6ebc0 00000000 41504c74 4150fe90 00000090  
I/DEBUG   (27138):     78a6ebd0 42586818 415091f0 00000090 41483e24  
I/DEBUG   (27138):     78a6ebe0 ffffffff 425867c8 41459368 41504c74  
I/DEBUG   (27138): 
I/DEBUG   (27138): memory near r9:
I/DEBUG   (27138):     76b7dfa8 74eb337e 6d3e7380 6e4643d4 76b7dfdc  
I/DEBUG   (27138):     76b7dfb8 74eb3384 6d70eb00 00000000 7759cd15  
I/DEBUG   (27138):     76b7dfc8 76b7e000 00000000 6d70f538 74eb3384  
I/DEBUG   (27138):     76b7dfd8 00000000 00000000 4257e5e0 4257c498  
I/DEBUG   (27138):     76b7dfe8 4257e4d0 00000000 00000000 00000000  
I/DEBUG   (27138):     76b7dff8 00000000 00000000 00000000 00000000  
I/DEBUG   (27138):     76b7e008 00000000 00000000 00000000 00000000  
I/DEBUG   (27138):     76b7e018 00000000 00000000 00000000 00000000  
I/DEBUG   (27138):     76b7e028 00000000 00000000 00000000 00000000  
I/DEBUG   (27138):     76b7e038 00000000 00000000 00000000 00000000  
I/DEBUG   (27138):     76b7e048 00000000 00000000 00000000 00000000  
I/DEBUG   (27138):     76b7e058 00000000 00000000 00000000 00000000  
I/DEBUG   (27138):     76b7e068 00000000 00000000 00000000 00000000  
I/DEBUG   (27138):     76b7e078 00000000 00000000 00000000 00000000  
I/DEBUG   (27138):     76b7e088 00000000 00000000 00000000 00000000  
I/DEBUG   (27138):     76b7e098 00000000 00000000 00000000 00000000  
I/DEBUG   (27138): 
I/DEBUG   (27138): memory near sl:
I/DEBUG   (27138):     76a5f948 55555555 55555555 00000810 0000045a  
I/DEBUG   (27138):     76a5f958 6e48af24 76b7dfc8 6d70f538 74e5a000  
I/DEBUG   (27138):     76a5f968 00002000 00000007 78a6ec40 00000000  
I/DEBUG   (27138):     76a5f978 78a6ec94 0000000b 00000000 41477d40  
I/DEBUG   (27138):     76a5f988 00000000 00000000 6c78fe70 76b7a300  
I/DEBUG   (27138):     76a5f998 00000000 00000000 00000001 00004000  
I/DEBUG   (27138):     76a5f9a8 00000000 76d161f8 41477d40 4147cc00  
I/DEBUG   (27138):     76a5f9b8 00000000 41480cfc 41480d70 41480c20  
I/DEBUG   (27138):     76a5f9c8 41480c40 41480c9c 00000000 00000000  
I/DEBUG   (27138):     76a5f9d8 76d9fff8 00000028 00000000 00000000  
I/DEBUG   (27138):     76a5f9e8 00000000 00000006 00002000 4150991c  
I/DEBUG   (27138):     76a5f9f8 00000000 00000000 00000001 76d16548  
I/DEBUG   (27138):     76a5fa08 00000001 00000040 00000200 00000000  
I/DEBUG   (27138):     76a5fa18 00000000 00000000 00000000 00000000  
I/DEBUG   (27138):     76a5fa28 00000000 00000000 00000000 00000000  
I/DEBUG   (27138):     76a5fa38 00000000 00000000 00000000 00000000  
I/DEBUG   (27138): 
I/DEBUG   (27138): memory near fp:
I/DEBUG   (27138):     78a6eb04 6d70eb00 76a5f958 41477bd0 76b7dfc8  
I/DEBUG   (27138):     78a6eb14 00000001 00000008 4252e3a8 4257e4d0  
I/DEBUG   (27138):     78a6eb24 414a8127 76b7dfc8 74ee4204 74f2b6f1  
I/DEBUG   (27138):     78a6eb34 76a5f968 00000000 00000000 c9a00001  
I/DEBUG   (27138):     78a6eb44 00000000 00000000 4007d384 00000000  
I/DEBUG   (27138):     78a6eb54 00000000 00000000 00000000 00000000  
I/DEBUG   (27138):     78a6eb64 00000000 00000000 00000000 00000000  
I/DEBUG   (27138):     78a6eb74 00000000 00000000 00000000 00000000  
I/DEBUG   (27138):     78a6eb84 00000000 00000000 00000090 00000090  
I/DEBUG   (27138):     78a6eb94 42518008 00000001 00000090 415091f0  
I/DEBUG   (27138):     78a6eba4 76b7de30 4257e4d0 42586818 ffffffff  
I/DEBUG   (27138):     78a6ebb4 42586818 41459368 414cd19d 00000000  
I/DEBUG   (27138):     78a6ebc4 41504c74 4150fe90 00000090 42586818  
I/DEBUG   (27138):     78a6ebd4 415091f0 00000090 41483e24 ffffffff  
I/DEBUG   (27138):     78a6ebe4 425867c8 41459368 41504c74 4150fe90  
I/DEBUG   (27138):     78a6ebf4 00000020 00000090 414c30af 425867c8  
I/DEBUG   (27138): 
I/DEBUG   (27138): memory near ip:
I/DEBUG   (27138):     7fffffe0 ffffffff ffffffff ffffffff ffffffff  
I/DEBUG   (27138):     7ffffff0 ffffffff ffffffff ffffffff ffffffff  
I/DEBUG   (27138):     80000000 ffffffff ffffffff ffffffff ffffffff  
I/DEBUG   (27138):     80000010 ffffffff ffffffff ffffffff ffffffff  
I/DEBUG   (27138):     80000020 ffffffff ffffffff ffffffff ffffffff  
I/DEBUG   (27138):     80000030 ffffffff ffffffff ffffffff ffffffff  
I/DEBUG   (27138):     80000040 ffffffff ffffffff ffffffff ffffffff  
I/DEBUG   (27138):     80000050 ffffffff ffffffff ffffffff ffffffff  
I/DEBUG   (27138):     80000060 ffffffff ffffffff ffffffff ffffffff  
I/DEBUG   (27138):     80000070 ffffffff ffffffff ffffffff ffffffff  
I/DEBUG   (27138):     80000080 ffffffff ffffffff ffffffff ffffffff  
I/DEBUG   (27138):     80000090 ffffffff ffffffff ffffffff ffffffff  
I/DEBUG   (27138):     800000a0 ffffffff ffffffff ffffffff ffffffff  
I/DEBUG   (27138):     800000b0 ffffffff ffffffff ffffffff ffffffff  
I/DEBUG   (27138):     800000c0 ffffffff ffffffff ffffffff ffffffff  
I/DEBUG   (27138):     800000d0 ffffffff ffffffff ffffffff ffffffff  
I/DEBUG   (27138): 
I/DEBUG   (27138): memory near sp:
I/DEBUG   (27138):     78a6eab8 36d00009 414a51dd 76a5ff60 76a5f958  
I/DEBUG   (27138):     78a6eac8 414a51b9 6fdb562f 78a6eae0 6fdbc4b9  
I/DEBUG   (27138):     78a6ead8 00000011 74f2bbd3 74e55c58 4257c4a8  
I/DEBUG   (27138):     78a6eae8 00002000 74f2f004 74f2ef84 00000000  
I/DEBUG   (27138):     78a6eaf8 76b7dfd0 74f2b715 00000000 6d70eb00  
I/DEBUG   (27138):     78a6eb08 76a5f958 41477bd0 76b7dfc8 00000001  
I/DEBUG   (27138):     78a6eb18 00000008 4252e3a8 4257e4d0 414a8127  
I/DEBUG   (27138):     78a6eb28 76b7dfc8 74ee4204 74f2b6f1 76a5f968  
I/DEBUG   (27138):     78a6eb38 00000000 00000000 c9a00001 00000000  
I/DEBUG   (27138):     78a6eb48 00000000 4007d384 00000000 00000000  
I/DEBUG   (27138):     78a6eb58 00000000 00000000 00000000 00000000  
I/DEBUG   (27138):     78a6eb68 00000000 00000000 00000000 00000000  
I/DEBUG   (27138):     78a6eb78 00000000 00000000 00000000 00000000  
I/DEBUG   (27138):     78a6eb88 00000000 00000090 00000090 42518008  
I/DEBUG   (27138):     78a6eb98 00000001 00000090 415091f0 76b7de30  
I/DEBUG   (27138):     78a6eba8 4257e4d0 42586818 ffffffff 42586818  
I/DEBUG   (27138): 
I/DEBUG   (27138): code around pc:
I/DEBUG   (27138):     40050fd0 4001e92d d3412a10 0300f1c0 030ff013  
I/DEBUG   (27138):     40050fe0 eba2d01d ea5f0203 bf447cc3 eb01f811  
I/DEBUG   (27138):     40050ff0 eb01f800 f811bf21 f811cb01 f800eb01  
I/DEBUG   (27138):     40051000 f800cb01 ea5feb01 da037c43 030df9a1  
I/DEBUG   (27138):     40051010 031df980 f921d303 f900070d 3a40071d  
I/DEBUG   (27138):     40051020 f921d30b f921020d f891420d 3a40f100  
I/DEBUG   (27138):     40051030 022df900 422df900 3220d2f3 f921d305  
I/DEBUG   (27138):     40051040 f1a2020d f9000220 f102022d f0120220  
I/DEBUG   (27138):     40051050 d0030f10 0a0df921 0a2df900 7c42ea5f  
I/DEBUG   (27138):     40051060 f921d303 f900070d da03070d 030df9a1  
I/DEBUG   (27138):     40051070 030df980 7cc2ea5f f811bf44 f8003b01  
I/DEBUG   (27138):     40051080 bf213b01 cb01f811 eb01f811 cb01f800  
I/DEBUG   (27138):     40051090 eb01f800 4001e8bd bf004770 4803b500  
I/DEBUG   (27138):     400510a0 44784901 fcb6f7f0 000138e4 00027fda  
I/DEBUG   (27138):     400510b0 e1520003 9a000008 e52de004 e59f000c  
I/DEBUG   (27138):     400510c0 e59f1004 e080000f faffc251 000138fd  
I/DEBUG   (27138): 
I/DEBUG   (27138): code around lr:
I/DEBUG   (27138):     000000c8 ffffffff ffffffff ffffffff ffffffff  
I/DEBUG   (27138):     000000d8 ffffffff ffffffff ffffffff ffffffff  
I/DEBUG   (27138):     000000e8 ffffffff ffffffff ffffffff ffffffff  
I/DEBUG   (27138):     000000f8 ffffffff ffffffff ffffffff ffffffff  
I/DEBUG   (27138):     00000108 ffffffff ffffffff ffffffff ffffffff  
I/DEBUG   (27138):     00000118 ffffffff ffffffff ffffffff ffffffff  
I/DEBUG   (27138):     00000128 ffffffff ffffffff ffffffff ffffffff  
I/DEBUG   (27138):     00000138 ffffffff ffffffff ffffffff ffffffff  
I/DEBUG   (27138):     00000148 ffffffff ffffffff ffffffff ffffffff  
I/DEBUG   (27138):     00000158 ffffffff ffffffff ffffffff ffffffff  
I/DEBUG   (27138):     00000168 ffffffff ffffffff ffffffff ffffffff  
I/DEBUG   (27138):     00000178 ffffffff ffffffff ffffffff ffffffff  
I/DEBUG   (27138):     00000188 ffffffff ffffffff ffffffff ffffffff  
I/DEBUG   (27138):     00000198 ffffffff ffffffff ffffffff ffffffff  
I/DEBUG   (27138):     000001a8 ffffffff ffffffff ffffffff ffffffff  
I/DEBUG   (27138):     000001b8 ffffffff ffffffff ffffffff ffffffff  
I/BootReceiver(  744): Copying /data/tombstones/tombstone_05 to DropBox (SYSTEM_TOMBSTONE)
E/AudioFlinger(  182): 16481 died, releasing its sessions
E/AudioFlinger(  182):  pid 974 @ 0
E/AudioFlinger(  182):  pid 1168 @ 1
W/InputDispatcher(  744): channel '42af6d98 com.pzhao.opensltest/com.pzhao.opensltest.MainActivity (server)' ~ Consumer closed input channel or an error occurred.  events=0x9
