W/ContextImpl( 2746): Calling a method in the system process without a qualified user: android.app.ContextImpl.startService:1479 android.content.ContextWrapper.startService:494 android.content.ContextWrapper.startService:494 com.android.keychain.KeyChainBroadcastReceiver.onReceive:12 android.app.ActivityThread.handleReceiver:2400 
W/ActivityManager(  744): Unable to start service Intent { act=com.sogou.pushservice.action.METHOD cmp=/com.sogou.udp.push.PushService (has extras) } U=0: not found
I/ActivityManager(  744): Start proc com.wandoujia.phoenix2.usbproxy for broadcast com.wandoujia.phoenix2.usbproxy/com.wandoujia.pmp.receivers.AppChangedReceiver: pid=2761 uid=10086 gids={50086, 3003, 1028, 1015}
I/ActivityManager(  744): Killing 32326:com.android.providers.calendar/u0a1 (adj 15): empty #17
I/ActivityManager(  744): Start proc com.google.android.partnersetup for broadcast com.google.android.partnersetup/.RlzPingBroadcastReceiver: pid=2775 uid=10010 gids={50010, 3003}
I/ActivityManager(  744): Killing 32301:com.google.android.calendar/u0a31 (adj 15): empty #17
I/ActivityManager(  744): Delay finish: com.google.android.gms/.wallet.receiver.PackageAddedBroadcastReceiver
I/ActivityManager(  744): Resuming delayed broadcast
I/ActivityManager(  744): Delay finish: com.google.android.googlequicksearchbox/com.google.android.search.core.summons.icing.InternalIcingCorporaProvider$CorporaChangedReceiver
I/ActivityManager(  744): Resuming delayed broadcast
I/ActivityManager(  744): Delay finish: com.google.android.gms/.app.receiver.SystemBroadcastReceiver
I/ActivityManager(  744): Resuming delayed broadcast
I/ActivityManager(  744): Delay finish: com.google.android.googlequicksearchbox/.GelStubAppWatcher
I/ActivityManager(  744): Resuming delayed broadcast
I/ActivityManager(  744): Start proc com.google.android.apps.walletnfcrel for broadcast com.google.android.apps.walletnfcrel/com.google.android.apps.wallet.services.maintenance.OnBootOrUpgradeReceiver: pid=2809 uid=10023 gids={50023, 3003, 1028}
I/ActivityManager(  744): Killing 32346:com.google.android.apps.genie.geniewidget/u0a42 (adj 15): empty #17
I/ActivityManager(  744): Killing 1234:com.google.android.talk/u0a49 (adj 15): empty #17
I/ActivityManager(  744): START u0 {act=android.intent.action.MAIN cat=[android.intent.category.LAUNCHER] flg=0x10000000 cmp=com.pzhao.opensltest/.MainActivity} from pid 2797
I/ActivityManager(  744): Start proc com.pzhao.opensltest for activity com.pzhao.opensltest/.MainActivity: pid=2835 uid=10104 gids={50104, 1028, 1015, 3003}
I/ActivityManager(  744): Killing 31869:com.android.chrome/u0a34 (adj 15): empty #17
D/ConnectivityService(  744): Sampling interval elapsed, updating statistics ..
D/ConnectivityService(  744): Done.
D/ConnectivityService(  744): Setting timer for 720seconds
I/ProcessStatsService(  744): Prepared write state in 25ms
I/ProcessStatsService(  744): Prepared write state in 0ms
I/ProcessStatsService(  744): Pruning old procstats: /data/system/procstats/state-2015-04-14-20-07-00.bin
I/EntropyMixer(  744): Writing entropy...
I/ActivityManager(  744): Killing 2384:com.google.android.youtube/u0a81 (adj 15): empty for 1825s
I/ActivityManager(  744): Killing 31903:com.google.android.apps.uploader/u0a58 (adj 15): empty for 1826s
I/ActivityManager(  744): Killing 31884:com.google.android.gallery3d/u0a41 (adj 15): empty for 1826s
D/ConnectivityService(  744): Sampling interval elapsed, updating statistics ..
D/ConnectivityService(  744): Done.
D/ConnectivityService(  744): Setting timer for 720seconds
I/ActivityManager(  744): Killing 2733:com.android.voicedialer/u0a21 (adj 15): empty for 1800s
I/ActivityManager(  744): Killing 2775:com.google.android.partnersetup/u0a10 (adj 15): empty for 1800s
I/ActivityManager(  744): Killing 2746:com.android.keychain/1000 (adj 15): empty for 1800s
I/ActivityManager(  744): Killing 2680:com.android.defcontainer/u0a4 (adj 15): empty for 1801s
W/SocketClient(  176): write error (Broken pipe)
I/PowerManagerService(  744): Going to sleep due to screen timeout...
W/PackageParser( 4275): Unable to read AndroidManifest.xml of /storage/emulated/0/Download/wandoujia-wandoujia_wap.apk
W/PackageParser( 4275): java.io.FileNotFoundException: AndroidManifest.xml
W/PackageParser( 4275): 	at android.content.res.AssetManager.openXmlAssetNative(Native Method)
W/PackageParser( 4275): 	at android.content.res.AssetManager.openXmlBlockAsset(AssetManager.java:488)
W/PackageParser( 4275): 	at android.content.res.AssetManager.openXmlResourceParser(AssetManager.java:456)
W/PackageParser( 4275): 	at android.content.pm.PackageParser.parsePackage(PackageParser.java:524)
W/PackageParser( 4275): 	at android.content.pm.PackageManager.getPackageArchiveInfo(PackageManager.java:2620)
W/PackageParser( 4275): 	at o.vu.(:221)
W/PackageParser( 4275): 	at o.vu.(:213)
W/PackageParser( 4275): 	at o.vu.(:213)
W/PackageParser( 4275): 	at o.vu.(:173)
W/PackageParser( 4275): 	at o.wd.(:354)
W/PackageParser( 4275): 	at o.wd.(:51)
W/PackageParser( 4275): 	at o.we.run(:183)
W/PackageParser( 4275): 	at com.wandoujia.base.concurrent.CachedThreadPoolExecutorWithCapacity$if.run(:316)
I/ActivityManager(  744): Start proc com.android.defcontainer for service com.android.defcontainer/.DefaultContainerService: pid=3346 uid=10004 gids={50004, 1028, 1015, 1023, 2001, 1035}
I/ActivityManager(  744): Killing 26482:com.google.android.apps.plus/u0a68 (adj 15): empty for 1909s
W/SocketClient(  176): write error (Broken pipe)
D/ConnectivityService(  744): Sampling interval elapsed, updating statistics ..
D/ConnectivityService(  744): Done.
D/ConnectivityService(  744): Setting timer for 720seconds
I/ProcessStatsService(  744): Prepared write state in 3ms
I/PowerManagerService(  744): Waking up from sleep...
I/WindowManager(  744): Lock screen displayed!
W/ActivityManager(  744): Unable to start service Intent { act=com.sogou.pushservice.action.METHOD cmp=/com.sogou.udp.push.PushService (has extras) } U=0: not found
W/InputMethodManagerService(  744): Window already focused, ignoring focus gain of: com.android.internal.view.IInputMethodClient$Stub$Proxy@4350e698 attribute=android.view.inputmethod.EditorInfo@42be8c70, token = android.os.BinderProxy@428f28a0
W/ActivityManager(  744): No content provider found for permission revoke: file:///data/local/tmp/OpenSLTest.apk
W/ActivityManager(  744): No content provider found for permission revoke: file:///data/local/tmp/OpenSLTest.apk
I/PackageManager(  744): Copying native libraries to /data/app-lib/vmdl-861482154
W/PackageManager(  744): Invalid verification token 156 received
I/ActivityManager(  744): Force stopping com.pzhao.opensltest appid=10104 user=-1: uninstall pkg
I/ActivityManager(  744): Killing 2835:com.pzhao.opensltest/u0a104 (adj 13): stop com.pzhao.opensltest
I/PackageManager(  744): Package com.pzhao.opensltest codePath changed from /data/app/com.pzhao.opensltest-2.apk to /data/app/com.pzhao.opensltest-1.apk; Retaining data and using new
W/PackageManager(  744): Code path for pkg : com.pzhao.opensltest changing from /data/app/com.pzhao.opensltest-2.apk to /data/app/com.pzhao.opensltest-1.apk
I/ActivityManager(  744): Force stopping com.pzhao.opensltest appid=10104 user=-1: update pkg
W/PackageManager(  744): Resource path for pkg : com.pzhao.opensltest changing from /data/app/com.pzhao.opensltest-2.apk to /data/app/com.pzhao.opensltest-1.apk
I/ActivityManager(  744): Force stopping com.pzhao.opensltest appid=10104 user=0: pkg removed
D/BackupManagerService(  744): Received broadcast Intent { act=android.intent.action.PACKAGE_REMOVED dat=package:com.pzhao.opensltest flg=0x4000010 (has extras) }
I/ActivityManager(  744): Start proc com.android.voicedialer for broadcast com.android.voicedialer/.VoiceDialerReceiver: pid=3539 uid=10021 gids={50021, 3002}
D/BackupManagerService(  744): Received broadcast Intent { act=android.intent.action.PACKAGE_ADDED dat=package:com.pzhao.opensltest flg=0x4000010 (has extras) }
V/BackupManagerService(  744): removePackageParticipantsLocked: uid=10104 #1
V/BackupManagerService(  744): addPackageParticipantsLocked: #1
I/ActivityManager(  744): Start proc com.android.keychain for broadcast com.android.keychain/.KeyChainBroadcastReceiver: pid=3552 uid=1000 gids={41000, 1028, 1015, 3002, 3001, 3003}
W/ContextImpl( 3552): Calling a method in the system process without a qualified user: android.app.ContextImpl.startService:1479 android.content.ContextWrapper.startService:494 android.content.ContextWrapper.startService:494 com.android.keychain.KeyChainBroadcastReceiver.onReceive:12 android.app.ActivityThread.handleReceiver:2400 
I/ActivityManager(  744): Start proc com.google.android.apps.plus for broadcast com.google.android.apps.plus/.service.PackagesMediaMonitor: pid=3567 uid=10068 gids={50068, 3003, 3002, 1028, 1015}
W/ActivityManager(  744): Unable to start service Intent { act=com.sogou.pushservice.action.METHOD cmp=/com.sogou.udp.push.PushService (has extras) } U=0: not found
I/ActivityManager(  744): Start proc com.google.android.partnersetup for broadcast com.google.android.partnersetup/.RlzPingBroadcastReceiver: pid=3591 uid=10010 gids={50010, 3003}
I/ActivityManager(  744): Killing 2809:com.google.android.apps.walletnfcrel/u0a23 (adj 15): empty for 2586s
W/BroadcastQueue(  744): Exception when sending broadcast to ComponentInfo{com.google.android.apps.walletnfcrel/com.google.android.apps.wallet.services.maintenance.OnBootOrUpgradeReceiver}
W/BroadcastQueue(  744): android.os.DeadObjectException
W/BroadcastQueue(  744): 	at android.os.BinderProxy.transact(Native Method)
W/BroadcastQueue(  744): 	at android.app.ApplicationThreadProxy.scheduleReceiver(ApplicationThreadNative.java:814)
W/BroadcastQueue(  744): 	at com.android.server.am.BroadcastQueue.processCurBroadcastLocked(BroadcastQueue.java:234)
W/BroadcastQueue(  744): 	at com.android.server.am.BroadcastQueue.processNextBroadcast(BroadcastQueue.java:857)
W/BroadcastQueue(  744): 	at com.android.server.am.ActivityManagerService.finishReceiver(ActivityManagerService.java:13564)
W/BroadcastQueue(  744): 	at android.app.ActivityManagerNative.onTransact(ActivityManagerNative.java:383)
W/BroadcastQueue(  744): 	at com.android.server.am.ActivityManagerService.onTransact(ActivityManagerService.java:2049)
W/BroadcastQueue(  744): 	at android.os.Binder.execTransact(Binder.java:404)
W/BroadcastQueue(  744): 	at dalvik.system.NativeStart.run(Native Method)
I/ActivityManager(  744): Start proc com.google.android.apps.walletnfcrel for broadcast com.google.android.apps.walletnfcrel/com.google.android.apps.wallet.services.maintenance.OnBootOrUpgradeReceiver: pid=3618 uid=10023 gids={50023, 3003, 1028}
I/ActivityManager(  744): Process com.google.android.apps.walletnfcrel (pid 2809) has died and restarted (pid 3618).
I/ActivityManager(  744): START u0 {act=android.intent.action.MAIN cat=[android.intent.category.LAUNCHER] flg=0x10000000 cmp=com.pzhao.opensltest/.MainActivity} from pid 3635
I/ActivityManager(  744): Start proc com.pzhao.opensltest for activity com.pzhao.opensltest/.MainActivity: pid=3654 uid=10104 gids={50104, 1028, 1015, 3003}
W/ProcessCpuTracker(  744): Skipping unknown process pid 3898
D/ConnectivityService(  744): Sampling interval elapsed, updating statistics ..
D/ConnectivityService(  744): Done.
D/ConnectivityService(  744): Setting timer for 720seconds
W/SocketClient(  176): write error (Broken pipe)
W/ActivityManager(  744): No content provider found for permission revoke: file:///data/local/tmp/OpenSLTest.apk
W/ActivityManager(  744): No content provider found for permission revoke: file:///data/local/tmp/OpenSLTest.apk
I/PackageManager(  744): Copying native libraries to /data/app-lib/vmdl2005025141
W/PackageManager(  744): Invalid verification token 157 received
I/ActivityManager(  744): Force stopping com.pzhao.opensltest appid=10104 user=-1: uninstall pkg
I/ActivityManager(  744): Killing 3654:com.pzhao.opensltest/u0a104 (adj 13): stop com.pzhao.opensltest
I/PackageManager(  744): Package com.pzhao.opensltest codePath changed from /data/app/com.pzhao.opensltest-1.apk to /data/app/com.pzhao.opensltest-2.apk; Retaining data and using new
W/PackageManager(  744): Code path for pkg : com.pzhao.opensltest changing from /data/app/com.pzhao.opensltest-1.apk to /data/app/com.pzhao.opensltest-2.apk
W/PackageManager(  744): Resource path for pkg : com.pzhao.opensltest changing from /data/app/com.pzhao.opensltest-1.apk to /data/app/com.pzhao.opensltest-2.apk
I/ActivityManager(  744): Force stopping com.pzhao.opensltest appid=10104 user=-1: update pkg
I/ActivityManager(  744): Force stopping com.pzhao.opensltest appid=10104 user=0: pkg removed
D/BackupManagerService(  744): Received broadcast Intent { act=android.intent.action.PACKAGE_REMOVED dat=package:com.pzhao.opensltest flg=0x4000010 (has extras) }
D/BackupManagerService(  744): Received broadcast Intent { act=android.intent.action.PACKAGE_ADDED dat=package:com.pzhao.opensltest flg=0x4000010 (has extras) }
V/BackupManagerService(  744): removePackageParticipantsLocked: uid=10104 #1
V/BackupManagerService(  744): addPackageParticipantsLocked: #1
W/ContextImpl( 3552): Calling a method in the system process without a qualified user: android.app.ContextImpl.startService:1479 android.content.ContextWrapper.startService:494 android.content.ContextWrapper.startService:494 com.android.keychain.KeyChainBroadcastReceiver.onReceive:12 android.app.ActivityThread.handleReceiver:2400 
W/ActivityManager(  744): Unable to start service Intent { act=com.sogou.pushservice.action.METHOD cmp=/com.sogou.udp.push.PushService (has extras) } U=0: not found
I/ActivityManager(  744): Delay finish: com.google.android.gms/.wallet.receiver.PackageAddedBroadcastReceiver
I/ActivityManager(  744): Resuming delayed broadcast
I/ActivityManager(  744): Delay finish: com.google.android.gms/.app.receiver.SystemBroadcastReceiver
I/ActivityManager(  744): Resuming delayed broadcast
I/ActivityManager(  744): Delay finish: com.google.android.googlequicksearchbox/.GelStubAppWatcher
I/ActivityManager(  744): Resuming delayed broadcast
I/ActivityManager(  744): Delay finish: com.wandoujia.phoenix2.usbproxy/com.wandoujia.pmp.receivers.AppChangedReceiver
I/ActivityManager(  744): Resuming delayed broadcast
I/ActivityManager(  744): START u0 {act=android.intent.action.MAIN cat=[android.intent.category.LAUNCHER] flg=0x10000000 cmp=com.pzhao.opensltest/.MainActivity} from pid 4258
I/ActivityManager(  744): Start proc com.pzhao.opensltest for activity com.pzhao.opensltest/.MainActivity: pid=4276 uid=10104 gids={50104, 1028, 1015, 3003}
I/ActivityManager(  744): START u0 {act=android.intent.action.MAIN cat=[android.intent.category.LAUNCHER] flg=0x10200000 cmp=com.pzhao.opensltest/.MainActivity} from pid 1005
W/ActivityManager(  744): No content provider found for permission revoke: file:///data/local/tmp/OpenSLTest.apk
W/ActivityManager(  744): No content provider found for permission revoke: file:///data/local/tmp/OpenSLTest.apk
I/PackageManager(  744): Copying native libraries to /data/app-lib/vmdl1036609349
W/PackageManager(  744): Invalid verification token 158 received
I/ActivityManager(  744): Force stopping com.pzhao.opensltest appid=10104 user=-1: uninstall pkg
I/ActivityManager(  744): Killing 4276:com.pzhao.opensltest/u0a104 (adj 13): stop com.pzhao.opensltest
I/PackageManager(  744): Package com.pzhao.opensltest codePath changed from /data/app/com.pzhao.opensltest-2.apk to /data/app/com.pzhao.opensltest-1.apk; Retaining data and using new
W/PackageManager(  744): Code path for pkg : com.pzhao.opensltest changing from /data/app/com.pzhao.opensltest-2.apk to /data/app/com.pzhao.opensltest-1.apk
W/PackageManager(  744): Resource path for pkg : com.pzhao.opensltest changing from /data/app/com.pzhao.opensltest-2.apk to /data/app/com.pzhao.opensltest-1.apk
I/ActivityManager(  744): Force stopping com.pzhao.opensltest appid=10104 user=-1: update pkg
I/ActivityManager(  744): Force stopping com.pzhao.opensltest appid=10104 user=0: pkg removed
I/ActivityManager(  744): Delay finish: com.google.android.googlequicksearchbox/.GelStubAppWatcher
I/ActivityManager(  744): Resuming delayed broadcast
D/BackupManagerService(  744): Received broadcast Intent { act=android.intent.action.PACKAGE_REMOVED dat=package:com.pzhao.opensltest flg=0x4000010 (has extras) }
D/BackupManagerService(  744): Received broadcast Intent { act=android.intent.action.PACKAGE_ADDED dat=package:com.pzhao.opensltest flg=0x4000010 (has extras) }
V/BackupManagerService(  744): removePackageParticipantsLocked: uid=10104 #1
V/BackupManagerService(  744): addPackageParticipantsLocked: #1
W/ContextImpl( 3552): Calling a method in the system process without a qualified user: android.app.ContextImpl.startService:1479 android.content.ContextWrapper.startService:494 android.content.ContextWrapper.startService:494 com.android.keychain.KeyChainBroadcastReceiver.onReceive:12 android.app.ActivityThread.handleReceiver:2400 
W/ActivityManager(  744): Unable to start service Intent { act=com.sogou.pushservice.action.METHOD cmp=/com.sogou.udp.push.PushService (has extras) } U=0: not found
I/ActivityManager(  744): Delay finish: com.google.android.googlequicksearchbox/com.google.android.search.core.summons.icing.InternalIcingCorporaProvider$CorporaChangedReceiver
I/ActivityManager(  744): Resuming delayed broadcast
I/ActivityManager(  744): Delay finish: com.google.android.apps.plus/.service.PackagesMediaMonitor
I/ActivityManager(  744): Resuming delayed broadcast
I/ActivityManager(  744): Delay finish: com.google.android.gms/.app.receiver.SystemBroadcastReceiver
I/ActivityManager(  744): Resuming delayed broadcast
I/ActivityManager(  744): START u0 {act=android.intent.action.MAIN cat=[android.intent.category.LAUNCHER] flg=0x10000000 cmp=com.pzhao.opensltest/.MainActivity} from pid 4688
I/ActivityManager(  744): Start proc com.pzhao.opensltest for activity com.pzhao.opensltest/.MainActivity: pid=4705 uid=10104 gids={50104, 1028, 1015, 3003}
D/ConnectivityService(  744): Sampling interval elapsed, updating statistics ..
D/ConnectivityService(  744): Done.
D/ConnectivityService(  744): Setting timer for 720seconds
I/ActivityManager(  744): START u0 {act=android.intent.action.MAIN cat=[android.intent.category.LAUNCHER] flg=0x10200000 cmp=com.pzhao.opensltest/.MainActivity} from pid 1005
I/ProcessStatsService(  744): Prepared write state in 3ms
W/SocketClient(  176): write error (Broken pipe)
W/ActivityManager(  744): No content provider found for permission revoke: file:///data/local/tmp/OpenSLTest.apk
W/ActivityManager(  744): No content provider found for permission revoke: file:///data/local/tmp/OpenSLTest.apk
I/PackageManager(  744): Copying native libraries to /data/app-lib/vmdl1437252017
W/PackageManager(  744): Invalid verification token 159 received
I/ActivityManager(  744): Force stopping com.pzhao.opensltest appid=10104 user=-1: uninstall pkg
I/ActivityManager(  744): Killing 4705:com.pzhao.opensltest/u0a104 (adj 13): stop com.pzhao.opensltest
I/PackageManager(  744): Package com.pzhao.opensltest codePath changed from /data/app/com.pzhao.opensltest-1.apk to /data/app/com.pzhao.opensltest-2.apk; Retaining data and using new
W/PackageManager(  744): Code path for pkg : com.pzhao.opensltest changing from /data/app/com.pzhao.opensltest-1.apk to /data/app/com.pzhao.opensltest-2.apk
I/ActivityManager(  744): Force stopping com.pzhao.opensltest appid=10104 user=-1: update pkg
W/PackageManager(  744): Resource path for pkg : com.pzhao.opensltest changing from /data/app/com.pzhao.opensltest-1.apk to /data/app/com.pzhao.opensltest-2.apk
I/ActivityManager(  744): Force stopping com.pzhao.opensltest appid=10104 user=0: pkg removed
D/BackupManagerService(  744): Received broadcast Intent { act=android.intent.action.PACKAGE_REMOVED dat=package:com.pzhao.opensltest flg=0x4000010 (has extras) }
D/BackupManagerService(  744): Received broadcast Intent { act=android.intent.action.PACKAGE_ADDED dat=package:com.pzhao.opensltest flg=0x4000010 (has extras) }
V/BackupManagerService(  744): removePackageParticipantsLocked: uid=10104 #1
V/BackupManagerService(  744): addPackageParticipantsLocked: #1
W/ContextImpl( 3552): Calling a method in the system process without a qualified user: android.app.ContextImpl.startService:1479 android.content.ContextWrapper.startService:494 android.content.ContextWrapper.startService:494 com.android.keychain.KeyChainBroadcastReceiver.onReceive:12 android.app.ActivityThread.handleReceiver:2400 
W/ActivityManager(  744): Unable to start service Intent { act=com.sogou.pushservice.action.METHOD cmp=/com.sogou.udp.push.PushService (has extras) } U=0: not found
I/ActivityManager(  744): START u0 {act=android.intent.action.MAIN cat=[android.intent.category.LAUNCHER] flg=0x10000000 cmp=com.pzhao.opensltest/.MainActivity} from pid 5497
I/ActivityManager(  744): Start proc com.pzhao.opensltest for activity com.pzhao.opensltest/.MainActivity: pid=5514 uid=10104 gids={50104, 1028, 1015, 3003}
D/ConnectivityService(  744): Sampling interval elapsed, updating statistics ..
D/ConnectivityService(  744): Done.
D/ConnectivityService(  744): Setting timer for 720seconds
W/ActivityManager(  744): No content provider found for permission revoke: file:///data/local/tmp/OpenSLTest.apk
W/ActivityManager(  744): No content provider found for permission revoke: file:///data/local/tmp/OpenSLTest.apk
I/PackageManager(  744): Copying native libraries to /data/app-lib/vmdl600664389
W/PackageManager(  744): Invalid verification token 160 received
I/ActivityManager(  744): Force stopping com.pzhao.opensltest appid=10104 user=-1: uninstall pkg
I/ActivityManager(  744): Killing 5514:com.pzhao.opensltest/u0a104 (adj 9): stop com.pzhao.opensltest
I/PackageManager(  744): Package com.pzhao.opensltest codePath changed from /data/app/com.pzhao.opensltest-2.apk to /data/app/com.pzhao.opensltest-1.apk; Retaining data and using new
W/PackageManager(  744): Code path for pkg : com.pzhao.opensltest changing from /data/app/com.pzhao.opensltest-2.apk to /data/app/com.pzhao.opensltest-1.apk
W/PackageManager(  744): Resource path for pkg : com.pzhao.opensltest changing from /data/app/com.pzhao.opensltest-2.apk to /data/app/com.pzhao.opensltest-1.apk
I/ActivityManager(  744): Force stopping com.pzhao.opensltest appid=10104 user=-1: update pkg
I/ActivityManager(  744): Force stopping com.pzhao.opensltest appid=10104 user=0: pkg removed
D/BackupManagerService(  744): Received broadcast Intent { act=android.intent.action.PACKAGE_REMOVED dat=package:com.pzhao.opensltest flg=0x4000010 (has extras) }
D/BackupManagerService(  744): Received broadcast Intent { act=android.intent.action.PACKAGE_ADDED dat=package:com.pzhao.opensltest flg=0x4000010 (has extras) }
V/BackupManagerService(  744): removePackageParticipantsLocked: uid=10104 #1
V/BackupManagerService(  744): addPackageParticipantsLocked: #1
W/ContextImpl( 3552): Calling a method in the system process without a qualified user: android.app.ContextImpl.startService:1479 android.content.ContextWrapper.startService:494 android.content.ContextWrapper.startService:494 com.android.keychain.KeyChainBroadcastReceiver.onReceive:12 android.app.ActivityThread.handleReceiver:2400 
W/ActivityManager(  744): Unable to start service Intent { act=com.sogou.pushservice.action.METHOD cmp=/com.sogou.udp.push.PushService (has extras) } U=0: not found
I/ActivityManager(  744): START u0 {act=android.intent.action.MAIN cat=[android.intent.category.LAUNCHER] flg=0x10000000 cmp=com.pzhao.opensltest/.MainActivity} from pid 5757
I/ActivityManager(  744): Start proc com.pzhao.opensltest for activity com.pzhao.opensltest/.MainActivity: pid=5774 uid=10104 gids={50104, 1028, 1015, 3003}
D/ConnectivityService(  744): Sampling interval elapsed, updating statistics ..
D/ConnectivityService(  744): Done.
D/ConnectivityService(  744): Setting timer for 720seconds
I/ProcessStatsService(  744): Prepared write state in 21ms
I/ActivityManager(  744): Killing 3591:com.google.android.partnersetup/u0a10 (adj 15): empty for 1810s
I/ActivityManager(  744): Killing 3552:com.android.keychain/1000 (adj 15): empty for 1810s
I/ActivityManager(  744): Killing 3346:com.android.defcontainer/u0a4 (adj 15): empty for 1810s
D/ConnectivityService(  744): Sampling interval elapsed, updating statistics ..
D/ConnectivityService(  744): Done.
D/ConnectivityService(  744): Setting timer for 720seconds
W/ProcessCpuTracker(  744): Skipping unknown process pid 6932
W/ProcessCpuTracker(  744): Skipping unknown process pid 6933
W/ProcessCpuTracker(  744): Skipping unknown process pid 6935
W/ProcessCpuTracker(  744): Skipping unknown process pid 6936
W/ProcessCpuTracker(  744): Skipping unknown process pid 6942
W/ProcessCpuTracker(  744): Skipping unknown process pid 6943
I/PowerManagerService(  744): Going to sleep due to screen timeout...
I/ActivityManager(  744): Start proc com.android.providers.calendar for broadcast com.android.providers.calendar/.CalendarReceiver: pid=7022 uid=10001 gids={50001, 3003, 1028, 1015}
I/ActivityManager(  744): Start proc com.google.android.calendar for broadcast com.google.android.calendar/com.android.calendar.alerts.AlertReceiver: pid=7058 uid=10031 gids={50031, 3003}
I/ActivityManager(  744): Killing 3539:com.android.voicedialer/u0a21 (adj 15): empty for 1865s
I/ActivityManager(  744): Killing 3567:com.google.android.apps.plus/u0a68 (adj 15): empty for 1870s
W/SocketClient(  176): write error (Broken pipe)
D/ConnectivityService(  744): Sampling interval elapsed, updating statistics ..
D/ConnectivityService(  744): Done.
D/ConnectivityService(  744): Setting timer for 720seconds
W/SocketClient(  176): write error (Broken pipe)
D/ConnectivityService(  744): Sampling interval elapsed, updating statistics ..
D/ConnectivityService(  744): Done.
D/ConnectivityService(  744): Setting timer for 720seconds
I/ProcessStatsService(  744): Prepared write state in 2ms
W/ActivityManager(  744): Unable to start service Intent { act=com.sogouchat.im.IMsgService cmp=com.sogouchat/.os.MsgService } U=0: not found
D/ConnectivityService(  744): Sampling interval elapsed, updating statistics ..
D/ConnectivityService(  744): Done.
D/ConnectivityService(  744): Setting timer for 720seconds
W/SocketClient(  176): write error (Broken pipe)
I/ActivityManager(  744): Start proc com.google.android.inputmethod.latin for broadcast com.google.android.inputmethod.latin/com.android.inputmethod.dictionarypack.EventHandler: pid=8198 uid=10052 gids={50052, 3003, 1028, 1015}
I/ActivityManager(  744): Start proc com.qualcomm.timeservice for broadcast com.qualcomm.timeservice/.TimeServiceBroadcastReceiver: pid=8224 uid=10075 gids={50075}
I/ActivityManager(  744): Killing 2707:com.android.musicfx/u0a13 (adj 15): empty for 4157s
I/ActivityManager(  744): Killing 2761:com.wandoujia.phoenix2.usbproxy/u0a86 (adj 15): empty for 4157s
I/ActivityManager(  744): Start proc com.google.android.apps.genie.geniewidget for broadcast com.google.android.apps.genie.geniewidget/.miniwidget.UpdateReceiver: pid=8256 uid=10042 gids={50042, 3003, 1028, 1015}
I/ActivityManager(  744): Waited long enough for: ServiceRecord{439127b8 u0 com.google.android.apps.genie.geniewidget/.GenieRefreshService}
W/SocketClient(  176): write error (Broken pipe)
W/SocketClient(  176): write error (Broken pipe)
W/SocketClient(  176): write error (Broken pipe)
I/ActivityManager(  744): Killing 5774:com.pzhao.opensltest/u0a104 (adj 15): empty for 4161s
W/SocketClient(  176): write error (Broken pipe)
W/ActivityManager(  744): Unable to start service Intent { act=com.sogou.pushservice.action.RESTART_PUSH cmp=/com.sogou.udp.push.PushService } U=0: not found
W/ActivityManager(  744): Unable to start service Intent { act=com.sogou.pushservice.action.METHOD cmp=/com.sogou.udp.push.PushService (has extras) } U=0: not found
W/ActivityManager(  744): Unable to start service Intent { act=com.sogou.pushservice.action.METHOD cmp=/com.sogou.udp.push.PushService (has extras) } U=0: not found
W/ActivityManager(  744): Unable to start service Intent { act=com.sogou.pushservice.action.METHOD cmp=/com.sogou.udp.push.PushService (has extras) } U=0: not found
W/ActivityManager(  744): Unable to start service Intent { act=com.sogou.pushservice.action.METHOD cmp=/com.sogou.udp.push.PushService (has extras) } U=0: not found
D/ConnectivityService(  744): Sampling interval elapsed, updating statistics ..
D/ConnectivityService(  744): Done.
D/ConnectivityService(  744): Setting timer for 720seconds
I/PowerManagerService(  744): Waking up from sleep...
I/WindowManager(  744): Lock screen displayed!
W/ActivityManager(  744): Unable to start service Intent { act=com.sogou.pushservice.action.METHOD cmp=/com.sogou.udp.push.PushService (has extras) } U=0: not found
W/InputMethodManagerService(  744): Window already focused, ignoring focus gain of: com.android.internal.view.IInputMethodClient$Stub$Proxy@42949660 attribute=android.view.inputmethod.EditorInfo@42c51818, token = android.os.BinderProxy@428f28a0
I/ActivityManager(  744): Start proc com.android.defcontainer for service com.android.defcontainer/.DefaultContainerService: pid=8777 uid=10004 gids={50004, 1028, 1015, 1023, 2001, 1035}
W/ActivityManager(  744): No content provider found for permission revoke: file:///data/local/tmp/OpenSLSlave.apk
W/ActivityManager(  744): No content provider found for permission revoke: file:///data/local/tmp/OpenSLSlave.apk
I/PackageManager(  744): Copying native libraries to /data/app-lib/vmdl-1785122652
W/PackageManager(  744): Invalid verification token 161 received
I/ActivityManager(  744): Force stopping com.pzhao.openslslave appid=10105 user=-1: update pkg
W/PackageManager(  744): Not granting permission android.permission.DEVICE_POWER to package com.pzhao.openslslave (protectionLevel=2 flags=0x8be46)
I/ActivityManager(  744): Start proc com.google.android.partnersetup for broadcast com.google.android.partnersetup/.RlzPingBroadcastReceiver: pid=8792 uid=10010 gids={50010, 3003}
D/BackupManagerService(  744): Received broadcast Intent { act=android.intent.action.PACKAGE_ADDED dat=package:com.pzhao.openslslave flg=0x4000010 (has extras) }
V/BackupManagerService(  744): addPackageParticipantsLocked: #1
I/ActivityManager(  744): Start proc com.android.musicfx for broadcast com.android.musicfx/.Compatibility$Receiver: pid=8823 uid=10013 gids={50013, 3003, 3002}
I/ActivityManager(  744): Start proc com.android.voicedialer for broadcast com.android.voicedialer/.VoiceDialerReceiver: pid=8845 uid=10021 gids={50021, 3002}
I/ActivityManager(  744): Killing 7022:com.android.providers.calendar/u0a1 (adj 15): empty for 3035s
I/ActivityManager(  744): Start proc com.google.android.apps.plus for broadcast com.google.android.apps.plus/.service.PackagesMediaMonitor: pid=8858 uid=10068 gids={50068, 3003, 3002, 1028, 1015}
I/ActivityManager(  744): Start proc com.wandoujia.phoenix2.usbproxy for broadcast com.wandoujia.phoenix2.usbproxy/com.wandoujia.pmp.receivers.AppChangedReceiver: pid=8878 uid=10086 gids={50086, 3003, 1028, 1015}
I/ActivityManager(  744): START u0 {act=android.intent.action.MAIN cat=[android.intent.category.LAUNCHER] flg=0x10000000 cmp=com.pzhao.openslslave/.MainActivity} from pid 8897
I/ActivityManager(  744): Start proc com.pzhao.openslslave for activity com.pzhao.openslslave/.MainActivity: pid=8917 uid=10105 gids={50105, 1028, 1015, 3003}
I/ActivityManager(  744): START u0 {act=android.app.action.ADD_DEVICE_ADMIN cmp=com.android.settings/.DeviceAdminAdd (has extras)} from pid 8917
I/ActivityManager(  744): Start proc com.android.settings for activity com.android.settings/.DeviceAdminAdd: pid=8942 uid=1000 gids={41000, 1028, 1015, 3002, 3001, 3003}
W/ViewRootImpl( 1005): Dropping event due to no window focus: KeyEvent { action=ACTION_DOWN, keyCode=KEYCODE_BACK, scanCode=0, metaState=0, flags=0x48, repeatCount=0, eventTime=159597197, downTime=159597197, deviceId=-1, source=0x101 }
E/AndroidRuntime( 8917): FATAL EXCEPTION: main
E/AndroidRuntime( 8917): Process: com.pzhao.openslslave, PID: 8917
E/AndroidRuntime( 8917): java.lang.RuntimeException: Unable to destroy activity {com.pzhao.openslslave/com.pzhao.openslslave.MainActivity}: java.lang.NullPointerException
E/AndroidRuntime( 8917): 	at android.app.ActivityThread.performDestroyActivity(ActivityThread.java:3478)
E/AndroidRuntime( 8917): 	at android.app.ActivityThread.handleDestroyActivity(ActivityThread.java:3496)
E/AndroidRuntime( 8917): 	at android.app.ActivityThread.access$1300(ActivityThread.java:135)
E/AndroidRuntime( 8917): 	at android.app.ActivityThread$H.handleMessage(ActivityThread.java:1450)
E/AndroidRuntime( 8917): 	at android.os.Handler.dispatchMessage(Handler.java:102)
E/AndroidRuntime( 8917): 	at android.os.Looper.loop(Looper.java:137)
E/AndroidRuntime( 8917): 	at android.app.ActivityThread.main(ActivityThread.java:4998)
E/AndroidRuntime( 8917): 	at java.lang.reflect.Method.invokeNative(Native Method)
E/AndroidRuntime( 8917): 	at java.lang.reflect.Method.invoke(Method.java:515)
E/AndroidRuntime( 8917): 	at com.android.internal.os.ZygoteInit$MethodAndArgsCaller.run(ZygoteInit.java:777)
E/AndroidRuntime( 8917): 	at com.android.internal.os.ZygoteInit.main(ZygoteInit.java:593)
E/AndroidRuntime( 8917): 	at dalvik.system.NativeStart.main(Native Method)
E/AndroidRuntime( 8917): Caused by: java.lang.NullPointerException
E/AndroidRuntime( 8917): 	at com.pzhao.openslslave.MainActivity.onDestroy(MainActivity.java:86)
E/AndroidRuntime( 8917): 	at android.app.Activity.performDestroy(Activity.java:5415)
E/AndroidRuntime( 8917): 	at android.app.Instrumentation.callActivityOnDestroy(Instrumentation.java:1117)
E/AndroidRuntime( 8917): 	at android.app.ActivityThread.performDestroyActivity(ActivityThread.java:3465)
E/AndroidRuntime( 8917): 	... 11 more
W/ActivityManager(  744): Activity destroy timeout for ActivityRecord{42550e50 u0 com.pzhao.openslslave/.MainActivity t390 f}
I/ProcessStatsService(  744): Prepared write state in 27ms
W/InputMethodManagerService(  744): Window already focused, ignoring focus gain of: com.android.internal.view.IInputMethodClient$Stub$Proxy@42acf658 attribute=null, token = android.os.BinderProxy@428f28a0
I/ActivityManager(  744): Process com.pzhao.openslslave (pid 8917) has died.
I/WindowState(  744): WIN DEATH: Window{42af6d98 u0 com.pzhao.openslslave/com.pzhao.openslslave.MainActivity}
W/ActivityManager(  744): No content provider found for permission revoke: file:///data/local/tmp/OpenSLSlave.apk
W/ActivityManager(  744): No content provider found for permission revoke: file:///data/local/tmp/OpenSLSlave.apk
I/PackageManager(  744): Copying native libraries to /data/app-lib/vmdl-1437858243
W/PackageManager(  744): Invalid verification token 162 received
I/ActivityManager(  744): Force stopping com.pzhao.openslslave appid=10105 user=-1: uninstall pkg
I/PackageManager(  744): Package com.pzhao.openslslave codePath changed from /data/app/com.pzhao.openslslave-1.apk to /data/app/com.pzhao.openslslave-2.apk; Retaining data and using new
W/PackageManager(  744): Code path for pkg : com.pzhao.openslslave changing from /data/app/com.pzhao.openslslave-1.apk to /data/app/com.pzhao.openslslave-2.apk
I/ActivityManager(  744): Force stopping com.pzhao.openslslave appid=10105 user=-1: update pkg
W/PackageManager(  744): Resource path for pkg : com.pzhao.openslslave changing from /data/app/com.pzhao.openslslave-1.apk to /data/app/com.pzhao.openslslave-2.apk
W/PackageManager(  744): Not granting permission android.permission.DEVICE_POWER to package com.pzhao.openslslave (protectionLevel=2 flags=0x8be46)
I/ActivityManager(  744): Force stopping com.pzhao.openslslave appid=10105 user=0: pkg removed
D/BackupManagerService(  744): Received broadcast Intent { act=android.intent.action.PACKAGE_REMOVED dat=package:com.pzhao.openslslave flg=0x4000010 (has extras) }
D/BackupManagerService(  744): Received broadcast Intent { act=android.intent.action.PACKAGE_ADDED dat=package:com.pzhao.openslslave flg=0x4000010 (has extras) }
V/BackupManagerService(  744): removePackageParticipantsLocked: uid=10105 #1
V/BackupManagerService(  744): addPackageParticipantsLocked: #1
I/ActivityManager(  744): Start proc com.android.keychain for broadcast com.android.keychain/.KeyChainBroadcastReceiver: pid=9403 uid=1000 gids={41000, 1028, 1015, 3002, 3001, 3003}
W/ContextImpl( 9403): Calling a method in the system process without a qualified user: android.app.ContextImpl.startService:1479 android.content.ContextWrapper.startService:494 android.content.ContextWrapper.startService:494 com.android.keychain.KeyChainBroadcastReceiver.onReceive:12 android.app.ActivityThread.handleReceiver:2400 
W/ActivityManager(  744): Unable to start service Intent { act=com.sogou.pushservice.action.METHOD cmp=/com.sogou.udp.push.PushService (has extras) } U=0: not found
I/ActivityManager(  744): START u0 {act=android.intent.action.MAIN cat=[android.intent.category.LAUNCHER] flg=0x10000000 cmp=com.pzhao.openslslave/.MainActivity} from pid 9440
I/ActivityManager(  744): Start proc com.pzhao.openslslave for activity com.pzhao.openslslave/.MainActivity: pid=9457 uid=10105 gids={50105, 1028, 1015, 3003}
I/ActivityManager(  744): START u0 {act=android.app.action.ADD_DEVICE_ADMIN cmp=com.android.settings/.DeviceAdminAdd (has extras)} from pid 9457
E/AndroidRuntime( 9457): FATAL EXCEPTION: main
E/AndroidRuntime( 9457): Process: com.pzhao.openslslave, PID: 9457
E/AndroidRuntime( 9457): java.lang.UnsatisfiedLinkError: Native method not found: com.pzhao.slave.SlavePlay.shutdown:()V
E/AndroidRuntime( 9457): 	at com.pzhao.slave.SlavePlay.shutdown(Native Method)
E/AndroidRuntime( 9457): 	at com.pzhao.slave.SlavePlay.exit(SlavePlay.java:336)
E/AndroidRuntime( 9457): 	at com.pzhao.openslslave.MainActivity.onDestroy(MainActivity.java:87)
E/AndroidRuntime( 9457): 	at android.app.Activity.performDestroy(Activity.java:5415)
E/AndroidRuntime( 9457): 	at android.app.Instrumentation.callActivityOnDestroy(Instrumentation.java:1117)
E/AndroidRuntime( 9457): 	at android.app.ActivityThread.performDestroyActivity(ActivityThread.java:3465)
E/AndroidRuntime( 9457): 	at android.app.ActivityThread.handleDestroyActivity(ActivityThread.java:3496)
E/AndroidRuntime( 9457): 	at android.app.ActivityThread.access$1300(ActivityThread.java:135)
E/AndroidRuntime( 9457): 	at android.app.ActivityThread$H.handleMessage(ActivityThread.java:1450)
E/AndroidRuntime( 9457): 	at android.os.Handler.dispatchMessage(Handler.java:102)
E/AndroidRuntime( 9457): 	at android.os.Looper.loop(Looper.java:137)
E/AndroidRuntime( 9457): 	at android.app.ActivityThread.main(ActivityThread.java:4998)
E/AndroidRuntime( 9457): 	at java.lang.reflect.Method.invokeNative(Native Method)
E/AndroidRuntime( 9457): 	at java.lang.reflect.Method.invoke(Method.java:515)
E/AndroidRuntime( 9457): 	at com.android.internal.os.ZygoteInit$MethodAndArgsCaller.run(ZygoteInit.java:777)
E/AndroidRuntime( 9457): 	at com.android.internal.os.ZygoteInit.main(ZygoteInit.java:593)
E/AndroidRuntime( 9457): 	at dalvik.system.NativeStart.main(Native Method)
I/ActivityManager(  744): Killing 7058:com.google.android.calendar/u0a31 (adj 15): empty #17
W/InputMethodManagerService(  744): Window already focused, ignoring focus gain of: com.android.internal.view.IInputMethodClient$Stub$Proxy@42b89608 attribute=null, token = android.os.BinderProxy@428f28a0
I/WindowState(  744): WIN DEATH: Window{42bc1ff0 u0 com.pzhao.openslslave/com.pzhao.openslslave.MainActivity}
I/ActivityManager(  744): Process com.pzhao.openslslave (pid 9457) has died.
W/ActivityManager(  744): No content provider found for permission revoke: file:///data/local/tmp/OpenSLSlave.apk
W/ActivityManager(  744): No content provider found for permission revoke: file:///data/local/tmp/OpenSLSlave.apk
I/PackageManager(  744): Copying native libraries to /data/app-lib/vmdl-771294224
W/PackageManager(  744): Invalid verification token 163 received
I/ActivityManager(  744): Force stopping com.pzhao.openslslave appid=10105 user=-1: uninstall pkg
I/PackageManager(  744): Package com.pzhao.openslslave codePath changed from /data/app/com.pzhao.openslslave-2.apk to /data/app/com.pzhao.openslslave-1.apk; Retaining data and using new
W/PackageManager(  744): Code path for pkg : com.pzhao.openslslave changing from /data/app/com.pzhao.openslslave-2.apk to /data/app/com.pzhao.openslslave-1.apk
I/ActivityManager(  744): Force stopping com.pzhao.openslslave appid=10105 user=-1: update pkg
W/PackageManager(  744): Resource path for pkg : com.pzhao.openslslave changing from /data/app/com.pzhao.openslslave-2.apk to /data/app/com.pzhao.openslslave-1.apk
W/PackageManager(  744): Not granting permission android.permission.DEVICE_POWER to package com.pzhao.openslslave (protectionLevel=2 flags=0x8be46)
I/ActivityManager(  744): Force stopping com.pzhao.openslslave appid=10105 user=0: pkg removed
D/BackupManagerService(  744): Received broadcast Intent { act=android.intent.action.PACKAGE_REMOVED dat=package:com.pzhao.openslslave flg=0x4000010 (has extras) }
D/BackupManagerService(  744): Received broadcast Intent { act=android.intent.action.PACKAGE_ADDED dat=package:com.pzhao.openslslave flg=0x4000010 (has extras) }
V/BackupManagerService(  744): removePackageParticipantsLocked: uid=10105 #1
V/BackupManagerService(  744): addPackageParticipantsLocked: #1
W/ContextImpl( 9403): Calling a method in the system process without a qualified user: android.app.ContextImpl.startService:1479 android.content.ContextWrapper.startService:494 android.content.ContextWrapper.startService:494 com.android.keychain.KeyChainBroadcastReceiver.onReceive:12 android.app.ActivityThread.handleReceiver:2400 
W/ActivityManager(  744): Unable to start service Intent { act=com.sogou.pushservice.action.METHOD cmp=/com.sogou.udp.push.PushService (has extras) } U=0: not found
I/ActivityManager(  744): Delay finish: com.google.android.googlequicksearchbox/.GelStubAppWatcher
I/ActivityManager(  744): Resuming delayed broadcast
I/ActivityManager(  744): Delay finish: com.google.android.gms/.app.receiver.SystemBroadcastReceiver
I/ActivityManager(  744): Resuming delayed broadcast
I/ActivityManager(  744): Delay finish: com.wandoujia.phoenix2.usbproxy/com.wandoujia.pmp.receivers.AppChangedReceiver
I/ActivityManager(  744): Resuming delayed broadcast
I/ActivityManager(  744): START u0 {act=android.intent.action.MAIN cat=[android.intent.category.LAUNCHER] flg=0x10000000 cmp=com.pzhao.openslslave/.MainActivity} from pid 9640
I/ActivityManager(  744): Start proc com.pzhao.openslslave for activity com.pzhao.openslslave/.MainActivity: pid=9657 uid=10105 gids={50105, 1028, 1015, 3003}
I/ActivityManager(  744): START u0 {act=android.app.action.ADD_DEVICE_ADMIN cmp=com.android.settings/.DeviceAdminAdd (has extras)} from pid 9657
I/ActivityManager(  744): Activity reported stop, but no longer stopping: ActivityRecord{42a51468 u0 com.pzhao.openslslave/.MainActivity t392}
E/AndroidRuntime( 9657): FATAL EXCEPTION: main
E/AndroidRuntime( 9657): Process: com.pzhao.openslslave, PID: 9657
E/AndroidRuntime( 9657): java.lang.UnsatisfiedLinkError: Native method not found: com.pzhao.slave.SlavePlay.shutdown:()V
E/AndroidRuntime( 9657): 	at com.pzhao.slave.SlavePlay.shutdown(Native Method)
E/AndroidRuntime( 9657): 	at com.pzhao.slave.SlavePlay.exit(SlavePlay.java:336)
E/AndroidRuntime( 9657): 	at com.pzhao.openslslave.MainActivity.onDestroy(MainActivity.java:87)
E/AndroidRuntime( 9657): 	at android.app.Activity.performDestroy(Activity.java:5415)
E/AndroidRuntime( 9657): 	at android.app.Instrumentation.callActivityOnDestroy(Instrumentation.java:1117)
E/AndroidRuntime( 9657): 	at android.app.ActivityThread.performDestroyActivity(ActivityThread.java:3465)
E/AndroidRuntime( 9657): 	at android.app.ActivityThread.handleDestroyActivity(ActivityThread.java:3496)
E/AndroidRuntime( 9657): 	at android.app.ActivityThread.access$1300(ActivityThread.java:135)
E/AndroidRuntime( 9657): 	at android.app.ActivityThread$H.handleMessage(ActivityThread.java:1450)
E/AndroidRuntime( 9657): 	at android.os.Handler.dispatchMessage(Handler.java:102)
E/AndroidRuntime( 9657): 	at android.os.Looper.loop(Looper.java:137)
E/AndroidRuntime( 9657): 	at android.app.ActivityThread.main(ActivityThread.java:4998)
E/AndroidRuntime( 9657): 	at java.lang.reflect.Method.invokeNative(Native Method)
E/AndroidRuntime( 9657): 	at java.lang.reflect.Method.invoke(Method.java:515)
E/AndroidRuntime( 9657): 	at com.android.internal.os.ZygoteInit$MethodAndArgsCaller.run(ZygoteInit.java:777)
E/AndroidRuntime( 9657): 	at com.android.internal.os.ZygoteInit.main(ZygoteInit.java:593)
E/AndroidRuntime( 9657): 	at dalvik.system.NativeStart.main(Native Method)
W/ActivityManager(  744): Activity destroy timeout for ActivityRecord{42a51468 u0 com.pzhao.openslslave/.MainActivity t392 f}
W/InputMethodManagerService(  744): Window already focused, ignoring focus gain of: com.android.internal.view.IInputMethodClient$Stub$Proxy@42ac1210 attribute=null, token = android.os.BinderProxy@428f28a0
I/ActivityManager(  744): Process com.pzhao.openslslave (pid 9657) has died.
I/WindowState(  744): WIN DEATH: Window{4358c9c0 u0 com.pzhao.openslslave/com.pzhao.openslslave.MainActivity}
W/ActivityManager(  744): No content provider found for permission revoke: file:///data/local/tmp/OpenSLSlave.apk
W/ActivityManager(  744): No content provider found for permission revoke: file:///data/local/tmp/OpenSLSlave.apk
I/PackageManager(  744): Copying native libraries to /data/app-lib/vmdl-812553517
W/PackageManager(  744): Invalid verification token 164 received
I/ActivityManager(  744): Force stopping com.pzhao.openslslave appid=10105 user=-1: uninstall pkg
I/PackageManager(  744): Package com.pzhao.openslslave codePath changed from /data/app/com.pzhao.openslslave-1.apk to /data/app/com.pzhao.openslslave-2.apk; Retaining data and using new
I/ActivityManager(  744): Force stopping com.pzhao.openslslave appid=10105 user=-1: update pkg
W/PackageManager(  744): Code path for pkg : com.pzhao.openslslave changing from /data/app/com.pzhao.openslslave-1.apk to /data/app/com.pzhao.openslslave-2.apk
W/PackageManager(  744): Resource path for pkg : com.pzhao.openslslave changing from /data/app/com.pzhao.openslslave-1.apk to /data/app/com.pzhao.openslslave-2.apk
W/PackageManager(  744): Not granting permission android.permission.DEVICE_POWER to package com.pzhao.openslslave (protectionLevel=2 flags=0x8be46)
I/ActivityManager(  744): Force stopping com.pzhao.openslslave appid=10105 user=0: pkg removed
D/BackupManagerService(  744): Received broadcast Intent { act=android.intent.action.PACKAGE_REMOVED dat=package:com.pzhao.openslslave flg=0x4000010 (has extras) }
D/BackupManagerService(  744): Received broadcast Intent { act=android.intent.action.PACKAGE_ADDED dat=package:com.pzhao.openslslave flg=0x4000010 (has extras) }
V/BackupManagerService(  744): removePackageParticipantsLocked: uid=10105 #1
V/BackupManagerService(  744): addPackageParticipantsLocked: #1
W/ContextImpl( 9403): Calling a method in the system process without a qualified user: android.app.ContextImpl.startService:1479 android.content.ContextWrapper.startService:494 android.content.ContextWrapper.startService:494 com.android.keychain.KeyChainBroadcastReceiver.onReceive:12 android.app.ActivityThread.handleReceiver:2400 
W/ActivityManager(  744): Unable to start service Intent { act=com.sogou.pushservice.action.METHOD cmp=/com.sogou.udp.push.PushService (has extras) } U=0: not found
I/ActivityManager(  744): Delay finish: com.google.android.gms/.wallet.receiver.PackageAddedBroadcastReceiver
I/ActivityManager(  744): Resuming delayed broadcast
I/ActivityManager(  744): Delay finish: com.google.android.googlequicksearchbox/com.google.android.search.core.summons.icing.InternalIcingCorporaProvider$CorporaChangedReceiver
I/ActivityManager(  744): Resuming delayed broadcast
I/ActivityManager(  744): Delay finish: com.google.android.gms/.app.receiver.SystemBroadcastReceiver
I/ActivityManager(  744): Resuming delayed broadcast
D/ConnectivityService(  744): Sampling interval elapsed, updating statistics ..
D/ConnectivityService(  744): Done.
D/ConnectivityService(  744): Setting timer for 720seconds
I/ActivityManager(  744): START u0 {act=android.intent.action.MAIN cat=[android.intent.category.LAUNCHER] flg=0x10000000 cmp=com.pzhao.openslslave/.MainActivity} from pid 9866
I/ActivityManager(  744): Start proc com.pzhao.openslslave for activity com.pzhao.openslslave/.MainActivity: pid=9883 uid=10105 gids={50105, 1028, 1015, 3003}
I/ActivityManager(  744): START u0 {act=android.app.action.ADD_DEVICE_ADMIN cmp=com.android.settings/.DeviceAdminAdd (has extras)} from pid 9883
I/ActivityManager(  744): Activity reported stop, but no longer stopping: ActivityRecord{42a6cd40 u0 com.pzhao.openslslave/.MainActivity t393}
E/AndroidRuntime( 9883): FATAL EXCEPTION: main
E/AndroidRuntime( 9883): Process: com.pzhao.openslslave, PID: 9883
E/AndroidRuntime( 9883): java.lang.UnsatisfiedLinkError: Native method not found: com.pzhao.slave.SlavePlay.shutdown:()V
E/AndroidRuntime( 9883): 	at com.pzhao.slave.SlavePlay.shutdown(Native Method)
E/AndroidRuntime( 9883): 	at com.pzhao.slave.SlavePlay.exit(SlavePlay.java:336)
E/AndroidRuntime( 9883): 	at com.pzhao.openslslave.MainActivity.onDestroy(MainActivity.java:89)
E/AndroidRuntime( 9883): 	at android.app.Activity.performDestroy(Activity.java:5415)
E/AndroidRuntime( 9883): 	at android.app.Instrumentation.callActivityOnDestroy(Instrumentation.java:1117)
E/AndroidRuntime( 9883): 	at android.app.ActivityThread.performDestroyActivity(ActivityThread.java:3465)
E/AndroidRuntime( 9883): 	at android.app.ActivityThread.handleDestroyActivity(ActivityThread.java:3496)
E/AndroidRuntime( 9883): 	at android.app.ActivityThread.access$1300(ActivityThread.java:135)
